2026-10-08 13:33:34 | INFO    | salsa | Run directory: results/nact_n20_h1_te2_full/n20_nact_full_h1_mps_500k
2026-10-08 13:33:34 | INFO    | salsa | Config fingerprint: 5e5aeec08b808324
2026-10-08 13:33:34 | WARNING | salsa | lwe: Hamming weight < 2 is a degenerate secret; the paper uses h >= 2.
2026-10-08 13:33:34 | INFO    | salsa | ========================================================================
2026-10-08 13:33:34 | INFO    | salsa | Model: Salsa2-NACT (nact)
2026-10-08 13:33:34 | INFO    | salsa | Trainable parameters: 4241288
2026-10-08 13:33:34 | INFO    | salsa | LWE: n=20 q=251 sigma=3.0 h=1 structure=rlwe
2026-10-08 13:33:34 | INFO    | salsa | Encoding: base=81 order=lsb_first separator=False -> 42 input tokens, 4 output
2026-10-08 13:33:34 | INFO    | salsa | Plan: {'sample_budget': 500000, 'batch_size': 64, 'total_steps': 7813, 'steps_per_epoch': 79, 'epochs': 99, 'warmup_steps': 200, 'valid_samples': 2048}
2026-10-08 13:33:34 | INFO    | salsa | Device: mps | threads: {'threads': 4, 'interop_threads': 10}
2026-10-08 13:33:34 | INFO    | salsa | Chance baselines: {'uniform_loss_nats': 4.442651256490317, 'marginal_loss_nats': 1.8649843130825523, 'chance_token_accuracy': 0.44621513944223107, 'chance_perfect_accuracy': 0.005142775511499817, 'chance_digit_accuracy': [0.015936, 0.322709], 'chance_exact_accuracy': 0.00398406374501992, 'chance_acc_tau': 0.19286995444516752, 'chance_acc_tau_circular_DIAGNOSTIC': 0.20318725099601595, 'tolerance': 0.1, 'tolerance_absolute': 25.1}
2026-10-08 13:33:34 | INFO    | salsa | ========================================================================
2026-10-08 13:33:35 | INFO    | salsa | Alignment verified: {'src_ids': (64, 42), 'tgt_ids': (64, 4), 'decoder_input': (64, 3), 'target': (64, 3), 'logits': (64, 3, 85), 'vocab_size': 85, 'pad_id': 0}
2026-10-08 13:33:36 | INFO    | salsa | epoch 0 | step 25/7813 | loss 2.5517 | lr 6.50e-05 | 924.8 samples/s
2026-10-08 13:33:38 | INFO    | salsa | epoch 0 | step 50/7813 | loss 2.1622 | lr 1.28e-04 | 973.8 samples/s
2026-10-08 13:33:39 | INFO    | salsa | epoch 0 | step 75/7813 | loss 1.8934 | lr 1.90e-04 | 988.4 samples/s
2026-10-08 13:33:41 | INFO    | salsa | epoch 0 | train 2.5037 | valid 1.7674 | token 0.619 | acc_tau 0.310 | exact 0.0083 | 989.6 samples/s
2026-10-08 13:33:41 | INFO    | salsa | New best valid_loss: 1.767355
2026-10-08 13:33:42 | INFO    | salsa | epoch 1 | step 100/7813 | loss 1.7271 | lr 2.53e-04 | 980.5 samples/s
2026-10-08 13:33:44 | INFO    | salsa | epoch 1 | step 125/7813 | loss 1.5127 | lr 3.15e-04 | 998.6 samples/s
2026-10-08 13:33:45 | INFO    | salsa | epoch 1 | step 150/7813 | loss 1.4532 | lr 3.78e-04 | 1004.0 samples/s
2026-10-08 13:33:47 | INFO    | salsa | epoch 1 | train 1.5472 | valid 1.3806 | token 0.675 | acc_tau 0.909 | exact 0.0459 | 985.5 samples/s
2026-10-08 13:33:47 | INFO    | salsa | New best valid_loss: 1.380634
2026-10-08 13:33:49 | INFO    | salsa | epoch 2 | step 175/7813 | loss 1.2912 | lr 4.40e-04 | 947.3 samples/s
2026-10-08 13:33:50 | INFO    | salsa | epoch 2 | step 200/7813 | loss 1.2032 | lr 5.00e-04 | 979.0 samples/s
2026-10-08 13:33:52 | INFO    | salsa | epoch 2 | step 225/7813 | loss 1.2148 | lr 5.00e-04 | 989.5 samples/s
2026-10-08 13:33:54 | INFO    | salsa | epoch 2 | train 1.2276 | valid 1.1229 | token 0.686 | acc_tau 0.987 | exact 0.0767 | 988.6 samples/s
2026-10-08 13:33:54 | INFO    | salsa | New best valid_loss: 1.122863
2026-10-08 13:33:55 | INFO    | salsa | epoch 3 | step 250/7813 | loss 1.0971 | lr 5.00e-04 | 1024.9 samples/s
2026-10-08 13:33:56 | INFO    | salsa | epoch 3 | step 275/7813 | loss 1.0475 | lr 5.00e-04 | 1025.5 samples/s
2026-10-08 13:33:58 | INFO    | salsa | epoch 3 | step 300/7813 | loss 1.0109 | lr 5.00e-04 | 1026.8 samples/s
2026-10-08 13:34:00 | INFO    | salsa | epoch 3 | train 1.0675 | valid 1.0348 | token 0.692 | acc_tau 0.976 | exact 0.0811 | 998.0 samples/s
2026-10-08 13:34:00 | INFO    | salsa | New best valid_loss: 1.034841
2026-10-08 13:34:00 | INFO    | salsa | epoch 4 | step 325/7813 | loss 1.0225 | lr 5.00e-04 | 1026.0 samples/s
2026-10-08 13:34:02 | INFO    | salsa | epoch 4 | step 350/7813 | loss 1.0050 | lr 5.00e-04 | 1027.0 samples/s
2026-10-08 13:34:04 | INFO    | salsa | epoch 4 | step 375/7813 | loss 1.0210 | lr 4.99e-04 | 1028.1 samples/s
2026-10-08 13:34:06 | INFO    | salsa | epoch 4 | train 0.9938 | valid 0.9764 | token 0.694 | acc_tau 0.991 | exact 0.0928 | 1004.0 samples/s
2026-10-08 13:34:06 | INFO    | salsa | New best valid_loss: 0.976428
2026-10-08 13:34:06 | INFO    | salsa | epoch 5 | step 400/7813 | loss 1.0114 | lr 4.99e-04 | 1023.0 samples/s
2026-10-08 13:34:08 | INFO    | salsa | epoch 5 | step 425/7813 | loss 0.9122 | lr 4.99e-04 | 1028.4 samples/s
2026-10-08 13:34:09 | INFO    | salsa | epoch 5 | step 450/7813 | loss 0.9473 | lr 4.99e-04 | 1028.9 samples/s
2026-10-08 13:34:12 | INFO    | salsa | epoch 5 | train 0.9552 | valid 0.9378 | token 0.696 | acc_tau 0.992 | exact 0.0962 | 1008.1 samples/s
2026-10-08 13:34:12 | INFO    | salsa | New best valid_loss: 0.937785
2026-10-08 13:34:12 | INFO    | salsa | epoch 6 | step 475/7813 | loss 0.9159 | lr 4.98e-04 | 1012.6 samples/s
2026-10-08 13:34:14 | INFO    | salsa | epoch 6 | step 500/7813 | loss 0.9021 | lr 4.98e-04 | 1026.6 samples/s
2026-10-08 13:34:15 | INFO    | salsa | epoch 6 | step 525/7813 | loss 0.8864 | lr 4.98e-04 | 1028.3 samples/s
2026-10-08 13:34:17 | INFO    | salsa | epoch 6 | step 550/7813 | loss 0.9337 | lr 4.97e-04 | 1028.1 samples/s
2026-10-08 13:34:18 | INFO    | salsa | epoch 6 | train 0.9310 | valid 0.9406 | token 0.700 | acc_tau 0.992 | exact 0.1060 | 1010.9 samples/s
2026-10-08 13:34:20 | INFO    | salsa | epoch 7 | step 575/7813 | loss 0.9118 | lr 4.97e-04 | 1028.2 samples/s
2026-10-08 13:34:21 | INFO    | salsa | epoch 7 | step 600/7813 | loss 0.9364 | lr 4.97e-04 | 1028.4 samples/s
2026-10-08 13:34:23 | INFO    | salsa | epoch 7 | step 625/7813 | loss 0.8835 | lr 4.96e-04 | 1028.7 samples/s
2026-10-08 13:34:24 | INFO    | salsa | epoch 7 | train 0.9203 | valid 0.9089 | token 0.701 | acc_tau 0.992 | exact 0.1099 | 1013.1 samples/s
2026-10-08 13:34:24 | INFO    | salsa | New best valid_loss: 0.908867
2026-10-08 13:34:26 | INFO    | salsa | epoch 8 | step 650/7813 | loss 0.8183 | lr 4.96e-04 | 1027.9 samples/s
2026-10-08 13:34:27 | INFO    | salsa | epoch 8 | step 675/7813 | loss 0.9006 | lr 4.95e-04 | 1027.9 samples/s
2026-10-08 13:34:29 | INFO    | salsa | epoch 8 | step 700/7813 | loss 0.9290 | lr 4.95e-04 | 1028.4 samples/s
2026-10-08 13:34:30 | INFO    | salsa | epoch 8 | train 0.9067 | valid 0.9100 | token 0.699 | acc_tau 0.974 | exact 0.1089 | 1014.8 samples/s
2026-10-08 13:34:31 | INFO    | salsa | epoch 9 | step 725/7813 | loss 0.9208 | lr 4.94e-04 | 1025.3 samples/s
2026-10-08 13:34:33 | INFO    | salsa | epoch 9 | step 750/7813 | loss 0.9367 | lr 4.94e-04 | 1027.6 samples/s
2026-10-08 13:34:34 | INFO    | salsa | epoch 9 | step 775/7813 | loss 0.8618 | lr 4.93e-04 | 1028.3 samples/s
2026-10-08 13:34:37 | INFO    | salsa | epoch 9 | train 0.8967 | valid 0.9020 | token 0.700 | acc_tau 0.977 | exact 0.1064 | 1016.1 samples/s
2026-10-08 13:34:37 | INFO    | salsa | New best valid_loss: 0.902007
2026-10-08 13:34:37 | INFO    | salsa | epoch 10 | step 800/7813 | loss 0.9146 | lr 4.92e-04 | 1011.5 samples/s
2026-10-08 13:34:39 | INFO    | salsa | epoch 10 | step 825/7813 | loss 0.8462 | lr 4.92e-04 | 975.9 samples/s
2026-10-08 13:34:41 | INFO    | salsa | epoch 10 | step 850/7813 | loss 0.9072 | lr 4.91e-04 | 977.3 samples/s
2026-10-08 13:34:43 | INFO    | salsa | epoch 10 | train 0.8973 | valid 0.8920 | token 0.700 | acc_tau 0.991 | exact 0.1074 | 1012.6 samples/s
2026-10-08 13:34:43 | INFO    | salsa | New best valid_loss: 0.891968
2026-10-08 13:34:43 | INFO    | salsa | epoch 11 | step 875/7813 | loss 0.8820 | lr 4.90e-04 | 992.8 samples/s
2026-10-08 13:34:45 | INFO    | salsa | epoch 11 | step 900/7813 | loss 0.8540 | lr 4.90e-04 | 993.8 samples/s
2026-10-08 13:36:53 | INFO    | salsa | epoch 11 | step 925/7813 | loss 0.9222 | lr 4.89e-04 | 27.6 samples/s
2026-10-08 13:36:55 | INFO    | salsa | epoch 11 | train 0.8910 | valid 0.8801 | token 0.702 | acc_tau 0.992 | exact 0.1123 | 326.0 samples/s
2026-10-08 13:36:55 | INFO    | salsa | New best valid_loss: 0.880075
2026-10-08 13:36:56 | INFO    | salsa | epoch 12 | step 950/7813 | loss 0.8884 | lr 4.88e-04 | 988.8 samples/s
2026-10-08 13:36:57 | INFO    | salsa | epoch 12 | step 975/7813 | loss 0.8933 | lr 4.87e-04 | 987.3 samples/s
2026-10-08 13:36:59 | INFO    | salsa | epoch 12 | step 1000/7813 | loss 0.8504 | lr 4.87e-04 | 1003.7 samples/s
2026-10-08 13:37:00 | INFO    | salsa | epoch 12 | step 1025/7813 | loss 0.8577 | lr 4.86e-04 | 1010.8 samples/s
2026-10-08 13:37:02 | INFO    | salsa | epoch 12 | train 0.8806 | valid 0.8861 | token 0.704 | acc_tau 0.991 | exact 0.1201 | 343.9 samples/s
2026-10-08 13:37:03 | INFO    | salsa | epoch 13 | step 1050/7813 | loss 0.8941 | lr 4.85e-04 | 1020.7 samples/s
2026-10-08 13:37:05 | INFO    | salsa | epoch 13 | step 1075/7813 | loss 0.8886 | lr 4.84e-04 | 1022.3 samples/s
2026-10-08 13:37:06 | INFO    | salsa | epoch 13 | step 1100/7813 | loss 0.9312 | lr 4.83e-04 | 1022.9 samples/s
2026-10-08 13:37:08 | INFO    | salsa | epoch 13 | train 0.8781 | valid 0.8907 | token 0.702 | acc_tau 0.985 | exact 0.1123 | 361.0 samples/s
2026-10-08 13:37:09 | INFO    | salsa | epoch 14 | step 1125/7813 | loss 0.8304 | lr 4.82e-04 | 984.5 samples/s
2026-10-08 13:37:11 | INFO    | salsa | epoch 14 | step 1150/7813 | loss 0.8561 | lr 4.81e-04 | 1006.5 samples/s
2026-10-08 13:37:12 | INFO    | salsa | epoch 14 | step 1175/7813 | loss 0.9328 | lr 4.80e-04 | 1012.2 samples/s
2026-10-08 13:37:14 | INFO    | salsa | epoch 14 | train 0.8754 | valid 0.8890 | token 0.698 | acc_tau 0.987 | exact 0.1040 | 377.2 samples/s
2026-10-08 13:37:15 | INFO    | salsa | epoch 15 | step 1200/7813 | loss 0.8588 | lr 4.79e-04 | 1023.4 samples/s
2026-10-08 13:37:17 | INFO    | salsa | epoch 15 | step 1225/7813 | loss 0.8626 | lr 4.78e-04 | 1023.8 samples/s
2026-10-08 13:37:18 | INFO    | salsa | epoch 15 | step 1250/7813 | loss 0.8237 | lr 4.77e-04 | 1022.6 samples/s
2026-10-08 13:37:20 | INFO    | salsa | epoch 15 | train 0.8739 | valid 0.8813 | token 0.700 | acc_tau 0.990 | exact 0.1079 | 392.7 samples/s
2026-10-08 13:37:21 | INFO    | salsa | epoch 16 | step 1275/7813 | loss 0.8743 | lr 4.76e-04 | 1020.2 samples/s
2026-10-08 13:37:23 | INFO    | salsa | epoch 16 | step 1300/7813 | loss 0.8996 | lr 4.75e-04 | 1022.0 samples/s
2026-10-08 13:37:24 | INFO    | salsa | epoch 16 | step 1325/7813 | loss 0.9712 | lr 4.74e-04 | 1022.0 samples/s
2026-10-08 13:37:26 | INFO    | salsa | epoch 16 | train 0.8780 | valid 0.8801 | token 0.704 | acc_tau 0.985 | exact 0.1201 | 407.4 samples/s
2026-10-08 13:37:27 | INFO    | salsa | epoch 17 | step 1350/7813 | loss 0.9611 | lr 4.72e-04 | 1020.0 samples/s
2026-10-08 13:37:28 | INFO    | salsa | epoch 17 | step 1375/7813 | loss 0.8656 | lr 4.71e-04 | 1022.0 samples/s
2026-10-08 13:37:30 | INFO    | salsa | epoch 17 | step 1400/7813 | loss 0.8933 | lr 4.70e-04 | 1023.0 samples/s
2026-10-08 13:37:33 | INFO    | salsa | epoch 17 | train 0.8694 | valid 0.8796 | token 0.703 | acc_tau 0.991 | exact 0.1143 | 421.5 samples/s
2026-10-08 13:37:33 | INFO    | salsa | New best valid_loss: 0.879644
2026-10-08 13:37:33 | INFO    | salsa | epoch 18 | step 1425/7813 | loss 0.8539 | lr 4.69e-04 | 1014.9 samples/s
2026-10-08 13:37:34 | INFO    | salsa | epoch 18 | step 1450/7813 | loss 0.8974 | lr 4.68e-04 | 1022.9 samples/s
2026-10-08 13:37:36 | INFO    | salsa | epoch 18 | step 1475/7813 | loss 0.8561 | lr 4.66e-04 | 1023.0 samples/s
2026-10-08 13:37:37 | INFO    | salsa | epoch 18 | step 1500/7813 | loss 0.9485 | lr 4.65e-04 | 1022.7 samples/s
2026-10-08 13:37:39 | INFO    | salsa | epoch 18 | train 0.8720 | valid 0.8805 | token 0.703 | acc_tau 0.992 | exact 0.1172 | 435.0 samples/s
2026-10-08 13:37:40 | INFO    | salsa | epoch 19 | step 1525/7813 | loss 0.7694 | lr 4.64e-04 | 1023.9 samples/s
2026-10-08 13:37:42 | INFO    | salsa | epoch 19 | step 1550/7813 | loss 0.8717 | lr 4.62e-04 | 1024.4 samples/s
2026-10-08 13:37:43 | INFO    | salsa | epoch 19 | step 1575/7813 | loss 0.9080 | lr 4.61e-04 | 1023.4 samples/s
2026-10-08 13:37:45 | INFO    | salsa | epoch 19 | train 0.8698 | valid 0.8784 | token 0.697 | acc_tau 0.976 | exact 0.1006 | 447.8 samples/s
2026-10-08 13:37:45 | INFO    | salsa | New best valid_loss: 0.878384
2026-10-08 13:37:46 | INFO    | salsa | epoch 20 | step 1600/7813 | loss 0.8445 | lr 4.60e-04 | 1021.3 samples/s
2026-10-08 13:37:48 | INFO    | salsa | epoch 20 | step 1625/7813 | loss 0.8861 | lr 4.58e-04 | 1019.9 samples/s
2026-10-08 13:37:49 | INFO    | salsa | epoch 20 | step 1650/7813 | loss 0.8182 | lr 4.57e-04 | 1019.1 samples/s
2026-10-08 13:37:51 | INFO    | salsa | epoch 20 | train 0.8686 | valid 0.8699 | token 0.705 | acc_tau 0.991 | exact 0.1226 | 460.1 samples/s
2026-10-08 13:37:51 | INFO    | salsa | New best valid_loss: 0.869916
2026-10-08 13:37:52 | INFO    | salsa | epoch 21 | step 1675/7813 | loss 0.8600 | lr 4.55e-04 | 1022.8 samples/s
2026-10-08 13:37:54 | INFO    | salsa | epoch 21 | step 1700/7813 | loss 0.8894 | lr 4.54e-04 | 1023.4 samples/s
2026-10-08 13:37:55 | INFO    | salsa | epoch 21 | step 1725/7813 | loss 0.8300 | lr 4.52e-04 | 1025.1 samples/s
2026-10-08 13:37:57 | INFO    | salsa | epoch 21 | train 0.8650 | valid 0.8739 | token 0.705 | acc_tau 0.983 | exact 0.1240 | 471.9 samples/s
2026-10-08 13:37:58 | INFO    | salsa | epoch 22 | step 1750/7813 | loss 0.8404 | lr 4.51e-04 | 1023.8 samples/s
2026-10-08 13:38:00 | INFO    | salsa | epoch 22 | step 1775/7813 | loss 0.8798 | lr 4.49e-04 | 1026.6 samples/s
2026-10-08 13:38:01 | INFO    | salsa | epoch 22 | step 1800/7813 | loss 0.8579 | lr 4.48e-04 | 1026.9 samples/s
2026-10-08 13:38:03 | INFO    | salsa | epoch 22 | train 0.8626 | valid 0.8772 | token 0.699 | acc_tau 0.983 | exact 0.1035 | 483.3 samples/s
2026-10-08 13:38:04 | INFO    | salsa | epoch 23 | step 1825/7813 | loss 0.8749 | lr 4.46e-04 | 957.8 samples/s
2026-10-08 13:38:06 | INFO    | salsa | epoch 23 | step 1850/7813 | loss 0.9141 | lr 4.44e-04 | 965.5 samples/s
2026-10-08 13:38:07 | INFO    | salsa | epoch 23 | step 1875/7813 | loss 0.8766 | lr 4.43e-04 | 976.7 samples/s
2026-10-08 13:38:10 | INFO    | salsa | epoch 23 | train 0.8619 | valid 0.8720 | token 0.704 | acc_tau 0.985 | exact 0.1172 | 493.7 samples/s
2026-10-08 13:38:10 | INFO    | salsa | epoch 24 | step 1900/7813 | loss 0.8591 | lr 4.41e-04 | 975.4 samples/s
2026-10-08 13:38:12 | INFO    | salsa | epoch 24 | step 1925/7813 | loss 0.8382 | lr 4.39e-04 | 982.0 samples/s
2026-10-08 13:38:13 | INFO    | salsa | epoch 24 | step 1950/7813 | loss 0.8174 | lr 4.38e-04 | 979.6 samples/s
2026-10-08 13:38:15 | INFO    | salsa | epoch 24 | step 1975/7813 | loss 0.8998 | lr 4.36e-04 | 975.1 samples/s
2026-10-08 13:38:16 | INFO    | salsa | epoch 24 | train 0.8585 | valid 0.8716 | token 0.705 | acc_tau 0.986 | exact 0.1221 | 503.7 samples/s
2026-10-08 13:38:18 | INFO    | salsa | epoch 25 | step 2000/7813 | loss 0.8437 | lr 4.34e-04 | 938.6 samples/s
2026-10-08 13:38:20 | INFO    | salsa | epoch 25 | step 2025/7813 | loss 0.8649 | lr 4.33e-04 | 939.0 samples/s
2026-10-08 13:38:21 | INFO    | salsa | epoch 25 | step 2050/7813 | loss 0.8687 | lr 4.31e-04 | 938.5 samples/s
2026-10-08 13:38:23 | INFO    | salsa | epoch 25 | train 0.8626 | valid 0.8734 | token 0.698 | acc_tau 0.991 | exact 0.1016 | 512.8 samples/s
2026-10-08 13:38:24 | INFO    | salsa | epoch 26 | step 2075/7813 | loss 0.8557 | lr 4.29e-04 | 925.6 samples/s
2026-10-08 13:38:26 | INFO    | salsa | epoch 26 | step 2100/7813 | loss 0.8332 | lr 4.27e-04 | 920.9 samples/s
2026-10-08 13:38:28 | INFO    | salsa | epoch 26 | step 2125/7813 | loss 0.8996 | lr 4.25e-04 | 916.3 samples/s
2026-10-08 13:38:30 | INFO    | salsa | epoch 26 | train 0.8569 | valid 0.8745 | token 0.700 | acc_tau 0.984 | exact 0.1050 | 521.3 samples/s
2026-10-08 13:38:31 | INFO    | salsa | epoch 27 | step 2150/7813 | loss 0.8465 | lr 4.23e-04 | 902.2 samples/s
2026-10-08 13:38:33 | INFO    | salsa | epoch 27 | step 2175/7813 | loss 0.8184 | lr 4.22e-04 | 893.7 samples/s
2026-10-08 13:38:35 | INFO    | salsa | epoch 27 | step 2200/7813 | loss 0.8323 | lr 4.20e-04 | 888.7 samples/s
2026-10-08 13:38:37 | INFO    | salsa | epoch 27 | train 0.8604 | valid 0.8763 | token 0.702 | acc_tau 0.984 | exact 0.1152 | 529.1 samples/s
2026-10-08 13:38:38 | INFO    | salsa | epoch 28 | step 2225/7813 | loss 0.8780 | lr 4.18e-04 | 868.9 samples/s
2026-10-08 13:38:40 | INFO    | salsa | epoch 28 | step 2250/7813 | loss 0.8515 | lr 4.16e-04 | 863.8 samples/s
2026-10-08 13:38:42 | INFO    | salsa | epoch 28 | step 2275/7813 | loss 0.8160 | lr 4.14e-04 | 859.6 samples/s
2026-10-08 13:38:45 | INFO    | salsa | epoch 28 | train 0.8666 | valid 0.8696 | token 0.705 | acc_tau 0.991 | exact 0.1206 | 536.1 samples/s
2026-10-08 13:38:45 | INFO    | salsa | New best valid_loss: 0.869562
2026-10-08 13:38:45 | INFO    | salsa | epoch 29 | step 2300/7813 | loss 0.8186 | lr 4.12e-04 | 855.1 samples/s
2026-10-08 13:38:47 | INFO    | salsa | epoch 29 | step 2325/7813 | loss 0.8790 | lr 4.10e-04 | 840.4 samples/s
2026-10-08 13:38:49 | INFO    | salsa | epoch 29 | step 2350/7813 | loss 0.8605 | lr 4.08e-04 | 837.8 samples/s
2026-10-08 13:38:52 | INFO    | salsa | epoch 29 | train 0.8546 | valid 0.8689 | token 0.701 | acc_tau 0.987 | exact 0.1099 | 542.6 samples/s
2026-10-08 13:38:52 | INFO    | salsa | New best valid_loss: 0.868860
2026-10-08 13:38:53 | INFO    | salsa | epoch 30 | step 2375/7813 | loss 0.8397 | lr 4.06e-04 | 793.7 samples/s
2026-10-08 13:38:55 | INFO    | salsa | epoch 30 | step 2400/7813 | loss 0.8573 | lr 4.04e-04 | 824.7 samples/s
2026-10-08 13:38:57 | INFO    | salsa | epoch 30 | step 2425/7813 | loss 0.8086 | lr 4.02e-04 | 822.3 samples/s
2026-10-08 13:39:00 | INFO    | salsa | epoch 30 | train 0.8577 | valid 0.8655 | token 0.707 | acc_tau 0.991 | exact 0.1284 | 548.5 samples/s
2026-10-08 13:39:00 | INFO    | salsa | New best valid_loss: 0.865502
2026-10-08 13:39:00 | INFO    | salsa | epoch 31 | step 2450/7813 | loss 0.8243 | lr 4.00e-04 | 796.9 samples/s
2026-10-08 13:39:02 | INFO    | salsa | epoch 31 | step 2475/7813 | loss 0.8468 | lr 3.98e-04 | 809.3 samples/s
2026-10-08 13:39:04 | INFO    | salsa | epoch 31 | step 2500/7813 | loss 0.8624 | lr 3.96e-04 | 807.8 samples/s
2026-10-08 13:39:06 | INFO    | salsa | epoch 31 | step 2525/7813 | loss 0.8477 | lr 3.94e-04 | 808.1 samples/s
2026-10-08 13:39:08 | INFO    | salsa | epoch 31 | train 0.8575 | valid 0.8658 | token 0.708 | acc_tau 0.992 | exact 0.1299 | 554.1 samples/s
2026-10-08 13:39:10 | INFO    | salsa | epoch 32 | step 2550/7813 | loss 0.8494 | lr 3.92e-04 | 807.0 samples/s
2026-10-08 13:39:12 | INFO    | salsa | epoch 32 | step 2575/7813 | loss 0.8554 | lr 3.89e-04 | 808.0 samples/s
2026-10-08 13:39:14 | INFO    | salsa | epoch 32 | step 2600/7813 | loss 0.8536 | lr 3.87e-04 | 805.7 samples/s
2026-10-08 13:39:16 | INFO    | salsa | epoch 32 | train 0.8574 | valid 0.8648 | token 0.703 | acc_tau 0.991 | exact 0.1147 | 559.4 samples/s
2026-10-08 13:39:16 | INFO    | salsa | New best valid_loss: 0.864784
2026-10-08 13:39:17 | INFO    | salsa | epoch 33 | step 2625/7813 | loss 0.8703 | lr 3.85e-04 | 804.7 samples/s
2026-10-08 13:39:19 | INFO    | salsa | epoch 33 | step 2650/7813 | loss 0.8484 | lr 3.83e-04 | 805.3 samples/s
2026-10-08 13:39:22 | INFO    | salsa | epoch 33 | step 2675/7813 | loss 0.8229 | lr 3.81e-04 | 799.6 samples/s
2026-10-08 13:39:24 | INFO    | salsa | epoch 33 | train 0.8592 | valid 0.8587 | token 0.706 | acc_tau 0.991 | exact 0.1255 | 564.4 samples/s
2026-10-08 13:39:24 | INFO    | salsa | New best valid_loss: 0.858681
2026-10-08 13:39:25 | INFO    | salsa | epoch 34 | step 2700/7813 | loss 0.8428 | lr 3.79e-04 | 788.1 samples/s
2026-10-08 13:39:27 | INFO    | salsa | epoch 34 | step 2725/7813 | loss 0.8375 | lr 3.76e-04 | 800.2 samples/s
2026-10-08 13:39:29 | INFO    | salsa | epoch 34 | step 2750/7813 | loss 0.8498 | lr 3.74e-04 | 801.8 samples/s
2026-10-08 13:39:32 | INFO    | salsa | epoch 34 | train 0.8558 | valid 0.8713 | token 0.703 | acc_tau 0.986 | exact 0.1182 | 569.3 samples/s
2026-10-08 13:39:33 | INFO    | salsa | epoch 35 | step 2775/7813 | loss 0.8213 | lr 3.72e-04 | 799.6 samples/s
2026-10-08 13:39:35 | INFO    | salsa | epoch 35 | step 2800/7813 | loss 0.8406 | lr 3.70e-04 | 809.0 samples/s
2026-10-08 13:39:37 | INFO    | salsa | epoch 35 | step 2825/7813 | loss 0.8464 | lr 3.67e-04 | 811.8 samples/s
2026-10-08 13:39:40 | INFO    | salsa | epoch 35 | train 0.8554 | valid 0.8664 | token 0.702 | acc_tau 0.988 | exact 0.1143 | 574.0 samples/s
2026-10-08 13:39:40 | INFO    | salsa | epoch 36 | step 2850/7813 | loss 0.8660 | lr 3.65e-04 | 807.3 samples/s
2026-10-08 13:39:42 | INFO    | salsa | epoch 36 | step 2875/7813 | loss 0.8688 | lr 3.63e-04 | 817.8 samples/s
2026-10-08 13:39:44 | INFO    | salsa | epoch 36 | step 2900/7813 | loss 0.8902 | lr 3.61e-04 | 818.0 samples/s
2026-10-08 13:39:47 | INFO    | salsa | epoch 36 | train 0.8590 | valid 0.8575 | token 0.704 | acc_tau 0.992 | exact 0.1206 | 578.7 samples/s
2026-10-08 13:39:48 | INFO    | salsa | New best valid_loss: 0.857529
2026-10-08 13:39:48 | INFO    | salsa | epoch 37 | step 2925/7813 | loss 0.7978 | lr 3.58e-04 | 821.8 samples/s
2026-10-08 13:39:50 | INFO    | salsa | epoch 37 | step 2950/7813 | loss 0.8706 | lr 3.56e-04 | 826.9 samples/s
2026-10-08 13:39:52 | INFO    | salsa | epoch 37 | step 2975/7813 | loss 0.8658 | lr 3.54e-04 | 829.5 samples/s
2026-10-08 13:39:54 | INFO    | salsa | epoch 37 | step 3000/7813 | loss 0.8697 | lr 3.51e-04 | 829.2 samples/s
2026-10-08 13:39:55 | INFO    | salsa | epoch 37 | train 0.8539 | valid 0.8660 | token 0.703 | acc_tau 0.989 | exact 0.1167 | 583.4 samples/s
2026-10-08 13:39:57 | INFO    | salsa | epoch 38 | step 3025/7813 | loss 0.8521 | lr 3.49e-04 | 820.2 samples/s
2026-10-08 13:39:59 | INFO    | salsa | epoch 38 | step 3050/7813 | loss 0.8418 | lr 3.46e-04 | 830.0 samples/s
2026-10-08 13:40:01 | INFO    | salsa | epoch 38 | step 3075/7813 | loss 0.8325 | lr 3.44e-04 | 828.9 samples/s
2026-10-08 13:40:03 | INFO    | salsa | epoch 38 | train 0.8569 | valid 0.8627 | token 0.704 | acc_tau 0.992 | exact 0.1191 | 587.8 samples/s
2026-10-08 13:40:04 | INFO    | salsa | epoch 39 | step 3100/7813 | loss 0.8349 | lr 3.42e-04 | 836.0 samples/s
2026-10-08 13:40:06 | INFO    | salsa | epoch 39 | step 3125/7813 | loss 0.8241 | lr 3.39e-04 | 841.9 samples/s
2026-10-08 13:40:08 | INFO    | salsa | epoch 39 | step 3150/7813 | loss 0.9142 | lr 3.37e-04 | 842.9 samples/s
2026-10-08 13:40:10 | INFO    | salsa | epoch 39 | train 0.8555 | valid 0.8640 | token 0.703 | acc_tau 0.989 | exact 0.1162 | 592.3 samples/s
2026-10-08 13:40:12 | INFO    | salsa | epoch 40 | step 3175/7813 | loss 0.8555 | lr 3.34e-04 | 850.9 samples/s
2026-10-08 13:40:13 | INFO    | salsa | epoch 40 | step 3200/7813 | loss 0.8885 | lr 3.32e-04 | 847.8 samples/s
2026-10-08 13:40:15 | INFO    | salsa | epoch 40 | step 3225/7813 | loss 0.8391 | lr 3.30e-04 | 849.3 samples/s
2026-10-08 13:40:18 | INFO    | salsa | epoch 40 | train 0.8537 | valid 0.8607 | token 0.704 | acc_tau 0.989 | exact 0.1196 | 596.7 samples/s
2026-10-08 13:40:19 | INFO    | salsa | epoch 41 | step 3250/7813 | loss 0.8764 | lr 3.27e-04 | 856.4 samples/s
2026-10-08 13:40:21 | INFO    | salsa | epoch 41 | step 3275/7813 | loss 0.8554 | lr 3.25e-04 | 856.4 samples/s
2026-10-08 13:40:22 | INFO    | salsa | epoch 41 | step 3300/7813 | loss 0.8037 | lr 3.22e-04 | 856.2 samples/s
2026-10-08 13:40:25 | INFO    | salsa | epoch 41 | train 0.8493 | valid 0.8636 | token 0.702 | acc_tau 0.989 | exact 0.1123 | 601.1 samples/s
2026-10-08 13:40:26 | INFO    | salsa | epoch 42 | step 3325/7813 | loss 0.8337 | lr 3.20e-04 | 870.9 samples/s
2026-10-08 13:40:28 | INFO    | salsa | epoch 42 | step 3350/7813 | loss 0.8534 | lr 3.17e-04 | 861.4 samples/s
2026-10-08 13:40:30 | INFO    | salsa | epoch 42 | step 3375/7813 | loss 0.8474 | lr 3.15e-04 | 859.6 samples/s
2026-10-08 13:40:33 | INFO    | salsa | epoch 42 | train 0.8533 | valid 0.8586 | token 0.701 | acc_tau 0.984 | exact 0.1104 | 605.3 samples/s
2026-10-08 13:40:33 | INFO    | salsa | epoch 43 | step 3400/7813 | loss 0.8112 | lr 3.12e-04 | 866.2 samples/s
2026-10-08 13:40:35 | INFO    | salsa | epoch 43 | step 3425/7813 | loss 0.8561 | lr 3.10e-04 | 852.0 samples/s
2026-10-08 13:40:37 | INFO    | salsa | epoch 43 | step 3450/7813 | loss 0.8578 | lr 3.07e-04 | 859.7 samples/s
2026-10-08 13:40:39 | INFO    | salsa | epoch 43 | step 3475/7813 | loss 0.8385 | lr 3.05e-04 | 860.9 samples/s
2026-10-08 13:40:40 | INFO    | salsa | epoch 43 | train 0.8578 | valid 0.8615 | token 0.704 | acc_tau 0.992 | exact 0.1191 | 609.4 samples/s
2026-10-08 13:40:42 | INFO    | salsa | epoch 44 | step 3500/7813 | loss 0.8174 | lr 3.02e-04 | 873.2 samples/s
2026-10-08 13:40:44 | INFO    | salsa | epoch 44 | step 3525/7813 | loss 0.8396 | lr 3.00e-04 | 869.0 samples/s
2026-10-08 13:40:46 | INFO    | salsa | epoch 44 | step 3550/7813 | loss 0.8840 | lr 2.97e-04 | 869.3 samples/s
2026-10-08 13:40:47 | INFO    | salsa | epoch 44 | train 0.8470 | valid 0.8629 | token 0.702 | acc_tau 0.986 | exact 0.1113 | 613.5 samples/s
2026-10-08 13:40:49 | INFO    | salsa | epoch 45 | step 3575/7813 | loss 0.7881 | lr 2.95e-04 | 873.4 samples/s
2026-10-08 13:40:51 | INFO    | salsa | epoch 45 | step 3600/7813 | loss 0.8670 | lr 2.92e-04 | 873.8 samples/s
2026-10-08 13:40:53 | INFO    | salsa | epoch 45 | step 3625/7813 | loss 0.8672 | lr 2.90e-04 | 871.8 samples/s
2026-10-08 13:40:55 | INFO    | salsa | epoch 45 | train 0.8587 | valid 0.8584 | token 0.704 | acc_tau 0.989 | exact 0.1201 | 617.5 samples/s
2026-10-08 13:40:56 | INFO    | salsa | epoch 46 | step 3650/7813 | loss 0.8878 | lr 2.87e-04 | 876.4 samples/s
2026-10-08 13:40:59 | INFO    | salsa | epoch 46 | step 3675/7813 | loss 0.8691 | lr 2.85e-04 | 679.3 samples/s
2026-10-08 13:41:01 | INFO    | salsa | epoch 46 | step 3700/7813 | loss 0.8462 | lr 2.82e-04 | 670.3 samples/s
2026-10-08 13:41:04 | INFO    | salsa | epoch 46 | train 0.8567 | valid 0.8597 | token 0.707 | acc_tau 0.988 | exact 0.1255 | 618.2 samples/s
2026-10-08 13:41:05 | INFO    | salsa | epoch 47 | step 3725/7813 | loss 0.8270 | lr 2.79e-04 | 946.5 samples/s
2026-10-08 13:41:07 | INFO    | salsa | epoch 47 | step 3750/7813 | loss 0.8539 | lr 2.77e-04 | 906.7 samples/s
2026-10-08 13:41:09 | INFO    | salsa | epoch 47 | step 3775/7813 | loss 0.9027 | lr 2.74e-04 | 894.2 samples/s
2026-10-08 13:41:11 | INFO    | salsa | epoch 47 | train 0.8511 | valid 0.8634 | token 0.702 | acc_tau 0.991 | exact 0.1133 | 622.2 samples/s
2026-10-08 13:41:12 | INFO    | salsa | epoch 48 | step 3800/7813 | loss 0.8148 | lr 2.72e-04 | 900.3 samples/s
2026-10-08 13:41:14 | INFO    | salsa | epoch 48 | step 3825/7813 | loss 0.8324 | lr 2.69e-04 | 893.9 samples/s
2026-10-08 13:41:16 | INFO    | salsa | epoch 48 | step 3850/7813 | loss 0.9042 | lr 2.67e-04 | 892.0 samples/s
2026-10-08 13:41:19 | INFO    | salsa | epoch 48 | train 0.8551 | valid 0.8651 | token 0.703 | acc_tau 0.986 | exact 0.1162 | 626.1 samples/s
2026-10-08 13:41:19 | INFO    | salsa | epoch 49 | step 3875/7813 | loss 0.7975 | lr 2.64e-04 | 902.9 samples/s
2026-10-08 13:41:21 | INFO    | salsa | epoch 49 | step 3900/7813 | loss 0.8519 | lr 2.61e-04 | 898.1 samples/s
2026-10-08 13:41:23 | INFO    | salsa | epoch 49 | step 3925/7813 | loss 0.8308 | lr 2.59e-04 | 896.5 samples/s
2026-10-08 13:41:24 | INFO    | salsa | epoch 49 | step 3950/7813 | loss 0.8300 | lr 2.56e-04 | 895.7 samples/s
2026-10-08 13:41:26 | INFO    | salsa | epoch 49 | train 0.8459 | valid 0.8591 | token 0.706 | acc_tau 0.989 | exact 0.1260 | 629.8 samples/s
2026-10-08 13:41:28 | INFO    | salsa | epoch 50 | step 3975/7813 | loss 0.8255 | lr 2.54e-04 | 898.9 samples/s
2026-10-08 13:41:29 | INFO    | salsa | epoch 50 | step 4000/7813 | loss 0.8768 | lr 2.51e-04 | 896.1 samples/s
2026-10-08 13:41:31 | INFO    | salsa | epoch 50 | step 4025/7813 | loss 0.8245 | lr 2.49e-04 | 896.6 samples/s
2026-10-08 13:41:33 | INFO    | salsa | epoch 50 | train 0.8586 | valid 0.8582 | token 0.703 | acc_tau 0.981 | exact 0.1147 | 633.5 samples/s
2026-10-08 13:41:34 | INFO    | salsa | epoch 51 | step 4050/7813 | loss 0.8912 | lr 2.46e-04 | 900.1 samples/s
2026-10-08 13:41:36 | INFO    | salsa | epoch 51 | step 4075/7813 | loss 0.8139 | lr 2.43e-04 | 899.5 samples/s
2026-10-08 13:41:38 | INFO    | salsa | epoch 51 | step 4100/7813 | loss 0.8196 | lr 2.41e-04 | 898.3 samples/s
2026-10-08 13:41:40 | INFO    | salsa | epoch 51 | train 0.8528 | valid 0.8592 | token 0.705 | acc_tau 0.989 | exact 0.1221 | 637.1 samples/s
2026-10-08 13:41:41 | INFO    | salsa | epoch 52 | step 4125/7813 | loss 0.8524 | lr 2.38e-04 | 905.4 samples/s
2026-10-08 13:41:43 | INFO    | salsa | epoch 52 | step 4150/7813 | loss 0.8436 | lr 2.36e-04 | 900.6 samples/s
2026-10-08 13:41:45 | INFO    | salsa | epoch 52 | step 4175/7813 | loss 0.8392 | lr 2.33e-04 | 895.1 samples/s
2026-10-08 13:41:47 | INFO    | salsa | epoch 52 | train 0.8408 | valid 0.8596 | token 0.702 | acc_tau 0.988 | exact 0.1133 | 640.6 samples/s
2026-10-08 13:41:48 | INFO    | salsa | epoch 53 | step 4200/7813 | loss 0.8644 | lr 2.31e-04 | 899.7 samples/s
2026-10-08 13:41:50 | INFO    | salsa | epoch 53 | step 4225/7813 | loss 0.8497 | lr 2.28e-04 | 897.8 samples/s
2026-10-08 13:41:52 | INFO    | salsa | epoch 53 | step 4250/7813 | loss 0.8075 | lr 2.25e-04 | 897.6 samples/s
2026-10-08 13:41:54 | INFO    | salsa | epoch 53 | train 0.8471 | valid 0.8553 | token 0.702 | acc_tau 0.988 | exact 0.1167 | 644.0 samples/s
2026-10-08 13:41:54 | INFO    | salsa | New best valid_loss: 0.855306
2026-10-08 13:41:55 | INFO    | salsa | epoch 54 | step 4275/7813 | loss 0.8576 | lr 2.23e-04 | 911.6 samples/s
2026-10-08 13:41:57 | INFO    | salsa | epoch 54 | step 4300/7813 | loss 0.8356 | lr 2.20e-04 | 899.0 samples/s
2026-10-08 13:41:58 | INFO    | salsa | epoch 54 | step 4325/7813 | loss 0.8711 | lr 2.18e-04 | 896.3 samples/s
2026-10-08 13:42:01 | INFO    | salsa | epoch 54 | train 0.8507 | valid 0.8536 | token 0.707 | acc_tau 0.992 | exact 0.1289 | 647.3 samples/s
2026-10-08 13:42:01 | INFO    | salsa | New best valid_loss: 0.853583
2026-10-08 13:42:02 | INFO    | salsa | epoch 55 | step 4350/7813 | loss 0.8133 | lr 2.15e-04 | 915.2 samples/s
2026-10-08 13:42:03 | INFO    | salsa | epoch 55 | step 4375/7813 | loss 0.8675 | lr 2.13e-04 | 882.3 samples/s
2026-10-08 13:42:05 | INFO    | salsa | epoch 55 | step 4400/7813 | loss 0.8252 | lr 2.10e-04 | 881.1 samples/s
2026-10-08 13:42:09 | INFO    | salsa | epoch 55 | train 0.8490 | valid 0.8537 | token 0.702 | acc_tau 0.984 | exact 0.1133 | 650.5 samples/s
2026-10-08 13:42:09 | INFO    | salsa | epoch 56 | step 4425/7813 | loss 0.8172 | lr 2.08e-04 | 924.9 samples/s
2026-10-08 13:42:10 | INFO    | salsa | epoch 56 | step 4450/7813 | loss 0.8690 | lr 2.05e-04 | 912.5 samples/s
2026-10-08 13:42:12 | INFO    | salsa | epoch 56 | step 4475/7813 | loss 0.8588 | lr 2.03e-04 | 900.2 samples/s
2026-10-08 13:42:14 | INFO    | salsa | epoch 56 | step 4500/7813 | loss 0.8621 | lr 2.00e-04 | 896.8 samples/s
2026-10-08 13:42:16 | INFO    | salsa | epoch 56 | train 0.8452 | valid 0.8546 | token 0.705 | acc_tau 0.991 | exact 0.1201 | 653.6 samples/s
2026-10-08 13:42:17 | INFO    | salsa | epoch 57 | step 4525/7813 | loss 0.8447 | lr 1.98e-04 | 896.9 samples/s
2026-10-08 13:42:19 | INFO    | salsa | epoch 57 | step 4550/7813 | loss 0.9193 | lr 1.95e-04 | 893.1 samples/s
2026-10-08 13:42:21 | INFO    | salsa | epoch 57 | step 4575/7813 | loss 0.8189 | lr 1.93e-04 | 892.4 samples/s
2026-10-08 13:42:23 | INFO    | salsa | epoch 57 | train 0.8466 | valid 0.8567 | token 0.709 | acc_tau 0.988 | exact 0.1333 | 656.6 samples/s
2026-10-08 13:42:24 | INFO    | salsa | epoch 58 | step 4600/7813 | loss 0.8353 | lr 1.90e-04 | 892.9 samples/s
2026-10-08 13:42:26 | INFO    | salsa | epoch 58 | step 4625/7813 | loss 0.8722 | lr 1.88e-04 | 890.7 samples/s
2026-10-08 13:42:28 | INFO    | salsa | epoch 58 | step 4650/7813 | loss 0.8142 | lr 1.85e-04 | 889.0 samples/s
2026-10-08 13:42:30 | INFO    | salsa | epoch 58 | train 0.8500 | valid 0.8540 | token 0.706 | acc_tau 0.983 | exact 0.1235 | 659.6 samples/s
2026-10-08 13:42:31 | INFO    | salsa | epoch 59 | step 4675/7813 | loss 0.8251 | lr 1.83e-04 | 894.1 samples/s
2026-10-08 13:42:33 | INFO    | salsa | epoch 59 | step 4700/7813 | loss 0.8175 | lr 1.80e-04 | 887.0 samples/s
2026-10-08 13:42:35 | INFO    | salsa | epoch 59 | step 4725/7813 | loss 0.8455 | lr 1.78e-04 | 886.0 samples/s
2026-10-08 13:42:37 | INFO    | salsa | epoch 59 | train 0.8407 | valid 0.8545 | token 0.704 | acc_tau 0.991 | exact 0.1216 | 662.4 samples/s
2026-10-08 13:42:38 | INFO    | salsa | epoch 60 | step 4750/7813 | loss 0.8776 | lr 1.75e-04 | 891.1 samples/s
2026-10-08 13:42:40 | INFO    | salsa | epoch 60 | step 4775/7813 | loss 0.8813 | lr 1.73e-04 | 887.3 samples/s
2026-10-08 13:42:42 | INFO    | salsa | epoch 60 | step 4800/7813 | loss 0.7884 | lr 1.70e-04 | 887.1 samples/s
2026-10-08 13:42:44 | INFO    | salsa | epoch 60 | train 0.8479 | valid 0.8545 | token 0.703 | acc_tau 0.988 | exact 0.1177 | 665.1 samples/s
2026-10-08 13:42:45 | INFO    | salsa | epoch 61 | step 4825/7813 | loss 0.8635 | lr 1.68e-04 | 895.6 samples/s
2026-10-08 13:42:47 | INFO    | salsa | epoch 61 | step 4850/7813 | loss 0.8638 | lr 1.65e-04 | 888.0 samples/s
2026-10-08 13:42:48 | INFO    | salsa | epoch 61 | step 4875/7813 | loss 0.8070 | lr 1.63e-04 | 882.6 samples/s
2026-10-08 13:42:52 | INFO    | salsa | epoch 61 | train 0.8460 | valid 0.8549 | token 0.706 | acc_tau 0.986 | exact 0.1250 | 667.8 samples/s
2026-10-08 13:42:52 | INFO    | salsa | epoch 62 | step 4900/7813 | loss 0.8867 | lr 1.61e-04 | 893.9 samples/s
2026-10-08 13:42:54 | INFO    | salsa | epoch 62 | step 4925/7813 | loss 0.8626 | lr 1.58e-04 | 885.0 samples/s
2026-10-08 13:42:55 | INFO    | salsa | epoch 62 | step 4950/7813 | loss 0.8177 | lr 1.56e-04 | 885.3 samples/s
2026-10-08 13:42:57 | INFO    | salsa | epoch 62 | step 4975/7813 | loss 0.8776 | lr 1.53e-04 | 885.8 samples/s
2026-10-08 13:42:59 | INFO    | salsa | epoch 62 | train 0.8490 | valid 0.8568 | token 0.706 | acc_tau 0.990 | exact 0.1235 | 670.4 samples/s
2026-10-08 13:43:00 | INFO    | salsa | epoch 63 | step 5000/7813 | loss 0.8411 | lr 1.51e-04 | 891.7 samples/s
2026-10-08 13:43:02 | INFO    | salsa | epoch 63 | step 5025/7813 | loss 0.8588 | lr 1.49e-04 | 889.5 samples/s
2026-10-08 13:43:04 | INFO    | salsa | epoch 63 | step 5050/7813 | loss 0.8666 | lr 1.46e-04 | 887.2 samples/s
2026-10-08 13:43:06 | INFO    | salsa | epoch 63 | train 0.8452 | valid 0.8539 | token 0.704 | acc_tau 0.986 | exact 0.1187 | 672.9 samples/s
2026-10-08 13:43:07 | INFO    | salsa | epoch 64 | step 5075/7813 | loss 0.8487 | lr 1.44e-04 | 890.5 samples/s
2026-10-08 13:43:09 | INFO    | salsa | epoch 64 | step 5100/7813 | loss 0.8245 | lr 1.42e-04 | 874.7 samples/s
2026-10-08 13:43:11 | INFO    | salsa | epoch 64 | step 5125/7813 | loss 0.8074 | lr 1.39e-04 | 882.9 samples/s
2026-10-08 13:43:13 | INFO    | salsa | epoch 64 | train 0.8460 | valid 0.8540 | token 0.701 | acc_tau 0.991 | exact 0.1094 | 675.4 samples/s
2026-10-08 13:43:14 | INFO    | salsa | epoch 65 | step 5150/7813 | loss 0.7977 | lr 1.37e-04 | 894.5 samples/s
2026-10-08 13:43:16 | INFO    | salsa | epoch 65 | step 5175/7813 | loss 0.9050 | lr 1.35e-04 | 890.1 samples/s
2026-10-08 13:43:18 | INFO    | salsa | epoch 65 | step 5200/7813 | loss 0.8584 | lr 1.33e-04 | 888.3 samples/s
2026-10-08 13:43:20 | INFO    | salsa | epoch 65 | train 0.8486 | valid 0.8559 | token 0.701 | acc_tau 0.992 | exact 0.1089 | 677.9 samples/s
2026-10-08 13:43:21 | INFO    | salsa | epoch 66 | step 5225/7813 | loss 0.8763 | lr 1.30e-04 | 899.1 samples/s
2026-10-08 13:43:23 | INFO    | salsa | epoch 66 | step 5250/7813 | loss 0.8466 | lr 1.28e-04 | 889.1 samples/s
2026-10-08 13:43:25 | INFO    | salsa | epoch 66 | step 5275/7813 | loss 0.7947 | lr 1.26e-04 | 883.5 samples/s
2026-10-08 13:43:27 | INFO    | salsa | epoch 66 | train 0.8431 | valid 0.8548 | token 0.706 | acc_tau 0.991 | exact 0.1250 | 680.3 samples/s
2026-10-08 13:43:28 | INFO    | salsa | epoch 67 | step 5300/7813 | loss 0.8327 | lr 1.24e-04 | 896.0 samples/s
2026-10-08 13:43:30 | INFO    | salsa | epoch 67 | step 5325/7813 | loss 0.8275 | lr 1.21e-04 | 892.2 samples/s
2026-10-08 13:43:32 | INFO    | salsa | epoch 67 | step 5350/7813 | loss 0.8109 | lr 1.19e-04 | 892.3 samples/s
2026-10-08 13:43:35 | INFO    | salsa | epoch 67 | train 0.8444 | valid 0.8524 | token 0.703 | acc_tau 0.981 | exact 0.1157 | 682.6 samples/s
2026-10-08 13:43:35 | INFO    | salsa | New best valid_loss: 0.852411
2026-10-08 13:43:35 | INFO    | salsa | epoch 68 | step 5375/7813 | loss 0.8800 | lr 1.17e-04 | 923.0 samples/s
2026-10-08 13:43:37 | INFO    | salsa | epoch 68 | step 5400/7813 | loss 0.9044 | lr 1.15e-04 | 897.5 samples/s
2026-10-08 13:43:38 | INFO    | salsa | epoch 68 | step 5425/7813 | loss 0.8333 | lr 1.13e-04 | 894.3 samples/s
2026-10-08 13:43:40 | INFO    | salsa | epoch 68 | step 5450/7813 | loss 0.8501 | lr 1.11e-04 | 893.2 samples/s
2026-10-08 13:43:42 | INFO    | salsa | epoch 68 | train 0.8470 | valid 0.8552 | token 0.706 | acc_tau 0.992 | exact 0.1235 | 685.0 samples/s
2026-10-08 13:43:44 | INFO    | salsa | epoch 69 | step 5475/7813 | loss 0.8086 | lr 1.08e-04 | 890.9 samples/s
2026-10-08 13:43:45 | INFO    | salsa | epoch 69 | step 5500/7813 | loss 0.8487 | lr 1.06e-04 | 890.5 samples/s
2026-10-08 13:43:47 | INFO    | salsa | epoch 69 | step 5525/7813 | loss 0.8324 | lr 1.04e-04 | 890.3 samples/s
2026-10-08 13:43:49 | INFO    | salsa | epoch 69 | train 0.8483 | valid 0.8519 | token 0.704 | acc_tau 0.982 | exact 0.1187 | 687.2 samples/s
2026-10-08 13:43:49 | INFO    | salsa | New best valid_loss: 0.851859
2026-10-08 13:43:50 | INFO    | salsa | epoch 70 | step 5550/7813 | loss 0.8079 | lr 1.02e-04 | 896.2 samples/s
2026-10-08 13:43:52 | INFO    | salsa | epoch 70 | step 5575/7813 | loss 0.8624 | lr 1.00e-04 | 892.4 samples/s
2026-10-08 13:43:54 | INFO    | salsa | epoch 70 | step 5600/7813 | loss 0.8660 | lr 9.80e-05 | 891.1 samples/s
2026-10-08 13:43:56 | INFO    | salsa | epoch 70 | train 0.8363 | valid 0.8521 | token 0.702 | acc_tau 0.986 | exact 0.1147 | 689.4 samples/s
2026-10-08 13:43:57 | INFO    | salsa | epoch 71 | step 5625/7813 | loss 0.8037 | lr 9.60e-05 | 892.5 samples/s
2026-10-08 13:43:59 | INFO    | salsa | epoch 71 | step 5650/7813 | loss 0.7939 | lr 9.40e-05 | 887.8 samples/s
2026-10-08 13:44:01 | INFO    | salsa | epoch 71 | step 5675/7813 | loss 0.8243 | lr 9.20e-05 | 887.5 samples/s
2026-10-08 13:44:03 | INFO    | salsa | epoch 71 | train 0.8438 | valid 0.8525 | token 0.705 | acc_tau 0.992 | exact 0.1211 | 691.6 samples/s
2026-10-08 13:44:04 | INFO    | salsa | epoch 72 | step 5700/7813 | loss 0.9082 | lr 9.00e-05 | 896.3 samples/s
2026-10-08 13:44:06 | INFO    | salsa | epoch 72 | step 5725/7813 | loss 0.7886 | lr 8.80e-05 | 894.5 samples/s
2026-10-08 13:44:08 | INFO    | salsa | epoch 72 | step 5750/7813 | loss 0.8216 | lr 8.61e-05 | 892.9 samples/s
2026-10-08 13:44:10 | INFO    | salsa | epoch 72 | train 0.8452 | valid 0.8526 | token 0.703 | acc_tau 0.992 | exact 0.1182 | 693.7 samples/s
2026-10-08 13:44:11 | INFO    | salsa | epoch 73 | step 5775/7813 | loss 0.8403 | lr 8.42e-05 | 899.0 samples/s
2026-10-08 13:44:13 | INFO    | salsa | epoch 73 | step 5800/7813 | loss 0.8397 | lr 8.22e-05 | 872.0 samples/s
2026-10-08 13:44:15 | INFO    | salsa | epoch 73 | step 5825/7813 | loss 0.8905 | lr 8.04e-05 | 886.2 samples/s
2026-10-08 13:44:18 | INFO    | salsa | epoch 73 | train 0.8378 | valid 0.8541 | token 0.703 | acc_tau 0.988 | exact 0.1147 | 695.8 samples/s
2026-10-08 13:44:18 | INFO    | salsa | epoch 74 | step 5850/7813 | loss 0.8887 | lr 7.85e-05 | 896.1 samples/s
2026-10-08 13:44:20 | INFO    | salsa | epoch 74 | step 5875/7813 | loss 0.8550 | lr 7.66e-05 | 892.5 samples/s
2026-10-08 13:44:22 | INFO    | salsa | epoch 74 | step 5900/7813 | loss 0.8741 | lr 7.48e-05 | 892.1 samples/s
2026-10-08 13:44:23 | INFO    | salsa | epoch 74 | step 5925/7813 | loss 0.9038 | lr 7.30e-05 | 890.1 samples/s
2026-10-08 13:44:25 | INFO    | salsa | epoch 74 | train 0.8460 | valid 0.8544 | token 0.702 | acc_tau 0.992 | exact 0.1152 | 697.8 samples/s
2026-10-08 13:44:27 | INFO    | salsa | epoch 75 | step 5950/7813 | loss 0.7957 | lr 7.12e-05 | 896.6 samples/s
2026-10-08 13:44:28 | INFO    | salsa | epoch 75 | step 5975/7813 | loss 0.9471 | lr 6.94e-05 | 885.2 samples/s
2026-10-08 13:44:30 | INFO    | salsa | epoch 75 | step 6000/7813 | loss 0.8656 | lr 6.76e-05 | 887.6 samples/s
2026-10-08 13:44:32 | INFO    | salsa | epoch 75 | train 0.8431 | valid 0.8506 | token 0.705 | acc_tau 0.992 | exact 0.1235 | 699.8 samples/s
2026-10-08 13:44:32 | INFO    | salsa | New best valid_loss: 0.850619
2026-10-08 13:44:34 | INFO    | salsa | epoch 76 | step 6025/7813 | loss 0.8938 | lr 6.59e-05 | 893.1 samples/s
2026-10-08 13:44:35 | INFO    | salsa | epoch 76 | step 6050/7813 | loss 0.8958 | lr 6.42e-05 | 891.7 samples/s
2026-10-08 13:44:37 | INFO    | salsa | epoch 76 | step 6075/7813 | loss 0.8430 | lr 6.25e-05 | 892.0 samples/s
2026-10-08 13:44:39 | INFO    | salsa | epoch 76 | train 0.8433 | valid 0.8526 | token 0.708 | acc_tau 0.990 | exact 0.1304 | 701.7 samples/s
2026-10-08 13:44:40 | INFO    | salsa | epoch 77 | step 6100/7813 | loss 0.8993 | lr 6.08e-05 | 898.9 samples/s
2026-10-08 13:44:42 | INFO    | salsa | epoch 77 | step 6125/7813 | loss 0.8307 | lr 5.91e-05 | 893.4 samples/s
2026-10-08 13:44:44 | INFO    | salsa | epoch 77 | step 6150/7813 | loss 0.8066 | lr 5.75e-05 | 890.4 samples/s
2026-10-08 13:44:46 | INFO    | salsa | epoch 77 | train 0.8446 | valid 0.8520 | token 0.706 | acc_tau 0.988 | exact 0.1250 | 703.6 samples/s
2026-10-08 13:44:47 | INFO    | salsa | epoch 78 | step 6175/7813 | loss 0.8845 | lr 5.59e-05 | 899.3 samples/s
2026-10-08 13:44:49 | INFO    | salsa | epoch 78 | step 6200/7813 | loss 0.8503 | lr 5.43e-05 | 887.7 samples/s
2026-10-08 13:44:51 | INFO    | salsa | epoch 78 | step 6225/7813 | loss 0.8258 | lr 5.27e-05 | 889.4 samples/s
2026-10-08 13:44:53 | INFO    | salsa | epoch 78 | train 0.8409 | valid 0.8508 | token 0.704 | acc_tau 0.989 | exact 0.1196 | 705.4 samples/s
2026-10-08 13:44:54 | INFO    | salsa | epoch 79 | step 6250/7813 | loss 0.8511 | lr 5.11e-05 | 897.4 samples/s
2026-10-08 13:44:56 | INFO    | salsa | epoch 79 | step 6275/7813 | loss 0.8051 | lr 4.96e-05 | 891.9 samples/s
2026-10-08 13:44:58 | INFO    | salsa | epoch 79 | step 6300/7813 | loss 0.8676 | lr 4.81e-05 | 890.2 samples/s
2026-10-08 13:45:01 | INFO    | salsa | epoch 79 | train 0.8406 | valid 0.8509 | token 0.704 | acc_tau 0.988 | exact 0.1187 | 707.3 samples/s
2026-10-08 13:45:01 | INFO    | salsa | epoch 80 | step 6325/7813 | loss 0.8408 | lr 4.66e-05 | 892.9 samples/s
2026-10-08 13:45:03 | INFO    | salsa | epoch 80 | step 6350/7813 | loss 0.8421 | lr 4.51e-05 | 883.5 samples/s
2026-10-08 13:45:05 | INFO    | salsa | epoch 80 | step 6375/7813 | loss 0.8459 | lr 4.37e-05 | 886.6 samples/s
2026-10-08 13:45:08 | INFO    | salsa | epoch 80 | train 0.8448 | valid 0.8513 | token 0.703 | acc_tau 0.990 | exact 0.1167 | 709.0 samples/s
2026-10-08 13:45:08 | INFO    | salsa | epoch 81 | step 6400/7813 | loss 0.8556 | lr 4.22e-05 | 890.2 samples/s
2026-10-08 13:45:10 | INFO    | salsa | epoch 81 | step 6425/7813 | loss 0.8752 | lr 4.08e-05 | 893.2 samples/s
2026-10-08 13:45:11 | INFO    | salsa | epoch 81 | step 6450/7813 | loss 0.8688 | lr 3.94e-05 | 892.4 samples/s
2026-10-08 13:45:13 | INFO    | salsa | epoch 81 | step 6475/7813 | loss 0.8674 | lr 3.81e-05 | 891.1 samples/s
2026-10-08 13:45:15 | INFO    | salsa | epoch 81 | train 0.8467 | valid 0.8505 | token 0.702 | acc_tau 0.984 | exact 0.1118 | 710.8 samples/s
2026-10-08 13:45:15 | INFO    | salsa | New best valid_loss: 0.850543
2026-10-08 13:45:17 | INFO    | salsa | epoch 82 | step 6500/7813 | loss 0.8997 | lr 3.67e-05 | 871.7 samples/s
2026-10-08 13:45:18 | INFO    | salsa | epoch 82 | step 6525/7813 | loss 0.8598 | lr 3.54e-05 | 881.6 samples/s
2026-10-08 13:45:20 | INFO    | salsa | epoch 82 | step 6550/7813 | loss 0.8513 | lr 3.41e-05 | 886.0 samples/s
2026-10-08 13:45:22 | INFO    | salsa | epoch 82 | train 0.8455 | valid 0.8500 | token 0.703 | acc_tau 0.985 | exact 0.1143 | 712.5 samples/s
2026-10-08 13:45:22 | INFO    | salsa | New best valid_loss: 0.850020
2026-10-08 13:45:23 | INFO    | salsa | epoch 83 | step 6575/7813 | loss 0.8405 | lr 3.29e-05 | 898.7 samples/s
2026-10-08 13:45:25 | INFO    | salsa | epoch 83 | step 6600/7813 | loss 0.8141 | lr 3.16e-05 | 895.1 samples/s
2026-10-08 13:45:27 | INFO    | salsa | epoch 83 | step 6625/7813 | loss 0.8649 | lr 3.04e-05 | 894.3 samples/s
2026-10-08 13:45:29 | INFO    | salsa | epoch 83 | train 0.8453 | valid 0.8498 | token 0.706 | acc_tau 0.992 | exact 0.1274 | 714.2 samples/s
2026-10-08 13:45:29 | INFO    | salsa | New best valid_loss: 0.849765
2026-10-08 13:45:30 | INFO    | salsa | epoch 84 | step 6650/7813 | loss 0.7984 | lr 2.92e-05 | 903.3 samples/s
2026-10-08 13:45:32 | INFO    | salsa | epoch 84 | step 6675/7813 | loss 0.8239 | lr 2.80e-05 | 887.4 samples/s
2026-10-08 13:45:34 | INFO    | salsa | epoch 84 | step 6700/7813 | loss 0.8291 | lr 2.69e-05 | 889.1 samples/s
2026-10-08 13:45:36 | INFO    | salsa | epoch 84 | train 0.8456 | valid 0.8494 | token 0.703 | acc_tau 0.992 | exact 0.1143 | 715.9 samples/s
2026-10-08 13:45:36 | INFO    | salsa | New best valid_loss: 0.849405
2026-10-08 13:45:37 | INFO    | salsa | epoch 85 | step 6725/7813 | loss 0.8240 | lr 2.57e-05 | 905.2 samples/s
2026-10-08 13:45:39 | INFO    | salsa | epoch 85 | step 6750/7813 | loss 0.8717 | lr 2.46e-05 | 893.0 samples/s
2026-10-08 13:45:41 | INFO    | salsa | epoch 85 | step 6775/7813 | loss 0.8145 | lr 2.35e-05 | 894.7 samples/s
2026-10-08 13:45:44 | INFO    | salsa | epoch 85 | train 0.8443 | valid 0.8494 | token 0.704 | acc_tau 0.992 | exact 0.1172 | 717.6 samples/s
2026-10-08 13:45:44 | INFO    | salsa | epoch 86 | step 6800/7813 | loss 0.8481 | lr 2.25e-05 | 903.7 samples/s
2026-10-08 13:45:46 | INFO    | salsa | epoch 86 | step 6825/7813 | loss 0.9050 | lr 2.15e-05 | 895.1 samples/s
2026-10-08 13:45:48 | INFO    | salsa | epoch 86 | step 6850/7813 | loss 0.8124 | lr 2.04e-05 | 894.4 samples/s
2026-10-08 13:45:51 | INFO    | salsa | epoch 86 | train 0.8435 | valid 0.8500 | token 0.705 | acc_tau 0.992 | exact 0.1211 | 719.2 samples/s
2026-10-08 13:45:51 | INFO    | salsa | epoch 87 | step 6875/7813 | loss 0.8307 | lr 1.95e-05 | 904.0 samples/s
2026-10-08 13:45:53 | INFO    | salsa | epoch 87 | step 6900/7813 | loss 0.8439 | lr 1.85e-05 | 897.1 samples/s
2026-10-08 13:45:54 | INFO    | salsa | epoch 87 | step 6925/7813 | loss 0.8564 | lr 1.76e-05 | 896.0 samples/s
2026-10-08 13:45:56 | INFO    | salsa | epoch 87 | step 6950/7813 | loss 0.8637 | lr 1.67e-05 | 896.9 samples/s
2026-10-08 13:45:58 | INFO    | salsa | epoch 87 | train 0.8418 | valid 0.8495 | token 0.704 | acc_tau 0.991 | exact 0.1196 | 720.8 samples/s
2026-10-08 13:45:59 | INFO    | salsa | epoch 88 | step 6975/7813 | loss 0.8443 | lr 1.58e-05 | 901.8 samples/s
2026-10-08 13:46:01 | INFO    | salsa | epoch 88 | step 7000/7813 | loss 0.8686 | lr 1.49e-05 | 900.1 samples/s
2026-10-08 13:46:03 | INFO    | salsa | epoch 88 | step 7025/7813 | loss 0.8060 | lr 1.41e-05 | 898.3 samples/s
2026-10-08 13:46:05 | INFO    | salsa | epoch 88 | train 0.8391 | valid 0.8499 | token 0.702 | acc_tau 0.991 | exact 0.1118 | 722.4 samples/s
2026-10-08 13:46:06 | INFO    | salsa | epoch 89 | step 7050/7813 | loss 0.7834 | lr 1.33e-05 | 892.9 samples/s
2026-10-08 13:46:08 | INFO    | salsa | epoch 89 | step 7075/7813 | loss 0.8486 | lr 1.25e-05 | 887.8 samples/s
2026-10-08 13:46:10 | INFO    | salsa | epoch 89 | step 7100/7813 | loss 0.7743 | lr 1.17e-05 | 888.7 samples/s
2026-10-08 13:46:12 | INFO    | salsa | epoch 89 | train 0.8391 | valid 0.8498 | token 0.705 | acc_tau 0.990 | exact 0.1191 | 723.9 samples/s
2026-10-08 13:46:13 | INFO    | salsa | epoch 90 | step 7125/7813 | loss 0.8101 | lr 1.10e-05 | 896.8 samples/s
2026-10-08 13:46:15 | INFO    | salsa | epoch 90 | step 7150/7813 | loss 0.8225 | lr 1.03e-05 | 899.2 samples/s
2026-10-08 13:46:17 | INFO    | salsa | epoch 90 | step 7175/7813 | loss 0.8575 | lr 9.60e-06 | 899.4 samples/s
2026-10-08 13:46:19 | INFO    | salsa | epoch 90 | train 0.8466 | valid 0.8496 | token 0.704 | acc_tau 0.989 | exact 0.1187 | 725.4 samples/s
2026-10-08 13:46:20 | INFO    | salsa | epoch 91 | step 7200/7813 | loss 0.8689 | lr 8.94e-06 | 906.1 samples/s
2026-10-08 13:46:22 | INFO    | salsa | epoch 91 | step 7225/7813 | loss 0.7931 | lr 8.31e-06 | 877.0 samples/s
2026-10-08 13:46:24 | INFO    | salsa | epoch 91 | step 7250/7813 | loss 0.8065 | lr 7.70e-06 | 882.4 samples/s
2026-10-08 13:46:26 | INFO    | salsa | epoch 91 | train 0.8429 | valid 0.8495 | token 0.702 | acc_tau 0.989 | exact 0.1138 | 726.9 samples/s
2026-10-08 13:46:27 | INFO    | salsa | epoch 92 | step 7275/7813 | loss 0.8757 | lr 7.12e-06 | 905.9 samples/s
2026-10-08 13:46:29 | INFO    | salsa | epoch 92 | step 7300/7813 | loss 0.8129 | lr 6.57e-06 | 898.9 samples/s
2026-10-08 13:46:30 | INFO    | salsa | epoch 92 | step 7325/7813 | loss 0.8086 | lr 6.04e-06 | 899.1 samples/s
2026-10-08 13:46:33 | INFO    | salsa | epoch 92 | train 0.8355 | valid 0.8496 | token 0.704 | acc_tau 0.989 | exact 0.1187 | 728.4 samples/s
2026-10-08 13:46:34 | INFO    | salsa | epoch 93 | step 7350/7813 | loss 0.8122 | lr 5.54e-06 | 906.2 samples/s
2026-10-08 13:46:35 | INFO    | salsa | epoch 93 | step 7375/7813 | loss 0.8048 | lr 5.06e-06 | 892.3 samples/s
2026-10-08 13:46:37 | INFO    | salsa | epoch 93 | step 7400/7813 | loss 0.8508 | lr 4.61e-06 | 895.5 samples/s
2026-10-08 13:46:39 | INFO    | salsa | epoch 93 | step 7425/7813 | loss 0.8032 | lr 4.19e-06 | 896.2 samples/s
2026-10-08 13:46:41 | INFO    | salsa | epoch 93 | train 0.8360 | valid 0.8496 | token 0.704 | acc_tau 0.989 | exact 0.1187 | 729.8 samples/s
2026-10-08 13:46:42 | INFO    | salsa | epoch 94 | step 7450/7813 | loss 0.8375 | lr 3.79e-06 | 902.7 samples/s
2026-10-08 13:46:44 | INFO    | salsa | epoch 94 | step 7475/7813 | loss 0.8279 | lr 3.42e-06 | 898.7 samples/s
2026-10-08 13:46:46 | INFO    | salsa | epoch 94 | step 7500/7813 | loss 0.8761 | lr 3.08e-06 | 900.1 samples/s
2026-10-08 13:46:48 | INFO    | salsa | epoch 94 | train 0.8373 | valid 0.8496 | token 0.704 | acc_tau 0.990 | exact 0.1172 | 731.3 samples/s
2026-10-08 13:46:49 | INFO    | salsa | epoch 95 | step 7525/7813 | loss 0.8470 | lr 2.76e-06 | 902.1 samples/s
2026-10-08 13:46:51 | INFO    | salsa | epoch 95 | step 7550/7813 | loss 0.8929 | lr 2.47e-06 | 901.0 samples/s
2026-10-08 13:46:53 | INFO    | salsa | epoch 95 | step 7575/7813 | loss 0.8527 | lr 2.20e-06 | 899.1 samples/s
2026-10-08 13:46:55 | INFO    | salsa | epoch 95 | train 0.8385 | valid 0.8496 | token 0.703 | acc_tau 0.990 | exact 0.1152 | 732.7 samples/s
2026-10-08 13:46:56 | INFO    | salsa | epoch 96 | step 7600/7813 | loss 0.8450 | lr 1.96e-06 | 905.9 samples/s
2026-10-08 13:46:58 | INFO    | salsa | epoch 96 | step 7625/7813 | loss 0.8709 | lr 1.75e-06 | 902.5 samples/s
2026-10-08 13:46:59 | INFO    | salsa | epoch 96 | step 7650/7813 | loss 0.8543 | lr 1.56e-06 | 901.6 samples/s
2026-10-08 13:47:02 | INFO    | salsa | epoch 96 | train 0.8459 | valid 0.8496 | token 0.703 | acc_tau 0.990 | exact 0.1172 | 734.1 samples/s
2026-10-08 13:47:03 | INFO    | salsa | epoch 97 | step 7675/7813 | loss 0.8323 | lr 1.40e-06 | 903.8 samples/s
2026-10-08 13:47:04 | INFO    | salsa | epoch 97 | step 7700/7813 | loss 0.8409 | lr 1.27e-06 | 899.7 samples/s
2026-10-08 13:47:06 | INFO    | salsa | epoch 97 | step 7725/7813 | loss 0.8327 | lr 1.16e-06 | 900.5 samples/s
2026-10-08 13:47:09 | INFO    | salsa | epoch 97 | train 0.8437 | valid 0.8496 | token 0.704 | acc_tau 0.989 | exact 0.1191 | 735.5 samples/s
2026-10-08 13:47:09 | INFO    | salsa | epoch 98 | step 7750/7813 | loss 0.8723 | lr 1.08e-06 | 898.4 samples/s
2026-10-08 13:47:11 | INFO    | salsa | epoch 98 | step 7775/7813 | loss 0.8714 | lr 1.03e-06 | 894.7 samples/s
2026-10-08 13:47:13 | INFO    | salsa | epoch 98 | step 7800/7813 | loss 0.8789 | lr 1.00e-06 | 895.6 samples/s
2026-10-08 13:47:15 | INFO    | salsa | epoch 98 | train 0.8408 | valid 0.8496 | token 0.703 | acc_tau 0.989 | exact 0.1172 | 736.7 samples/s
2026-10-08 13:47:17 | INFO    | salsa | Training finished: planned epochs completed
