2026-08-24 15:22:27 | INFO    | salsa | Run directory: results\control_a_n12_h2\control
2026-08-24 15:22:27 | INFO    | salsa | Config fingerprint: 98afa3f729f8607e
2026-08-24 15:22:32 | INFO    | salsa | ========================================================================
2026-08-24 15:22:32 | INFO    | salsa | Model: Salsa2-GatedUT (gated_universal_transformer)
2026-08-24 15:22:32 | INFO    | salsa | Trainable parameters: 4131200
2026-08-24 15:22:32 | INFO    | salsa | LWE: n=12 q=251 sigma=3.0 h=2 structure=rlwe
2026-08-24 15:22:32 | INFO    | salsa | Encoding: base=81 order=lsb_first separator=False -> 26 input tokens, 4 output
2026-08-24 15:22:32 | INFO    | salsa | Plan: {'sample_budget': 100000, 'batch_size': 64, 'total_steps': 1563, 'steps_per_epoch': 79, 'epochs': 20, 'warmup_steps': 200, 'valid_samples': 2048}
2026-08-24 15:22:32 | INFO    | salsa | Device: cpu | threads: {'threads': 6, 'interop_threads': 6}
2026-08-24 15:22:32 | INFO    | salsa | Chance baselines: {'uniform_loss_nats': 4.442651256490317, 'marginal_loss_nats': 1.8649843130825523, 'chance_token_accuracy': 0.44621513944223107, 'chance_perfect_accuracy': 0.005142775511499817, 'chance_digit_accuracy': [0.015936, 0.322709], 'chance_exact_accuracy': 0.00398406374501992, 'chance_acc_tau': 0.19286995444516752, 'chance_acc_tau_circular_DIAGNOSTIC': 0.20318725099601595, 'tolerance': 0.1, 'tolerance_absolute': 25.1}
2026-08-24 15:22:32 | INFO    | salsa | ========================================================================
2026-08-24 15:22:33 | INFO    | salsa | Alignment verified: {'src_ids': (64, 26), 'tgt_ids': (64, 4), 'decoder_input': (64, 3), 'target': (64, 3), 'logits': (64, 3, 85), 'vocab_size': 85, 'pad_id': 0}
2026-08-24 15:22:58 | INFO    | salsa | epoch 0 | step 25/1563 | loss 2.9318 | lr 6.50e-05 | 62.7 samples/s
2026-08-24 15:23:24 | INFO    | salsa | epoch 0 | step 50/1563 | loss 2.4584 | lr 1.28e-04 | 62.0 samples/s
2026-08-24 15:23:49 | INFO    | salsa | epoch 0 | step 75/1563 | loss 2.1131 | lr 1.90e-04 | 62.7 samples/s
2026-08-24 15:24:14 | INFO    | salsa | epoch 0 | train 2.8051 | valid 2.0930 | token 0.441 | acc_tau 0.001 | exact 0.0000 | 62.8 samples/s
2026-08-24 15:24:15 | INFO    | salsa | New best valid_loss: 2.093039
2026-08-24 15:28:32 | INFO    | salsa | epoch 1 | step 100/1563 | loss 1.9404 | lr 2.53e-04 | 5.2 samples/s
2026-08-24 15:28:57 | INFO    | salsa | epoch 1 | step 125/1563 | loss 1.9457 | lr 3.15e-04 | 10.4 samples/s
2026-08-24 15:29:23 | INFO    | salsa | epoch 1 | step 150/1563 | loss 1.8709 | lr 3.78e-04 | 14.8 samples/s
2026-08-24 15:29:50 | INFO    | salsa | epoch 1 | train 1.9319 | valid 1.8815 | token 0.453 | acc_tau 0.198 | exact 0.0054 | 25.5 samples/s
2026-08-24 15:29:50 | INFO    | salsa | New best valid_loss: 1.881519
2026-08-24 15:30:08 | INFO    | salsa | epoch 2 | step 175/1563 | loss 1.8864 | lr 4.40e-04 | 62.2 samples/s
2026-08-24 15:30:32 | INFO    | salsa | epoch 2 | step 200/1563 | loss 1.8853 | lr 5.00e-04 | 64.2 samples/s
2026-08-24 15:30:56 | INFO    | salsa | epoch 2 | step 225/1563 | loss 1.8567 | lr 5.00e-04 | 65.1 samples/s
2026-08-24 15:31:29 | INFO    | salsa | epoch 2 | train 1.8833 | valid 1.8849 | token 0.449 | acc_tau 0.204 | exact 0.0059 | 32.0 samples/s
2026-08-24 15:31:43 | INFO    | salsa | epoch 3 | step 250/1563 | loss 1.8689 | lr 4.98e-04 | 60.0 samples/s
2026-08-24 15:32:07 | INFO    | salsa | epoch 3 | step 275/1563 | loss 1.8712 | lr 4.96e-04 | 63.5 samples/s
2026-08-24 15:32:32 | INFO    | salsa | epoch 3 | step 300/1563 | loss 1.9736 | lr 4.93e-04 | 63.9 samples/s
2026-08-24 15:33:08 | INFO    | salsa | epoch 3 | train 1.8649 | valid 1.8705 | token 0.448 | acc_tau 0.198 | exact 0.0049 | 36.6 samples/s
2026-08-24 15:33:08 | INFO    | salsa | New best valid_loss: 1.870499
2026-08-24 15:33:17 | INFO    | salsa | epoch 4 | step 325/1563 | loss 1.8637 | lr 4.90e-04 | 59.6 samples/s
2026-08-24 15:33:42 | INFO    | salsa | epoch 4 | step 350/1563 | loss 1.8472 | lr 4.85e-04 | 64.4 samples/s
2026-08-24 15:34:06 | INFO    | salsa | epoch 4 | step 375/1563 | loss 1.8650 | lr 4.80e-04 | 65.2 samples/s
2026-08-24 15:34:45 | INFO    | salsa | epoch 4 | train 1.8602 | valid 1.8562 | token 0.448 | acc_tau 0.130 | exact 0.0039 | 40.1 samples/s
2026-08-24 15:34:45 | INFO    | salsa | New best valid_loss: 1.856228
2026-08-24 15:34:50 | INFO    | salsa | epoch 5 | step 400/1563 | loss 1.8487 | lr 4.74e-04 | 63.1 samples/s
2026-08-24 15:35:14 | INFO    | salsa | epoch 5 | step 425/1563 | loss 1.8675 | lr 4.67e-04 | 65.7 samples/s
2026-08-24 15:35:38 | INFO    | salsa | epoch 5 | step 450/1563 | loss 1.8534 | lr 4.60e-04 | 66.1 samples/s
2026-08-24 15:36:21 | INFO    | salsa | epoch 5 | train 1.8534 | valid 1.8524 | token 0.447 | acc_tau 0.204 | exact 0.0054 | 43.0 samples/s
2026-08-24 15:36:21 | INFO    | salsa | New best valid_loss: 1.852400
2026-08-24 15:36:22 | INFO    | salsa | epoch 6 | step 475/1563 | loss 1.8566 | lr 4.52e-04 | 64.9 samples/s
2026-08-24 15:36:46 | INFO    | salsa | epoch 6 | step 500/1563 | loss 1.8729 | lr 4.43e-04 | 65.5 samples/s
2026-08-24 15:37:10 | INFO    | salsa | epoch 6 | step 525/1563 | loss 1.8690 | lr 4.33e-04 | 66.3 samples/s
2026-08-24 15:37:35 | INFO    | salsa | epoch 6 | step 550/1563 | loss 1.8465 | lr 4.23e-04 | 66.0 samples/s
2026-08-24 15:37:57 | INFO    | salsa | epoch 6 | train 1.8537 | valid 1.8502 | token 0.444 | acc_tau 0.196 | exact 0.0039 | 45.2 samples/s
2026-08-24 15:37:57 | INFO    | salsa | New best valid_loss: 1.850161
2026-08-24 15:38:19 | INFO    | salsa | epoch 7 | step 575/1563 | loss 1.8312 | lr 4.12e-04 | 63.9 samples/s
2026-08-24 15:38:43 | INFO    | salsa | epoch 7 | step 600/1563 | loss 1.8484 | lr 4.01e-04 | 65.3 samples/s
2026-08-24 15:39:08 | INFO    | salsa | epoch 7 | step 625/1563 | loss 1.8419 | lr 3.90e-04 | 65.3 samples/s
2026-08-24 15:47:09 | INFO    | salsa | epoch 7 | train 1.8511 | valid 1.8355 | token 0.465 | acc_tau 0.229 | exact 0.0073 | 47.0 samples/s
2026-08-24 15:47:09 | INFO    | salsa | New best valid_loss: 1.835467
2026-08-24 15:47:31 | INFO    | salsa | epoch 8 | step 650/1563 | loss 1.8148 | lr 3.77e-04 | 51.6 samples/s
2026-08-24 15:47:56 | INFO    | salsa | epoch 8 | step 675/1563 | loss 1.8363 | lr 3.65e-04 | 58.0 samples/s
2026-08-24 15:48:21 | INFO    | salsa | epoch 8 | step 700/1563 | loss 1.7985 | lr 3.52e-04 | 60.1 samples/s
2026-08-24 15:48:50 | INFO    | salsa | epoch 8 | train 1.8244 | valid 1.7994 | token 0.486 | acc_tau 0.279 | exact 0.0098 | 48.2 samples/s
2026-08-24 15:48:50 | INFO    | salsa | New best valid_loss: 1.799402
2026-08-24 15:49:05 | INFO    | salsa | epoch 9 | step 725/1563 | loss 1.7460 | lr 3.39e-04 | 62.1 samples/s
2026-08-24 15:49:29 | INFO    | salsa | epoch 9 | step 750/1563 | loss 1.7883 | lr 3.25e-04 | 64.9 samples/s
2026-08-24 15:49:54 | INFO    | salsa | epoch 9 | step 775/1563 | loss 1.8176 | lr 3.11e-04 | 65.0 samples/s
2026-08-24 15:50:28 | INFO    | salsa | epoch 9 | train 1.7875 | valid 1.7814 | token 0.506 | acc_tau 0.250 | exact 0.0059 | 49.5 samples/s
2026-08-24 15:50:28 | INFO    | salsa | New best valid_loss: 1.781450
2026-08-24 15:50:39 | INFO    | salsa | epoch 10 | step 800/1563 | loss 1.7828 | lr 2.97e-04 | 58.4 samples/s
2026-08-24 15:51:04 | INFO    | salsa | epoch 10 | step 825/1563 | loss 1.7541 | lr 2.83e-04 | 63.2 samples/s
2026-08-24 15:51:29 | INFO    | salsa | epoch 10 | step 850/1563 | loss 1.7939 | lr 2.69e-04 | 63.6 samples/s
2026-08-24 16:13:10 | INFO    | salsa | epoch 10 | train 1.7821 | valid 1.7636 | token 0.519 | acc_tau 0.333 | exact 0.0093 | 50.5 samples/s
2026-08-24 16:13:10 | INFO    | salsa | New best valid_loss: 1.763627
2026-08-24 16:13:18 | INFO    | salsa | epoch 11 | step 875/1563 | loss 1.8405 | lr 2.54e-04 | 48.9 samples/s
2026-08-24 16:13:46 | INFO    | salsa | epoch 11 | step 900/1563 | loss 1.7227 | lr 2.40e-04 | 54.7 samples/s
2026-08-24 16:14:11 | INFO    | salsa | epoch 11 | step 925/1563 | loss 1.7535 | lr 2.26e-04 | 59.0 samples/s
2026-08-24 16:14:52 | INFO    | salsa | epoch 11 | train 1.7568 | valid 1.7468 | token 0.525 | acc_tau 0.306 | exact 0.0112 | 51.3 samples/s
2026-08-24 16:14:53 | INFO    | salsa | New best valid_loss: 1.746784
2026-08-24 16:14:55 | INFO    | salsa | epoch 12 | step 950/1563 | loss 1.7449 | lr 2.11e-04 | 58.2 samples/s
2026-08-24 16:15:20 | INFO    | salsa | epoch 12 | step 975/1563 | loss 1.7963 | lr 1.97e-04 | 64.2 samples/s
2026-08-24 16:15:44 | INFO    | salsa | epoch 12 | step 1000/1563 | loss 1.7150 | lr 1.83e-04 | 65.5 samples/s
2026-08-24 16:16:08 | INFO    | salsa | epoch 12 | step 1025/1563 | loss 1.7361 | lr 1.69e-04 | 65.6 samples/s
2026-08-24 16:16:30 | INFO    | salsa | epoch 12 | train 1.7493 | valid 1.7440 | token 0.523 | acc_tau 0.337 | exact 0.0044 | 52.2 samples/s
2026-08-24 16:16:30 | INFO    | salsa | New best valid_loss: 1.743960
2026-08-24 16:16:53 | INFO    | salsa | epoch 13 | step 1050/1563 | loss 1.7589 | lr 1.56e-04 | 64.6 samples/s
2026-08-24 16:17:17 | INFO    | salsa | epoch 13 | step 1075/1563 | loss 1.7479 | lr 1.43e-04 | 66.0 samples/s
2026-08-24 16:17:41 | INFO    | salsa | epoch 13 | step 1100/1563 | loss 1.6826 | lr 1.30e-04 | 66.3 samples/s
2026-08-24 16:18:06 | INFO    | salsa | epoch 13 | train 1.7453 | valid 1.7492 | token 0.527 | acc_tau 0.338 | exact 0.0098 | 53.0 samples/s
2026-08-24 16:18:25 | INFO    | salsa | epoch 14 | step 1125/1563 | loss 1.7665 | lr 1.18e-04 | 65.1 samples/s
2026-08-24 16:18:48 | INFO    | salsa | epoch 14 | step 1150/1563 | loss 1.7247 | lr 1.06e-04 | 67.1 samples/s
2026-08-24 16:19:13 | INFO    | salsa | epoch 14 | step 1175/1563 | loss 1.7227 | lr 9.43e-05 | 66.1 samples/s
2026-08-24 16:19:42 | INFO    | salsa | epoch 14 | train 1.7383 | valid 1.7415 | token 0.527 | acc_tau 0.340 | exact 0.0103 | 53.7 samples/s
2026-08-24 16:19:42 | INFO    | salsa | New best valid_loss: 1.741490
2026-08-24 16:19:57 | INFO    | salsa | epoch 15 | step 1200/1563 | loss 1.7545 | lr 8.34e-05 | 63.2 samples/s
2026-08-24 16:20:21 | INFO    | salsa | epoch 15 | step 1225/1563 | loss 1.7544 | lr 7.30e-05 | 65.4 samples/s
2026-08-24 16:20:46 | INFO    | salsa | epoch 15 | step 1250/1563 | loss 1.7380 | lr 6.32e-05 | 65.8 samples/s
2026-08-24 16:21:18 | INFO    | salsa | epoch 15 | train 1.7392 | valid 1.7325 | token 0.534 | acc_tau 0.344 | exact 0.0122 | 54.3 samples/s
2026-08-24 16:21:18 | INFO    | salsa | New best valid_loss: 1.732488
2026-08-24 16:21:30 | INFO    | salsa | epoch 16 | step 1275/1563 | loss 1.7403 | lr 5.40e-05 | 59.3 samples/s
2026-08-24 16:21:55 | INFO    | salsa | epoch 16 | step 1300/1563 | loss 1.6890 | lr 4.55e-05 | 63.1 samples/s
2026-08-24 16:22:19 | INFO    | salsa | epoch 16 | step 1325/1563 | loss 1.7280 | lr 3.76e-05 | 64.3 samples/s
2026-08-24 16:22:57 | INFO    | salsa | epoch 16 | train 1.7301 | valid 1.7321 | token 0.529 | acc_tau 0.341 | exact 0.0103 | 54.8 samples/s
2026-08-24 16:22:57 | INFO    | salsa | New best valid_loss: 1.732095
2026-08-24 16:23:05 | INFO    | salsa | epoch 17 | step 1350/1563 | loss 1.7167 | lr 3.05e-05 | 61.1 samples/s
2026-08-24 16:23:39 | INFO    | salsa | epoch 17 | step 1375/1563 | loss 1.7134 | lr 2.41e-05 | 49.4 samples/s
2026-08-24 16:24:04 | INFO    | salsa | epoch 17 | step 1400/1563 | loss 1.7929 | lr 1.84e-05 | 54.9 samples/s
2026-08-24 16:24:45 | INFO    | salsa | epoch 17 | train 1.7289 | valid 1.7311 | token 0.533 | acc_tau 0.342 | exact 0.0107 | 55.0 samples/s
2026-08-24 16:24:45 | INFO    | salsa | New best valid_loss: 1.731148
2026-08-24 16:24:49 | INFO    | salsa | epoch 18 | step 1425/1563 | loss 1.7402 | lr 1.35e-05 | 57.0 samples/s
2026-08-24 16:25:17 | INFO    | salsa | epoch 18 | step 1450/1563 | loss 1.7395 | lr 9.41e-06 | 56.4 samples/s
2026-08-24 16:25:43 | INFO    | salsa | epoch 18 | step 1475/1563 | loss 1.7056 | lr 6.11e-06 | 58.3 samples/s
2026-08-24 16:26:08 | INFO    | salsa | epoch 18 | step 1500/1563 | loss 1.6980 | lr 3.63e-06 | 60.0 samples/s
2026-08-24 16:26:29 | INFO    | salsa | epoch 18 | train 1.7246 | valid 1.7299 | token 0.532 | acc_tau 0.349 | exact 0.0083 | 55.2 samples/s
2026-08-24 16:26:29 | INFO    | salsa | New best valid_loss: 1.729856
2026-08-24 16:26:54 | INFO    | salsa | epoch 19 | step 1525/1563 | loss 1.7149 | lr 1.96e-06 | 63.0 samples/s
2026-08-24 16:27:18 | INFO    | salsa | epoch 19 | step 1550/1563 | loss 1.6885 | lr 1.11e-06 | 65.1 samples/s
2026-08-24 16:27:49 | INFO    | salsa | epoch 19 | train 1.7213 | valid 1.7297 | token 0.533 | acc_tau 0.347 | exact 0.0088 | 55.6 samples/s
2026-08-24 16:27:49 | INFO    | salsa | New best valid_loss: 1.729735
2026-08-24 16:28:10 | INFO    | salsa | Training finished: planned epochs completed
