2026-08-29 16:11:59 | INFO    | salsa | Run directory: results/nact_v2/phase16_part_c/seed_123/v1/control_a_n12_h2/phase16_part_c_v1_seed_123
2026-08-29 16:11:59 | INFO    | salsa | Config fingerprint: 84d93dddce03abcd
2026-08-29 16:12:00 | INFO    | salsa | ========================================================================
2026-08-29 16:12:00 | INFO    | salsa | Model: Salsa2-GatedUT (gated_universal_transformer)
2026-08-29 16:12:00 | INFO    | salsa | Trainable parameters: 4131200
2026-08-29 16:12:00 | INFO    | salsa | LWE: n=12 q=251 sigma=3.0 h=2 structure=rlwe
2026-08-29 16:12:00 | INFO    | salsa | Encoding: base=81 order=lsb_first separator=False -> 26 input tokens, 4 output
2026-08-29 16:12:00 | INFO    | salsa | Plan: {'sample_budget': 100000, 'batch_size': 64, 'total_steps': 1563, 'steps_per_epoch': 79, 'epochs': 20, 'warmup_steps': 200, 'valid_samples': 2048}
2026-08-29 16:12:00 | INFO    | salsa | Device: cpu | threads: {'threads': 4, 'interop_threads': 10}
2026-08-29 16:12:00 | INFO    | salsa | Chance baselines: {'uniform_loss_nats': 4.442651256490317, 'marginal_loss_nats': 1.8649843130825523, 'chance_token_accuracy': 0.44621513944223107, 'chance_perfect_accuracy': 0.005142775511499817, 'chance_digit_accuracy': [0.015936, 0.322709], 'chance_exact_accuracy': 0.00398406374501992, 'chance_acc_tau': 0.19286995444516752, 'chance_acc_tau_circular_DIAGNOSTIC': 0.20318725099601595, 'tolerance': 0.1, 'tolerance_absolute': 25.1}
2026-08-29 16:12:00 | INFO    | salsa | ========================================================================
2026-08-29 16:12:00 | INFO    | salsa | Alignment verified: {'src_ids': (64, 26), 'tgt_ids': (64, 4), 'decoder_input': (64, 3), 'target': (64, 3), 'logits': (64, 3, 85), 'vocab_size': 85, 'pad_id': 0}
2026-08-29 16:12:05 | INFO    | salsa | epoch 0 | step 25/1563 | loss 2.9641 | lr 6.50e-05 | 352.7 samples/s
2026-08-29 16:12:09 | INFO    | salsa | epoch 0 | step 50/1563 | loss 2.4668 | lr 1.28e-04 | 352.3 samples/s
2026-08-29 16:12:15 | INFO    | salsa | epoch 0 | step 75/1563 | loss 2.0969 | lr 1.90e-04 | 336.6 samples/s
2026-08-29 16:12:19 | INFO    | salsa | epoch 0 | train 2.8349 | valid 2.0853 | token 0.442 | acc_tau 0.000 | exact 0.0000 | 336.7 samples/s
2026-08-29 16:12:19 | INFO    | salsa | New best valid_loss: 2.085263
2026-08-29 16:12:24 | INFO    | salsa | epoch 1 | step 100/1563 | loss 1.9185 | lr 2.53e-04 | 338.4 samples/s
2026-08-29 16:12:28 | INFO    | salsa | epoch 1 | step 125/1563 | loss 1.8904 | lr 3.15e-04 | 345.9 samples/s
2026-08-29 16:12:33 | INFO    | salsa | epoch 1 | step 150/1563 | loss 1.9240 | lr 3.78e-04 | 346.9 samples/s
2026-08-29 16:12:38 | INFO    | salsa | epoch 1 | train 1.9463 | valid 1.8949 | token 0.445 | acc_tau 0.200 | exact 0.0063 | 341.8 samples/s
2026-08-29 16:12:38 | INFO    | salsa | New best valid_loss: 1.894916
2026-08-29 16:12:41 | INFO    | salsa | epoch 2 | step 175/1563 | loss 1.8632 | lr 4.40e-04 | 355.1 samples/s
2026-08-29 16:12:46 | INFO    | salsa | epoch 2 | step 200/1563 | loss 1.8612 | lr 5.00e-04 | 353.2 samples/s
2026-08-29 16:12:50 | INFO    | salsa | epoch 2 | step 225/1563 | loss 1.8781 | lr 5.00e-04 | 352.4 samples/s
2026-08-29 16:12:56 | INFO    | salsa | epoch 2 | train 1.8834 | valid 1.8651 | token 0.442 | acc_tau 0.112 | exact 0.0068 | 345.4 samples/s
2026-08-29 16:12:57 | INFO    | salsa | New best valid_loss: 1.865079
2026-08-29 16:12:59 | INFO    | salsa | epoch 3 | step 250/1563 | loss 1.8670 | lr 4.98e-04 | 357.0 samples/s
2026-08-29 16:13:03 | INFO    | salsa | epoch 3 | step 275/1563 | loss 1.8924 | lr 4.96e-04 | 355.2 samples/s
2026-08-29 16:13:08 | INFO    | salsa | epoch 3 | step 300/1563 | loss 1.8385 | lr 4.93e-04 | 353.1 samples/s
2026-08-29 16:13:15 | INFO    | salsa | epoch 3 | train 1.8661 | valid 1.8547 | token 0.448 | acc_tau 0.216 | exact 0.0029 | 346.7 samples/s
2026-08-29 16:13:15 | INFO    | salsa | New best valid_loss: 1.854663
2026-08-29 16:13:17 | INFO    | salsa | epoch 4 | step 325/1563 | loss 1.8383 | lr 4.90e-04 | 357.8 samples/s
2026-08-29 16:13:21 | INFO    | salsa | epoch 4 | step 350/1563 | loss 1.8566 | lr 4.85e-04 | 348.2 samples/s
2026-08-29 16:13:26 | INFO    | salsa | epoch 4 | step 375/1563 | loss 1.8455 | lr 4.80e-04 | 348.8 samples/s
2026-08-29 16:13:33 | INFO    | salsa | epoch 4 | train 1.8513 | valid 1.8601 | token 0.450 | acc_tau 0.192 | exact 0.0049 | 347.3 samples/s
2026-08-29 16:13:34 | INFO    | salsa | epoch 5 | step 400/1563 | loss 1.8432 | lr 4.74e-04 | 359.6 samples/s
2026-08-29 16:13:39 | INFO    | salsa | epoch 5 | step 425/1563 | loss 1.8293 | lr 4.67e-04 | 353.6 samples/s
2026-08-29 16:13:44 | INFO    | salsa | epoch 5 | step 450/1563 | loss 1.8420 | lr 4.60e-04 | 351.0 samples/s
2026-08-29 16:13:52 | INFO    | salsa | epoch 5 | train 1.8588 | valid 1.8538 | token 0.442 | acc_tau 0.200 | exact 0.0029 | 347.7 samples/s
2026-08-29 16:13:52 | INFO    | salsa | New best valid_loss: 1.853796
2026-08-29 16:13:52 | INFO    | salsa | epoch 6 | step 475/1563 | loss 1.8671 | lr 4.52e-04 | 314.4 samples/s
2026-08-29 16:13:57 | INFO    | salsa | epoch 6 | step 500/1563 | loss 1.8705 | lr 4.43e-04 | 347.4 samples/s
2026-08-29 16:14:02 | INFO    | salsa | epoch 6 | step 525/1563 | loss 1.8546 | lr 4.33e-04 | 340.4 samples/s
2026-08-29 16:14:06 | INFO    | salsa | epoch 6 | step 550/1563 | loss 1.8743 | lr 4.23e-04 | 340.7 samples/s
2026-08-29 16:14:11 | INFO    | salsa | epoch 6 | train 1.8599 | valid 1.8496 | token 0.450 | acc_tau 0.174 | exact 0.0063 | 346.7 samples/s
2026-08-29 16:14:11 | INFO    | salsa | New best valid_loss: 1.849648
2026-08-29 16:14:15 | INFO    | salsa | epoch 7 | step 575/1563 | loss 1.8493 | lr 4.12e-04 | 348.2 samples/s
2026-08-29 16:14:20 | INFO    | salsa | epoch 7 | step 600/1563 | loss 1.8573 | lr 4.01e-04 | 348.5 samples/s
2026-08-29 16:14:24 | INFO    | salsa | epoch 7 | step 625/1563 | loss 1.8566 | lr 3.90e-04 | 348.2 samples/s
2026-08-29 16:14:30 | INFO    | salsa | epoch 7 | train 1.8538 | valid 1.8520 | token 0.444 | acc_tau 0.114 | exact 0.0054 | 346.7 samples/s
2026-08-29 16:14:33 | INFO    | salsa | epoch 8 | step 650/1563 | loss 1.8269 | lr 3.77e-04 | 341.4 samples/s
2026-08-29 16:14:38 | INFO    | salsa | epoch 8 | step 675/1563 | loss 1.8437 | lr 3.65e-04 | 343.7 samples/s
2026-08-29 16:14:43 | INFO    | salsa | epoch 8 | step 700/1563 | loss 1.8538 | lr 3.52e-04 | 344.4 samples/s
2026-08-29 16:14:49 | INFO    | salsa | epoch 8 | train 1.8501 | valid 1.8533 | token 0.446 | acc_tau 0.200 | exact 0.0029 | 346.5 samples/s
2026-08-29 16:14:51 | INFO    | salsa | epoch 9 | step 725/1563 | loss 1.8454 | lr 3.39e-04 | 331.8 samples/s
2026-08-29 16:14:56 | INFO    | salsa | epoch 9 | step 750/1563 | loss 1.8363 | lr 3.25e-04 | 335.0 samples/s
2026-08-29 16:15:01 | INFO    | salsa | epoch 9 | step 775/1563 | loss 1.8383 | lr 3.11e-04 | 339.4 samples/s
2026-08-29 16:15:08 | INFO    | salsa | epoch 9 | train 1.8457 | valid 1.8494 | token 0.450 | acc_tau 0.132 | exact 0.0044 | 345.9 samples/s
2026-08-29 16:15:08 | INFO    | salsa | New best valid_loss: 1.849380
2026-08-29 16:15:10 | INFO    | salsa | epoch 10 | step 800/1563 | loss 1.8498 | lr 2.97e-04 | 349.7 samples/s
2026-08-29 16:15:14 | INFO    | salsa | epoch 10 | step 825/1563 | loss 1.8498 | lr 2.83e-04 | 346.3 samples/s
2026-08-29 16:15:19 | INFO    | salsa | epoch 10 | step 850/1563 | loss 1.8488 | lr 2.69e-04 | 346.7 samples/s
2026-08-29 16:15:27 | INFO    | salsa | epoch 10 | train 1.8497 | valid 1.8477 | token 0.458 | acc_tau 0.174 | exact 0.0059 | 345.7 samples/s
2026-08-29 16:15:27 | INFO    | salsa | New best valid_loss: 1.847688
2026-08-29 16:15:28 | INFO    | salsa | epoch 11 | step 875/1563 | loss 1.8490 | lr 2.54e-04 | 342.6 samples/s
2026-08-29 16:15:33 | INFO    | salsa | epoch 11 | step 900/1563 | loss 1.8378 | lr 2.40e-04 | 336.8 samples/s
2026-08-29 16:15:37 | INFO    | salsa | epoch 11 | step 925/1563 | loss 1.8446 | lr 2.26e-04 | 341.6 samples/s
2026-08-29 16:15:45 | INFO    | salsa | epoch 11 | train 1.8476 | valid 1.8496 | token 0.442 | acc_tau 0.116 | exact 0.0073 | 345.5 samples/s
2026-08-29 16:15:46 | INFO    | salsa | epoch 12 | step 950/1563 | loss 1.8305 | lr 2.11e-04 | 359.1 samples/s
2026-08-29 16:15:51 | INFO    | salsa | epoch 12 | step 975/1563 | loss 1.8426 | lr 1.97e-04 | 340.3 samples/s
2026-08-29 16:15:55 | INFO    | salsa | epoch 12 | step 1000/1563 | loss 1.8474 | lr 1.83e-04 | 343.4 samples/s
2026-08-29 16:16:00 | INFO    | salsa | epoch 12 | step 1025/1563 | loss 1.8515 | lr 1.69e-04 | 344.1 samples/s
2026-08-29 16:16:04 | INFO    | salsa | epoch 12 | train 1.8467 | valid 1.8480 | token 0.441 | acc_tau 0.141 | exact 0.0068 | 345.4 samples/s
2026-08-29 16:16:09 | INFO    | salsa | epoch 13 | step 1050/1563 | loss 1.8502 | lr 1.56e-04 | 337.7 samples/s
2026-08-29 16:16:13 | INFO    | salsa | epoch 13 | step 1075/1563 | loss 1.8470 | lr 1.43e-04 | 341.7 samples/s
2026-08-29 16:16:18 | INFO    | salsa | epoch 13 | step 1100/1563 | loss 1.8549 | lr 1.30e-04 | 343.6 samples/s
2026-08-29 16:16:23 | INFO    | salsa | epoch 13 | train 1.8462 | valid 1.8452 | token 0.447 | acc_tau 0.192 | exact 0.0024 | 345.2 samples/s
2026-08-29 16:16:23 | INFO    | salsa | New best valid_loss: 1.845225
2026-08-29 16:16:27 | INFO    | salsa | epoch 14 | step 1125/1563 | loss 1.8443 | lr 1.18e-04 | 339.0 samples/s
2026-08-29 16:16:31 | INFO    | salsa | epoch 14 | step 1150/1563 | loss 1.8400 | lr 1.06e-04 | 343.2 samples/s
2026-08-29 16:16:36 | INFO    | salsa | epoch 14 | step 1175/1563 | loss 1.8539 | lr 9.43e-05 | 344.4 samples/s
2026-08-29 16:16:42 | INFO    | salsa | epoch 14 | train 1.8443 | valid 1.8440 | token 0.439 | acc_tau 0.124 | exact 0.0029 | 345.2 samples/s
2026-08-29 16:16:42 | INFO    | salsa | New best valid_loss: 1.843970
2026-08-29 16:16:45 | INFO    | salsa | epoch 15 | step 1200/1563 | loss 1.8465 | lr 8.34e-05 | 338.7 samples/s
2026-08-29 16:16:49 | INFO    | salsa | epoch 15 | step 1225/1563 | loss 1.8489 | lr 7.30e-05 | 340.5 samples/s
2026-08-29 16:16:54 | INFO    | salsa | epoch 15 | step 1250/1563 | loss 1.8351 | lr 6.32e-05 | 341.6 samples/s
2026-08-29 16:17:01 | INFO    | salsa | epoch 15 | train 1.8435 | valid 1.8437 | token 0.442 | acc_tau 0.120 | exact 0.0029 | 345.0 samples/s
2026-08-29 16:17:01 | INFO    | salsa | New best valid_loss: 1.843693
2026-08-29 16:17:03 | INFO    | salsa | epoch 16 | step 1275/1563 | loss 1.8454 | lr 5.40e-05 | 346.5 samples/s
2026-08-29 16:17:08 | INFO    | salsa | epoch 16 | step 1300/1563 | loss 1.8464 | lr 4.55e-05 | 344.5 samples/s
2026-08-29 16:17:12 | INFO    | salsa | epoch 16 | step 1325/1563 | loss 1.8430 | lr 3.76e-05 | 344.9 samples/s
2026-08-29 16:17:20 | INFO    | salsa | epoch 16 | train 1.8433 | valid 1.8425 | token 0.446 | acc_tau 0.126 | exact 0.0020 | 344.9 samples/s
2026-08-29 16:17:20 | INFO    | salsa | New best valid_loss: 1.842470
2026-08-29 16:17:21 | INFO    | salsa | epoch 17 | step 1350/1563 | loss 1.8500 | lr 3.05e-05 | 346.1 samples/s
2026-08-29 16:17:26 | INFO    | salsa | epoch 17 | step 1375/1563 | loss 1.8416 | lr 2.41e-05 | 343.5 samples/s
2026-08-29 16:17:30 | INFO    | salsa | epoch 17 | step 1400/1563 | loss 1.8383 | lr 1.84e-05 | 344.4 samples/s
2026-08-29 16:17:38 | INFO    | salsa | epoch 17 | train 1.8429 | valid 1.8423 | token 0.450 | acc_tau 0.123 | exact 0.0020 | 344.9 samples/s
2026-08-29 16:17:38 | INFO    | salsa | New best valid_loss: 1.842266
2026-08-29 16:17:39 | INFO    | salsa | epoch 18 | step 1425/1563 | loss 1.8377 | lr 1.35e-05 | 351.7 samples/s
2026-08-29 16:17:44 | INFO    | salsa | epoch 18 | step 1450/1563 | loss 1.8372 | lr 9.41e-06 | 344.3 samples/s
2026-08-29 16:17:48 | INFO    | salsa | epoch 18 | step 1475/1563 | loss 1.8405 | lr 6.11e-06 | 344.8 samples/s
2026-08-29 16:17:53 | INFO    | salsa | epoch 18 | step 1500/1563 | loss 1.8406 | lr 3.63e-06 | 345.1 samples/s
2026-08-29 16:17:57 | INFO    | salsa | epoch 18 | train 1.8428 | valid 1.8422 | token 0.448 | acc_tau 0.125 | exact 0.0020 | 344.9 samples/s
2026-08-29 16:17:57 | INFO    | salsa | New best valid_loss: 1.842178
2026-08-29 16:18:02 | INFO    | salsa | epoch 19 | step 1525/1563 | loss 1.8444 | lr 1.96e-06 | 326.0 samples/s
2026-08-29 16:18:07 | INFO    | salsa | epoch 19 | step 1550/1563 | loss 1.8405 | lr 1.11e-06 | 325.8 samples/s
2026-08-29 16:18:14 | INFO    | salsa | epoch 19 | train 1.8426 | valid 1.8422 | token 0.447 | acc_tau 0.124 | exact 0.0020 | 344.0 samples/s
2026-08-29 16:18:18 | INFO    | salsa | Training finished: planned epochs completed
