2026-10-08 14:21:46 | INFO    | salsa | Run directory: results/nact_n30_h3_te2_full/n30_h3_curriculum_mps_500k
2026-10-08 14:21:46 | INFO    | salsa | Config fingerprint: 50f0c3f017cf0d92
2026-10-08 14:21:47 | INFO    | salsa | Initialized model weights from results/nact_n20_h3_te2_full/n20_nact_full_h3_mps_500k/checkpoints/best.pt; optimizer, scheduler, and progress are fresh.
2026-10-08 14:21:47 | INFO    | salsa | ========================================================================
2026-10-08 14:21:47 | INFO    | salsa | Model: Salsa2-NACT (nact)
2026-10-08 14:21:47 | INFO    | salsa | Trainable parameters: 4241288
2026-10-08 14:21:47 | INFO    | salsa | LWE: n=30 q=251 sigma=3.0 h=3 structure=rlwe
2026-10-08 14:21:47 | INFO    | salsa | Encoding: base=81 order=lsb_first separator=False -> 62 input tokens, 4 output
2026-10-08 14:21:47 | INFO    | salsa | Plan: {'sample_budget': 500000, 'batch_size': 64, 'total_steps': 7813, 'steps_per_epoch': 79, 'epochs': 99, 'warmup_steps': 200, 'valid_samples': 2048}
2026-10-08 14:21:47 | INFO    | salsa | Device: mps | threads: {'threads': 4, 'interop_threads': 10}
2026-10-08 14:21:47 | INFO    | salsa | Chance baselines: {'uniform_loss_nats': 4.442651256490317, 'marginal_loss_nats': 1.8649843130825523, 'chance_token_accuracy': 0.44621513944223107, 'chance_perfect_accuracy': 0.005142775511499817, 'chance_digit_accuracy': [0.015936, 0.322709], 'chance_exact_accuracy': 0.00398406374501992, 'chance_acc_tau': 0.19286995444516752, 'chance_acc_tau_circular_DIAGNOSTIC': 0.20318725099601595, 'tolerance': 0.1, 'tolerance_absolute': 25.1}
2026-10-08 14:21:47 | INFO    | salsa | ========================================================================
2026-10-08 14:21:47 | INFO    | salsa | Alignment verified: {'src_ids': (64, 62), 'tgt_ids': (64, 4), 'decoder_input': (64, 3), 'target': (64, 3), 'logits': (64, 3, 85), 'vocab_size': 85, 'pad_id': 0}
2026-10-08 14:21:49 | INFO    | salsa | epoch 0 | step 25/7813 | loss 1.8395 | lr 6.50e-05 | 725.9 samples/s
2026-10-08 14:21:51 | INFO    | salsa | epoch 0 | step 50/7813 | loss 1.8465 | lr 1.28e-04 | 748.9 samples/s
2026-10-08 14:21:53 | INFO    | salsa | epoch 0 | step 75/7813 | loss 1.8453 | lr 1.90e-04 | 753.3 samples/s
2026-10-08 14:21:55 | INFO    | salsa | epoch 0 | train 1.8435 | valid 1.8417 | token 0.447 | acc_tau 0.134 | exact 0.0029 | 753.6 samples/s
2026-10-08 14:21:55 | INFO    | salsa | New best valid_loss: 1.841718
2026-10-08 14:21:57 | INFO    | salsa | epoch 1 | step 100/7813 | loss 1.8522 | lr 2.53e-04 | 766.7 samples/s
2026-10-08 14:21:59 | INFO    | salsa | epoch 1 | step 125/7813 | loss 1.8437 | lr 3.15e-04 | 767.1 samples/s
2026-10-08 14:22:01 | INFO    | salsa | epoch 1 | step 150/7813 | loss 1.8455 | lr 3.78e-04 | 756.2 samples/s
2026-10-08 14:22:04 | INFO    | salsa | epoch 1 | train 1.8436 | valid 1.8441 | token 0.450 | acc_tau 0.208 | exact 0.0073 | 755.4 samples/s
2026-10-08 14:22:05 | INFO    | salsa | epoch 2 | step 175/7813 | loss 1.8452 | lr 4.40e-04 | 771.1 samples/s
2026-10-08 14:22:07 | INFO    | salsa | epoch 2 | step 200/7813 | loss 1.8446 | lr 5.00e-04 | 770.4 samples/s
2026-10-08 14:22:09 | INFO    | salsa | epoch 2 | step 225/7813 | loss 1.8475 | lr 5.00e-04 | 748.2 samples/s
2026-10-08 14:22:12 | INFO    | salsa | epoch 2 | train 1.8485 | valid 1.8497 | token 0.445 | acc_tau 0.155 | exact 0.0029 | 753.2 samples/s
2026-10-08 14:22:13 | INFO    | salsa | epoch 3 | step 250/7813 | loss 1.8372 | lr 5.00e-04 | 750.6 samples/s
2026-10-08 14:22:15 | INFO    | salsa | epoch 3 | step 275/7813 | loss 1.8493 | lr 5.00e-04 | 744.9 samples/s
2026-10-08 14:22:17 | INFO    | salsa | epoch 3 | step 300/7813 | loss 1.8502 | lr 5.00e-04 | 743.9 samples/s
2026-10-08 14:22:21 | INFO    | salsa | epoch 3 | train 1.8458 | valid 1.8480 | token 0.447 | acc_tau 0.126 | exact 0.0078 | 750.8 samples/s
2026-10-08 14:22:21 | INFO    | salsa | epoch 4 | step 325/7813 | loss 1.8517 | lr 5.00e-04 | 751.4 samples/s
2026-10-08 14:22:23 | INFO    | salsa | epoch 4 | step 350/7813 | loss 1.8391 | lr 5.00e-04 | 754.4 samples/s
2026-10-08 14:22:26 | INFO    | salsa | epoch 4 | step 375/7813 | loss 1.8448 | lr 4.99e-04 | 754.8 samples/s
2026-10-08 14:22:29 | INFO    | salsa | epoch 4 | train 1.8486 | valid 1.8429 | token 0.448 | acc_tau 0.099 | exact 0.0063 | 751.7 samples/s
2026-10-08 14:22:29 | INFO    | salsa | epoch 5 | step 400/7813 | loss 1.8459 | lr 4.99e-04 | 747.7 samples/s
2026-10-08 14:22:32 | INFO    | salsa | epoch 5 | step 425/7813 | loss 1.8461 | lr 4.99e-04 | 754.0 samples/s
2026-10-08 14:22:34 | INFO    | salsa | epoch 5 | step 450/7813 | loss 1.8526 | lr 4.99e-04 | 754.6 samples/s
2026-10-08 14:22:37 | INFO    | salsa | epoch 5 | train 1.8481 | valid 1.8464 | token 0.441 | acc_tau 0.121 | exact 0.0015 | 752.3 samples/s
2026-10-08 14:22:37 | INFO    | salsa | epoch 6 | step 475/7813 | loss 1.8382 | lr 4.98e-04 | 745.8 samples/s
2026-10-08 14:22:40 | INFO    | salsa | epoch 6 | step 500/7813 | loss 1.8520 | lr 4.98e-04 | 754.2 samples/s
2026-10-08 14:22:42 | INFO    | salsa | epoch 6 | step 525/7813 | loss 1.8486 | lr 4.98e-04 | 754.6 samples/s
2026-10-08 14:22:44 | INFO    | salsa | epoch 6 | step 550/7813 | loss 1.8502 | lr 4.97e-04 | 755.1 samples/s
2026-10-08 14:22:46 | INFO    | salsa | epoch 6 | train 1.8487 | valid 1.8546 | token 0.445 | acc_tau 0.207 | exact 0.0049 | 752.7 samples/s
2026-10-08 14:22:48 | INFO    | salsa | epoch 7 | step 575/7813 | loss 1.8933 | lr 4.97e-04 | 753.9 samples/s
2026-10-08 14:22:50 | INFO    | salsa | epoch 7 | step 600/7813 | loss 1.8547 | lr 4.97e-04 | 754.6 samples/s
2026-10-08 14:22:52 | INFO    | salsa | epoch 7 | step 625/7813 | loss 1.8436 | lr 4.96e-04 | 754.7 samples/s
2026-10-08 14:22:54 | INFO    | salsa | epoch 7 | train 1.8520 | valid 1.8461 | token 0.445 | acc_tau 0.200 | exact 0.0044 | 752.9 samples/s
2026-10-08 14:22:56 | INFO    | salsa | epoch 8 | step 650/7813 | loss 1.8513 | lr 4.96e-04 | 752.9 samples/s
2026-10-08 14:22:58 | INFO    | salsa | epoch 8 | step 675/7813 | loss 1.8461 | lr 4.95e-04 | 754.4 samples/s
2026-10-08 14:23:00 | INFO    | salsa | epoch 8 | step 700/7813 | loss 1.8488 | lr 4.95e-04 | 753.8 samples/s
2026-10-08 14:23:03 | INFO    | salsa | epoch 8 | train 1.8476 | valid 1.8450 | token 0.447 | acc_tau 0.114 | exact 0.0039 | 752.9 samples/s
2026-10-08 14:23:04 | INFO    | salsa | epoch 9 | step 725/7813 | loss 1.8372 | lr 4.94e-04 | 755.2 samples/s
2026-10-08 14:23:06 | INFO    | salsa | epoch 9 | step 750/7813 | loss 1.8452 | lr 4.94e-04 | 754.9 samples/s
2026-10-08 14:23:08 | INFO    | salsa | epoch 9 | step 775/7813 | loss 1.8397 | lr 4.93e-04 | 755.4 samples/s
2026-10-08 14:23:11 | INFO    | salsa | epoch 9 | train 1.8460 | valid 1.8469 | token 0.443 | acc_tau 0.126 | exact 0.0015 | 753.1 samples/s
2026-10-08 14:23:12 | INFO    | salsa | epoch 10 | step 800/7813 | loss 1.8408 | lr 4.92e-04 | 753.9 samples/s
2026-10-08 14:23:14 | INFO    | salsa | epoch 10 | step 825/7813 | loss 1.8438 | lr 4.92e-04 | 755.0 samples/s
2026-10-08 14:23:16 | INFO    | salsa | epoch 10 | step 850/7813 | loss 1.8465 | lr 4.91e-04 | 754.8 samples/s
2026-10-08 14:23:19 | INFO    | salsa | epoch 10 | train 1.8466 | valid 1.8687 | token 0.443 | acc_tau 0.201 | exact 0.0049 | 753.3 samples/s
2026-10-08 14:23:20 | INFO    | salsa | epoch 11 | step 875/7813 | loss 1.8532 | lr 4.90e-04 | 752.7 samples/s
2026-10-08 14:23:22 | INFO    | salsa | epoch 11 | step 900/7813 | loss 1.8450 | lr 4.90e-04 | 753.7 samples/s
2026-10-08 14:23:24 | INFO    | salsa | epoch 11 | step 925/7813 | loss 1.8399 | lr 4.89e-04 | 754.0 samples/s
2026-10-08 14:23:28 | INFO    | salsa | epoch 11 | train 1.8469 | valid 1.8474 | token 0.443 | acc_tau 0.121 | exact 0.0015 | 753.3 samples/s
2026-10-08 14:23:28 | INFO    | salsa | epoch 12 | step 950/7813 | loss 1.8403 | lr 4.88e-04 | 746.4 samples/s
2026-10-08 14:23:30 | INFO    | salsa | epoch 12 | step 975/7813 | loss 1.8514 | lr 4.87e-04 | 753.8 samples/s
2026-10-08 14:23:32 | INFO    | salsa | epoch 12 | step 1000/7813 | loss 1.8411 | lr 4.87e-04 | 754.0 samples/s
2026-10-08 14:23:34 | INFO    | salsa | epoch 12 | step 1025/7813 | loss 1.8514 | lr 4.86e-04 | 754.3 samples/s
2026-10-08 14:23:36 | INFO    | salsa | epoch 12 | train 1.8468 | valid 1.8473 | token 0.448 | acc_tau 0.189 | exact 0.0039 | 753.4 samples/s
2026-10-08 14:23:38 | INFO    | salsa | epoch 13 | step 1050/7813 | loss 1.8499 | lr 4.85e-04 | 754.9 samples/s
2026-10-08 14:23:40 | INFO    | salsa | epoch 13 | step 1075/7813 | loss 1.8535 | lr 4.84e-04 | 754.0 samples/s
2026-10-08 14:23:42 | INFO    | salsa | epoch 13 | step 1100/7813 | loss 1.8399 | lr 4.83e-04 | 754.1 samples/s
2026-10-08 14:23:45 | INFO    | salsa | epoch 13 | train 1.8461 | valid 1.8487 | token 0.443 | acc_tau 0.206 | exact 0.0039 | 753.5 samples/s
2026-10-08 14:23:46 | INFO    | salsa | epoch 14 | step 1125/7813 | loss 1.8350 | lr 4.82e-04 | 753.1 samples/s
2026-10-08 14:23:48 | INFO    | salsa | epoch 14 | step 1150/7813 | loss 1.8476 | lr 4.81e-04 | 754.4 samples/s
2026-10-08 14:23:50 | INFO    | salsa | epoch 14 | step 1175/7813 | loss 1.8605 | lr 4.80e-04 | 754.1 samples/s
2026-10-08 14:23:53 | INFO    | salsa | epoch 14 | train 1.8467 | valid 1.8476 | token 0.448 | acc_tau 0.200 | exact 0.0049 | 753.5 samples/s
2026-10-08 14:23:54 | INFO    | salsa | epoch 15 | step 1200/7813 | loss 1.8538 | lr 4.79e-04 | 754.5 samples/s
2026-10-08 14:23:56 | INFO    | salsa | epoch 15 | step 1225/7813 | loss 1.8536 | lr 4.78e-04 | 754.1 samples/s
2026-10-08 14:23:59 | INFO    | salsa | epoch 15 | step 1250/7813 | loss 1.8576 | lr 4.77e-04 | 754.2 samples/s
2026-10-08 14:24:01 | INFO    | salsa | epoch 15 | train 1.8459 | valid 1.8443 | token 0.446 | acc_tau 0.200 | exact 0.0049 | 753.5 samples/s
2026-10-08 14:24:02 | INFO    | salsa | epoch 16 | step 1275/7813 | loss 1.8384 | lr 4.76e-04 | 753.9 samples/s
2026-10-08 14:24:05 | INFO    | salsa | epoch 16 | step 1300/7813 | loss 1.8436 | lr 4.75e-04 | 754.4 samples/s
2026-10-08 14:24:07 | INFO    | salsa | epoch 16 | step 1325/7813 | loss 1.8476 | lr 4.74e-04 | 754.2 samples/s
2026-10-08 14:24:10 | INFO    | salsa | epoch 16 | train 1.8463 | valid 1.8448 | token 0.450 | acc_tau 0.104 | exact 0.0039 | 753.6 samples/s
2026-10-08 14:24:10 | INFO    | salsa | epoch 17 | step 1350/7813 | loss 1.8600 | lr 4.72e-04 | 749.2 samples/s
2026-10-08 14:24:13 | INFO    | salsa | epoch 17 | step 1375/7813 | loss 1.8419 | lr 4.71e-04 | 754.5 samples/s
2026-10-08 14:24:15 | INFO    | salsa | epoch 17 | step 1400/7813 | loss 1.8453 | lr 4.70e-04 | 755.5 samples/s
2026-10-08 14:24:18 | INFO    | salsa | epoch 17 | train 1.8462 | valid 1.8449 | token 0.449 | acc_tau 0.122 | exact 0.0015 | 753.7 samples/s
2026-10-08 14:24:19 | INFO    | salsa | epoch 18 | step 1425/7813 | loss 1.8421 | lr 4.69e-04 | 755.8 samples/s
2026-10-08 14:24:21 | INFO    | salsa | epoch 18 | step 1450/7813 | loss 1.8504 | lr 4.68e-04 | 754.7 samples/s
2026-10-08 14:24:23 | INFO    | salsa | epoch 18 | step 1475/7813 | loss 1.8446 | lr 4.66e-04 | 754.8 samples/s
2026-10-08 14:24:25 | INFO    | salsa | epoch 18 | step 1500/7813 | loss 1.8424 | lr 4.65e-04 | 754.9 samples/s
2026-10-08 14:24:27 | INFO    | salsa | epoch 18 | train 1.8454 | valid 1.8453 | token 0.445 | acc_tau 0.119 | exact 0.0029 | 753.7 samples/s
2026-10-08 14:24:29 | INFO    | salsa | epoch 19 | step 1525/7813 | loss 1.8510 | lr 4.64e-04 | 755.4 samples/s
2026-10-08 14:24:31 | INFO    | salsa | epoch 19 | step 1550/7813 | loss 1.8438 | lr 4.62e-04 | 754.7 samples/s
2026-10-08 14:24:33 | INFO    | salsa | epoch 19 | step 1575/7813 | loss 1.8386 | lr 4.61e-04 | 754.5 samples/s
2026-10-08 14:24:35 | INFO    | salsa | epoch 19 | train 1.8452 | valid 1.8450 | token 0.446 | acc_tau 0.092 | exact 0.0020 | 753.8 samples/s
2026-10-08 14:24:37 | INFO    | salsa | epoch 20 | step 1600/7813 | loss 1.8429 | lr 4.60e-04 | 754.2 samples/s
2026-10-08 14:24:39 | INFO    | salsa | epoch 20 | step 1625/7813 | loss 1.8414 | lr 4.58e-04 | 755.4 samples/s
2026-10-08 14:24:41 | INFO    | salsa | epoch 20 | step 1650/7813 | loss 1.8404 | lr 4.57e-04 | 755.3 samples/s
2026-10-08 14:24:43 | INFO    | salsa | epoch 20 | train 1.8445 | valid 1.8445 | token 0.447 | acc_tau 0.134 | exact 0.0029 | 753.8 samples/s
2026-10-08 14:24:45 | INFO    | salsa | epoch 21 | step 1675/7813 | loss 1.8430 | lr 4.55e-04 | 754.3 samples/s
2026-10-08 14:24:47 | INFO    | salsa | epoch 21 | step 1700/7813 | loss 1.8418 | lr 4.54e-04 | 753.9 samples/s
2026-10-08 14:24:49 | INFO    | salsa | epoch 21 | step 1725/7813 | loss 1.8502 | lr 4.52e-04 | 754.6 samples/s
2026-10-08 14:24:52 | INFO    | salsa | epoch 21 | train 1.8453 | valid 1.8443 | token 0.448 | acc_tau 0.203 | exact 0.0034 | 753.9 samples/s
2026-10-08 14:24:53 | INFO    | salsa | epoch 22 | step 1750/7813 | loss 1.8474 | lr 4.51e-04 | 722.3 samples/s
2026-10-08 14:24:55 | INFO    | salsa | epoch 22 | step 1775/7813 | loss 1.8427 | lr 4.49e-04 | 735.0 samples/s
2026-10-08 14:24:57 | INFO    | salsa | epoch 22 | step 1800/7813 | loss 1.8395 | lr 4.48e-04 | 735.1 samples/s
2026-10-08 14:25:01 | INFO    | salsa | epoch 22 | train 1.8457 | valid 1.8454 | token 0.446 | acc_tau 0.092 | exact 0.0020 | 753.1 samples/s
2026-10-08 14:25:01 | INFO    | salsa | epoch 23 | step 1825/7813 | loss 1.8466 | lr 4.46e-04 | 719.6 samples/s
2026-10-08 14:25:04 | INFO    | salsa | epoch 23 | step 1850/7813 | loss 1.8548 | lr 4.44e-04 | 732.3 samples/s
2026-10-08 14:25:06 | INFO    | salsa | epoch 23 | step 1875/7813 | loss 1.8451 | lr 4.43e-04 | 736.1 samples/s
2026-10-08 14:25:09 | INFO    | salsa | epoch 23 | train 1.8469 | valid 1.8436 | token 0.446 | acc_tau 0.107 | exact 0.0063 | 752.4 samples/s
2026-10-08 14:25:10 | INFO    | salsa | epoch 24 | step 1900/7813 | loss 1.8517 | lr 4.41e-04 | 722.1 samples/s
2026-10-08 14:25:12 | INFO    | salsa | epoch 24 | step 1925/7813 | loss 1.8431 | lr 4.39e-04 | 718.2 samples/s
2026-10-08 14:25:14 | INFO    | salsa | epoch 24 | step 1950/7813 | loss 1.8502 | lr 4.38e-04 | 715.6 samples/s
2026-10-08 14:25:16 | INFO    | salsa | epoch 24 | step 1975/7813 | loss 1.8421 | lr 4.36e-04 | 713.5 samples/s
2026-10-08 14:25:18 | INFO    | salsa | epoch 24 | train 1.8451 | valid 1.8443 | token 0.442 | acc_tau 0.155 | exact 0.0010 | 750.8 samples/s
2026-10-08 14:25:21 | INFO    | salsa | epoch 25 | step 2000/7813 | loss 1.8451 | lr 4.34e-04 | 700.8 samples/s
2026-10-08 14:25:23 | INFO    | salsa | epoch 25 | step 2025/7813 | loss 1.8498 | lr 4.33e-04 | 700.2 samples/s
2026-10-08 14:25:25 | INFO    | salsa | epoch 25 | step 2050/7813 | loss 1.8454 | lr 4.31e-04 | 704.5 samples/s
2026-10-08 14:25:27 | INFO    | salsa | epoch 25 | train 1.8453 | valid 1.8440 | token 0.448 | acc_tau 0.206 | exact 0.0034 | 748.9 samples/s
2026-10-08 14:25:29 | INFO    | salsa | epoch 26 | step 2075/7813 | loss 1.8466 | lr 4.29e-04 | 717.3 samples/s
2026-10-08 14:25:31 | INFO    | salsa | epoch 26 | step 2100/7813 | loss 1.8438 | lr 4.27e-04 | 709.6 samples/s
2026-10-08 14:25:34 | INFO    | salsa | epoch 26 | step 2125/7813 | loss 1.8387 | lr 4.25e-04 | 702.0 samples/s
2026-10-08 14:25:36 | INFO    | salsa | epoch 26 | train 1.8454 | valid 1.8453 | token 0.445 | acc_tau 0.208 | exact 0.0024 | 747.1 samples/s
2026-10-08 14:25:38 | INFO    | salsa | epoch 27 | step 2150/7813 | loss 1.8445 | lr 4.23e-04 | 651.7 samples/s
2026-10-08 14:25:40 | INFO    | salsa | epoch 27 | step 2175/7813 | loss 1.8455 | lr 4.22e-04 | 670.4 samples/s
2026-10-08 14:25:43 | INFO    | salsa | epoch 27 | step 2200/7813 | loss 1.8440 | lr 4.20e-04 | 677.7 samples/s
2026-10-08 14:25:46 | INFO    | salsa | epoch 27 | train 1.8453 | valid 1.8438 | token 0.448 | acc_tau 0.201 | exact 0.0024 | 744.7 samples/s
2026-10-08 14:25:47 | INFO    | salsa | epoch 28 | step 2225/7813 | loss 1.8424 | lr 4.18e-04 | 701.5 samples/s
2026-10-08 14:25:49 | INFO    | salsa | epoch 28 | step 2250/7813 | loss 1.8520 | lr 4.16e-04 | 705.5 samples/s
2026-10-08 14:25:51 | INFO    | salsa | epoch 28 | step 2275/7813 | loss 1.8415 | lr 4.14e-04 | 705.0 samples/s
2026-10-08 14:25:55 | INFO    | salsa | epoch 28 | train 1.8457 | valid 1.8445 | token 0.445 | acc_tau 0.104 | exact 0.0039 | 742.6 samples/s
2026-10-08 14:25:56 | INFO    | salsa | epoch 29 | step 2300/7813 | loss 1.8441 | lr 4.12e-04 | 712.2 samples/s
2026-10-08 14:25:58 | INFO    | salsa | epoch 29 | step 2325/7813 | loss 1.8467 | lr 4.10e-04 | 697.3 samples/s
2026-10-08 14:26:00 | INFO    | salsa | epoch 29 | step 2350/7813 | loss 1.8400 | lr 4.08e-04 | 695.9 samples/s
2026-10-08 14:26:04 | INFO    | salsa | epoch 29 | train 1.8448 | valid 1.8450 | token 0.447 | acc_tau 0.107 | exact 0.0063 | 740.9 samples/s
2026-10-08 14:26:05 | INFO    | salsa | epoch 30 | step 2375/7813 | loss 1.8382 | lr 4.06e-04 | 691.0 samples/s
2026-10-08 14:26:07 | INFO    | salsa | epoch 30 | step 2400/7813 | loss 1.8409 | lr 4.04e-04 | 691.0 samples/s
2026-10-08 14:26:09 | INFO    | salsa | epoch 30 | step 2425/7813 | loss 1.8484 | lr 4.02e-04 | 693.4 samples/s
2026-10-08 14:26:13 | INFO    | salsa | epoch 30 | train 1.8445 | valid 1.8458 | token 0.447 | acc_tau 0.207 | exact 0.0049 | 739.2 samples/s
2026-10-08 14:26:13 | INFO    | salsa | epoch 31 | step 2450/7813 | loss 1.8388 | lr 4.00e-04 | 686.2 samples/s
2026-10-08 14:26:16 | INFO    | salsa | epoch 31 | step 2475/7813 | loss 1.8467 | lr 3.98e-04 | 690.4 samples/s
2026-10-08 14:26:18 | INFO    | salsa | epoch 31 | step 2500/7813 | loss 1.8364 | lr 3.96e-04 | 682.1 samples/s
2026-10-08 14:26:20 | INFO    | salsa | epoch 31 | step 2525/7813 | loss 1.8461 | lr 3.94e-04 | 682.5 samples/s
2026-10-08 14:26:23 | INFO    | salsa | epoch 31 | train 1.8454 | valid 1.8430 | token 0.442 | acc_tau 0.113 | exact 0.0034 | 737.3 samples/s
2026-10-08 14:26:25 | INFO    | salsa | epoch 32 | step 2550/7813 | loss 1.8451 | lr 3.92e-04 | 687.4 samples/s
2026-10-08 14:26:27 | INFO    | salsa | epoch 32 | step 2575/7813 | loss 1.8492 | lr 3.89e-04 | 685.9 samples/s
2026-10-08 14:26:29 | INFO    | salsa | epoch 32 | step 2600/7813 | loss 1.8382 | lr 3.87e-04 | 685.8 samples/s
2026-10-08 14:26:32 | INFO    | salsa | epoch 32 | train 1.8452 | valid 1.8453 | token 0.444 | acc_tau 0.113 | exact 0.0034 | 735.6 samples/s
2026-10-08 14:26:34 | INFO    | salsa | epoch 33 | step 2625/7813 | loss 1.8459 | lr 3.85e-04 | 685.1 samples/s
2026-10-08 14:26:36 | INFO    | salsa | epoch 33 | step 2650/7813 | loss 1.8397 | lr 3.83e-04 | 685.0 samples/s
2026-10-08 14:26:38 | INFO    | salsa | epoch 33 | step 2675/7813 | loss 1.8511 | lr 3.81e-04 | 683.8 samples/s
2026-10-08 14:26:41 | INFO    | salsa | epoch 33 | train 1.8446 | valid 1.8439 | token 0.448 | acc_tau 0.200 | exact 0.0044 | 734.0 samples/s
2026-10-08 14:26:43 | INFO    | salsa | epoch 34 | step 2700/7813 | loss 1.8372 | lr 3.79e-04 | 688.4 samples/s
2026-10-08 14:26:45 | INFO    | salsa | epoch 34 | step 2725/7813 | loss 1.8447 | lr 3.76e-04 | 687.4 samples/s
2026-10-08 14:26:47 | INFO    | salsa | epoch 34 | step 2750/7813 | loss 1.8485 | lr 3.74e-04 | 686.6 samples/s
2026-10-08 14:26:51 | INFO    | salsa | epoch 34 | train 1.8444 | valid 1.8447 | token 0.445 | acc_tau 0.202 | exact 0.0020 | 732.6 samples/s
2026-10-08 14:26:52 | INFO    | salsa | epoch 35 | step 2775/7813 | loss 1.8430 | lr 3.72e-04 | 684.1 samples/s
2026-10-08 14:26:54 | INFO    | salsa | epoch 35 | step 2800/7813 | loss 1.8528 | lr 3.70e-04 | 684.4 samples/s
2026-10-08 14:26:56 | INFO    | salsa | epoch 35 | step 2825/7813 | loss 1.8448 | lr 3.67e-04 | 685.1 samples/s
2026-10-08 14:27:00 | INFO    | salsa | epoch 35 | train 1.8440 | valid 1.8449 | token 0.445 | acc_tau 0.092 | exact 0.0020 | 731.2 samples/s
2026-10-08 14:27:01 | INFO    | salsa | epoch 36 | step 2850/7813 | loss 1.8486 | lr 3.65e-04 | 686.7 samples/s
2026-10-08 14:27:03 | INFO    | salsa | epoch 36 | step 2875/7813 | loss 1.8494 | lr 3.63e-04 | 684.9 samples/s
2026-10-08 14:27:05 | INFO    | salsa | epoch 36 | step 2900/7813 | loss 1.8494 | lr 3.61e-04 | 685.5 samples/s
2026-10-08 14:27:09 | INFO    | salsa | epoch 36 | train 1.8452 | valid 1.8443 | token 0.445 | acc_tau 0.107 | exact 0.0063 | 729.8 samples/s
2026-10-08 14:27:10 | INFO    | salsa | epoch 37 | step 2925/7813 | loss 1.8355 | lr 3.58e-04 | 686.1 samples/s
2026-10-08 14:27:12 | INFO    | salsa | epoch 37 | step 2950/7813 | loss 1.8376 | lr 3.56e-04 | 677.6 samples/s
2026-10-08 14:27:14 | INFO    | salsa | epoch 37 | step 2975/7813 | loss 1.8520 | lr 3.54e-04 | 683.3 samples/s
2026-10-08 14:27:17 | INFO    | salsa | epoch 37 | step 3000/7813 | loss 1.8361 | lr 3.51e-04 | 684.0 samples/s
2026-10-08 14:27:19 | INFO    | salsa | epoch 37 | train 1.8441 | valid 1.8449 | token 0.443 | acc_tau 0.121 | exact 0.0015 | 728.6 samples/s
2026-10-08 14:27:21 | INFO    | salsa | epoch 38 | step 3025/7813 | loss 1.8418 | lr 3.49e-04 | 680.0 samples/s
2026-10-08 14:27:23 | INFO    | salsa | epoch 38 | step 3050/7813 | loss 1.8461 | lr 3.46e-04 | 682.5 samples/s
2026-10-08 14:27:26 | INFO    | salsa | epoch 38 | step 3075/7813 | loss 1.8383 | lr 3.44e-04 | 681.6 samples/s
2026-10-08 14:27:28 | INFO    | salsa | epoch 38 | train 1.8439 | valid 1.8442 | token 0.443 | acc_tau 0.116 | exact 0.0034 | 727.3 samples/s
2026-10-08 14:27:30 | INFO    | salsa | epoch 39 | step 3100/7813 | loss 1.8333 | lr 3.42e-04 | 684.0 samples/s
2026-10-08 14:27:32 | INFO    | salsa | epoch 39 | step 3125/7813 | loss 1.8477 | lr 3.39e-04 | 683.2 samples/s
2026-10-08 14:27:35 | INFO    | salsa | epoch 39 | step 3150/7813 | loss 1.8406 | lr 3.37e-04 | 679.4 samples/s
2026-10-08 14:27:37 | INFO    | salsa | epoch 39 | train 1.8442 | valid 1.8434 | token 0.442 | acc_tau 0.113 | exact 0.0034 | 726.0 samples/s
2026-10-08 14:27:39 | INFO    | salsa | epoch 40 | step 3175/7813 | loss 1.8421 | lr 3.34e-04 | 685.8 samples/s
2026-10-08 14:27:41 | INFO    | salsa | epoch 40 | step 3200/7813 | loss 1.8456 | lr 3.32e-04 | 684.8 samples/s
2026-10-08 14:27:44 | INFO    | salsa | epoch 40 | step 3225/7813 | loss 1.8462 | lr 3.30e-04 | 685.6 samples/s
2026-10-08 14:27:47 | INFO    | salsa | epoch 40 | train 1.8443 | valid 1.8428 | token 0.446 | acc_tau 0.099 | exact 0.0063 | 725.0 samples/s
2026-10-08 14:27:48 | INFO    | salsa | epoch 41 | step 3250/7813 | loss 1.8522 | lr 3.27e-04 | 686.4 samples/s
2026-10-08 14:27:50 | INFO    | salsa | epoch 41 | step 3275/7813 | loss 1.8440 | lr 3.25e-04 | 684.6 samples/s
2026-10-08 14:27:53 | INFO    | salsa | epoch 41 | step 3300/7813 | loss 1.8466 | lr 3.22e-04 | 682.7 samples/s
2026-10-08 14:27:56 | INFO    | salsa | epoch 41 | train 1.8446 | valid 1.8448 | token 0.447 | acc_tau 0.201 | exact 0.0049 | 723.9 samples/s
2026-10-08 14:27:57 | INFO    | salsa | epoch 42 | step 3325/7813 | loss 1.8390 | lr 3.20e-04 | 681.3 samples/s
2026-10-08 14:27:59 | INFO    | salsa | epoch 42 | step 3350/7813 | loss 1.8496 | lr 3.17e-04 | 680.4 samples/s
2026-10-08 14:28:02 | INFO    | salsa | epoch 42 | step 3375/7813 | loss 1.8468 | lr 3.15e-04 | 679.7 samples/s
2026-10-08 14:28:06 | INFO    | salsa | epoch 42 | train 1.8436 | valid 1.8444 | token 0.447 | acc_tau 0.201 | exact 0.0049 | 722.7 samples/s
2026-10-08 14:28:06 | INFO    | salsa | epoch 43 | step 3400/7813 | loss 1.8384 | lr 3.12e-04 | 678.5 samples/s
2026-10-08 14:28:08 | INFO    | salsa | epoch 43 | step 3425/7813 | loss 1.8421 | lr 3.10e-04 | 677.7 samples/s
2026-10-08 14:28:11 | INFO    | salsa | epoch 43 | step 3450/7813 | loss 1.8487 | lr 3.07e-04 | 677.4 samples/s
2026-10-08 14:28:13 | INFO    | salsa | epoch 43 | step 3475/7813 | loss 1.8460 | lr 3.05e-04 | 676.8 samples/s
2026-10-08 14:28:15 | INFO    | salsa | epoch 43 | train 1.8444 | valid 1.8444 | token 0.443 | acc_tau 0.189 | exact 0.0044 | 721.5 samples/s
2026-10-08 14:28:17 | INFO    | salsa | epoch 44 | step 3500/7813 | loss 1.8392 | lr 3.02e-04 | 679.3 samples/s
2026-10-08 14:28:20 | INFO    | salsa | epoch 44 | step 3525/7813 | loss 1.8449 | lr 3.00e-04 | 680.3 samples/s
2026-10-08 14:28:22 | INFO    | salsa | epoch 44 | step 3550/7813 | loss 1.8479 | lr 2.97e-04 | 680.0 samples/s
2026-10-08 14:28:25 | INFO    | salsa | epoch 44 | train 1.8440 | valid 1.8433 | token 0.445 | acc_tau 0.121 | exact 0.0015 | 720.5 samples/s
2026-10-08 14:28:27 | INFO    | salsa | epoch 45 | step 3575/7813 | loss 1.8408 | lr 2.95e-04 | 675.6 samples/s
2026-10-08 14:28:29 | INFO    | salsa | epoch 45 | step 3600/7813 | loss 1.8549 | lr 2.92e-04 | 676.1 samples/s
2026-10-08 14:28:31 | INFO    | salsa | epoch 45 | step 3625/7813 | loss 1.8469 | lr 2.90e-04 | 675.5 samples/s
2026-10-08 14:28:34 | INFO    | salsa | epoch 45 | train 1.8440 | valid 1.8430 | token 0.447 | acc_tau 0.140 | exact 0.0024 | 719.5 samples/s
2026-10-08 14:28:36 | INFO    | salsa | epoch 46 | step 3650/7813 | loss 1.8435 | lr 2.87e-04 | 674.0 samples/s
2026-10-08 14:28:38 | INFO    | salsa | epoch 46 | step 3675/7813 | loss 1.8440 | lr 2.85e-04 | 674.0 samples/s
2026-10-08 14:28:40 | INFO    | salsa | epoch 46 | step 3700/7813 | loss 1.8385 | lr 2.82e-04 | 675.2 samples/s
2026-10-08 14:28:44 | INFO    | salsa | epoch 46 | train 1.8443 | valid 1.8423 | token 0.447 | acc_tau 0.126 | exact 0.0044 | 718.5 samples/s
2026-10-08 14:28:45 | INFO    | salsa | epoch 47 | step 3725/7813 | loss 1.8430 | lr 2.79e-04 | 677.1 samples/s
2026-10-08 14:28:47 | INFO    | salsa | epoch 47 | step 3750/7813 | loss 1.8474 | lr 2.77e-04 | 669.9 samples/s
2026-10-08 14:28:49 | INFO    | salsa | epoch 47 | step 3775/7813 | loss 1.8490 | lr 2.74e-04 | 672.0 samples/s
2026-10-08 14:28:53 | INFO    | salsa | epoch 47 | train 1.8432 | valid 1.8423 | token 0.446 | acc_tau 0.114 | exact 0.0039 | 717.4 samples/s
2026-10-08 14:28:54 | INFO    | salsa | epoch 48 | step 3800/7813 | loss 1.8418 | lr 2.72e-04 | 676.3 samples/s
2026-10-08 14:28:56 | INFO    | salsa | epoch 48 | step 3825/7813 | loss 1.8255 | lr 2.69e-04 | 670.1 samples/s
2026-10-08 14:28:59 | INFO    | salsa | epoch 48 | step 3850/7813 | loss 1.8505 | lr 2.67e-04 | 670.6 samples/s
2026-10-08 14:29:03 | INFO    | salsa | epoch 48 | train 1.8431 | valid 1.8430 | token 0.448 | acc_tau 0.107 | exact 0.0063 | 716.4 samples/s
2026-10-08 14:29:03 | INFO    | salsa | epoch 49 | step 3875/7813 | loss 1.8439 | lr 2.64e-04 | 679.0 samples/s
2026-10-08 14:29:05 | INFO    | salsa | epoch 49 | step 3900/7813 | loss 1.8420 | lr 2.61e-04 | 673.0 samples/s
2026-10-08 14:29:08 | INFO    | salsa | epoch 49 | step 3925/7813 | loss 1.8462 | lr 2.59e-04 | 667.3 samples/s
2026-10-08 14:29:10 | INFO    | salsa | epoch 49 | step 3950/7813 | loss 1.8429 | lr 2.56e-04 | 669.5 samples/s
2026-10-08 14:29:12 | INFO    | salsa | epoch 49 | train 1.8443 | valid 1.8438 | token 0.445 | acc_tau 0.200 | exact 0.0044 | 715.4 samples/s
2026-10-08 14:29:15 | INFO    | salsa | epoch 50 | step 3975/7813 | loss 1.8458 | lr 2.54e-04 | 673.5 samples/s
2026-10-08 14:29:17 | INFO    | salsa | epoch 50 | step 4000/7813 | loss 1.8450 | lr 2.51e-04 | 671.5 samples/s
2026-10-08 14:29:19 | INFO    | salsa | epoch 50 | step 4025/7813 | loss 1.8444 | lr 2.49e-04 | 672.1 samples/s
2026-10-08 14:29:22 | INFO    | salsa | epoch 50 | train 1.8432 | valid 1.8448 | token 0.446 | acc_tau 0.200 | exact 0.0044 | 714.5 samples/s
2026-10-08 14:29:24 | INFO    | salsa | epoch 51 | step 4050/7813 | loss 1.8423 | lr 2.46e-04 | 664.9 samples/s
2026-10-08 14:29:26 | INFO    | salsa | epoch 51 | step 4075/7813 | loss 1.8386 | lr 2.43e-04 | 662.1 samples/s
2026-10-08 14:29:29 | INFO    | salsa | epoch 51 | step 4100/7813 | loss 1.8429 | lr 2.41e-04 | 662.7 samples/s
2026-10-08 14:29:31 | INFO    | salsa | epoch 51 | train 1.8441 | valid 1.8447 | token 0.447 | acc_tau 0.201 | exact 0.0049 | 713.4 samples/s
2026-10-08 14:29:33 | INFO    | salsa | epoch 52 | step 4125/7813 | loss 1.8400 | lr 2.38e-04 | 666.1 samples/s
2026-10-08 14:29:36 | INFO    | salsa | epoch 52 | step 4150/7813 | loss 1.8438 | lr 2.36e-04 | 664.6 samples/s
2026-10-08 14:29:38 | INFO    | salsa | epoch 52 | step 4175/7813 | loss 1.8392 | lr 2.33e-04 | 663.1 samples/s
2026-10-08 14:29:41 | INFO    | salsa | epoch 52 | train 1.8431 | valid 1.8445 | token 0.445 | acc_tau 0.201 | exact 0.0049 | 712.4 samples/s
2026-10-08 14:29:42 | INFO    | salsa | epoch 53 | step 4200/7813 | loss 1.8432 | lr 2.31e-04 | 660.9 samples/s
2026-10-08 14:29:45 | INFO    | salsa | epoch 53 | step 4225/7813 | loss 1.8385 | lr 2.28e-04 | 662.9 samples/s
2026-10-08 14:29:47 | INFO    | salsa | epoch 53 | step 4250/7813 | loss 1.8426 | lr 2.25e-04 | 662.7 samples/s
2026-10-08 14:29:51 | INFO    | salsa | epoch 53 | train 1.8438 | valid 1.8439 | token 0.443 | acc_tau 0.197 | exact 0.0049 | 711.4 samples/s
2026-10-08 14:29:52 | INFO    | salsa | epoch 54 | step 4275/7813 | loss 1.8462 | lr 2.23e-04 | 662.7 samples/s
2026-10-08 14:29:54 | INFO    | salsa | epoch 54 | step 4300/7813 | loss 1.8398 | lr 2.20e-04 | 659.6 samples/s
2026-10-08 14:29:57 | INFO    | salsa | epoch 54 | step 4325/7813 | loss 1.8409 | lr 2.18e-04 | 659.6 samples/s
2026-10-08 14:30:01 | INFO    | salsa | epoch 54 | train 1.8430 | valid 1.8433 | token 0.447 | acc_tau 0.116 | exact 0.0034 | 710.4 samples/s
2026-10-08 14:30:01 | INFO    | salsa | epoch 55 | step 4350/7813 | loss 1.8465 | lr 2.15e-04 | 661.6 samples/s
2026-10-08 14:30:03 | INFO    | salsa | epoch 55 | step 4375/7813 | loss 1.8454 | lr 2.13e-04 | 660.1 samples/s
2026-10-08 14:30:06 | INFO    | salsa | epoch 55 | step 4400/7813 | loss 1.8385 | lr 2.10e-04 | 659.3 samples/s
2026-10-08 14:30:10 | INFO    | salsa | epoch 55 | train 1.8427 | valid 1.8436 | token 0.448 | acc_tau 0.125 | exact 0.0015 | 709.4 samples/s
2026-10-08 14:30:10 | INFO    | salsa | epoch 56 | step 4425/7813 | loss 1.8422 | lr 2.08e-04 | 551.7 samples/s
2026-10-08 14:30:13 | INFO    | salsa | epoch 56 | step 4450/7813 | loss 1.8414 | lr 2.05e-04 | 653.8 samples/s
2026-10-08 14:30:15 | INFO    | salsa | epoch 56 | step 4475/7813 | loss 1.8402 | lr 2.03e-04 | 651.9 samples/s
2026-10-08 14:30:18 | INFO    | salsa | epoch 56 | step 4500/7813 | loss 1.8413 | lr 2.00e-04 | 653.7 samples/s
2026-10-08 14:30:20 | INFO    | salsa | epoch 56 | train 1.8428 | valid 1.8444 | token 0.449 | acc_tau 0.125 | exact 0.0073 | 708.3 samples/s
2026-10-08 14:30:22 | INFO    | salsa | epoch 57 | step 4525/7813 | loss 1.8450 | lr 1.98e-04 | 654.7 samples/s
2026-10-08 14:30:25 | INFO    | salsa | epoch 57 | step 4550/7813 | loss 1.8453 | lr 1.95e-04 | 655.2 samples/s
2026-10-08 14:30:27 | INFO    | salsa | epoch 57 | step 4575/7813 | loss 1.8447 | lr 1.93e-04 | 655.1 samples/s
2026-10-08 14:30:30 | INFO    | salsa | epoch 57 | train 1.8436 | valid 1.8428 | token 0.445 | acc_tau 0.182 | exact 0.0020 | 707.4 samples/s
2026-10-08 14:30:32 | INFO    | salsa | epoch 58 | step 4600/7813 | loss 1.8400 | lr 1.90e-04 | 654.4 samples/s
2026-10-08 14:30:34 | INFO    | salsa | epoch 58 | step 4625/7813 | loss 1.8454 | lr 1.88e-04 | 656.1 samples/s
2026-10-08 14:30:37 | INFO    | salsa | epoch 58 | step 4650/7813 | loss 1.8410 | lr 1.85e-04 | 655.7 samples/s
2026-10-08 14:30:40 | INFO    | salsa | epoch 58 | train 1.8431 | valid 1.8423 | token 0.448 | acc_tau 0.093 | exact 0.0020 | 706.4 samples/s
2026-10-08 14:30:41 | INFO    | salsa | epoch 59 | step 4675/7813 | loss 1.8439 | lr 1.83e-04 | 649.6 samples/s
2026-10-08 14:30:43 | INFO    | salsa | epoch 59 | step 4700/7813 | loss 1.8379 | lr 1.80e-04 | 656.3 samples/s
2026-10-08 14:30:46 | INFO    | salsa | epoch 59 | step 4725/7813 | loss 1.8453 | lr 1.78e-04 | 656.7 samples/s
2026-10-08 14:30:50 | INFO    | salsa | epoch 59 | train 1.8429 | valid 1.8437 | token 0.449 | acc_tau 0.201 | exact 0.0049 | 705.4 samples/s
2026-10-08 14:30:51 | INFO    | salsa | epoch 60 | step 4750/7813 | loss 1.8467 | lr 1.75e-04 | 665.7 samples/s
2026-10-08 14:30:53 | INFO    | salsa | epoch 60 | step 4775/7813 | loss 1.8406 | lr 1.73e-04 | 656.4 samples/s
2026-10-08 14:36:01 | INFO    | salsa | epoch 60 | step 4800/7813 | loss 1.8431 | lr 1.70e-04 | 12.3 samples/s
2026-10-08 14:36:06 | INFO    | salsa | epoch 60 | train 1.8432 | valid 1.8429 | token 0.445 | acc_tau 0.208 | exact 0.0073 | 415.0 samples/s
2026-10-08 14:37:28 | INFO    | salsa | epoch 61 | step 4825/7813 | loss 1.8445 | lr 1.68e-04 | 4.7 samples/s
2026-10-08 14:37:31 | INFO    | salsa | epoch 61 | step 4850/7813 | loss 1.8445 | lr 1.65e-04 | 23.4 samples/s
2026-10-08 14:37:34 | INFO    | salsa | epoch 61 | step 4875/7813 | loss 1.8355 | lr 1.63e-04 | 40.6 samples/s
2026-10-08 14:40:49 | INFO    | salsa | epoch 61 | train 1.8427 | valid 1.8429 | token 0.444 | acc_tau 0.092 | exact 0.0020 | 375.7 samples/s
2026-10-08 14:40:49 | INFO    | salsa | epoch 62 | step 4900/7813 | loss 1.8421 | lr 1.61e-04 | 681.3 samples/s
2026-10-08 14:40:53 | INFO    | salsa | epoch 62 | step 4925/7813 | loss 1.8401 | lr 1.58e-04 | 469.9 samples/s
2026-10-08 14:55:57 | INFO    | salsa | epoch 62 | step 4950/7813 | loss 1.8440 | lr 1.56e-04 | 3.7 samples/s
2026-10-08 14:56:00 | INFO    | salsa | epoch 62 | step 4975/7813 | loss 1.8431 | lr 1.53e-04 | 5.4 samples/s
2026-10-08 15:01:08 | INFO    | salsa | epoch 62 | train 1.8434 | valid 1.8423 | token 0.448 | acc_tau 0.209 | exact 0.0073 | 155.3 samples/s
2026-10-08 15:01:11 | INFO    | salsa | epoch 63 | step 5000/7813 | loss 1.8401 | lr 1.51e-04 | 473.2 samples/s
2026-10-08 15:06:18 | INFO    | salsa | epoch 63 | step 5025/7813 | loss 1.8462 | lr 1.49e-04 | 9.9 samples/s
2026-10-08 15:06:21 | INFO    | salsa | epoch 63 | step 5050/7813 | loss 1.8406 | lr 1.46e-04 | 14.9 samples/s
2026-10-08 15:07:01 | INFO    | salsa | epoch 63 | train 1.8430 | valid 1.8426 | token 0.447 | acc_tau 0.207 | exact 0.0029 | 136.8 samples/s
2026-10-08 15:07:03 | INFO    | salsa | epoch 64 | step 5075/7813 | loss 1.8463 | lr 1.44e-04 | 528.9 samples/s
2026-10-08 15:07:05 | INFO    | salsa | epoch 64 | step 5100/7813 | loss 1.8361 | lr 1.42e-04 | 636.0 samples/s
2026-10-08 15:07:08 | INFO    | salsa | epoch 64 | step 5125/7813 | loss 1.8418 | lr 1.39e-04 | 677.0 samples/s
2026-10-08 15:07:10 | INFO    | salsa | epoch 64 | train 1.8429 | valid 1.8428 | token 0.449 | acc_tau 0.208 | exact 0.0073 | 138.5 samples/s
2026-10-08 15:07:12 | INFO    | salsa | epoch 65 | step 5150/7813 | loss 1.8476 | lr 1.37e-04 | 528.8 samples/s
2026-10-08 15:12:20 | INFO    | salsa | epoch 65 | step 5175/7813 | loss 1.8421 | lr 1.35e-04 | 8.3 samples/s
2026-10-08 15:12:24 | INFO    | salsa | epoch 65 | step 5200/7813 | loss 1.8431 | lr 1.33e-04 | 13.3 samples/s
2026-10-08 15:17:33 | INFO    | salsa | epoch 65 | train 1.8431 | valid 1.8425 | token 0.446 | acc_tau 0.108 | exact 0.0054 | 124.1 samples/s
2026-10-08 15:17:34 | INFO    | salsa | epoch 66 | step 5225/7813 | loss 1.8386 | lr 1.30e-04 | 718.0 samples/s
2026-10-08 15:17:38 | INFO    | salsa | epoch 66 | step 5250/7813 | loss 1.8432 | lr 1.28e-04 | 407.2 samples/s
2026-10-08 15:22:46 | INFO    | salsa | epoch 66 | step 5275/7813 | loss 1.8389 | lr 1.26e-04 | 12.5 samples/s
2026-10-08 15:24:43 | INFO    | salsa | epoch 66 | train 1.8425 | valid 1.8424 | token 0.451 | acc_tau 0.110 | exact 0.0034 | 112.7 samples/s
2026-10-08 15:24:44 | INFO    | salsa | epoch 67 | step 5300/7813 | loss 1.8469 | lr 1.24e-04 | 559.0 samples/s
2026-10-08 15:24:47 | INFO    | salsa | epoch 67 | step 5325/7813 | loss 1.8448 | lr 1.21e-04 | 568.5 samples/s
2026-10-08 15:26:34 | INFO    | salsa | epoch 67 | step 5350/7813 | loss 1.8411 | lr 1.19e-04 | 33.0 samples/s
2026-10-08 15:28:15 | INFO    | salsa | epoch 67 | train 1.8429 | valid 1.8424 | token 0.448 | acc_tau 0.107 | exact 0.0063 | 110.3 samples/s
2026-10-08 15:28:16 | INFO    | salsa | epoch 68 | step 5375/7813 | loss 1.8474 | lr 1.17e-04 | 538.4 samples/s
2026-10-08 15:28:19 | INFO    | salsa | epoch 68 | step 5400/7813 | loss 1.8473 | lr 1.15e-04 | 431.5 samples/s
2026-10-08 15:30:47 | INFO    | salsa | epoch 68 | step 5425/7813 | loss 1.8409 | lr 1.13e-04 | 22.3 samples/s
2026-10-08 15:30:50 | INFO    | salsa | epoch 68 | step 5450/7813 | loss 1.8415 | lr 1.11e-04 | 32.2 samples/s
2026-10-08 15:34:46 | INFO    | salsa | epoch 68 | train 1.8429 | valid 1.8422 | token 0.448 | acc_tau 0.205 | exact 0.0049 | 106.6 samples/s
2026-10-08 15:34:48 | INFO    | salsa | epoch 69 | step 5475/7813 | loss 1.8416 | lr 1.08e-04 | 672.5 samples/s
2026-10-08 15:34:53 | INFO    | salsa | epoch 69 | step 5500/7813 | loss 1.8440 | lr 1.06e-04 | 427.1 samples/s
2026-10-08 15:34:56 | INFO    | salsa | epoch 69 | step 5525/7813 | loss 1.8478 | lr 1.04e-04 | 449.5 samples/s
2026-10-08 15:35:12 | INFO    | salsa | epoch 69 | train 1.8425 | valid 1.8427 | token 0.446 | acc_tau 0.122 | exact 0.0049 | 107.7 samples/s
2026-10-08 15:35:14 | INFO    | salsa | epoch 70 | step 5550/7813 | loss 1.8435 | lr 1.02e-04 | 645.3 samples/s
2026-10-08 15:35:18 | INFO    | salsa | epoch 70 | step 5575/7813 | loss 1.8405 | lr 1.00e-04 | 418.0 samples/s
2026-10-08 15:35:25 | INFO    | salsa | epoch 70 | step 5600/7813 | loss 1.8473 | lr 9.80e-05 | 331.4 samples/s
2026-10-08 15:35:28 | INFO    | salsa | epoch 70 | train 1.8427 | valid 1.8426 | token 0.448 | acc_tau 0.113 | exact 0.0034 | 108.8 samples/s
2026-10-08 15:35:31 | INFO    | salsa | epoch 71 | step 5625/7813 | loss 1.8417 | lr 9.60e-05 | 299.5 samples/s
2026-10-08 15:35:40 | INFO    | salsa | epoch 71 | step 5650/7813 | loss 1.8437 | lr 9.40e-05 | 226.5 samples/s
2026-10-08 15:35:44 | INFO    | salsa | epoch 71 | step 5675/7813 | loss 1.8414 | lr 9.20e-05 | 264.5 samples/s
2026-10-08 15:35:50 | INFO    | salsa | epoch 71 | train 1.8427 | valid 1.8424 | token 0.451 | acc_tau 0.207 | exact 0.0044 | 109.7 samples/s
2026-10-08 15:35:53 | INFO    | salsa | epoch 72 | step 5700/7813 | loss 1.8441 | lr 9.00e-05 | 305.0 samples/s
2026-10-08 15:35:57 | INFO    | salsa | epoch 72 | step 5725/7813 | loss 1.8407 | lr 8.80e-05 | 356.2 samples/s
2026-10-08 15:36:01 | INFO    | salsa | epoch 72 | step 5750/7813 | loss 1.8433 | lr 8.61e-05 | 369.0 samples/s
2026-10-08 15:36:09 | INFO    | salsa | epoch 72 | train 1.8425 | valid 1.8420 | token 0.446 | acc_tau 0.207 | exact 0.0054 | 110.7 samples/s
2026-10-08 15:36:11 | INFO    | salsa | epoch 73 | step 5775/7813 | loss 1.8417 | lr 8.42e-05 | 208.1 samples/s
2026-10-08 15:36:16 | INFO    | salsa | epoch 73 | step 5800/7813 | loss 1.8418 | lr 8.22e-05 | 280.2 samples/s
2026-10-08 15:36:20 | INFO    | salsa | epoch 73 | step 5825/7813 | loss 1.8447 | lr 8.04e-05 | 318.5 samples/s
2026-10-08 15:36:30 | INFO    | salsa | epoch 73 | train 1.8422 | valid 1.8425 | token 0.447 | acc_tau 0.208 | exact 0.0073 | 111.5 samples/s
2026-10-08 15:36:30 | INFO    | salsa | epoch 74 | step 5850/7813 | loss 1.8429 | lr 7.85e-05 | 424.7 samples/s
2026-10-08 15:36:44 | INFO    | salsa | epoch 74 | step 5875/7813 | loss 1.8450 | lr 7.66e-05 | 127.3 samples/s
2026-10-08 15:36:47 | INFO    | salsa | epoch 74 | step 5900/7813 | loss 1.8392 | lr 7.48e-05 | 202.8 samples/s
2026-10-08 15:36:57 | INFO    | salsa | epoch 74 | step 5925/7813 | loss 1.8428 | lr 7.30e-05 | 184.7 samples/s
2026-10-08 15:36:59 | INFO    | salsa | epoch 74 | train 1.8426 | valid 1.8424 | token 0.444 | acc_tau 0.200 | exact 0.0049 | 112.1 samples/s
2026-10-08 15:37:10 | INFO    | salsa | epoch 75 | step 5950/7813 | loss 1.8412 | lr 7.12e-05 | 142.7 samples/s
2026-10-08 15:37:13 | INFO    | salsa | epoch 75 | step 5975/7813 | loss 1.8457 | lr 6.94e-05 | 234.5 samples/s
2026-10-08 15:37:18 | INFO    | salsa | epoch 75 | step 6000/7813 | loss 1.8408 | lr 6.76e-05 | 249.4 samples/s
2026-10-08 15:37:22 | INFO    | salsa | epoch 75 | train 1.8424 | valid 1.8420 | token 0.452 | acc_tau 0.107 | exact 0.0063 | 113.0 samples/s
2026-10-08 15:37:32 | INFO    | salsa | epoch 76 | step 6025/7813 | loss 1.8462 | lr 6.59e-05 | 135.5 samples/s
2026-10-08 15:37:34 | INFO    | salsa | epoch 76 | step 6050/7813 | loss 1.8440 | lr 6.42e-05 | 235.1 samples/s
2026-10-08 15:37:41 | INFO    | salsa | epoch 76 | step 6075/7813 | loss 1.8452 | lr 6.25e-05 | 240.1 samples/s
2026-10-08 15:37:45 | INFO    | salsa | epoch 76 | train 1.8424 | valid 1.8422 | token 0.443 | acc_tau 0.195 | exact 0.0029 | 113.8 samples/s
2026-10-08 15:39:07 | INFO    | salsa | epoch 77 | step 6100/7813 | loss 1.8439 | lr 6.08e-05 | 13.2 samples/s
2026-10-08 15:39:10 | INFO    | salsa | epoch 77 | step 6125/7813 | loss 1.8432 | lr 5.91e-05 | 31.7 samples/s
2026-10-08 15:39:16 | INFO    | salsa | epoch 77 | step 6150/7813 | loss 1.8444 | lr 5.75e-05 | 47.0 samples/s
2026-10-08 15:39:21 | INFO    | salsa | epoch 77 | train 1.8423 | valid 1.8420 | token 0.445 | acc_tau 0.206 | exact 0.0024 | 112.2 samples/s
2026-10-08 15:39:31 | INFO    | salsa | epoch 78 | step 6175/7813 | loss 1.8430 | lr 5.59e-05 | 89.9 samples/s
2026-10-08 15:39:33 | INFO    | salsa | epoch 78 | step 6200/7813 | loss 1.8394 | lr 5.43e-05 | 204.9 samples/s
2026-10-08 15:39:38 | INFO    | salsa | epoch 78 | step 6225/7813 | loss 1.8409 | lr 5.27e-05 | 249.4 samples/s
2026-10-08 15:39:48 | INFO    | salsa | epoch 78 | train 1.8421 | valid 1.8421 | token 0.445 | acc_tau 0.201 | exact 0.0049 | 112.9 samples/s
2026-10-08 15:39:49 | INFO    | salsa | epoch 79 | step 6250/7813 | loss 1.8434 | lr 5.11e-05 | 499.9 samples/s
2026-10-08 15:40:20 | INFO    | salsa | epoch 79 | step 6275/7813 | loss 1.8446 | lr 4.96e-05 | 66.8 samples/s
2026-10-08 15:40:25 | INFO    | salsa | epoch 79 | step 6300/7813 | loss 1.8400 | lr 4.81e-05 | 102.0 samples/s
2026-10-08 15:40:50 | INFO    | salsa | epoch 79 | train 1.8422 | valid 1.8421 | token 0.442 | acc_tau 0.170 | exact 0.0044 | 112.5 samples/s
2026-10-08 15:40:51 | INFO    | salsa | epoch 80 | step 6325/7813 | loss 1.8418 | lr 4.66e-05 | 253.4 samples/s
2026-10-08 15:40:59 | INFO    | salsa | epoch 80 | step 6350/7813 | loss 1.8452 | lr 4.51e-05 | 201.7 samples/s
2026-10-08 15:41:04 | INFO    | salsa | epoch 80 | step 6375/7813 | loss 1.8419 | lr 4.37e-05 | 254.5 samples/s
2026-10-08 15:41:12 | INFO    | salsa | epoch 80 | train 1.8420 | valid 1.8424 | token 0.445 | acc_tau 0.209 | exact 0.0024 | 113.3 samples/s
2026-10-08 15:41:12 | INFO    | salsa | epoch 81 | step 6400/7813 | loss 1.8384 | lr 4.22e-05 | 432.3 samples/s
2026-10-08 15:41:21 | INFO    | salsa | epoch 81 | step 6425/7813 | loss 1.8447 | lr 4.08e-05 | 190.5 samples/s
2026-10-08 15:41:25 | INFO    | salsa | epoch 81 | step 6450/7813 | loss 1.8436 | lr 3.94e-05 | 255.7 samples/s
2026-10-08 15:41:36 | INFO    | salsa | epoch 81 | step 6475/7813 | loss 1.8403 | lr 3.81e-05 | 203.3 samples/s
2026-10-08 15:41:40 | INFO    | salsa | epoch 81 | train 1.8422 | valid 1.8424 | token 0.445 | acc_tau 0.207 | exact 0.0049 | 114.0 samples/s
2026-10-08 15:42:02 | INFO    | salsa | epoch 82 | step 6500/7813 | loss 1.8421 | lr 3.67e-05 | 64.1 samples/s
2026-10-08 15:42:05 | INFO    | salsa | epoch 82 | step 6525/7813 | loss 1.8424 | lr 3.54e-05 | 122.1 samples/s
2026-10-08 15:42:40 | INFO    | salsa | epoch 82 | step 6550/7813 | loss 1.8401 | lr 3.41e-05 | 77.6 samples/s
2026-10-08 15:42:43 | INFO    | salsa | epoch 82 | train 1.8422 | valid 1.8425 | token 0.449 | acc_tau 0.207 | exact 0.0049 | 113.5 samples/s
2026-10-08 15:42:49 | INFO    | salsa | epoch 83 | step 6575/7813 | loss 1.8419 | lr 3.29e-05 | 213.4 samples/s
2026-10-08 15:42:51 | INFO    | salsa | epoch 83 | step 6600/7813 | loss 1.8416 | lr 3.16e-05 | 348.3 samples/s
2026-10-08 15:42:57 | INFO    | salsa | epoch 83 | step 6625/7813 | loss 1.8409 | lr 3.04e-05 | 324.9 samples/s
2026-10-08 15:43:02 | INFO    | salsa | epoch 83 | train 1.8418 | valid 1.8426 | token 0.449 | acc_tau 0.207 | exact 0.0029 | 114.4 samples/s
2026-10-08 15:43:51 | INFO    | salsa | epoch 84 | step 6650/7813 | loss 1.8445 | lr 2.92e-05 | 18.3 samples/s
2026-10-08 15:43:54 | INFO    | salsa | epoch 84 | step 6675/7813 | loss 1.8445 | lr 2.80e-05 | 48.6 samples/s
2026-10-08 15:44:05 | INFO    | salsa | epoch 84 | step 6700/7813 | loss 1.8441 | lr 2.69e-05 | 65.5 samples/s
2026-10-08 15:44:10 | INFO    | salsa | epoch 84 | train 1.8420 | valid 1.8426 | token 0.449 | acc_tau 0.207 | exact 0.0049 | 113.8 samples/s
2026-10-08 15:44:11 | INFO    | salsa | epoch 85 | step 6725/7813 | loss 1.8433 | lr 2.57e-05 | 552.2 samples/s
2026-10-08 15:44:32 | INFO    | salsa | epoch 85 | step 6750/7813 | loss 1.8413 | lr 2.46e-05 | 101.3 samples/s
2026-10-08 15:44:37 | INFO    | salsa | epoch 85 | step 6775/7813 | loss 1.8433 | lr 2.35e-05 | 144.5 samples/s
2026-10-08 15:44:47 | INFO    | salsa | epoch 85 | train 1.8422 | valid 1.8423 | token 0.449 | acc_tau 0.207 | exact 0.0049 | 114.1 samples/s
2026-10-08 15:44:47 | INFO    | salsa | epoch 86 | step 6800/7813 | loss 1.8428 | lr 2.25e-05 | 543.8 samples/s
2026-10-08 15:44:59 | INFO    | salsa | epoch 86 | step 6825/7813 | loss 1.8417 | lr 2.15e-05 | 165.7 samples/s
2026-10-08 15:45:03 | INFO    | salsa | epoch 86 | step 6850/7813 | loss 1.8400 | lr 2.04e-05 | 221.9 samples/s
2026-10-08 15:45:23 | INFO    | salsa | epoch 86 | train 1.8420 | valid 1.8422 | token 0.449 | acc_tau 0.190 | exact 0.0054 | 114.4 samples/s
2026-10-08 15:45:24 | INFO    | salsa | epoch 87 | step 6875/7813 | loss 1.8432 | lr 1.95e-05 | 114.5 samples/s
2026-10-08 15:45:30 | INFO    | salsa | epoch 87 | step 6900/7813 | loss 1.8415 | lr 1.85e-05 | 238.2 samples/s
2026-10-08 15:45:34 | INFO    | salsa | epoch 87 | step 6925/7813 | loss 1.8423 | lr 1.76e-05 | 299.6 samples/s
2026-10-08 15:49:56 | INFO    | salsa | epoch 87 | step 6950/7813 | loss 1.8442 | lr 1.67e-05 | 18.1 samples/s
2026-10-08 15:49:58 | INFO    | salsa | epoch 87 | train 1.8420 | valid 1.8421 | token 0.447 | acc_tau 0.207 | exact 0.0049 | 108.1 samples/s
2026-10-08 15:50:00 | INFO    | salsa | epoch 88 | step 6975/7813 | loss 1.8427 | lr 1.58e-05 | 752.0 samples/s
2026-10-08 15:50:02 | INFO    | salsa | epoch 88 | step 7000/7813 | loss 1.8426 | lr 1.49e-05 | 753.6 samples/s
2026-10-08 15:50:04 | INFO    | salsa | epoch 88 | step 7025/7813 | loss 1.8447 | lr 1.41e-05 | 757.1 samples/s
2026-10-08 15:50:06 | INFO    | salsa | epoch 88 | train 1.8422 | valid 1.8420 | token 0.449 | acc_tau 0.179 | exact 0.0054 | 109.1 samples/s
2026-10-08 15:50:08 | INFO    | salsa | epoch 89 | step 7050/7813 | loss 1.8412 | lr 1.33e-05 | 763.1 samples/s
2026-10-08 15:50:10 | INFO    | salsa | epoch 89 | step 7075/7813 | loss 1.8432 | lr 1.25e-05 | 765.9 samples/s
2026-10-08 15:50:12 | INFO    | salsa | epoch 89 | step 7100/7813 | loss 1.8421 | lr 1.17e-05 | 764.0 samples/s
2026-10-08 15:50:14 | INFO    | salsa | epoch 89 | train 1.8422 | valid 1.8420 | token 0.446 | acc_tau 0.112 | exact 0.0029 | 110.2 samples/s
2026-10-08 15:50:16 | INFO    | salsa | epoch 90 | step 7125/7813 | loss 1.8434 | lr 1.10e-05 | 764.8 samples/s
2026-10-08 15:50:18 | INFO    | salsa | epoch 90 | step 7150/7813 | loss 1.8419 | lr 1.03e-05 | 767.5 samples/s
2026-10-08 15:50:20 | INFO    | salsa | epoch 90 | step 7175/7813 | loss 1.8417 | lr 9.60e-06 | 768.5 samples/s
2026-10-08 15:50:23 | INFO    | salsa | epoch 90 | train 1.8421 | valid 1.8420 | token 0.446 | acc_tau 0.113 | exact 0.0034 | 111.2 samples/s
2026-10-08 15:50:24 | INFO    | salsa | epoch 91 | step 7200/7813 | loss 1.8413 | lr 8.94e-06 | 761.7 samples/s
2026-10-08 15:50:26 | INFO    | salsa | epoch 91 | step 7225/7813 | loss 1.8426 | lr 8.31e-06 | 764.6 samples/s
2026-10-08 15:50:28 | INFO    | salsa | epoch 91 | step 7250/7813 | loss 1.8415 | lr 7.70e-06 | 765.9 samples/s
2026-10-08 15:50:31 | INFO    | salsa | epoch 91 | train 1.8416 | valid 1.8420 | token 0.445 | acc_tau 0.112 | exact 0.0034 | 112.3 samples/s
2026-10-08 15:50:31 | INFO    | salsa | epoch 92 | step 7275/7813 | loss 1.8419 | lr 7.12e-06 | 764.5 samples/s
2026-10-08 15:50:34 | INFO    | salsa | epoch 92 | step 7300/7813 | loss 1.8419 | lr 6.57e-06 | 764.9 samples/s
2026-10-08 15:50:36 | INFO    | salsa | epoch 92 | step 7325/7813 | loss 1.8421 | lr 6.04e-06 | 764.5 samples/s
2026-10-08 15:50:39 | INFO    | salsa | epoch 92 | train 1.8419 | valid 1.8420 | token 0.449 | acc_tau 0.113 | exact 0.0034 | 113.3 samples/s
2026-10-08 15:50:39 | INFO    | salsa | epoch 93 | step 7350/7813 | loss 1.8434 | lr 5.54e-06 | 764.5 samples/s
2026-10-08 15:50:42 | INFO    | salsa | epoch 93 | step 7375/7813 | loss 1.8412 | lr 5.06e-06 | 768.7 samples/s
2026-10-08 15:50:44 | INFO    | salsa | epoch 93 | step 7400/7813 | loss 1.8434 | lr 4.61e-06 | 770.4 samples/s
2026-10-08 15:50:46 | INFO    | salsa | epoch 93 | step 7425/7813 | loss 1.8420 | lr 4.19e-06 | 770.8 samples/s
2026-10-08 15:50:47 | INFO    | salsa | epoch 93 | train 1.8419 | valid 1.8420 | token 0.446 | acc_tau 0.113 | exact 0.0034 | 114.4 samples/s
2026-10-08 15:50:49 | INFO    | salsa | epoch 94 | step 7450/7813 | loss 1.8430 | lr 3.79e-06 | 768.0 samples/s
2026-10-08 15:50:51 | INFO    | salsa | epoch 94 | step 7475/7813 | loss 1.8445 | lr 3.42e-06 | 767.4 samples/s
2026-10-08 15:50:54 | INFO    | salsa | epoch 94 | step 7500/7813 | loss 1.8409 | lr 3.08e-06 | 766.9 samples/s
2026-10-08 15:50:56 | INFO    | salsa | epoch 94 | train 1.8419 | valid 1.8420 | token 0.450 | acc_tau 0.113 | exact 0.0034 | 115.4 samples/s
2026-10-08 15:50:57 | INFO    | salsa | epoch 95 | step 7525/7813 | loss 1.8409 | lr 2.76e-06 | 771.0 samples/s
2026-10-08 15:50:59 | INFO    | salsa | epoch 95 | step 7550/7813 | loss 1.8408 | lr 2.47e-06 | 769.7 samples/s
2026-10-08 15:51:01 | INFO    | salsa | epoch 95 | step 7575/7813 | loss 1.8414 | lr 2.20e-06 | 769.7 samples/s
2026-10-08 15:51:04 | INFO    | salsa | epoch 95 | train 1.8420 | valid 1.8419 | token 0.447 | acc_tau 0.113 | exact 0.0034 | 116.4 samples/s
2026-10-08 15:51:05 | INFO    | salsa | epoch 96 | step 7600/7813 | loss 1.8441 | lr 1.96e-06 | 770.7 samples/s
2026-10-08 15:51:07 | INFO    | salsa | epoch 96 | step 7625/7813 | loss 1.8425 | lr 1.75e-06 | 771.6 samples/s
2026-10-08 15:51:09 | INFO    | salsa | epoch 96 | step 7650/7813 | loss 1.8446 | lr 1.56e-06 | 771.5 samples/s
2026-10-08 15:51:12 | INFO    | salsa | epoch 96 | train 1.8420 | valid 1.8419 | token 0.447 | acc_tau 0.113 | exact 0.0034 | 117.4 samples/s
2026-10-08 15:51:13 | INFO    | salsa | epoch 97 | step 7675/7813 | loss 1.8430 | lr 1.40e-06 | 771.9 samples/s
2026-10-08 15:51:15 | INFO    | salsa | epoch 97 | step 7700/7813 | loss 1.8430 | lr 1.27e-06 | 771.9 samples/s
2026-10-08 15:51:17 | INFO    | salsa | epoch 97 | step 7725/7813 | loss 1.8418 | lr 1.16e-06 | 772.1 samples/s
2026-10-08 15:51:20 | INFO    | salsa | epoch 97 | train 1.8420 | valid 1.8419 | token 0.447 | acc_tau 0.113 | exact 0.0034 | 118.5 samples/s
2026-10-08 15:51:21 | INFO    | salsa | epoch 98 | step 7750/7813 | loss 1.8396 | lr 1.08e-06 | 768.8 samples/s
2026-10-08 15:51:23 | INFO    | salsa | epoch 98 | step 7775/7813 | loss 1.8408 | lr 1.03e-06 | 771.5 samples/s
2026-10-08 15:51:25 | INFO    | salsa | epoch 98 | step 7800/7813 | loss 1.8411 | lr 1.00e-06 | 771.9 samples/s
2026-10-08 15:51:28 | INFO    | salsa | epoch 98 | train 1.8420 | valid 1.8419 | token 0.446 | acc_tau 0.113 | exact 0.0034 | 119.4 samples/s
2026-10-08 15:51:30 | INFO    | salsa | Training finished: planned epochs completed
