2026-08-29 15:36:37 | INFO    | salsa | Run directory: results/nact_v2/phase16_part_b/nact_training/nact_n12_h2/phase16_part_b_nact
2026-08-29 15:36:37 | INFO    | salsa | Config fingerprint: 3c29b9ed3806bffa
2026-08-29 15:36:38 | INFO    | salsa | ========================================================================
2026-08-29 15:36:38 | INFO    | salsa | Model: Salsa2-NACT (nact)
2026-08-29 15:36:38 | INFO    | salsa | Trainable parameters: 4241288
2026-08-29 15:36:38 | INFO    | salsa | LWE: n=12 q=251 sigma=3.0 h=2 structure=rlwe
2026-08-29 15:36:38 | INFO    | salsa | Encoding: base=81 order=lsb_first separator=False -> 26 input tokens, 4 output
2026-08-29 15:36:38 | INFO    | salsa | Plan: {'sample_budget': 100000, 'batch_size': 64, 'total_steps': 1563, 'steps_per_epoch': 79, 'epochs': 20, 'warmup_steps': 200, 'valid_samples': 2048}
2026-08-29 15:36:38 | INFO    | salsa | Device: cpu | threads: {'threads': 4, 'interop_threads': 10}
2026-08-29 15:36:38 | INFO    | salsa | Chance baselines: {'uniform_loss_nats': 4.442651256490317, 'marginal_loss_nats': 1.8649843130825523, 'chance_token_accuracy': 0.44621513944223107, 'chance_perfect_accuracy': 0.005142775511499817, 'chance_digit_accuracy': [0.015936, 0.322709], 'chance_exact_accuracy': 0.00398406374501992, 'chance_acc_tau': 0.19286995444516752, 'chance_acc_tau_circular_DIAGNOSTIC': 0.20318725099601595, 'tolerance': 0.1, 'tolerance_absolute': 25.1}
2026-08-29 15:36:38 | INFO    | salsa | ========================================================================
2026-08-29 15:36:38 | INFO    | salsa | Alignment verified: {'src_ids': (64, 26), 'tgt_ids': (64, 4), 'decoder_input': (64, 3), 'target': (64, 3), 'logits': (64, 3, 85), 'vocab_size': 85, 'pad_id': 0}
2026-08-29 15:36:44 | INFO    | salsa | epoch 0 | step 25/1563 | loss 2.7864 | lr 6.50e-05 | 275.6 samples/s
2026-08-29 15:36:50 | INFO    | salsa | epoch 0 | step 50/1563 | loss 2.2214 | lr 1.28e-04 | 273.8 samples/s
2026-08-29 15:36:56 | INFO    | salsa | epoch 0 | step 75/1563 | loss 2.0420 | lr 1.90e-04 | 272.8 samples/s
2026-08-29 15:37:01 | INFO    | salsa | epoch 0 | train 2.6016 | valid 2.0136 | token 0.442 | acc_tau 0.107 | exact 0.0020 | 272.6 samples/s
2026-08-29 15:37:01 | INFO    | salsa | New best valid_loss: 2.013612
2026-08-29 15:37:06 | INFO    | salsa | epoch 1 | step 100/1563 | loss 1.9264 | lr 2.53e-04 | 264.2 samples/s
2026-08-29 15:37:12 | INFO    | salsa | epoch 1 | step 125/1563 | loss 1.9250 | lr 3.15e-04 | 269.1 samples/s
2026-08-29 15:37:18 | INFO    | salsa | epoch 1 | step 150/1563 | loss 1.8726 | lr 3.78e-04 | 270.7 samples/s
2026-08-29 15:37:24 | INFO    | salsa | epoch 1 | train 1.9218 | valid 1.8781 | token 0.451 | acc_tau 0.212 | exact 0.0039 | 272.0 samples/s
2026-08-29 15:37:24 | INFO    | salsa | New best valid_loss: 1.878064
2026-08-29 15:37:28 | INFO    | salsa | epoch 2 | step 175/1563 | loss 1.8830 | lr 4.40e-04 | 273.9 samples/s
2026-08-29 15:37:33 | INFO    | salsa | epoch 2 | step 200/1563 | loss 1.8998 | lr 5.00e-04 | 275.0 samples/s
2026-08-29 15:37:40 | INFO    | salsa | epoch 2 | step 225/1563 | loss 1.8483 | lr 5.00e-04 | 267.6 samples/s
2026-08-29 15:37:47 | INFO    | salsa | epoch 2 | train 1.8816 | valid 1.8760 | token 0.448 | acc_tau 0.212 | exact 0.0049 | 270.2 samples/s
2026-08-29 15:37:47 | INFO    | salsa | New best valid_loss: 1.875977
2026-08-29 15:37:50 | INFO    | salsa | epoch 3 | step 250/1563 | loss 1.8822 | lr 4.98e-04 | 274.2 samples/s
2026-08-29 15:37:56 | INFO    | salsa | epoch 3 | step 275/1563 | loss 1.8696 | lr 4.96e-04 | 273.6 samples/s
2026-08-29 15:38:02 | INFO    | salsa | epoch 3 | step 300/1563 | loss 1.8622 | lr 4.93e-04 | 268.7 samples/s
2026-08-29 15:38:10 | INFO    | salsa | epoch 3 | train 1.8632 | valid 1.8584 | token 0.446 | acc_tau 0.200 | exact 0.0024 | 269.6 samples/s
2026-08-29 15:38:10 | INFO    | salsa | New best valid_loss: 1.858412
2026-08-29 15:38:12 | INFO    | salsa | epoch 4 | step 325/1563 | loss 1.8540 | lr 4.90e-04 | 261.3 samples/s
2026-08-29 15:38:19 | INFO    | salsa | epoch 4 | step 350/1563 | loss 1.8528 | lr 4.85e-04 | 257.2 samples/s
2026-08-29 15:38:25 | INFO    | salsa | epoch 4 | step 375/1563 | loss 1.8672 | lr 4.80e-04 | 256.5 samples/s
2026-08-29 15:38:34 | INFO    | salsa | epoch 4 | train 1.8588 | valid 1.8597 | token 0.444 | acc_tau 0.108 | exact 0.0034 | 267.2 samples/s
2026-08-29 15:38:35 | INFO    | salsa | epoch 5 | step 400/1563 | loss 1.8443 | lr 4.74e-04 | 260.1 samples/s
2026-08-29 15:38:41 | INFO    | salsa | epoch 5 | step 425/1563 | loss 1.8549 | lr 4.67e-04 | 259.5 samples/s
2026-08-29 15:38:48 | INFO    | salsa | epoch 5 | step 450/1563 | loss 1.8585 | lr 4.60e-04 | 256.4 samples/s
2026-08-29 15:38:58 | INFO    | salsa | epoch 5 | train 1.8543 | valid 1.8546 | token 0.445 | acc_tau 0.202 | exact 0.0029 | 265.6 samples/s
2026-08-29 15:38:58 | INFO    | salsa | New best valid_loss: 1.854590
2026-08-29 15:38:58 | INFO    | salsa | epoch 6 | step 475/1563 | loss 1.8544 | lr 4.52e-04 | 260.0 samples/s
2026-08-29 15:39:04 | INFO    | salsa | epoch 6 | step 500/1563 | loss 1.8675 | lr 4.43e-04 | 265.6 samples/s
2026-08-29 15:39:10 | INFO    | salsa | epoch 6 | step 525/1563 | loss 1.8530 | lr 4.33e-04 | 264.1 samples/s
2026-08-29 15:39:16 | INFO    | salsa | epoch 6 | step 550/1563 | loss 1.8368 | lr 4.23e-04 | 264.3 samples/s
2026-08-29 15:39:21 | INFO    | salsa | epoch 6 | train 1.8520 | valid 1.8523 | token 0.447 | acc_tau 0.142 | exact 0.0024 | 265.4 samples/s
2026-08-29 15:39:21 | INFO    | salsa | New best valid_loss: 1.852339
2026-08-29 15:39:27 | INFO    | salsa | epoch 7 | step 575/1563 | loss 1.7858 | lr 4.12e-04 | 261.6 samples/s
2026-08-29 15:39:33 | INFO    | salsa | epoch 7 | step 600/1563 | loss 1.8010 | lr 4.01e-04 | 261.7 samples/s
2026-08-29 15:39:39 | INFO    | salsa | epoch 7 | step 625/1563 | loss 1.6620 | lr 3.90e-04 | 261.8 samples/s
2026-08-29 15:39:45 | INFO    | salsa | epoch 7 | train 1.7638 | valid 1.5864 | token 0.633 | acc_tau 0.379 | exact 0.0112 | 265.0 samples/s
2026-08-29 15:39:45 | INFO    | salsa | New best valid_loss: 1.586437
2026-08-29 15:39:50 | INFO    | salsa | epoch 8 | step 650/1563 | loss 1.5764 | lr 3.77e-04 | 260.4 samples/s
2026-08-29 15:39:56 | INFO    | salsa | epoch 8 | step 675/1563 | loss 1.4873 | lr 3.65e-04 | 262.3 samples/s
2026-08-29 15:40:02 | INFO    | salsa | epoch 8 | step 700/1563 | loss 1.5135 | lr 3.52e-04 | 261.9 samples/s
2026-08-29 15:40:09 | INFO    | salsa | epoch 8 | train 1.5318 | valid 1.4920 | token 0.659 | acc_tau 0.636 | exact 0.0156 | 264.6 samples/s
2026-08-29 15:40:09 | INFO    | salsa | New best valid_loss: 1.491979
2026-08-29 15:40:13 | INFO    | salsa | epoch 9 | step 725/1563 | loss 1.4567 | lr 3.39e-04 | 264.9 samples/s
2026-08-29 15:40:19 | INFO    | salsa | epoch 9 | step 750/1563 | loss 1.4808 | lr 3.25e-04 | 264.8 samples/s
2026-08-29 15:40:25 | INFO    | salsa | epoch 9 | step 775/1563 | loss 1.4965 | lr 3.11e-04 | 264.1 samples/s
2026-08-29 15:40:35 | INFO    | salsa | epoch 9 | train 1.4756 | valid 1.4456 | token 0.667 | acc_tau 0.756 | exact 0.0283 | 264.2 samples/s
2026-08-29 15:40:35 | INFO    | salsa | New best valid_loss: 1.445616
2026-08-29 15:40:37 | INFO    | salsa | epoch 10 | step 800/1563 | loss 1.4365 | lr 2.97e-04 | 264.3 samples/s
2026-08-29 15:40:43 | INFO    | salsa | epoch 10 | step 825/1563 | loss 1.4126 | lr 2.83e-04 | 262.7 samples/s
2026-08-29 15:40:49 | INFO    | salsa | epoch 10 | step 850/1563 | loss 1.3642 | lr 2.69e-04 | 261.8 samples/s
2026-08-29 15:40:58 | INFO    | salsa | epoch 10 | train 1.3941 | valid 1.3242 | token 0.672 | acc_tau 0.920 | exact 0.0322 | 264.0 samples/s
2026-08-29 15:40:58 | INFO    | salsa | New best valid_loss: 1.324153
2026-08-29 15:41:00 | INFO    | salsa | epoch 11 | step 875/1563 | loss 1.3376 | lr 2.54e-04 | 258.5 samples/s
2026-08-29 15:41:06 | INFO    | salsa | epoch 11 | step 900/1563 | loss 1.2258 | lr 2.40e-04 | 261.6 samples/s
2026-08-29 15:41:12 | INFO    | salsa | epoch 11 | step 925/1563 | loss 1.2268 | lr 2.26e-04 | 261.8 samples/s
2026-08-29 15:41:22 | INFO    | salsa | epoch 11 | train 1.2599 | valid 1.1798 | token 0.685 | acc_tau 0.980 | exact 0.0649 | 263.8 samples/s
2026-08-29 15:41:22 | INFO    | salsa | New best valid_loss: 1.179830
2026-08-29 15:41:23 | INFO    | salsa | epoch 12 | step 950/1563 | loss 1.1842 | lr 2.11e-04 | 239.1 samples/s
2026-08-29 15:41:29 | INFO    | salsa | epoch 12 | step 975/1563 | loss 1.2510 | lr 1.97e-04 | 259.7 samples/s
2026-08-29 15:41:35 | INFO    | salsa | epoch 12 | step 1000/1563 | loss 1.1398 | lr 1.83e-04 | 259.6 samples/s
2026-08-29 15:41:42 | INFO    | salsa | epoch 12 | step 1025/1563 | loss 1.0748 | lr 1.69e-04 | 254.6 samples/s
2026-08-29 15:41:46 | INFO    | salsa | epoch 12 | train 1.1472 | valid 1.1145 | token 0.685 | acc_tau 0.980 | exact 0.0659 | 263.0 samples/s
2026-08-29 15:41:46 | INFO    | salsa | New best valid_loss: 1.114463
2026-08-29 15:41:52 | INFO    | salsa | epoch 13 | step 1050/1563 | loss 1.1716 | lr 1.56e-04 | 258.9 samples/s
2026-08-29 15:41:58 | INFO    | salsa | epoch 13 | step 1075/1563 | loss 1.0783 | lr 1.43e-04 | 259.6 samples/s
2026-08-29 15:42:05 | INFO    | salsa | epoch 13 | step 1100/1563 | loss 1.0160 | lr 1.30e-04 | 259.4 samples/s
2026-08-29 15:42:10 | INFO    | salsa | epoch 13 | train 1.0775 | valid 1.0469 | token 0.689 | acc_tau 0.985 | exact 0.0781 | 262.8 samples/s
2026-08-29 15:42:10 | INFO    | salsa | New best valid_loss: 1.046903
2026-08-29 15:42:15 | INFO    | salsa | epoch 14 | step 1125/1563 | loss 1.0341 | lr 1.18e-04 | 260.3 samples/s
2026-08-29 15:42:21 | INFO    | salsa | epoch 14 | step 1150/1563 | loss 0.9846 | lr 1.06e-04 | 259.7 samples/s
2026-08-29 15:42:28 | INFO    | salsa | epoch 14 | step 1175/1563 | loss 1.0356 | lr 9.43e-05 | 255.5 samples/s
2026-08-29 15:42:34 | INFO    | salsa | epoch 14 | train 1.0224 | valid 1.0078 | token 0.695 | acc_tau 0.982 | exact 0.0938 | 262.3 samples/s
2026-08-29 15:42:35 | INFO    | salsa | New best valid_loss: 1.007825
2026-08-29 15:42:38 | INFO    | salsa | epoch 15 | step 1200/1563 | loss 1.0064 | lr 8.34e-05 | 247.8 samples/s
2026-08-29 15:42:45 | INFO    | salsa | epoch 15 | step 1225/1563 | loss 1.0080 | lr 7.30e-05 | 249.5 samples/s
2026-08-29 15:42:51 | INFO    | salsa | epoch 15 | step 1250/1563 | loss 0.9788 | lr 6.32e-05 | 251.7 samples/s
2026-08-29 15:42:59 | INFO    | salsa | epoch 15 | train 0.9968 | valid 0.9878 | token 0.694 | acc_tau 0.985 | exact 0.0908 | 261.6 samples/s
2026-08-29 15:42:59 | INFO    | salsa | New best valid_loss: 0.987828
2026-08-29 15:43:02 | INFO    | salsa | epoch 16 | step 1275/1563 | loss 0.9851 | lr 5.40e-05 | 253.2 samples/s
2026-08-29 15:43:08 | INFO    | salsa | epoch 16 | step 1300/1563 | loss 0.9745 | lr 4.55e-05 | 254.4 samples/s
2026-08-29 15:43:15 | INFO    | salsa | epoch 16 | step 1325/1563 | loss 0.9946 | lr 3.76e-05 | 251.7 samples/s
2026-08-29 15:43:23 | INFO    | salsa | epoch 16 | train 0.9746 | valid 0.9746 | token 0.698 | acc_tau 0.983 | exact 0.1050 | 261.1 samples/s
2026-08-29 15:43:24 | INFO    | salsa | New best valid_loss: 0.974603
2026-08-29 15:43:25 | INFO    | salsa | epoch 17 | step 1350/1563 | loss 0.9601 | lr 3.05e-05 | 250.6 samples/s
2026-08-29 15:43:32 | INFO    | salsa | epoch 17 | step 1375/1563 | loss 0.9707 | lr 2.41e-05 | 257.6 samples/s
2026-08-29 15:43:38 | INFO    | salsa | epoch 17 | step 1400/1563 | loss 0.9681 | lr 1.84e-05 | 253.7 samples/s
2026-08-29 15:43:48 | INFO    | salsa | epoch 17 | train 0.9610 | valid 0.9601 | token 0.697 | acc_tau 0.984 | exact 0.0967 | 260.6 samples/s
2026-08-29 15:43:48 | INFO    | salsa | New best valid_loss: 0.960094
2026-08-29 15:43:49 | INFO    | salsa | epoch 18 | step 1425/1563 | loss 0.9456 | lr 1.35e-05 | 242.3 samples/s
2026-08-29 15:43:55 | INFO    | salsa | epoch 18 | step 1450/1563 | loss 0.9630 | lr 9.41e-06 | 251.1 samples/s
2026-08-29 15:44:02 | INFO    | salsa | epoch 18 | step 1475/1563 | loss 0.9252 | lr 6.11e-06 | 250.0 samples/s
2026-08-29 15:44:08 | INFO    | salsa | epoch 18 | step 1500/1563 | loss 0.9678 | lr 3.63e-06 | 248.8 samples/s
2026-08-29 15:44:13 | INFO    | salsa | epoch 18 | train 0.9543 | valid 0.9558 | token 0.697 | acc_tau 0.985 | exact 0.1001 | 260.0 samples/s
2026-08-29 15:44:13 | INFO    | salsa | New best valid_loss: 0.955763
2026-08-29 15:44:19 | INFO    | salsa | epoch 19 | step 1525/1563 | loss 0.9390 | lr 1.96e-06 | 252.3 samples/s
2026-08-29 15:44:25 | INFO    | salsa | epoch 19 | step 1550/1563 | loss 0.9415 | lr 1.11e-06 | 255.4 samples/s
2026-08-29 15:44:33 | INFO    | salsa | epoch 19 | train 0.9511 | valid 0.9552 | token 0.699 | acc_tau 0.985 | exact 0.1050 | 259.8 samples/s
2026-08-29 15:44:34 | INFO    | salsa | New best valid_loss: 0.955208
2026-08-29 15:44:38 | INFO    | salsa | Training finished: planned epochs completed
