2026-10-07 13:15:51 | INFO    | salsa | Run directory: results/nact_n30_h3_te2_full/n30_nact_full_mps_500k
2026-10-07 13:15:51 | INFO    | salsa | Config fingerprint: 50f0c3f017cf0d92
2026-10-07 13:15:51 | INFO    | salsa | ========================================================================
2026-10-07 13:15:51 | INFO    | salsa | Model: Salsa2-NACT (nact)
2026-10-07 13:15:51 | INFO    | salsa | Trainable parameters: 4241288
2026-10-07 13:15:51 | INFO    | salsa | LWE: n=30 q=251 sigma=3.0 h=3 structure=rlwe
2026-10-07 13:15:51 | INFO    | salsa | Encoding: base=81 order=lsb_first separator=False -> 62 input tokens, 4 output
2026-10-07 13:15:51 | INFO    | salsa | Plan: {'sample_budget': 500000, 'batch_size': 64, 'total_steps': 7813, 'steps_per_epoch': 79, 'epochs': 99, 'warmup_steps': 200, 'valid_samples': 2048}
2026-10-07 13:15:51 | INFO    | salsa | Device: mps | threads: {'threads': 4, 'interop_threads': 10}
2026-10-07 13:15:51 | INFO    | salsa | Chance baselines: {'uniform_loss_nats': 4.442651256490317, 'marginal_loss_nats': 1.8649843130825523, 'chance_token_accuracy': 0.44621513944223107, 'chance_perfect_accuracy': 0.005142775511499817, 'chance_digit_accuracy': [0.015936, 0.322709], 'chance_exact_accuracy': 0.00398406374501992, 'chance_acc_tau': 0.19286995444516752, 'chance_acc_tau_circular_DIAGNOSTIC': 0.20318725099601595, 'tolerance': 0.1, 'tolerance_absolute': 25.1}
2026-10-07 13:15:51 | INFO    | salsa | ========================================================================
2026-10-07 13:15:52 | INFO    | salsa | Alignment verified: {'src_ids': (64, 62), 'tgt_ids': (64, 4), 'decoder_input': (64, 3), 'target': (64, 3), 'logits': (64, 3, 85), 'vocab_size': 85, 'pad_id': 0}
2026-10-07 13:15:55 | INFO    | salsa | epoch 0 | step 25/7813 | loss 2.7183 | lr 6.50e-05 | 489.5 samples/s
2026-10-07 13:15:58 | INFO    | salsa | epoch 0 | step 50/7813 | loss 2.2327 | lr 1.28e-04 | 499.2 samples/s
2026-10-07 13:16:01 | INFO    | salsa | epoch 0 | step 75/7813 | loss 2.0168 | lr 1.90e-04 | 498.3 samples/s
2026-10-07 13:16:05 | INFO    | salsa | epoch 0 | train 2.5291 | valid 1.9720 | token 0.443 | acc_tau 0.123 | exact 0.0034 | 497.7 samples/s
2026-10-07 13:16:05 | INFO    | salsa | New best valid_loss: 1.972024
2026-10-07 13:16:07 | INFO    | salsa | epoch 1 | step 100/7813 | loss 1.9558 | lr 2.53e-04 | 505.0 samples/s
2026-10-07 13:16:10 | INFO    | salsa | epoch 1 | step 125/7813 | loss 1.9157 | lr 3.15e-04 | 505.5 samples/s
2026-10-07 13:16:14 | INFO    | salsa | epoch 1 | step 150/7813 | loss 1.9388 | lr 3.78e-04 | 503.5 samples/s
2026-10-07 13:16:17 | INFO    | salsa | epoch 1 | train 1.9124 | valid 1.8819 | token 0.446 | acc_tau 0.122 | exact 0.0049 | 500.5 samples/s
2026-10-07 13:16:17 | INFO    | salsa | New best valid_loss: 1.881911
2026-10-07 13:16:20 | INFO    | salsa | epoch 2 | step 175/7813 | loss 1.8671 | lr 4.40e-04 | 508.9 samples/s
2026-10-07 13:16:23 | INFO    | salsa | epoch 2 | step 200/7813 | loss 1.8667 | lr 5.00e-04 | 505.8 samples/s
2026-10-07 13:16:26 | INFO    | salsa | epoch 2 | step 225/7813 | loss 1.8481 | lr 5.00e-04 | 505.9 samples/s
2026-10-07 13:16:30 | INFO    | salsa | epoch 2 | train 1.8748 | valid 1.8857 | token 0.443 | acc_tau 0.209 | exact 0.0020 | 502.3 samples/s
2026-10-07 13:16:32 | INFO    | salsa | epoch 3 | step 250/7813 | loss 1.8561 | lr 5.00e-04 | 505.8 samples/s
2026-10-07 13:16:35 | INFO    | salsa | epoch 3 | step 275/7813 | loss 1.8461 | lr 5.00e-04 | 489.9 samples/s
2026-10-07 13:16:39 | INFO    | salsa | epoch 3 | step 300/7813 | loss 1.8827 | lr 5.00e-04 | 457.8 samples/s
2026-10-07 13:16:44 | INFO    | salsa | epoch 3 | train 1.8639 | valid 1.8627 | token 0.444 | acc_tau 0.126 | exact 0.0078 | 488.0 samples/s
2026-10-07 13:16:45 | INFO    | salsa | New best valid_loss: 1.862703
2026-10-07 13:16:46 | INFO    | salsa | epoch 4 | step 325/7813 | loss 1.8681 | lr 5.00e-04 | 470.3 samples/s
2026-10-07 13:16:49 | INFO    | salsa | epoch 4 | step 350/7813 | loss 1.8519 | lr 5.00e-04 | 474.6 samples/s
2026-10-07 13:16:52 | INFO    | salsa | epoch 4 | step 375/7813 | loss 1.8773 | lr 4.99e-04 | 486.4 samples/s
2026-10-07 13:16:58 | INFO    | salsa | epoch 4 | train 1.8609 | valid 1.8539 | token 0.447 | acc_tau 0.207 | exact 0.0029 | 486.5 samples/s
2026-10-07 13:16:58 | INFO    | salsa | New best valid_loss: 1.853866
2026-10-07 13:16:59 | INFO    | salsa | epoch 5 | step 400/7813 | loss 1.8567 | lr 4.99e-04 | 406.5 samples/s
2026-10-07 13:17:02 | INFO    | salsa | epoch 5 | step 425/7813 | loss 1.8465 | lr 4.99e-04 | 463.9 samples/s
2026-10-07 13:17:06 | INFO    | salsa | epoch 5 | step 450/7813 | loss 1.8588 | lr 4.99e-04 | 469.2 samples/s
2026-10-07 13:17:12 | INFO    | salsa | epoch 5 | train 1.8563 | valid 1.8599 | token 0.445 | acc_tau 0.117 | exact 0.0034 | 484.7 samples/s
2026-10-07 13:17:12 | INFO    | salsa | epoch 6 | step 475/7813 | loss 1.8440 | lr 4.98e-04 | 576.8 samples/s
2026-10-07 13:17:15 | INFO    | salsa | epoch 6 | step 500/7813 | loss 1.8638 | lr 4.98e-04 | 491.5 samples/s
2026-10-07 13:17:18 | INFO    | salsa | epoch 6 | step 525/7813 | loss 1.8602 | lr 4.98e-04 | 493.9 samples/s
2026-10-07 13:17:22 | INFO    | salsa | epoch 6 | step 550/7813 | loss 1.8557 | lr 4.97e-04 | 494.3 samples/s
2026-10-07 13:17:25 | INFO    | salsa | epoch 6 | train 1.8554 | valid 1.8498 | token 0.447 | acc_tau 0.205 | exact 0.0054 | 486.1 samples/s
2026-10-07 13:17:25 | INFO    | salsa | New best valid_loss: 1.849843
2026-10-07 13:17:28 | INFO    | salsa | epoch 7 | step 575/7813 | loss 1.8659 | lr 4.97e-04 | 494.3 samples/s
2026-10-07 13:17:31 | INFO    | salsa | epoch 7 | step 600/7813 | loss 1.8658 | lr 4.97e-04 | 465.4 samples/s
2026-10-07 13:17:35 | INFO    | salsa | epoch 7 | step 625/7813 | loss 1.8590 | lr 4.96e-04 | 457.4 samples/s
2026-10-07 13:17:39 | INFO    | salsa | epoch 7 | train 1.8545 | valid 1.8509 | token 0.445 | acc_tau 0.127 | exact 0.0039 | 482.4 samples/s
2026-10-07 13:17:41 | INFO    | salsa | epoch 8 | step 650/7813 | loss 1.8596 | lr 4.96e-04 | 486.3 samples/s
2026-10-07 13:17:44 | INFO    | salsa | epoch 8 | step 675/7813 | loss 1.8474 | lr 4.95e-04 | 491.6 samples/s
2026-10-07 13:17:47 | INFO    | salsa | epoch 8 | step 700/7813 | loss 1.8634 | lr 4.95e-04 | 495.2 samples/s
2026-10-07 13:17:52 | INFO    | salsa | epoch 8 | train 1.8571 | valid 1.8498 | token 0.446 | acc_tau 0.114 | exact 0.0039 | 483.9 samples/s
2026-10-07 13:17:52 | INFO    | salsa | New best valid_loss: 1.849822
2026-10-07 13:17:53 | INFO    | salsa | epoch 9 | step 725/7813 | loss 1.8282 | lr 4.94e-04 | 506.3 samples/s
2026-10-07 13:17:57 | INFO    | salsa | epoch 9 | step 750/7813 | loss 1.8510 | lr 4.94e-04 | 505.2 samples/s
2026-10-07 13:18:00 | INFO    | salsa | epoch 9 | step 775/7813 | loss 1.8501 | lr 4.93e-04 | 505.2 samples/s
2026-10-07 13:18:04 | INFO    | salsa | epoch 9 | train 1.8513 | valid 1.8863 | token 0.438 | acc_tau 0.092 | exact 0.0020 | 485.9 samples/s
2026-10-07 13:18:06 | INFO    | salsa | epoch 10 | step 800/7813 | loss 1.8401 | lr 4.92e-04 | 502.0 samples/s
2026-10-07 13:18:09 | INFO    | salsa | epoch 10 | step 825/7813 | loss 1.8582 | lr 4.92e-04 | 504.8 samples/s
2026-10-07 13:18:12 | INFO    | salsa | epoch 10 | step 850/7813 | loss 1.8488 | lr 4.91e-04 | 501.5 samples/s
2026-10-07 13:18:17 | INFO    | salsa | epoch 10 | train 1.8520 | valid 1.8472 | token 0.447 | acc_tau 0.130 | exact 0.0034 | 487.2 samples/s
2026-10-07 13:18:17 | INFO    | salsa | New best valid_loss: 1.847220
2026-10-07 13:18:18 | INFO    | salsa | epoch 11 | step 875/7813 | loss 1.8567 | lr 4.90e-04 | 508.2 samples/s
2026-10-07 13:18:21 | INFO    | salsa | epoch 11 | step 900/7813 | loss 1.8581 | lr 4.90e-04 | 502.4 samples/s
2026-10-07 13:18:25 | INFO    | salsa | epoch 11 | step 925/7813 | loss 1.8394 | lr 4.89e-04 | 500.0 samples/s
2026-10-07 13:18:30 | INFO    | salsa | epoch 11 | train 1.8494 | valid 1.8540 | token 0.444 | acc_tau 0.125 | exact 0.0049 | 487.8 samples/s
2026-10-07 13:18:31 | INFO    | salsa | epoch 12 | step 950/7813 | loss 1.8530 | lr 4.88e-04 | 484.7 samples/s
2026-10-07 13:18:34 | INFO    | salsa | epoch 12 | step 975/7813 | loss 1.8528 | lr 4.87e-04 | 502.3 samples/s
2026-10-07 13:18:37 | INFO    | salsa | epoch 12 | step 1000/7813 | loss 1.8494 | lr 4.87e-04 | 502.3 samples/s
2026-10-07 13:18:40 | INFO    | salsa | epoch 12 | step 1025/7813 | loss 1.8553 | lr 4.86e-04 | 502.4 samples/s
2026-10-07 13:18:43 | INFO    | salsa | epoch 12 | train 1.8506 | valid 1.8493 | token 0.448 | acc_tau 0.204 | exact 0.0034 | 488.9 samples/s
2026-10-07 13:18:46 | INFO    | salsa | epoch 13 | step 1050/7813 | loss 1.8634 | lr 4.85e-04 | 497.8 samples/s
2026-10-07 13:18:49 | INFO    | salsa | epoch 13 | step 1075/7813 | loss 1.8422 | lr 4.84e-04 | 500.2 samples/s
2026-10-07 13:18:53 | INFO    | salsa | epoch 13 | step 1100/7813 | loss 1.8448 | lr 4.83e-04 | 500.1 samples/s
2026-10-07 13:18:56 | INFO    | salsa | epoch 13 | train 1.8492 | valid 1.8520 | token 0.441 | acc_tau 0.209 | exact 0.0024 | 489.7 samples/s
2026-10-07 13:18:59 | INFO    | salsa | epoch 14 | step 1125/7813 | loss 1.8416 | lr 4.82e-04 | 506.3 samples/s
2026-10-07 13:19:02 | INFO    | salsa | epoch 14 | step 1150/7813 | loss 1.8595 | lr 4.81e-04 | 505.1 samples/s
2026-10-07 13:19:05 | INFO    | salsa | epoch 14 | step 1175/7813 | loss 1.8444 | lr 4.80e-04 | 500.9 samples/s
2026-10-07 13:19:09 | INFO    | salsa | epoch 14 | train 1.8534 | valid 1.8485 | token 0.443 | acc_tau 0.169 | exact 0.0068 | 490.3 samples/s
2026-10-07 13:19:11 | INFO    | salsa | epoch 15 | step 1200/7813 | loss 1.8631 | lr 4.79e-04 | 502.7 samples/s
2026-10-07 13:19:14 | INFO    | salsa | epoch 15 | step 1225/7813 | loss 1.8526 | lr 4.78e-04 | 499.5 samples/s
2026-10-07 13:19:17 | INFO    | salsa | epoch 15 | step 1250/7813 | loss 1.8581 | lr 4.77e-04 | 499.9 samples/s
2026-10-07 13:19:22 | INFO    | salsa | epoch 15 | train 1.8509 | valid 1.8460 | token 0.445 | acc_tau 0.199 | exact 0.0034 | 490.9 samples/s
2026-10-07 13:19:22 | INFO    | salsa | New best valid_loss: 1.846039
2026-10-07 13:19:23 | INFO    | salsa | epoch 16 | step 1275/7813 | loss 1.8364 | lr 4.76e-04 | 503.6 samples/s
2026-10-07 13:19:27 | INFO    | salsa | epoch 16 | step 1300/7813 | loss 1.8465 | lr 4.75e-04 | 503.4 samples/s
2026-10-07 13:19:30 | INFO    | salsa | epoch 16 | step 1325/7813 | loss 1.8541 | lr 4.74e-04 | 504.2 samples/s
2026-10-07 13:19:35 | INFO    | salsa | epoch 16 | train 1.8499 | valid 1.8486 | token 0.447 | acc_tau 0.104 | exact 0.0039 | 491.6 samples/s
2026-10-07 13:19:36 | INFO    | salsa | epoch 17 | step 1350/7813 | loss 1.8721 | lr 4.72e-04 | 502.3 samples/s
2026-10-07 13:19:39 | INFO    | salsa | epoch 17 | step 1375/7813 | loss 1.8542 | lr 4.71e-04 | 503.2 samples/s
2026-10-07 13:19:42 | INFO    | salsa | epoch 17 | step 1400/7813 | loss 1.8495 | lr 4.70e-04 | 501.0 samples/s
2026-10-07 13:19:48 | INFO    | salsa | epoch 17 | train 1.8498 | valid 1.8467 | token 0.445 | acc_tau 0.121 | exact 0.0015 | 492.2 samples/s
2026-10-07 13:19:48 | INFO    | salsa | epoch 18 | step 1425/7813 | loss 1.8399 | lr 4.69e-04 | 504.6 samples/s
2026-10-07 13:19:51 | INFO    | salsa | epoch 18 | step 1450/7813 | loss 1.8524 | lr 4.68e-04 | 502.9 samples/s
2026-10-07 13:19:54 | INFO    | salsa | epoch 18 | step 1475/7813 | loss 1.8506 | lr 4.66e-04 | 504.5 samples/s
2026-10-07 13:19:57 | INFO    | salsa | epoch 18 | step 1500/7813 | loss 1.8436 | lr 4.65e-04 | 503.1 samples/s
2026-10-07 13:20:00 | INFO    | salsa | epoch 18 | train 1.8479 | valid 1.8484 | token 0.443 | acc_tau 0.134 | exact 0.0029 | 492.7 samples/s
2026-10-07 13:20:03 | INFO    | salsa | epoch 19 | step 1525/7813 | loss 1.8544 | lr 4.64e-04 | 504.2 samples/s
2026-10-07 13:20:07 | INFO    | salsa | epoch 19 | step 1550/7813 | loss 1.8543 | lr 4.62e-04 | 502.0 samples/s
2026-10-07 13:20:10 | INFO    | salsa | epoch 19 | step 1575/7813 | loss 1.8423 | lr 4.61e-04 | 503.3 samples/s
2026-10-07 13:20:13 | INFO    | salsa | epoch 19 | train 1.8524 | valid 1.8471 | token 0.445 | acc_tau 0.092 | exact 0.0020 | 493.2 samples/s
2026-10-07 13:20:16 | INFO    | salsa | epoch 20 | step 1600/7813 | loss 1.8449 | lr 4.60e-04 | 501.3 samples/s
2026-10-07 13:20:19 | INFO    | salsa | epoch 20 | step 1625/7813 | loss 1.8398 | lr 4.58e-04 | 501.9 samples/s
2026-10-07 13:20:22 | INFO    | salsa | epoch 20 | step 1650/7813 | loss 1.8487 | lr 4.57e-04 | 502.2 samples/s
2026-10-07 13:20:26 | INFO    | salsa | epoch 20 | train 1.8494 | valid 1.8491 | token 0.446 | acc_tau 0.134 | exact 0.0029 | 493.6 samples/s
2026-10-07 13:20:28 | INFO    | salsa | epoch 21 | step 1675/7813 | loss 1.8390 | lr 4.55e-04 | 506.5 samples/s
2026-10-07 13:20:31 | INFO    | salsa | epoch 21 | step 1700/7813 | loss 1.8460 | lr 4.54e-04 | 501.5 samples/s
2026-10-07 13:20:34 | INFO    | salsa | epoch 21 | step 1725/7813 | loss 1.8459 | lr 4.52e-04 | 502.8 samples/s
2026-10-07 13:20:39 | INFO    | salsa | epoch 21 | train 1.8493 | valid 1.8548 | token 0.446 | acc_tau 0.204 | exact 0.0034 | 494.0 samples/s
2026-10-07 13:20:40 | INFO    | salsa | epoch 22 | step 1750/7813 | loss 1.8394 | lr 4.51e-04 | 501.2 samples/s
2026-10-07 13:20:44 | INFO    | salsa | epoch 22 | step 1775/7813 | loss 1.8498 | lr 4.49e-04 | 499.9 samples/s
2026-10-07 13:20:47 | INFO    | salsa | epoch 22 | step 1800/7813 | loss 1.8506 | lr 4.48e-04 | 499.1 samples/s
2026-10-07 13:20:52 | INFO    | salsa | epoch 22 | train 1.8485 | valid 1.8476 | token 0.444 | acc_tau 0.092 | exact 0.0020 | 494.3 samples/s
2026-10-07 13:20:53 | INFO    | salsa | epoch 23 | step 1825/7813 | loss 1.8525 | lr 4.46e-04 | 503.3 samples/s
2026-10-07 13:20:56 | INFO    | salsa | epoch 23 | step 1850/7813 | loss 1.8482 | lr 4.44e-04 | 501.7 samples/s
2026-10-07 13:20:59 | INFO    | salsa | epoch 23 | step 1875/7813 | loss 1.8440 | lr 4.43e-04 | 502.9 samples/s
2026-10-07 13:21:05 | INFO    | salsa | epoch 23 | train 1.8472 | valid 1.8447 | token 0.448 | acc_tau 0.107 | exact 0.0063 | 494.6 samples/s
2026-10-07 13:21:05 | INFO    | salsa | New best valid_loss: 1.844728
2026-10-07 13:21:05 | INFO    | salsa | epoch 24 | step 1900/7813 | loss 1.8633 | lr 4.41e-04 | 498.3 samples/s
2026-10-07 13:21:08 | INFO    | salsa | epoch 24 | step 1925/7813 | loss 1.8476 | lr 4.39e-04 | 503.0 samples/s
2026-10-07 13:21:12 | INFO    | salsa | epoch 24 | step 1950/7813 | loss 1.9074 | lr 4.38e-04 | 500.5 samples/s
2026-10-07 13:21:15 | INFO    | salsa | epoch 24 | step 1975/7813 | loss 1.8372 | lr 4.36e-04 | 496.8 samples/s
2026-10-07 13:21:18 | INFO    | salsa | epoch 24 | train 1.8553 | valid 1.8472 | token 0.448 | acc_tau 0.200 | exact 0.0044 | 494.7 samples/s
2026-10-07 13:21:21 | INFO    | salsa | epoch 25 | step 2000/7813 | loss 1.8523 | lr 4.34e-04 | 502.5 samples/s
2026-10-07 13:21:24 | INFO    | salsa | epoch 25 | step 2025/7813 | loss 1.8489 | lr 4.33e-04 | 500.6 samples/s
2026-10-07 13:21:27 | INFO    | salsa | epoch 25 | step 2050/7813 | loss 1.8442 | lr 4.31e-04 | 500.3 samples/s
2026-10-07 13:21:30 | INFO    | salsa | epoch 25 | train 1.8475 | valid 1.8470 | token 0.446 | acc_tau 0.207 | exact 0.0029 | 494.9 samples/s
2026-10-07 13:21:33 | INFO    | salsa | epoch 26 | step 2075/7813 | loss 1.8456 | lr 4.29e-04 | 507.8 samples/s
2026-10-07 13:21:36 | INFO    | salsa | epoch 26 | step 2100/7813 | loss 1.8510 | lr 4.27e-04 | 505.4 samples/s
2026-10-07 13:21:40 | INFO    | salsa | epoch 26 | step 2125/7813 | loss 1.8395 | lr 4.25e-04 | 505.8 samples/s
2026-10-07 13:21:43 | INFO    | salsa | epoch 26 | train 1.8475 | valid 1.8461 | token 0.448 | acc_tau 0.208 | exact 0.0029 | 495.3 samples/s
2026-10-07 13:21:46 | INFO    | salsa | epoch 27 | step 2150/7813 | loss 1.8476 | lr 4.23e-04 | 496.0 samples/s
2026-10-07 13:21:49 | INFO    | salsa | epoch 27 | step 2175/7813 | loss 1.8509 | lr 4.22e-04 | 499.4 samples/s
2026-10-07 13:21:52 | INFO    | salsa | epoch 27 | step 2200/7813 | loss 1.8426 | lr 4.20e-04 | 500.4 samples/s
2026-10-07 13:21:56 | INFO    | salsa | epoch 27 | train 1.8465 | valid 1.8446 | token 0.447 | acc_tau 0.197 | exact 0.0049 | 495.5 samples/s
2026-10-07 13:21:56 | INFO    | salsa | New best valid_loss: 1.844580
2026-10-07 13:21:58 | INFO    | salsa | epoch 28 | step 2225/7813 | loss 1.8394 | lr 4.18e-04 | 503.9 samples/s
2026-10-07 13:22:01 | INFO    | salsa | epoch 28 | step 2250/7813 | loss 1.8514 | lr 4.16e-04 | 502.8 samples/s
2026-10-07 13:22:04 | INFO    | salsa | epoch 28 | step 2275/7813 | loss 1.8380 | lr 4.14e-04 | 502.7 samples/s
2026-10-07 13:22:09 | INFO    | salsa | epoch 28 | train 1.8499 | valid 1.8477 | token 0.446 | acc_tau 0.206 | exact 0.0034 | 495.7 samples/s
2026-10-07 13:22:10 | INFO    | salsa | epoch 29 | step 2300/7813 | loss 1.8511 | lr 4.12e-04 | 500.3 samples/s
2026-10-07 13:22:13 | INFO    | salsa | epoch 29 | step 2325/7813 | loss 1.8500 | lr 4.10e-04 | 498.6 samples/s
2026-10-07 13:22:17 | INFO    | salsa | epoch 29 | step 2350/7813 | loss 1.8383 | lr 4.08e-04 | 497.0 samples/s
2026-10-07 13:22:22 | INFO    | salsa | epoch 29 | train 1.8475 | valid 1.8455 | token 0.447 | acc_tau 0.126 | exact 0.0078 | 495.7 samples/s
2026-10-07 13:22:23 | INFO    | salsa | epoch 30 | step 2375/7813 | loss 1.8392 | lr 4.06e-04 | 502.3 samples/s
2026-10-07 13:22:26 | INFO    | salsa | epoch 30 | step 2400/7813 | loss 1.8414 | lr 4.04e-04 | 500.0 samples/s
2026-10-07 13:22:29 | INFO    | salsa | epoch 30 | step 2425/7813 | loss 1.8499 | lr 4.02e-04 | 500.9 samples/s
2026-10-07 13:22:35 | INFO    | salsa | epoch 30 | train 1.8455 | valid 1.8457 | token 0.449 | acc_tau 0.207 | exact 0.0049 | 495.9 samples/s
2026-10-07 13:22:35 | INFO    | salsa | epoch 31 | step 2450/7813 | loss 1.8385 | lr 4.00e-04 | 478.7 samples/s
2026-10-07 13:22:38 | INFO    | salsa | epoch 31 | step 2475/7813 | loss 1.8494 | lr 3.98e-04 | 500.9 samples/s
2026-10-07 13:22:41 | INFO    | salsa | epoch 31 | step 2500/7813 | loss 1.8402 | lr 3.96e-04 | 500.6 samples/s
2026-10-07 13:22:45 | INFO    | salsa | epoch 31 | step 2525/7813 | loss 1.8533 | lr 3.94e-04 | 500.5 samples/s
2026-10-07 13:22:48 | INFO    | salsa | epoch 31 | train 1.8470 | valid 1.8448 | token 0.446 | acc_tau 0.117 | exact 0.0034 | 496.0 samples/s
2026-10-07 13:22:51 | INFO    | salsa | epoch 32 | step 2550/7813 | loss 1.8529 | lr 3.92e-04 | 503.6 samples/s
2026-10-07 13:22:54 | INFO    | salsa | epoch 32 | step 2575/7813 | loss 1.8499 | lr 3.89e-04 | 504.9 samples/s
2026-10-07 13:22:57 | INFO    | salsa | epoch 32 | step 2600/7813 | loss 1.8373 | lr 3.87e-04 | 502.4 samples/s
2026-10-07 13:23:01 | INFO    | salsa | epoch 32 | train 1.8469 | valid 1.8486 | token 0.446 | acc_tau 0.113 | exact 0.0034 | 496.2 samples/s
2026-10-07 13:23:03 | INFO    | salsa | epoch 33 | step 2625/7813 | loss 1.8496 | lr 3.85e-04 | 504.2 samples/s
2026-10-07 13:23:06 | INFO    | salsa | epoch 33 | step 2650/7813 | loss 1.8376 | lr 3.83e-04 | 500.1 samples/s
2026-10-07 13:23:09 | INFO    | salsa | epoch 33 | step 2675/7813 | loss 1.8515 | lr 3.81e-04 | 501.7 samples/s
2026-10-07 13:23:13 | INFO    | salsa | epoch 33 | train 1.8465 | valid 1.8459 | token 0.446 | acc_tau 0.179 | exact 0.0054 | 496.3 samples/s
2026-10-07 13:23:15 | INFO    | salsa | epoch 34 | step 2700/7813 | loss 1.8337 | lr 3.79e-04 | 498.5 samples/s
2026-10-07 13:23:18 | INFO    | salsa | epoch 34 | step 2725/7813 | loss 1.8483 | lr 3.76e-04 | 499.7 samples/s
2026-10-07 13:23:22 | INFO    | salsa | epoch 34 | step 2750/7813 | loss 1.8560 | lr 3.74e-04 | 499.7 samples/s
2026-10-07 13:23:26 | INFO    | salsa | epoch 34 | train 1.8463 | valid 1.8476 | token 0.444 | acc_tau 0.134 | exact 0.0029 | 496.4 samples/s
2026-10-07 13:23:28 | INFO    | salsa | epoch 35 | step 2775/7813 | loss 1.8427 | lr 3.72e-04 | 507.0 samples/s
2026-10-07 13:23:31 | INFO    | salsa | epoch 35 | step 2800/7813 | loss 1.8555 | lr 3.70e-04 | 498.4 samples/s
2026-10-07 13:23:34 | INFO    | salsa | epoch 35 | step 2825/7813 | loss 1.8430 | lr 3.67e-04 | 499.7 samples/s
2026-10-07 13:23:39 | INFO    | salsa | epoch 35 | train 1.8452 | valid 1.8475 | token 0.445 | acc_tau 0.092 | exact 0.0020 | 496.5 samples/s
2026-10-07 13:23:40 | INFO    | salsa | epoch 36 | step 2850/7813 | loss 1.8494 | lr 3.65e-04 | 492.9 samples/s
2026-10-07 13:23:43 | INFO    | salsa | epoch 36 | step 2875/7813 | loss 1.8552 | lr 3.63e-04 | 498.4 samples/s
2026-10-07 13:23:46 | INFO    | salsa | epoch 36 | step 2900/7813 | loss 1.8505 | lr 3.61e-04 | 496.1 samples/s
2026-10-07 13:23:52 | INFO    | salsa | epoch 36 | train 1.8511 | valid 1.8455 | token 0.444 | acc_tau 0.114 | exact 0.0039 | 496.6 samples/s
2026-10-07 13:23:52 | INFO    | salsa | epoch 37 | step 2925/7813 | loss 1.8370 | lr 3.58e-04 | 510.7 samples/s
2026-10-07 13:23:56 | INFO    | salsa | epoch 37 | step 2950/7813 | loss 1.8340 | lr 3.56e-04 | 501.4 samples/s
2026-10-07 13:23:59 | INFO    | salsa | epoch 37 | step 2975/7813 | loss 1.8564 | lr 3.54e-04 | 502.9 samples/s
2026-10-07 13:24:02 | INFO    | salsa | epoch 37 | step 3000/7813 | loss 1.8390 | lr 3.51e-04 | 502.8 samples/s
2026-10-07 13:24:05 | INFO    | salsa | epoch 37 | train 1.8464 | valid 1.8463 | token 0.446 | acc_tau 0.121 | exact 0.0015 | 496.7 samples/s
2026-10-07 13:24:08 | INFO    | salsa | epoch 38 | step 3025/7813 | loss 1.8420 | lr 3.49e-04 | 501.9 samples/s
2026-10-07 13:24:11 | INFO    | salsa | epoch 38 | step 3050/7813 | loss 1.8468 | lr 3.46e-04 | 502.5 samples/s
2026-10-07 13:24:14 | INFO    | salsa | epoch 38 | step 3075/7813 | loss 1.8395 | lr 3.44e-04 | 500.7 samples/s
2026-10-07 13:24:18 | INFO    | salsa | epoch 38 | train 1.8451 | valid 1.8453 | token 0.445 | acc_tau 0.116 | exact 0.0034 | 496.8 samples/s
2026-10-07 13:24:20 | INFO    | salsa | epoch 39 | step 3100/7813 | loss 1.8348 | lr 3.42e-04 | 499.4 samples/s
2026-10-07 13:24:23 | INFO    | salsa | epoch 39 | step 3125/7813 | loss 1.8541 | lr 3.39e-04 | 499.9 samples/s
2026-10-07 13:24:27 | INFO    | salsa | epoch 39 | step 3150/7813 | loss 1.8360 | lr 3.37e-04 | 501.1 samples/s
2026-10-07 13:24:31 | INFO    | salsa | epoch 39 | train 1.8454 | valid 1.8443 | token 0.444 | acc_tau 0.207 | exact 0.0049 | 496.9 samples/s
2026-10-07 13:24:31 | INFO    | salsa | New best valid_loss: 1.844309
2026-10-07 13:24:33 | INFO    | salsa | epoch 40 | step 3175/7813 | loss 1.8423 | lr 3.34e-04 | 504.8 samples/s
2026-10-07 13:24:36 | INFO    | salsa | epoch 40 | step 3200/7813 | loss 1.8469 | lr 3.32e-04 | 500.4 samples/s
2026-10-07 13:24:39 | INFO    | salsa | epoch 40 | step 3225/7813 | loss 1.8452 | lr 3.30e-04 | 500.9 samples/s
2026-10-07 13:24:44 | INFO    | salsa | epoch 40 | train 1.8455 | valid 1.8440 | token 0.444 | acc_tau 0.204 | exact 0.0034 | 497.0 samples/s
2026-10-07 13:24:44 | INFO    | salsa | New best valid_loss: 1.844049
2026-10-07 13:24:45 | INFO    | salsa | epoch 41 | step 3250/7813 | loss 1.8586 | lr 3.27e-04 | 492.8 samples/s
2026-10-07 13:24:48 | INFO    | salsa | epoch 41 | step 3275/7813 | loss 1.8491 | lr 3.25e-04 | 500.0 samples/s
2026-10-07 13:24:51 | INFO    | salsa | epoch 41 | step 3300/7813 | loss 1.8476 | lr 3.22e-04 | 500.7 samples/s
2026-10-07 13:24:56 | INFO    | salsa | epoch 41 | train 1.8458 | valid 1.8473 | token 0.444 | acc_tau 0.140 | exact 0.0024 | 497.1 samples/s
2026-10-07 13:24:57 | INFO    | salsa | epoch 42 | step 3325/7813 | loss 1.8443 | lr 3.20e-04 | 504.7 samples/s
2026-10-07 13:25:01 | INFO    | salsa | epoch 42 | step 3350/7813 | loss 1.8524 | lr 3.17e-04 | 501.2 samples/s
2026-10-07 13:25:04 | INFO    | salsa | epoch 42 | step 3375/7813 | loss 1.8491 | lr 3.15e-04 | 500.7 samples/s
2026-10-07 13:25:09 | INFO    | salsa | epoch 42 | train 1.8447 | valid 1.8456 | token 0.447 | acc_tau 0.209 | exact 0.0024 | 497.2 samples/s
2026-10-07 13:25:10 | INFO    | salsa | epoch 43 | step 3400/7813 | loss 1.8350 | lr 3.12e-04 | 501.9 samples/s
2026-10-07 13:25:13 | INFO    | salsa | epoch 43 | step 3425/7813 | loss 1.8411 | lr 3.10e-04 | 490.8 samples/s
2026-10-07 13:25:16 | INFO    | salsa | epoch 43 | step 3450/7813 | loss 1.8474 | lr 3.07e-04 | 494.3 samples/s
2026-10-07 13:25:19 | INFO    | salsa | epoch 43 | step 3475/7813 | loss 1.8495 | lr 3.05e-04 | 496.4 samples/s
2026-10-07 13:25:22 | INFO    | salsa | epoch 43 | train 1.8446 | valid 1.8444 | token 0.445 | acc_tau 0.200 | exact 0.0049 | 497.1 samples/s
2026-10-07 13:25:25 | INFO    | salsa | epoch 44 | step 3500/7813 | loss 1.8420 | lr 3.02e-04 | 499.5 samples/s
2026-10-07 13:25:29 | INFO    | salsa | epoch 44 | step 3525/7813 | loss 1.8460 | lr 3.00e-04 | 500.4 samples/s
2026-10-07 13:25:32 | INFO    | salsa | epoch 44 | step 3550/7813 | loss 1.8499 | lr 2.97e-04 | 500.4 samples/s
2026-10-07 13:25:35 | INFO    | salsa | epoch 44 | train 1.8451 | valid 1.8441 | token 0.447 | acc_tau 0.169 | exact 0.0015 | 497.2 samples/s
2026-10-07 13:25:38 | INFO    | salsa | epoch 45 | step 3575/7813 | loss 1.8420 | lr 2.95e-04 | 501.2 samples/s
2026-10-07 13:25:41 | INFO    | salsa | epoch 45 | step 3600/7813 | loss 1.8565 | lr 2.92e-04 | 499.8 samples/s
2026-10-07 13:25:44 | INFO    | salsa | epoch 45 | step 3625/7813 | loss 1.8458 | lr 2.90e-04 | 488.9 samples/s
2026-10-07 13:25:48 | INFO    | salsa | epoch 45 | train 1.8452 | valid 1.8437 | token 0.449 | acc_tau 0.099 | exact 0.0063 | 497.0 samples/s
2026-10-07 13:25:49 | INFO    | salsa | New best valid_loss: 1.843678
2026-10-07 13:25:51 | INFO    | salsa | epoch 46 | step 3650/7813 | loss 1.8461 | lr 2.87e-04 | 498.9 samples/s
2026-10-07 13:25:54 | INFO    | salsa | epoch 46 | step 3675/7813 | loss 1.8474 | lr 2.85e-04 | 500.9 samples/s
2026-10-07 13:25:57 | INFO    | salsa | epoch 46 | step 3700/7813 | loss 1.8383 | lr 2.82e-04 | 498.4 samples/s
2026-10-07 13:26:01 | INFO    | salsa | epoch 46 | train 1.8453 | valid 1.8423 | token 0.449 | acc_tau 0.200 | exact 0.0049 | 497.1 samples/s
2026-10-07 13:26:02 | INFO    | salsa | New best valid_loss: 1.842324
2026-10-07 13:26:03 | INFO    | salsa | epoch 47 | step 3725/7813 | loss 1.8387 | lr 2.79e-04 | 502.2 samples/s
2026-10-07 13:26:06 | INFO    | salsa | epoch 47 | step 3750/7813 | loss 1.8462 | lr 2.77e-04 | 497.5 samples/s
2026-10-07 13:26:10 | INFO    | salsa | epoch 47 | step 3775/7813 | loss 1.8535 | lr 2.74e-04 | 499.7 samples/s
2026-10-07 13:26:14 | INFO    | salsa | epoch 47 | train 1.8439 | valid 1.8423 | token 0.448 | acc_tau 0.102 | exact 0.0068 | 497.1 samples/s
2026-10-07 13:26:16 | INFO    | salsa | epoch 48 | step 3800/7813 | loss 1.8444 | lr 2.72e-04 | 498.1 samples/s
2026-10-07 13:26:19 | INFO    | salsa | epoch 48 | step 3825/7813 | loss 1.8251 | lr 2.69e-04 | 501.4 samples/s
2026-10-07 13:26:22 | INFO    | salsa | epoch 48 | step 3850/7813 | loss 1.8456 | lr 2.67e-04 | 501.7 samples/s
2026-10-07 13:26:27 | INFO    | salsa | epoch 48 | train 1.8438 | valid 1.8436 | token 0.448 | acc_tau 0.202 | exact 0.0020 | 497.2 samples/s
2026-10-07 13:26:28 | INFO    | salsa | epoch 49 | step 3875/7813 | loss 1.8443 | lr 2.64e-04 | 493.2 samples/s
2026-10-07 13:26:31 | INFO    | salsa | epoch 49 | step 3900/7813 | loss 1.8425 | lr 2.61e-04 | 499.7 samples/s
2026-10-07 13:26:34 | INFO    | salsa | epoch 49 | step 3925/7813 | loss 1.8470 | lr 2.59e-04 | 500.1 samples/s
2026-10-07 13:26:37 | INFO    | salsa | epoch 49 | step 3950/7813 | loss 1.8448 | lr 2.56e-04 | 499.7 samples/s
2026-10-07 13:26:40 | INFO    | salsa | epoch 49 | train 1.8450 | valid 1.8442 | token 0.445 | acc_tau 0.200 | exact 0.0044 | 497.2 samples/s
2026-10-07 13:26:43 | INFO    | salsa | epoch 50 | step 3975/7813 | loss 1.8483 | lr 2.54e-04 | 494.2 samples/s
2026-10-07 13:26:47 | INFO    | salsa | epoch 50 | step 4000/7813 | loss 1.8469 | lr 2.51e-04 | 495.2 samples/s
2026-10-07 13:26:50 | INFO    | salsa | epoch 50 | step 4025/7813 | loss 1.8441 | lr 2.49e-04 | 496.2 samples/s
2026-10-07 13:26:53 | INFO    | salsa | epoch 50 | train 1.8446 | valid 1.8470 | token 0.444 | acc_tau 0.200 | exact 0.0049 | 497.2 samples/s
2026-10-07 13:26:56 | INFO    | salsa | epoch 51 | step 4050/7813 | loss 1.8422 | lr 2.46e-04 | 493.0 samples/s
2026-10-07 13:26:59 | INFO    | salsa | epoch 51 | step 4075/7813 | loss 1.8381 | lr 2.43e-04 | 495.9 samples/s
2026-10-07 13:27:02 | INFO    | salsa | epoch 51 | step 4100/7813 | loss 1.8438 | lr 2.41e-04 | 496.8 samples/s
2026-10-07 13:27:06 | INFO    | salsa | epoch 51 | train 1.8447 | valid 1.8450 | token 0.445 | acc_tau 0.201 | exact 0.0049 | 497.2 samples/s
2026-10-07 13:27:09 | INFO    | salsa | epoch 52 | step 4125/7813 | loss 1.8392 | lr 2.38e-04 | 474.1 samples/s
2026-10-07 13:27:12 | INFO    | salsa | epoch 52 | step 4150/7813 | loss 1.8445 | lr 2.36e-04 | 486.5 samples/s
2026-10-07 13:27:15 | INFO    | salsa | epoch 52 | step 4175/7813 | loss 1.8396 | lr 2.33e-04 | 491.7 samples/s
2026-10-07 13:27:19 | INFO    | salsa | epoch 52 | train 1.8434 | valid 1.8456 | token 0.444 | acc_tau 0.152 | exact 0.0049 | 497.1 samples/s
2026-10-07 13:27:21 | INFO    | salsa | epoch 53 | step 4200/7813 | loss 1.8440 | lr 2.31e-04 | 495.9 samples/s
2026-10-07 13:27:24 | INFO    | salsa | epoch 53 | step 4225/7813 | loss 1.8405 | lr 2.28e-04 | 499.4 samples/s
2026-10-07 13:27:27 | INFO    | salsa | epoch 53 | step 4250/7813 | loss 1.8405 | lr 2.25e-04 | 499.4 samples/s
2026-10-07 13:27:32 | INFO    | salsa | epoch 53 | train 1.8445 | valid 1.8444 | token 0.444 | acc_tau 0.115 | exact 0.0054 | 497.2 samples/s
2026-10-07 13:27:33 | INFO    | salsa | epoch 54 | step 4275/7813 | loss 1.8459 | lr 2.23e-04 | 498.7 samples/s
2026-10-07 13:27:37 | INFO    | salsa | epoch 54 | step 4300/7813 | loss 1.8408 | lr 2.20e-04 | 498.1 samples/s
2026-10-07 13:27:40 | INFO    | salsa | epoch 54 | step 4325/7813 | loss 1.8427 | lr 2.18e-04 | 499.3 samples/s
2026-10-07 13:27:45 | INFO    | salsa | epoch 54 | train 1.8437 | valid 1.8441 | token 0.446 | acc_tau 0.204 | exact 0.0049 | 497.2 samples/s
2026-10-07 13:27:46 | INFO    | salsa | epoch 55 | step 4350/7813 | loss 1.8477 | lr 2.15e-04 | 492.7 samples/s
2026-10-07 13:27:49 | INFO    | salsa | epoch 55 | step 4375/7813 | loss 1.8468 | lr 2.13e-04 | 498.5 samples/s
2026-10-07 13:27:52 | INFO    | salsa | epoch 55 | step 4400/7813 | loss 1.8408 | lr 2.10e-04 | 496.6 samples/s
2026-10-07 13:27:58 | INFO    | salsa | epoch 55 | train 1.8432 | valid 1.8449 | token 0.448 | acc_tau 0.117 | exact 0.0034 | 497.2 samples/s
2026-10-07 13:27:58 | INFO    | salsa | epoch 56 | step 4425/7813 | loss 1.8417 | lr 2.08e-04 | 563.5 samples/s
2026-10-07 13:28:01 | INFO    | salsa | epoch 56 | step 4450/7813 | loss 1.8435 | lr 2.05e-04 | 498.4 samples/s
2026-10-07 13:28:05 | INFO    | salsa | epoch 56 | step 4475/7813 | loss 1.8417 | lr 2.03e-04 | 498.4 samples/s
2026-10-07 13:28:08 | INFO    | salsa | epoch 56 | step 4500/7813 | loss 1.8414 | lr 2.00e-04 | 497.9 samples/s
2026-10-07 13:28:11 | INFO    | salsa | epoch 56 | train 1.8435 | valid 1.8454 | token 0.444 | acc_tau 0.107 | exact 0.0063 | 497.2 samples/s
2026-10-07 13:28:14 | INFO    | salsa | epoch 57 | step 4525/7813 | loss 1.8511 | lr 1.98e-04 | 496.3 samples/s
2026-10-07 13:28:17 | INFO    | salsa | epoch 57 | step 4550/7813 | loss 1.8469 | lr 1.95e-04 | 495.9 samples/s
2026-10-07 13:28:20 | INFO    | salsa | epoch 57 | step 4575/7813 | loss 1.8454 | lr 1.93e-04 | 497.4 samples/s
2026-10-07 13:28:24 | INFO    | salsa | epoch 57 | train 1.8442 | valid 1.8431 | token 0.444 | acc_tau 0.206 | exact 0.0024 | 497.2 samples/s
2026-10-07 13:28:26 | INFO    | salsa | epoch 58 | step 4600/7813 | loss 1.8396 | lr 1.90e-04 | 498.5 samples/s
2026-10-07 13:28:29 | INFO    | salsa | epoch 58 | step 4625/7813 | loss 1.8442 | lr 1.88e-04 | 500.5 samples/s
2026-10-07 13:28:33 | INFO    | salsa | epoch 58 | step 4650/7813 | loss 1.8422 | lr 1.85e-04 | 498.3 samples/s
2026-10-07 13:28:37 | INFO    | salsa | epoch 58 | train 1.8438 | valid 1.8427 | token 0.446 | acc_tau 0.092 | exact 0.0020 | 497.2 samples/s
2026-10-07 13:28:38 | INFO    | salsa | epoch 59 | step 4675/7813 | loss 1.8445 | lr 1.83e-04 | 501.7 samples/s
2026-10-07 13:28:42 | INFO    | salsa | epoch 59 | step 4700/7813 | loss 1.8377 | lr 1.80e-04 | 498.4 samples/s
2026-10-07 13:28:45 | INFO    | salsa | epoch 59 | step 4725/7813 | loss 1.8463 | lr 1.78e-04 | 498.4 samples/s
2026-10-07 13:28:50 | INFO    | salsa | epoch 59 | train 1.8436 | valid 1.8446 | token 0.449 | acc_tau 0.201 | exact 0.0049 | 497.1 samples/s
2026-10-07 13:28:51 | INFO    | salsa | epoch 60 | step 4750/7813 | loss 1.8482 | lr 1.75e-04 | 474.8 samples/s
2026-10-07 13:28:55 | INFO    | salsa | epoch 60 | step 4775/7813 | loss 1.8437 | lr 1.73e-04 | 482.8 samples/s
2026-10-07 13:28:58 | INFO    | salsa | epoch 60 | step 4800/7813 | loss 1.8441 | lr 1.70e-04 | 486.9 samples/s
2026-10-07 13:29:03 | INFO    | salsa | epoch 60 | train 1.8440 | valid 1.8429 | token 0.448 | acc_tau 0.208 | exact 0.0073 | 496.9 samples/s
2026-10-07 13:29:04 | INFO    | salsa | epoch 61 | step 4825/7813 | loss 1.8466 | lr 1.68e-04 | 491.9 samples/s
2026-10-07 13:29:07 | INFO    | salsa | epoch 61 | step 4850/7813 | loss 1.8470 | lr 1.65e-04 | 498.3 samples/s
2026-10-07 13:29:10 | INFO    | salsa | epoch 61 | step 4875/7813 | loss 1.8337 | lr 1.63e-04 | 496.5 samples/s
2026-10-07 13:29:16 | INFO    | salsa | epoch 61 | train 1.8433 | valid 1.8438 | token 0.444 | acc_tau 0.092 | exact 0.0020 | 496.9 samples/s
2026-10-07 13:29:16 | INFO    | salsa | epoch 62 | step 4900/7813 | loss 1.8430 | lr 1.61e-04 | 485.2 samples/s
2026-10-07 13:29:20 | INFO    | salsa | epoch 62 | step 4925/7813 | loss 1.8405 | lr 1.58e-04 | 499.4 samples/s
2026-10-07 13:29:23 | INFO    | salsa | epoch 62 | step 4950/7813 | loss 1.8430 | lr 1.56e-04 | 499.1 samples/s
2026-10-07 13:29:26 | INFO    | salsa | epoch 62 | step 4975/7813 | loss 1.8430 | lr 1.53e-04 | 497.8 samples/s
2026-10-07 13:29:29 | INFO    | salsa | epoch 62 | train 1.8438 | valid 1.8424 | token 0.451 | acc_tau 0.131 | exact 0.0049 | 496.9 samples/s
2026-10-07 13:29:32 | INFO    | salsa | epoch 63 | step 5000/7813 | loss 1.8391 | lr 1.51e-04 | 496.0 samples/s
2026-10-07 13:29:35 | INFO    | salsa | epoch 63 | step 5025/7813 | loss 1.8473 | lr 1.49e-04 | 497.7 samples/s
2026-10-07 13:29:38 | INFO    | salsa | epoch 63 | step 5050/7813 | loss 1.8417 | lr 1.46e-04 | 498.1 samples/s
2026-10-07 13:29:42 | INFO    | salsa | epoch 63 | train 1.8435 | valid 1.8430 | token 0.448 | acc_tau 0.207 | exact 0.0029 | 496.9 samples/s
2026-10-07 13:29:44 | INFO    | salsa | epoch 64 | step 5075/7813 | loss 1.8457 | lr 1.44e-04 | 500.0 samples/s
2026-10-07 13:29:48 | INFO    | salsa | epoch 64 | step 5100/7813 | loss 1.8358 | lr 1.42e-04 | 499.6 samples/s
2026-10-07 13:29:51 | INFO    | salsa | epoch 64 | step 5125/7813 | loss 1.8430 | lr 1.39e-04 | 499.7 samples/s
2026-10-07 13:29:55 | INFO    | salsa | epoch 64 | train 1.8434 | valid 1.8434 | token 0.447 | acc_tau 0.208 | exact 0.0073 | 497.0 samples/s
2026-10-07 13:29:57 | INFO    | salsa | epoch 65 | step 5150/7813 | loss 1.8489 | lr 1.37e-04 | 499.2 samples/s
2026-10-07 13:30:00 | INFO    | salsa | epoch 65 | step 5175/7813 | loss 1.8433 | lr 1.35e-04 | 499.1 samples/s
2026-10-07 13:30:03 | INFO    | salsa | epoch 65 | step 5200/7813 | loss 1.8404 | lr 1.33e-04 | 499.6 samples/s
2026-10-07 13:30:08 | INFO    | salsa | epoch 65 | train 1.8435 | valid 1.8432 | token 0.446 | acc_tau 0.126 | exact 0.0078 | 497.0 samples/s
2026-10-07 13:30:09 | INFO    | salsa | epoch 66 | step 5225/7813 | loss 1.8370 | lr 1.30e-04 | 492.9 samples/s
2026-10-07 13:30:12 | INFO    | salsa | epoch 66 | step 5250/7813 | loss 1.8448 | lr 1.28e-04 | 493.3 samples/s
2026-10-07 13:30:16 | INFO    | salsa | epoch 66 | step 5275/7813 | loss 1.8370 | lr 1.26e-04 | 494.7 samples/s
2026-10-07 13:30:21 | INFO    | salsa | epoch 66 | train 1.8430 | valid 1.8428 | token 0.444 | acc_tau 0.121 | exact 0.0049 | 497.0 samples/s
2026-10-07 13:30:22 | INFO    | salsa | epoch 67 | step 5300/7813 | loss 1.8468 | lr 1.24e-04 | 500.2 samples/s
2026-10-07 13:30:25 | INFO    | salsa | epoch 67 | step 5325/7813 | loss 1.8460 | lr 1.21e-04 | 501.5 samples/s
2026-10-07 13:30:28 | INFO    | salsa | epoch 67 | step 5350/7813 | loss 1.8407 | lr 1.19e-04 | 499.8 samples/s
2026-10-07 13:30:34 | INFO    | salsa | epoch 67 | train 1.8431 | valid 1.8431 | token 0.442 | acc_tau 0.107 | exact 0.0063 | 497.0 samples/s
2026-10-07 13:30:34 | INFO    | salsa | epoch 68 | step 5375/7813 | loss 1.8464 | lr 1.17e-04 | 473.9 samples/s
2026-10-07 13:30:37 | INFO    | salsa | epoch 68 | step 5400/7813 | loss 1.8475 | lr 1.15e-04 | 493.1 samples/s
2026-10-07 13:30:41 | INFO    | salsa | epoch 68 | step 5425/7813 | loss 1.8400 | lr 1.13e-04 | 493.6 samples/s
2026-10-07 13:30:44 | INFO    | salsa | epoch 68 | step 5450/7813 | loss 1.8425 | lr 1.11e-04 | 491.1 samples/s
2026-10-07 13:30:47 | INFO    | salsa | epoch 68 | train 1.8433 | valid 1.8426 | token 0.441 | acc_tau 0.205 | exact 0.0049 | 496.9 samples/s
2026-10-07 13:30:50 | INFO    | salsa | epoch 69 | step 5475/7813 | loss 1.8410 | lr 1.08e-04 | 490.4 samples/s
2026-10-07 13:30:53 | INFO    | salsa | epoch 69 | step 5500/7813 | loss 1.8468 | lr 1.06e-04 | 488.4 samples/s
2026-10-07 13:30:57 | INFO    | salsa | epoch 69 | step 5525/7813 | loss 1.8485 | lr 1.04e-04 | 486.8 samples/s
2026-10-07 13:31:00 | INFO    | salsa | epoch 69 | train 1.8428 | valid 1.8430 | token 0.445 | acc_tau 0.122 | exact 0.0049 | 496.8 samples/s
2026-10-07 13:31:03 | INFO    | salsa | epoch 70 | step 5550/7813 | loss 1.8437 | lr 1.02e-04 | 496.3 samples/s
2026-10-07 13:31:06 | INFO    | salsa | epoch 70 | step 5575/7813 | loss 1.8388 | lr 1.00e-04 | 493.4 samples/s
2026-10-07 13:31:09 | INFO    | salsa | epoch 70 | step 5600/7813 | loss 1.8493 | lr 9.80e-05 | 494.2 samples/s
2026-10-07 13:31:13 | INFO    | salsa | epoch 70 | train 1.8428 | valid 1.8432 | token 0.443 | acc_tau 0.113 | exact 0.0034 | 496.7 samples/s
2026-10-07 13:31:15 | INFO    | salsa | epoch 71 | step 5625/7813 | loss 1.8419 | lr 9.60e-05 | 489.1 samples/s
2026-10-07 13:31:19 | INFO    | salsa | epoch 71 | step 5650/7813 | loss 1.8441 | lr 9.40e-05 | 488.3 samples/s
2026-10-07 13:31:22 | INFO    | salsa | epoch 71 | step 5675/7813 | loss 1.8382 | lr 9.20e-05 | 488.1 samples/s
2026-10-07 13:31:26 | INFO    | salsa | epoch 71 | train 1.8428 | valid 1.8431 | token 0.446 | acc_tau 0.203 | exact 0.0039 | 496.6 samples/s
2026-10-07 13:31:28 | INFO    | salsa | epoch 72 | step 5700/7813 | loss 1.8452 | lr 9.00e-05 | 488.4 samples/s
2026-10-07 13:31:31 | INFO    | salsa | epoch 72 | step 5725/7813 | loss 1.8403 | lr 8.80e-05 | 484.8 samples/s
2026-10-07 13:31:35 | INFO    | salsa | epoch 72 | step 5750/7813 | loss 1.8437 | lr 8.61e-05 | 487.1 samples/s
2026-10-07 13:31:40 | INFO    | salsa | epoch 72 | train 1.8430 | valid 1.8424 | token 0.443 | acc_tau 0.134 | exact 0.0029 | 496.4 samples/s
2026-10-07 13:31:41 | INFO    | salsa | epoch 73 | step 5775/7813 | loss 1.8441 | lr 8.42e-05 | 487.0 samples/s
2026-10-07 13:31:44 | INFO    | salsa | epoch 73 | step 5800/7813 | loss 1.8423 | lr 8.22e-05 | 485.4 samples/s
2026-10-07 13:31:47 | INFO    | salsa | epoch 73 | step 5825/7813 | loss 1.8448 | lr 8.04e-05 | 486.1 samples/s
2026-10-07 13:31:53 | INFO    | salsa | epoch 73 | train 1.8424 | valid 1.8428 | token 0.445 | acc_tau 0.131 | exact 0.0049 | 496.3 samples/s
2026-10-07 13:31:53 | INFO    | salsa | epoch 74 | step 5850/7813 | loss 1.8421 | lr 7.85e-05 | 497.8 samples/s
2026-10-07 13:31:57 | INFO    | salsa | epoch 74 | step 5875/7813 | loss 1.8450 | lr 7.66e-05 | 496.8 samples/s
2026-10-07 13:32:00 | INFO    | salsa | epoch 74 | step 5900/7813 | loss 1.8391 | lr 7.48e-05 | 498.0 samples/s
2026-10-07 13:32:03 | INFO    | salsa | epoch 74 | step 5925/7813 | loss 1.8433 | lr 7.30e-05 | 496.6 samples/s
2026-10-07 13:32:06 | INFO    | salsa | epoch 74 | train 1.8428 | valid 1.8427 | token 0.445 | acc_tau 0.172 | exact 0.0039 | 496.3 samples/s
2026-10-07 13:32:09 | INFO    | salsa | epoch 75 | step 5950/7813 | loss 1.8409 | lr 7.12e-05 | 499.3 samples/s
2026-10-07 13:32:12 | INFO    | salsa | epoch 75 | step 5975/7813 | loss 1.8472 | lr 6.94e-05 | 491.4 samples/s
2026-10-07 13:32:16 | INFO    | salsa | epoch 75 | step 6000/7813 | loss 1.8415 | lr 6.76e-05 | 491.5 samples/s
2026-10-07 13:32:19 | INFO    | salsa | epoch 75 | train 1.8427 | valid 1.8420 | token 0.447 | acc_tau 0.208 | exact 0.0029 | 496.2 samples/s
2026-10-07 13:32:19 | INFO    | salsa | New best valid_loss: 1.841960
2026-10-07 13:32:22 | INFO    | salsa | epoch 76 | step 6025/7813 | loss 1.8465 | lr 6.59e-05 | 496.6 samples/s
2026-10-07 13:32:26 | INFO    | salsa | epoch 76 | step 6050/7813 | loss 1.8455 | lr 6.42e-05 | 452.8 samples/s
2026-10-07 13:32:29 | INFO    | salsa | epoch 76 | step 6075/7813 | loss 1.8484 | lr 6.25e-05 | 443.0 samples/s
2026-10-07 13:33:06 | INFO    | salsa | epoch 76 | train 1.8424 | valid 1.8424 | token 0.447 | acc_tau 0.200 | exact 0.0049 | 495.5 samples/s
2026-10-07 13:33:09 | INFO    | salsa | epoch 77 | step 6100/7813 | loss 1.8432 | lr 6.08e-05 | 445.6 samples/s
2026-10-07 13:35:41 | INFO    | salsa | epoch 77 | step 6125/7813 | loss 1.8433 | lr 5.91e-05 | 17.4 samples/s
2026-10-07 13:35:44 | INFO    | salsa | epoch 77 | step 6150/7813 | loss 1.8449 | lr 5.75e-05 | 27.2 samples/s
2026-10-07 13:36:36 | INFO    | salsa | epoch 77 | train 1.8426 | valid 1.8421 | token 0.441 | acc_tau 0.201 | exact 0.0024 | 397.1 samples/s
2026-10-07 13:36:39 | INFO    | salsa | epoch 78 | step 6175/7813 | loss 1.8448 | lr 5.59e-05 | 337.9 samples/s
2026-10-07 13:36:43 | INFO    | salsa | epoch 78 | step 6200/7813 | loss 1.8400 | lr 5.43e-05 | 351.4 samples/s
2026-10-07 13:36:48 | INFO    | salsa | epoch 78 | step 6225/7813 | loss 1.8400 | lr 5.27e-05 | 354.3 samples/s
2026-10-07 13:40:51 | INFO    | salsa | epoch 78 | train 1.8424 | valid 1.8423 | token 0.443 | acc_tau 0.212 | exact 0.0063 | 396.5 samples/s
2026-10-07 13:40:52 | INFO    | salsa | epoch 79 | step 6250/7813 | loss 1.8434 | lr 5.11e-05 | 401.9 samples/s
2026-10-07 13:40:57 | INFO    | salsa | epoch 79 | step 6275/7813 | loss 1.8448 | lr 4.96e-05 | 342.5 samples/s
2026-10-07 13:41:09 | INFO    | salsa | epoch 79 | step 6300/7813 | loss 1.8403 | lr 4.81e-05 | 208.5 samples/s
2026-10-07 13:41:16 | INFO    | salsa | epoch 79 | train 1.8423 | valid 1.8424 | token 0.446 | acc_tau 0.209 | exact 0.0024 | 393.3 samples/s
2026-10-07 13:41:17 | INFO    | salsa | epoch 80 | step 6325/7813 | loss 1.8410 | lr 4.66e-05 | 342.4 samples/s
2026-10-07 13:41:22 | INFO    | salsa | epoch 80 | step 6350/7813 | loss 1.8457 | lr 4.51e-05 | 364.1 samples/s
2026-10-07 13:41:26 | INFO    | salsa | epoch 80 | step 6375/7813 | loss 1.8413 | lr 4.37e-05 | 364.5 samples/s
2026-10-07 13:42:29 | INFO    | salsa | epoch 80 | train 1.8420 | valid 1.8427 | token 0.447 | acc_tau 0.130 | exact 0.0049 | 373.1 samples/s
2026-10-07 13:42:30 | INFO    | salsa | epoch 81 | step 6400/7813 | loss 1.8360 | lr 4.22e-05 | 322.8 samples/s
2026-10-07 13:42:50 | INFO    | salsa | epoch 81 | step 6425/7813 | loss 1.8433 | lr 4.08e-05 | 80.3 samples/s
2026-10-07 13:42:54 | INFO    | salsa | epoch 81 | step 6450/7813 | loss 1.8434 | lr 3.94e-05 | 132.3 samples/s
2026-10-07 13:42:58 | INFO    | salsa | epoch 81 | step 6475/7813 | loss 1.8403 | lr 3.81e-05 | 171.6 samples/s
2026-10-07 13:43:01 | INFO    | salsa | epoch 81 | train 1.8424 | valid 1.8427 | token 0.445 | acc_tau 0.188 | exact 0.0034 | 368.1 samples/s
2026-10-07 13:43:04 | INFO    | salsa | epoch 82 | step 6500/7813 | loss 1.8415 | lr 3.67e-05 | 505.8 samples/s
2026-10-07 13:43:07 | INFO    | salsa | epoch 82 | step 6525/7813 | loss 2.0220 | lr 3.54e-05 | 483.5 samples/s
2026-10-07 13:43:11 | INFO    | salsa | epoch 82 | step 6550/7813 | loss 1.8388 | lr 3.41e-05 | 489.1 samples/s
2026-10-07 13:43:14 | INFO    | salsa | epoch 82 | train 1.8479 | valid 1.8428 | token 0.449 | acc_tau 0.208 | exact 0.0049 | 369.1 samples/s
2026-10-07 13:43:17 | INFO    | salsa | epoch 83 | step 6575/7813 | loss 1.8426 | lr 3.29e-05 | 478.9 samples/s
2026-10-07 13:43:20 | INFO    | salsa | epoch 83 | step 6600/7813 | loss 1.8422 | lr 3.16e-05 | 482.2 samples/s
2026-10-07 13:43:23 | INFO    | salsa | epoch 83 | step 6625/7813 | loss 1.8408 | lr 3.04e-05 | 485.4 samples/s
2026-10-07 13:43:27 | INFO    | salsa | epoch 83 | train 1.8419 | valid 1.8429 | token 0.441 | acc_tau 0.209 | exact 0.0024 | 370.2 samples/s
2026-10-07 13:43:29 | INFO    | salsa | epoch 84 | step 6650/7813 | loss 1.8452 | lr 2.92e-05 | 505.7 samples/s
2026-10-07 13:43:32 | INFO    | salsa | epoch 84 | step 6675/7813 | loss 1.8451 | lr 2.80e-05 | 505.1 samples/s
2026-10-07 13:43:36 | INFO    | salsa | epoch 84 | step 6700/7813 | loss 1.8445 | lr 2.69e-05 | 501.2 samples/s
2026-10-07 13:43:40 | INFO    | salsa | epoch 84 | train 1.8421 | valid 1.8428 | token 0.444 | acc_tau 0.204 | exact 0.0024 | 371.3 samples/s
2026-10-07 13:43:42 | INFO    | salsa | epoch 85 | step 6725/7813 | loss 1.8440 | lr 2.57e-05 | 507.3 samples/s
2026-10-07 13:43:45 | INFO    | salsa | epoch 85 | step 6750/7813 | loss 1.8406 | lr 2.46e-05 | 502.0 samples/s
2026-10-07 13:43:48 | INFO    | salsa | epoch 85 | step 6775/7813 | loss 1.8439 | lr 2.35e-05 | 501.3 samples/s
2026-10-07 13:43:53 | INFO    | salsa | epoch 85 | train 1.8424 | valid 1.8425 | token 0.446 | acc_tau 0.118 | exact 0.0039 | 372.5 samples/s
2026-10-07 13:43:54 | INFO    | salsa | epoch 86 | step 6800/7813 | loss 1.8434 | lr 2.25e-05 | 502.9 samples/s
2026-10-07 13:43:57 | INFO    | salsa | epoch 86 | step 6825/7813 | loss 1.8403 | lr 2.15e-05 | 504.8 samples/s
2026-10-07 13:44:00 | INFO    | salsa | epoch 86 | step 6850/7813 | loss 1.8393 | lr 2.04e-05 | 503.9 samples/s
2026-10-07 13:44:06 | INFO    | salsa | epoch 86 | train 1.8420 | valid 1.8424 | token 0.441 | acc_tau 0.117 | exact 0.0034 | 373.6 samples/s
2026-10-07 13:44:06 | INFO    | salsa | epoch 87 | step 6875/7813 | loss 1.8441 | lr 1.95e-05 | 501.8 samples/s
2026-10-07 13:44:09 | INFO    | salsa | epoch 87 | step 6900/7813 | loss 1.8432 | lr 1.85e-05 | 504.6 samples/s
2026-10-07 13:44:13 | INFO    | salsa | epoch 87 | step 6925/7813 | loss 1.8426 | lr 1.76e-05 | 505.7 samples/s
2026-10-07 13:44:16 | INFO    | salsa | epoch 87 | step 6950/7813 | loss 1.8446 | lr 1.67e-05 | 502.8 samples/s
2026-10-07 13:44:19 | INFO    | salsa | epoch 87 | train 1.8422 | valid 1.8423 | token 0.450 | acc_tau 0.207 | exact 0.0049 | 374.7 samples/s
2026-10-07 13:44:22 | INFO    | salsa | epoch 88 | step 6975/7813 | loss 1.8424 | lr 1.58e-05 | 505.8 samples/s
2026-10-07 13:44:25 | INFO    | salsa | epoch 88 | step 7000/7813 | loss 1.8426 | lr 1.49e-05 | 504.7 samples/s
2026-10-07 13:44:28 | INFO    | salsa | epoch 88 | step 7025/7813 | loss 1.8453 | lr 1.41e-05 | 504.6 samples/s
2026-10-07 13:44:32 | INFO    | salsa | epoch 88 | train 1.8421 | valid 1.8422 | token 0.446 | acc_tau 0.121 | exact 0.0034 | 375.7 samples/s
2026-10-07 13:44:34 | INFO    | salsa | epoch 89 | step 7050/7813 | loss 1.8414 | lr 1.33e-05 | 498.7 samples/s
2026-10-07 13:44:37 | INFO    | salsa | epoch 89 | step 7075/7813 | loss 1.8452 | lr 1.25e-05 | 501.8 samples/s
2026-10-07 13:44:40 | INFO    | salsa | epoch 89 | step 7100/7813 | loss 1.8431 | lr 1.17e-05 | 502.8 samples/s
2026-10-07 13:44:44 | INFO    | salsa | epoch 89 | train 1.8422 | valid 1.8421 | token 0.445 | acc_tau 0.118 | exact 0.0034 | 376.8 samples/s
2026-10-07 13:44:46 | INFO    | salsa | epoch 90 | step 7125/7813 | loss 1.8443 | lr 1.10e-05 | 501.0 samples/s
2026-10-07 13:44:50 | INFO    | salsa | epoch 90 | step 7150/7813 | loss 1.8418 | lr 1.03e-05 | 499.6 samples/s
2026-10-07 13:44:53 | INFO    | salsa | epoch 90 | step 7175/7813 | loss 1.8415 | lr 9.60e-06 | 500.8 samples/s
2026-10-07 13:44:57 | INFO    | salsa | epoch 90 | train 1.8423 | valid 1.8421 | token 0.445 | acc_tau 0.112 | exact 0.0029 | 377.8 samples/s
2026-10-07 13:44:59 | INFO    | salsa | epoch 91 | step 7200/7813 | loss 1.8406 | lr 8.94e-06 | 498.8 samples/s
2026-10-07 13:45:02 | INFO    | salsa | epoch 91 | step 7225/7813 | loss 1.8422 | lr 8.31e-06 | 502.0 samples/s
2026-10-07 13:45:05 | INFO    | salsa | epoch 91 | step 7250/7813 | loss 1.8403 | lr 7.70e-06 | 503.1 samples/s
2026-10-07 13:45:10 | INFO    | salsa | epoch 91 | train 1.8415 | valid 1.8421 | token 0.442 | acc_tau 0.099 | exact 0.0063 | 378.9 samples/s
2026-10-07 13:45:11 | INFO    | salsa | epoch 92 | step 7275/7813 | loss 1.8418 | lr 7.12e-06 | 507.7 samples/s
2026-10-07 13:45:14 | INFO    | salsa | epoch 92 | step 7300/7813 | loss 1.8415 | lr 6.57e-06 | 500.3 samples/s
2026-10-07 13:45:17 | INFO    | salsa | epoch 92 | step 7325/7813 | loss 1.8421 | lr 6.04e-06 | 500.9 samples/s
2026-10-07 13:45:23 | INFO    | salsa | epoch 92 | train 1.8419 | valid 1.8421 | token 0.443 | acc_tau 0.099 | exact 0.0063 | 379.8 samples/s
2026-10-07 13:45:23 | INFO    | salsa | epoch 93 | step 7350/7813 | loss 1.8439 | lr 5.54e-06 | 498.9 samples/s
2026-10-07 13:45:27 | INFO    | salsa | epoch 93 | step 7375/7813 | loss 1.8411 | lr 5.06e-06 | 501.1 samples/s
2026-10-07 13:45:30 | INFO    | salsa | epoch 93 | step 7400/7813 | loss 1.8434 | lr 4.61e-06 | 500.4 samples/s
2026-10-07 13:45:33 | INFO    | salsa | epoch 93 | step 7425/7813 | loss 1.8417 | lr 4.19e-06 | 500.5 samples/s
2026-10-07 13:45:36 | INFO    | salsa | epoch 93 | train 1.8418 | valid 1.8421 | token 0.444 | acc_tau 0.100 | exact 0.0059 | 380.8 samples/s
2026-10-07 13:45:39 | INFO    | salsa | epoch 94 | step 7450/7813 | loss 1.8431 | lr 3.79e-06 | 499.0 samples/s
2026-10-07 13:45:42 | INFO    | salsa | epoch 94 | step 7475/7813 | loss 1.8447 | lr 3.42e-06 | 500.4 samples/s
2026-10-07 13:45:45 | INFO    | salsa | epoch 94 | step 7500/7813 | loss 1.8416 | lr 3.08e-06 | 499.8 samples/s
2026-10-07 13:45:49 | INFO    | salsa | epoch 94 | train 1.8418 | valid 1.8420 | token 0.444 | acc_tau 0.106 | exact 0.0063 | 381.8 samples/s
2026-10-07 13:45:51 | INFO    | salsa | epoch 95 | step 7525/7813 | loss 1.8401 | lr 2.76e-06 | 500.1 samples/s
2026-10-07 13:45:55 | INFO    | salsa | epoch 95 | step 7550/7813 | loss 1.8411 | lr 2.47e-06 | 501.3 samples/s
2026-10-07 13:45:58 | INFO    | salsa | epoch 95 | step 7575/7813 | loss 1.8420 | lr 2.20e-06 | 501.9 samples/s
2026-10-07 13:46:02 | INFO    | salsa | epoch 95 | train 1.8419 | valid 1.8420 | token 0.443 | acc_tau 0.102 | exact 0.0059 | 382.7 samples/s
2026-10-07 13:46:04 | INFO    | salsa | epoch 96 | step 7600/7813 | loss 1.8444 | lr 1.96e-06 | 452.2 samples/s
2026-10-07 13:46:08 | INFO    | salsa | epoch 96 | step 7625/7813 | loss 1.8422 | lr 1.75e-06 | 450.1 samples/s
2026-10-07 13:46:11 | INFO    | salsa | epoch 96 | step 7650/7813 | loss 1.8432 | lr 1.56e-06 | 468.0 samples/s
2026-10-07 13:46:15 | INFO    | salsa | epoch 96 | train 1.8420 | valid 1.8420 | token 0.443 | acc_tau 0.101 | exact 0.0059 | 383.5 samples/s
2026-10-07 13:46:17 | INFO    | salsa | epoch 97 | step 7675/7813 | loss 1.8428 | lr 1.40e-06 | 502.4 samples/s
2026-10-07 13:46:20 | INFO    | salsa | epoch 97 | step 7700/7813 | loss 1.8434 | lr 1.27e-06 | 503.4 samples/s
2026-10-07 13:46:23 | INFO    | salsa | epoch 97 | step 7725/7813 | loss 1.8424 | lr 1.16e-06 | 503.4 samples/s
2026-10-07 13:46:28 | INFO    | salsa | epoch 97 | train 1.8420 | valid 1.8420 | token 0.443 | acc_tau 0.101 | exact 0.0059 | 384.4 samples/s
2026-10-07 13:46:29 | INFO    | salsa | epoch 98 | step 7750/7813 | loss 1.8392 | lr 1.08e-06 | 458.8 samples/s
2026-10-07 13:46:33 | INFO    | salsa | epoch 98 | step 7775/7813 | loss 1.8414 | lr 1.03e-06 | 492.0 samples/s
2026-10-07 13:46:36 | INFO    | salsa | epoch 98 | step 7800/7813 | loss 1.8412 | lr 1.00e-06 | 497.0 samples/s
2026-10-07 13:46:40 | INFO    | salsa | epoch 98 | train 1.8420 | valid 1.8420 | token 0.443 | acc_tau 0.101 | exact 0.0059 | 385.2 samples/s
2026-10-07 13:46:43 | INFO    | salsa | Training finished: planned epochs completed
