2026-10-08 10:55:44 | INFO    | salsa | Run directory: results/nact_n12_h2_te2/n12_nact_full_mps_500k
2026-10-08 10:55:44 | INFO    | salsa | Config fingerprint: 29810fb33c9a8c63
2026-10-08 10:55:45 | INFO    | salsa | ========================================================================
2026-10-08 10:55:45 | INFO    | salsa | Model: Salsa2-NACT (nact)
2026-10-08 10:55:45 | INFO    | salsa | Trainable parameters: 4241288
2026-10-08 10:55:45 | INFO    | salsa | LWE: n=12 q=251 sigma=3.0 h=2 structure=rlwe
2026-10-08 10:55:45 | INFO    | salsa | Encoding: base=81 order=lsb_first separator=False -> 26 input tokens, 4 output
2026-10-08 10:55:45 | INFO    | salsa | Plan: {'sample_budget': 500000, 'batch_size': 64, 'total_steps': 1580, 'steps_per_epoch': 79, 'epochs': 20, 'warmup_steps': 200, 'valid_samples': 2048}
2026-10-08 10:55:45 | INFO    | salsa | Device: mps | threads: {'threads': 4, 'interop_threads': 10}
2026-10-08 10:55:45 | INFO    | salsa | Chance baselines: {'uniform_loss_nats': 4.442651256490317, 'marginal_loss_nats': 1.8649843130825523, 'chance_token_accuracy': 0.44621513944223107, 'chance_perfect_accuracy': 0.005142775511499817, 'chance_digit_accuracy': [0.015936, 0.322709], 'chance_exact_accuracy': 0.00398406374501992, 'chance_acc_tau': 0.19286995444516752, 'chance_acc_tau_circular_DIAGNOSTIC': 0.20318725099601595, 'tolerance': 0.1, 'tolerance_absolute': 25.1}
2026-10-08 10:55:45 | INFO    | salsa | ========================================================================
2026-10-08 10:55:46 | INFO    | salsa | Alignment verified: {'src_ids': (64, 26), 'tgt_ids': (64, 4), 'decoder_input': (64, 3), 'target': (64, 3), 'logits': (64, 3, 85), 'vocab_size': 85, 'pad_id': 0}
2026-10-08 10:55:49 | INFO    | salsa | epoch 0 | step 25/1580 | loss 2.7158 | lr 6.50e-05 | 513.2 samples/s
2026-10-08 10:55:51 | INFO    | salsa | epoch 0 | step 50/1580 | loss 2.1831 | lr 1.28e-04 | 654.1 samples/s
2026-10-08 10:55:53 | INFO    | salsa | epoch 0 | step 75/1580 | loss 2.0142 | lr 1.90e-04 | 714.9 samples/s
2026-10-08 10:55:55 | INFO    | salsa | epoch 0 | train 2.5591 | valid 1.9682 | token 0.442 | acc_tau 0.189 | exact 0.0044 | 720.9 samples/s
2026-10-08 10:55:55 | INFO    | salsa | New best valid_loss: 1.968151
2026-10-08 10:55:56 | INFO    | salsa | epoch 1 | step 100/1580 | loss 1.8851 | lr 2.53e-04 | 903.8 samples/s
2026-10-08 10:55:58 | INFO    | salsa | epoch 1 | step 125/1580 | loss 1.9271 | lr 3.15e-04 | 900.1 samples/s
2026-10-08 10:56:00 | INFO    | salsa | epoch 1 | step 150/1580 | loss 1.8637 | lr 3.78e-04 | 901.3 samples/s
2026-10-08 10:56:02 | INFO    | salsa | epoch 1 | train 1.9186 | valid 1.8868 | token 0.447 | acc_tau 0.203 | exact 0.0054 | 801.1 samples/s
2026-10-08 10:56:02 | INFO    | salsa | New best valid_loss: 1.886760
2026-10-08 10:56:03 | INFO    | salsa | epoch 2 | step 175/1580 | loss 1.8758 | lr 4.40e-04 | 896.4 samples/s
2026-10-08 10:56:05 | INFO    | salsa | epoch 2 | step 200/1580 | loss 1.8836 | lr 5.00e-04 | 896.9 samples/s
2026-10-08 10:56:06 | INFO    | salsa | epoch 2 | step 225/1580 | loss 1.8553 | lr 5.00e-04 | 898.2 samples/s
2026-10-08 10:56:09 | INFO    | salsa | epoch 2 | train 1.8824 | valid 1.8684 | token 0.449 | acc_tau 0.195 | exact 0.0024 | 831.1 samples/s
2026-10-08 10:56:09 | INFO    | salsa | New best valid_loss: 1.868411
2026-10-08 10:56:10 | INFO    | salsa | epoch 3 | step 250/1580 | loss 1.8731 | lr 4.98e-04 | 883.6 samples/s
2026-10-08 10:56:12 | INFO    | salsa | epoch 3 | step 275/1580 | loss 1.8926 | lr 4.96e-04 | 856.9 samples/s
2026-10-08 10:56:14 | INFO    | salsa | epoch 3 | step 300/1580 | loss 1.8477 | lr 4.94e-04 | 819.0 samples/s
2026-10-08 10:56:16 | INFO    | salsa | epoch 3 | train 1.8608 | valid 1.8707 | token 0.446 | acc_tau 0.208 | exact 0.0068 | 827.8 samples/s
2026-10-08 10:56:17 | INFO    | salsa | epoch 4 | step 325/1580 | loss 1.8571 | lr 4.90e-04 | 898.9 samples/s
2026-10-08 10:56:19 | INFO    | salsa | epoch 4 | step 350/1580 | loss 1.8482 | lr 4.86e-04 | 867.2 samples/s
2026-10-08 10:56:21 | INFO    | salsa | epoch 4 | step 375/1580 | loss 1.8035 | lr 4.80e-04 | 874.6 samples/s
2026-10-08 10:56:23 | INFO    | salsa | epoch 4 | train 1.8461 | valid 1.8169 | token 0.493 | acc_tau 0.174 | exact 0.0044 | 837.3 samples/s
2026-10-08 10:56:23 | INFO    | salsa | New best valid_loss: 1.816885
2026-10-08 10:56:24 | INFO    | salsa | epoch 5 | step 400/1580 | loss 1.8422 | lr 4.75e-04 | 908.2 samples/s
2026-10-08 10:56:26 | INFO    | salsa | epoch 5 | step 425/1580 | loss 1.7996 | lr 4.68e-04 | 894.3 samples/s
2026-10-08 10:56:27 | INFO    | salsa | epoch 5 | step 450/1580 | loss 1.6518 | lr 4.61e-04 | 890.9 samples/s
2026-10-08 10:56:30 | INFO    | salsa | epoch 5 | train 1.7170 | valid 1.5673 | token 0.637 | acc_tau 0.451 | exact 0.0186 | 845.7 samples/s
2026-10-08 10:56:31 | INFO    | salsa | New best valid_loss: 1.567309
2026-10-08 10:56:31 | INFO    | salsa | epoch 6 | step 475/1580 | loss 1.5375 | lr 4.53e-04 | 931.4 samples/s
2026-10-08 10:56:32 | INFO    | salsa | epoch 6 | step 500/1580 | loss 1.5030 | lr 4.44e-04 | 896.5 samples/s
2026-10-08 10:56:34 | INFO    | salsa | epoch 6 | step 525/1580 | loss 1.5019 | lr 4.35e-04 | 891.5 samples/s
2026-10-08 10:56:36 | INFO    | salsa | epoch 6 | step 550/1580 | loss 1.4747 | lr 4.25e-04 | 891.7 samples/s
2026-10-08 10:56:38 | INFO    | salsa | epoch 6 | train 1.5100 | valid 1.4912 | token 0.660 | acc_tau 0.496 | exact 0.0107 | 851.9 samples/s
2026-10-08 10:56:38 | INFO    | salsa | New best valid_loss: 1.491196
2026-10-08 10:56:39 | INFO    | salsa | epoch 7 | step 575/1580 | loss 1.5067 | lr 4.14e-04 | 894.5 samples/s
2026-10-08 10:56:41 | INFO    | salsa | epoch 7 | step 600/1580 | loss 1.5041 | lr 4.04e-04 | 892.2 samples/s
2026-10-08 10:56:43 | INFO    | salsa | epoch 7 | step 625/1580 | loss 1.4545 | lr 3.92e-04 | 890.5 samples/s
2026-10-08 10:56:45 | INFO    | salsa | epoch 7 | train 1.4841 | valid 1.4602 | token 0.667 | acc_tau 0.658 | exact 0.0161 | 856.4 samples/s
2026-10-08 10:56:45 | INFO    | salsa | New best valid_loss: 1.460186
2026-10-08 10:56:46 | INFO    | salsa | epoch 8 | step 650/1580 | loss 1.4741 | lr 3.80e-04 | 890.3 samples/s
2026-10-08 10:56:48 | INFO    | salsa | epoch 8 | step 675/1580 | loss 1.4155 | lr 3.68e-04 | 887.8 samples/s
2026-10-08 10:56:50 | INFO    | salsa | epoch 8 | step 700/1580 | loss 1.4779 | lr 3.55e-04 | 888.3 samples/s
2026-10-08 10:56:52 | INFO    | salsa | epoch 8 | train 1.4400 | valid 1.4033 | token 0.669 | acc_tau 0.747 | exact 0.0298 | 859.9 samples/s
2026-10-08 10:56:52 | INFO    | salsa | New best valid_loss: 1.403299
2026-10-08 10:56:53 | INFO    | salsa | epoch 9 | step 725/1580 | loss 1.3811 | lr 3.42e-04 | 893.0 samples/s
2026-10-08 10:56:55 | INFO    | salsa | epoch 9 | step 750/1580 | loss 1.3319 | lr 3.29e-04 | 889.2 samples/s
2026-10-08 10:56:56 | INFO    | salsa | epoch 9 | step 775/1580 | loss 1.2771 | lr 3.15e-04 | 889.8 samples/s
2026-10-08 10:56:59 | INFO    | salsa | epoch 9 | train 1.3360 | valid 1.2281 | token 0.682 | acc_tau 0.972 | exact 0.0601 | 862.8 samples/s
2026-10-08 10:56:59 | INFO    | salsa | New best valid_loss: 1.228063
2026-10-08 10:57:00 | INFO    | salsa | epoch 10 | step 800/1580 | loss 1.2813 | lr 3.01e-04 | 899.4 samples/s
2026-10-08 10:57:01 | INFO    | salsa | epoch 10 | step 825/1580 | loss 1.1544 | lr 2.87e-04 | 892.0 samples/s
2026-10-08 10:57:03 | INFO    | salsa | epoch 10 | step 850/1580 | loss 1.1258 | lr 2.73e-04 | 888.7 samples/s
2026-10-08 10:57:06 | INFO    | salsa | epoch 10 | train 1.1694 | valid 1.0916 | token 0.687 | acc_tau 0.983 | exact 0.0762 | 865.2 samples/s
2026-10-08 10:57:06 | INFO    | salsa | New best valid_loss: 1.091553
2026-10-08 10:57:06 | INFO    | salsa | epoch 11 | step 875/1580 | loss 1.0683 | lr 2.59e-04 | 915.5 samples/s
2026-10-08 10:57:08 | INFO    | salsa | epoch 11 | step 900/1580 | loss 1.0357 | lr 2.45e-04 | 892.0 samples/s
2026-10-08 10:57:10 | INFO    | salsa | epoch 11 | step 925/1580 | loss 1.0855 | lr 2.31e-04 | 884.8 samples/s
2026-10-08 10:57:13 | INFO    | salsa | epoch 11 | train 1.0589 | valid 1.0189 | token 0.694 | acc_tau 0.984 | exact 0.0957 | 866.4 samples/s
2026-10-08 10:57:13 | INFO    | salsa | New best valid_loss: 1.018876
2026-10-08 10:57:13 | INFO    | salsa | epoch 12 | step 950/1580 | loss 1.0183 | lr 2.17e-04 | 917.4 samples/s
2026-10-08 10:57:15 | INFO    | salsa | epoch 12 | step 975/1580 | loss 1.0434 | lr 2.03e-04 | 896.5 samples/s
2026-10-08 10:57:17 | INFO    | salsa | epoch 12 | step 1000/1580 | loss 1.0348 | lr 1.89e-04 | 894.7 samples/s
2026-10-08 10:57:19 | INFO    | salsa | epoch 12 | step 1025/1580 | loss 0.9692 | lr 1.75e-04 | 890.8 samples/s
2026-10-08 10:57:20 | INFO    | salsa | epoch 12 | train 1.0113 | valid 1.0006 | token 0.690 | acc_tau 0.981 | exact 0.0820 | 868.2 samples/s
2026-10-08 10:57:20 | INFO    | salsa | New best valid_loss: 1.000586
2026-10-08 10:57:22 | INFO    | salsa | epoch 13 | step 1050/1580 | loss 1.0134 | lr 1.62e-04 | 889.8 samples/s
2026-10-08 10:57:24 | INFO    | salsa | epoch 13 | step 1075/1580 | loss 1.0273 | lr 1.49e-04 | 885.1 samples/s
2026-10-08 10:57:25 | INFO    | salsa | epoch 13 | step 1100/1580 | loss 0.9533 | lr 1.36e-04 | 887.3 samples/s
2026-10-08 10:57:27 | INFO    | salsa | epoch 13 | train 0.9849 | valid 0.9696 | token 0.695 | acc_tau 0.983 | exact 0.0938 | 869.5 samples/s
2026-10-08 10:57:27 | INFO    | salsa | New best valid_loss: 0.969596
2026-10-08 10:57:29 | INFO    | salsa | epoch 14 | step 1125/1580 | loss 0.9740 | lr 1.23e-04 | 889.4 samples/s
2026-10-08 10:57:30 | INFO    | salsa | epoch 14 | step 1150/1580 | loss 0.9401 | lr 1.11e-04 | 890.7 samples/s
2026-10-08 10:57:32 | INFO    | salsa | epoch 14 | step 1175/1580 | loss 0.9759 | lr 9.97e-05 | 891.4 samples/s
2026-10-08 10:57:34 | INFO    | salsa | epoch 14 | train 0.9569 | valid 0.9457 | token 0.700 | acc_tau 0.984 | exact 0.1094 | 870.8 samples/s
2026-10-08 10:57:34 | INFO    | salsa | New best valid_loss: 0.945702
2026-10-08 10:57:35 | INFO    | salsa | epoch 15 | step 1200/1580 | loss 0.9142 | lr 8.87e-05 | 900.4 samples/s
2026-10-08 10:57:37 | INFO    | salsa | epoch 15 | step 1225/1580 | loss 0.9350 | lr 7.81e-05 | 893.9 samples/s
2026-10-08 10:57:39 | INFO    | salsa | epoch 15 | step 1250/1580 | loss 0.9130 | lr 6.82e-05 | 885.0 samples/s
2026-10-08 10:57:41 | INFO    | salsa | epoch 15 | train 0.9387 | valid 0.9301 | token 0.702 | acc_tau 0.985 | exact 0.1147 | 871.8 samples/s
2026-10-08 10:57:41 | INFO    | salsa | New best valid_loss: 0.930111
2026-10-08 10:57:42 | INFO    | salsa | epoch 16 | step 1275/1580 | loss 0.9235 | lr 5.88e-05 | 904.0 samples/s
2026-10-08 10:57:44 | INFO    | salsa | epoch 16 | step 1300/1580 | loss 0.9334 | lr 5.00e-05 | 888.5 samples/s
2026-10-08 10:57:46 | INFO    | salsa | epoch 16 | step 1325/1580 | loss 0.9447 | lr 4.19e-05 | 889.0 samples/s
2026-10-08 10:57:49 | INFO    | salsa | epoch 16 | train 0.9227 | valid 0.9193 | token 0.702 | acc_tau 0.986 | exact 0.1147 | 872.8 samples/s
2026-10-08 10:57:49 | INFO    | salsa | New best valid_loss: 0.919324
2026-10-08 10:57:49 | INFO    | salsa | epoch 17 | step 1350/1580 | loss 0.9281 | lr 3.44e-05 | 893.4 samples/s
2026-10-08 10:57:51 | INFO    | salsa | epoch 17 | step 1375/1580 | loss 0.9209 | lr 2.77e-05 | 887.0 samples/s
2026-10-08 10:57:53 | INFO    | salsa | epoch 17 | step 1400/1580 | loss 0.9221 | lr 2.17e-05 | 884.7 samples/s
2026-10-08 10:57:56 | INFO    | salsa | epoch 17 | train 0.9147 | valid 0.9109 | token 0.703 | acc_tau 0.985 | exact 0.1147 | 873.5 samples/s
2026-10-08 10:57:56 | INFO    | salsa | New best valid_loss: 0.910877
2026-10-08 10:57:56 | INFO    | salsa | epoch 18 | step 1425/1580 | loss 0.9006 | lr 1.64e-05 | 929.7 samples/s
2026-10-08 10:57:58 | INFO    | salsa | epoch 18 | step 1450/1580 | loss 0.9147 | lr 1.18e-05 | 889.8 samples/s
2026-10-08 10:58:00 | INFO    | salsa | epoch 18 | step 1475/1580 | loss 0.9058 | lr 8.09e-06 | 891.1 samples/s
2026-10-08 10:58:01 | INFO    | salsa | epoch 18 | step 1500/1580 | loss 0.9209 | lr 5.13e-06 | 890.1 samples/s
2026-10-08 10:58:03 | INFO    | salsa | epoch 18 | train 0.9101 | valid 0.9086 | token 0.703 | acc_tau 0.986 | exact 0.1177 | 874.3 samples/s
2026-10-08 10:58:03 | INFO    | salsa | New best valid_loss: 0.908613
2026-10-08 10:58:05 | INFO    | salsa | epoch 19 | step 1525/1580 | loss 0.8822 | lr 2.95e-06 | 896.2 samples/s
2026-10-08 10:58:06 | INFO    | salsa | epoch 19 | step 1550/1580 | loss 0.9065 | lr 1.58e-06 | 885.1 samples/s
2026-10-08 10:58:08 | INFO    | salsa | epoch 19 | step 1575/1580 | loss 0.9192 | lr 1.02e-06 | 884.8 samples/s
2026-10-08 10:58:10 | INFO    | salsa | epoch 19 | train 0.9033 | valid 0.9072 | token 0.704 | acc_tau 0.985 | exact 0.1196 | 874.8 samples/s
2026-10-08 10:58:10 | INFO    | salsa | New best valid_loss: 0.907220
2026-10-08 10:58:11 | INFO    | salsa | Training finished: planned epochs completed
