2026-08-29 16:18:20 | INFO    | salsa | Run directory: results/nact_v2/phase16_part_c/seed_123/nact/nact_n12_h2/phase16_part_c_nact_seed_123
2026-08-29 16:18:20 | INFO    | salsa | Config fingerprint: f90f3dd643c2450d
2026-08-29 16:18:21 | INFO    | salsa | ========================================================================
2026-08-29 16:18:21 | INFO    | salsa | Model: Salsa2-NACT (nact)
2026-08-29 16:18:21 | INFO    | salsa | Trainable parameters: 4241288
2026-08-29 16:18:21 | INFO    | salsa | LWE: n=12 q=251 sigma=3.0 h=2 structure=rlwe
2026-08-29 16:18:21 | INFO    | salsa | Encoding: base=81 order=lsb_first separator=False -> 26 input tokens, 4 output
2026-08-29 16:18:21 | INFO    | salsa | Plan: {'sample_budget': 100000, 'batch_size': 64, 'total_steps': 1563, 'steps_per_epoch': 79, 'epochs': 20, 'warmup_steps': 200, 'valid_samples': 2048}
2026-08-29 16:18:21 | INFO    | salsa | Device: cpu | threads: {'threads': 4, 'interop_threads': 10}
2026-08-29 16:18:21 | INFO    | salsa | Chance baselines: {'uniform_loss_nats': 4.442651256490317, 'marginal_loss_nats': 1.8649843130825523, 'chance_token_accuracy': 0.44621513944223107, 'chance_perfect_accuracy': 0.005142775511499817, 'chance_digit_accuracy': [0.015936, 0.322709], 'chance_exact_accuracy': 0.00398406374501992, 'chance_acc_tau': 0.19286995444516752, 'chance_acc_tau_circular_DIAGNOSTIC': 0.20318725099601595, 'tolerance': 0.1, 'tolerance_absolute': 25.1}
2026-08-29 16:18:21 | INFO    | salsa | ========================================================================
2026-08-29 16:18:21 | INFO    | salsa | Alignment verified: {'src_ids': (64, 26), 'tgt_ids': (64, 4), 'decoder_input': (64, 3), 'target': (64, 3), 'logits': (64, 3, 85), 'vocab_size': 85, 'pad_id': 0}
2026-08-29 16:18:27 | INFO    | salsa | epoch 0 | step 25/1563 | loss 2.8007 | lr 6.50e-05 | 268.4 samples/s
2026-08-29 16:18:33 | INFO    | salsa | epoch 0 | step 50/1563 | loss 2.3376 | lr 1.28e-04 | 265.4 samples/s
2026-08-29 16:18:39 | INFO    | salsa | epoch 0 | step 75/1563 | loss 2.0436 | lr 1.90e-04 | 264.1 samples/s
2026-08-29 16:18:45 | INFO    | salsa | epoch 0 | train 2.6689 | valid 2.0390 | token 0.444 | acc_tau 0.188 | exact 0.0029 | 264.0 samples/s
2026-08-29 16:18:45 | INFO    | salsa | New best valid_loss: 2.039025
2026-08-29 16:18:50 | INFO    | salsa | epoch 1 | step 100/1563 | loss 1.9218 | lr 2.53e-04 | 261.0 samples/s
2026-08-29 16:18:56 | INFO    | salsa | epoch 1 | step 125/1563 | loss 1.8803 | lr 3.15e-04 | 260.6 samples/s
2026-08-29 16:19:02 | INFO    | salsa | epoch 1 | step 150/1563 | loss 1.9103 | lr 3.78e-04 | 260.0 samples/s
2026-08-29 16:19:09 | INFO    | salsa | epoch 1 | train 1.9409 | valid 1.9001 | token 0.445 | acc_tau 0.206 | exact 0.0059 | 261.8 samples/s
2026-08-29 16:19:09 | INFO    | salsa | New best valid_loss: 1.900141
2026-08-29 16:19:14 | INFO    | salsa | epoch 2 | step 175/1563 | loss 1.8813 | lr 4.40e-04 | 234.9 samples/s
2026-08-29 16:19:20 | INFO    | salsa | epoch 2 | step 200/1563 | loss 1.8783 | lr 5.00e-04 | 247.0 samples/s
2026-08-29 16:19:26 | INFO    | salsa | epoch 2 | step 225/1563 | loss 1.8868 | lr 5.00e-04 | 252.8 samples/s
2026-08-29 16:19:33 | INFO    | salsa | epoch 2 | train 1.8819 | valid 1.8738 | token 0.448 | acc_tau 0.213 | exact 0.0024 | 259.2 samples/s
2026-08-29 16:19:33 | INFO    | salsa | New best valid_loss: 1.873806
2026-08-29 16:19:36 | INFO    | salsa | epoch 3 | step 250/1563 | loss 1.8748 | lr 4.98e-04 | 264.0 samples/s
2026-08-29 16:19:43 | INFO    | salsa | epoch 3 | step 275/1563 | loss 1.8614 | lr 4.96e-04 | 259.1 samples/s
2026-08-29 16:19:49 | INFO    | salsa | epoch 3 | step 300/1563 | loss 1.8408 | lr 4.93e-04 | 258.4 samples/s
2026-08-29 16:19:57 | INFO    | salsa | epoch 3 | train 1.8667 | valid 1.8742 | token 0.445 | acc_tau 0.203 | exact 0.0029 | 259.1 samples/s
2026-08-29 16:19:59 | INFO    | salsa | epoch 4 | step 325/1563 | loss 1.8417 | lr 4.90e-04 | 262.7 samples/s
2026-08-29 16:20:05 | INFO    | salsa | epoch 4 | step 350/1563 | loss 1.8417 | lr 4.85e-04 | 262.4 samples/s
2026-08-29 16:20:11 | INFO    | salsa | epoch 4 | step 375/1563 | loss 1.8499 | lr 4.80e-04 | 260.7 samples/s
2026-08-29 16:20:21 | INFO    | salsa | epoch 4 | train 1.8469 | valid 1.8235 | token 0.494 | acc_tau 0.230 | exact 0.0049 | 259.0 samples/s
2026-08-29 16:20:21 | INFO    | salsa | New best valid_loss: 1.823517
2026-08-29 16:20:23 | INFO    | salsa | epoch 5 | step 400/1563 | loss 1.7987 | lr 4.74e-04 | 249.4 samples/s
2026-08-29 16:20:29 | INFO    | salsa | epoch 5 | step 425/1563 | loss 1.7519 | lr 4.67e-04 | 253.5 samples/s
2026-08-29 16:20:35 | INFO    | salsa | epoch 5 | step 450/1563 | loss 1.6778 | lr 4.60e-04 | 256.4 samples/s
2026-08-29 16:20:45 | INFO    | salsa | epoch 5 | train 1.7443 | valid 1.6234 | token 0.607 | acc_tau 0.443 | exact 0.0142 | 258.8 samples/s
2026-08-29 16:20:45 | INFO    | salsa | New best valid_loss: 1.623421
2026-08-29 16:20:46 | INFO    | salsa | epoch 6 | step 475/1563 | loss 1.6337 | lr 4.52e-04 | 228.7 samples/s
2026-08-29 16:20:52 | INFO    | salsa | epoch 6 | step 500/1563 | loss 1.5505 | lr 4.43e-04 | 268.5 samples/s
2026-08-29 16:20:58 | INFO    | salsa | epoch 6 | step 525/1563 | loss 1.5222 | lr 4.33e-04 | 268.0 samples/s
2026-08-29 16:21:04 | INFO    | salsa | epoch 6 | step 550/1563 | loss 1.5226 | lr 4.23e-04 | 269.3 samples/s
2026-08-29 16:21:09 | INFO    | salsa | epoch 6 | train 1.5602 | valid 1.4982 | token 0.660 | acc_tau 0.503 | exact 0.0161 | 260.2 samples/s
2026-08-29 16:21:09 | INFO    | salsa | New best valid_loss: 1.498193
2026-08-29 16:21:14 | INFO    | salsa | epoch 7 | step 575/1563 | loss 1.4840 | lr 4.12e-04 | 257.6 samples/s
2026-08-29 16:21:21 | INFO    | salsa | epoch 7 | step 600/1563 | loss 1.4819 | lr 4.01e-04 | 261.4 samples/s
2026-08-29 16:21:26 | INFO    | salsa | epoch 7 | step 625/1563 | loss 1.4814 | lr 3.90e-04 | 264.3 samples/s
2026-08-29 16:21:32 | INFO    | salsa | epoch 7 | train 1.4871 | valid 1.4649 | token 0.667 | acc_tau 0.664 | exact 0.0127 | 260.7 samples/s
2026-08-29 16:21:32 | INFO    | salsa | New best valid_loss: 1.464913
2026-08-29 16:21:37 | INFO    | salsa | epoch 8 | step 650/1563 | loss 1.4592 | lr 3.77e-04 | 266.2 samples/s
2026-08-29 16:21:43 | INFO    | salsa | epoch 8 | step 675/1563 | loss 1.4423 | lr 3.65e-04 | 263.9 samples/s
2026-08-29 16:21:49 | INFO    | salsa | epoch 8 | step 700/1563 | loss 1.4116 | lr 3.52e-04 | 265.0 samples/s
2026-08-29 16:21:55 | INFO    | salsa | epoch 8 | train 1.4428 | valid 1.3814 | token 0.674 | acc_tau 0.902 | exact 0.0376 | 261.2 samples/s
2026-08-29 16:21:56 | INFO    | salsa | New best valid_loss: 1.381428
2026-08-29 16:21:59 | INFO    | salsa | epoch 9 | step 725/1563 | loss 1.3568 | lr 3.39e-04 | 269.2 samples/s
2026-08-29 16:22:05 | INFO    | salsa | epoch 9 | step 750/1563 | loss 1.3274 | lr 3.25e-04 | 262.1 samples/s
2026-08-29 16:22:11 | INFO    | salsa | epoch 9 | step 775/1563 | loss 1.2690 | lr 3.11e-04 | 265.1 samples/s
2026-08-29 16:22:19 | INFO    | salsa | epoch 9 | train 1.3238 | valid 1.2369 | token 0.674 | acc_tau 0.948 | exact 0.0459 | 261.7 samples/s
2026-08-29 16:22:19 | INFO    | salsa | New best valid_loss: 1.236897
2026-08-29 16:22:21 | INFO    | salsa | epoch 10 | step 800/1563 | loss 1.2471 | lr 2.97e-04 | 271.1 samples/s
2026-08-29 16:22:27 | INFO    | salsa | epoch 10 | step 825/1563 | loss 1.1173 | lr 2.83e-04 | 263.9 samples/s
2026-08-29 16:22:33 | INFO    | salsa | epoch 10 | step 850/1563 | loss 1.1217 | lr 2.69e-04 | 265.1 samples/s
2026-08-29 16:22:42 | INFO    | salsa | epoch 10 | train 1.1543 | valid 1.0887 | token 0.690 | acc_tau 0.980 | exact 0.0757 | 262.0 samples/s
2026-08-29 16:22:42 | INFO    | salsa | New best valid_loss: 1.088684
2026-08-29 16:22:43 | INFO    | salsa | epoch 11 | step 875/1563 | loss 1.1004 | lr 2.54e-04 | 267.9 samples/s
2026-08-29 16:22:49 | INFO    | salsa | epoch 11 | step 900/1563 | loss 1.0924 | lr 2.40e-04 | 266.3 samples/s
2026-08-29 16:22:55 | INFO    | salsa | epoch 11 | step 925/1563 | loss 1.0426 | lr 2.26e-04 | 267.0 samples/s
2026-08-29 16:23:05 | INFO    | salsa | epoch 11 | train 1.0722 | valid 1.0291 | token 0.694 | acc_tau 0.983 | exact 0.0913 | 262.2 samples/s
2026-08-29 16:23:05 | INFO    | salsa | New best valid_loss: 1.029074
2026-08-29 16:23:06 | INFO    | salsa | epoch 12 | step 950/1563 | loss 0.9983 | lr 2.11e-04 | 271.1 samples/s
2026-08-29 16:23:12 | INFO    | salsa | epoch 12 | step 975/1563 | loss 0.9893 | lr 1.97e-04 | 271.3 samples/s
2026-08-29 16:23:18 | INFO    | salsa | epoch 12 | step 1000/1563 | loss 0.9995 | lr 1.83e-04 | 270.7 samples/s
2026-08-29 16:23:24 | INFO    | salsa | epoch 12 | step 1025/1563 | loss 1.0160 | lr 1.69e-04 | 270.6 samples/s
2026-08-29 16:23:28 | INFO    | salsa | epoch 12 | train 1.0180 | valid 0.9919 | token 0.697 | acc_tau 0.985 | exact 0.0986 | 262.8 samples/s
2026-08-29 16:23:28 | INFO    | salsa | New best valid_loss: 0.991903
2026-08-29 16:23:34 | INFO    | salsa | epoch 13 | step 1050/1563 | loss 1.0308 | lr 1.56e-04 | 265.9 samples/s
2026-08-29 16:23:40 | INFO    | salsa | epoch 13 | step 1075/1563 | loss 0.9945 | lr 1.43e-04 | 265.8 samples/s
2026-08-29 16:23:46 | INFO    | salsa | epoch 13 | step 1100/1563 | loss 0.9692 | lr 1.30e-04 | 264.0 samples/s
2026-08-29 16:23:51 | INFO    | salsa | epoch 13 | train 0.9841 | valid 0.9741 | token 0.694 | acc_tau 0.988 | exact 0.0903 | 262.8 samples/s
2026-08-29 16:23:51 | INFO    | salsa | New best valid_loss: 0.974116
2026-08-29 16:23:56 | INFO    | salsa | epoch 14 | step 1125/1563 | loss 0.9527 | lr 1.18e-04 | 261.9 samples/s
2026-08-29 16:24:02 | INFO    | salsa | epoch 14 | step 1150/1563 | loss 0.9416 | lr 1.06e-04 | 264.0 samples/s
2026-08-29 16:24:08 | INFO    | salsa | epoch 14 | step 1175/1563 | loss 0.9771 | lr 9.43e-05 | 264.7 samples/s
2026-08-29 16:24:15 | INFO    | salsa | epoch 14 | train 0.9635 | valid 0.9520 | token 0.696 | acc_tau 0.979 | exact 0.0952 | 263.0 samples/s
2026-08-29 16:24:15 | INFO    | salsa | New best valid_loss: 0.952045
2026-08-29 16:24:19 | INFO    | salsa | epoch 15 | step 1200/1563 | loss 0.9915 | lr 8.34e-05 | 260.2 samples/s
2026-08-29 16:24:25 | INFO    | salsa | epoch 15 | step 1225/1563 | loss 0.9650 | lr 7.30e-05 | 260.7 samples/s
2026-08-29 16:24:31 | INFO    | salsa | epoch 15 | step 1250/1563 | loss 0.9527 | lr 6.32e-05 | 263.8 samples/s
2026-08-29 16:24:38 | INFO    | salsa | epoch 15 | train 0.9491 | valid 0.9361 | token 0.701 | acc_tau 0.986 | exact 0.1118 | 263.1 samples/s
2026-08-29 16:24:38 | INFO    | salsa | New best valid_loss: 0.936055
2026-08-29 16:24:41 | INFO    | salsa | epoch 16 | step 1275/1563 | loss 0.9356 | lr 5.40e-05 | 263.7 samples/s
2026-08-29 16:24:47 | INFO    | salsa | epoch 16 | step 1300/1563 | loss 0.8873 | lr 4.55e-05 | 263.7 samples/s
2026-08-29 16:24:53 | INFO    | salsa | epoch 16 | step 1325/1563 | loss 0.9232 | lr 3.76e-05 | 263.4 samples/s
2026-08-29 16:25:02 | INFO    | salsa | epoch 16 | train 0.9208 | valid 0.9170 | token 0.702 | acc_tau 0.987 | exact 0.1138 | 263.0 samples/s
2026-08-29 16:25:02 | INFO    | salsa | New best valid_loss: 0.917047
2026-08-29 16:25:04 | INFO    | salsa | epoch 17 | step 1350/1563 | loss 0.9492 | lr 3.05e-05 | 255.3 samples/s
2026-08-29 16:25:10 | INFO    | salsa | epoch 17 | step 1375/1563 | loss 0.8555 | lr 2.41e-05 | 255.5 samples/s
2026-08-29 16:25:16 | INFO    | salsa | epoch 17 | step 1400/1563 | loss 0.8718 | lr 1.84e-05 | 254.9 samples/s
2026-08-29 16:25:26 | INFO    | salsa | epoch 17 | train 0.9125 | valid 0.9104 | token 0.707 | acc_tau 0.987 | exact 0.1265 | 262.6 samples/s
2026-08-29 16:25:26 | INFO    | salsa | New best valid_loss: 0.910378
2026-08-29 16:25:27 | INFO    | salsa | epoch 18 | step 1425/1563 | loss 0.9010 | lr 1.35e-05 | 255.1 samples/s
2026-08-29 16:25:33 | INFO    | salsa | epoch 18 | step 1450/1563 | loss 0.9052 | lr 9.41e-06 | 258.9 samples/s
2026-08-29 16:25:39 | INFO    | salsa | epoch 18 | step 1475/1563 | loss 0.9282 | lr 6.11e-06 | 257.8 samples/s
2026-08-29 16:25:45 | INFO    | salsa | epoch 18 | step 1500/1563 | loss 0.8837 | lr 3.63e-06 | 258.9 samples/s
2026-08-29 16:25:50 | INFO    | salsa | epoch 18 | train 0.9090 | valid 0.9072 | token 0.702 | acc_tau 0.989 | exact 0.1123 | 262.4 samples/s
2026-08-29 16:25:50 | INFO    | salsa | New best valid_loss: 0.907176
2026-08-29 16:25:56 | INFO    | salsa | epoch 19 | step 1525/1563 | loss 0.9185 | lr 1.96e-06 | 253.8 samples/s
2026-08-29 16:26:02 | INFO    | salsa | epoch 19 | step 1550/1563 | loss 0.9082 | lr 1.11e-06 | 252.4 samples/s
2026-08-29 16:26:10 | INFO    | salsa | epoch 19 | train 0.9054 | valid 0.9057 | token 0.703 | acc_tau 0.988 | exact 0.1152 | 262.0 samples/s
2026-08-29 16:26:11 | INFO    | salsa | New best valid_loss: 0.905749
2026-08-29 16:26:15 | INFO    | salsa | Training finished: planned epochs completed
