2026-08-30 13:31:07 | INFO    | salsa | Run directory: results\equal_depth_ablation\v2_te2\nact_n12_h2_te2\seed_42
2026-08-30 13:31:07 | INFO    | salsa | Config fingerprint: 431e51ed5d60f02c
2026-08-30 13:31:12 | INFO    | salsa | ========================================================================
2026-08-30 13:31:12 | INFO    | salsa | Model: Salsa2-NACT (nact)
2026-08-30 13:31:12 | INFO    | salsa | Trainable parameters: 4241288
2026-08-30 13:31:12 | INFO    | salsa | LWE: n=12 q=251 sigma=3.0 h=2 structure=rlwe
2026-08-30 13:31:12 | INFO    | salsa | Encoding: base=81 order=lsb_first separator=False -> 26 input tokens, 4 output
2026-08-30 13:31:12 | INFO    | salsa | Plan: {'sample_budget': 100000, 'batch_size': 64, 'total_steps': 1563, 'steps_per_epoch': 79, 'epochs': 20, 'warmup_steps': 200, 'valid_samples': 2048}
2026-08-30 13:31:12 | INFO    | salsa | Device: cpu | threads: {'threads': 6, 'interop_threads': 6}
2026-08-30 13:31:12 | INFO    | salsa | Chance baselines: {'uniform_loss_nats': 4.442651256490317, 'marginal_loss_nats': 1.8649843130825523, 'chance_token_accuracy': 0.44621513944223107, 'chance_perfect_accuracy': 0.005142775511499817, 'chance_digit_accuracy': [0.015936, 0.322709], 'chance_exact_accuracy': 0.00398406374501992, 'chance_acc_tau': 0.19286995444516752, 'chance_acc_tau_circular_DIAGNOSTIC': 0.20318725099601595, 'tolerance': 0.1, 'tolerance_absolute': 25.1}
2026-08-30 13:31:12 | INFO    | salsa | ========================================================================
2026-08-30 13:31:12 | INFO    | salsa | Alignment verified: {'src_ids': (64, 26), 'tgt_ids': (64, 4), 'decoder_input': (64, 3), 'target': (64, 3), 'logits': (64, 3, 85), 'vocab_size': 85, 'pad_id': 0}
2026-08-30 13:31:36 | INFO    | salsa | epoch 0 | step 25/1563 | loss 2.7233 | lr 6.50e-05 | 67.4 samples/s
2026-08-30 13:32:06 | INFO    | salsa | epoch 0 | step 50/1563 | loss 2.1505 | lr 1.28e-04 | 59.9 samples/s
2026-08-30 13:32:31 | INFO    | salsa | epoch 0 | step 75/1563 | loss 2.0592 | lr 1.90e-04 | 61.4 samples/s
2026-08-30 13:32:47 | INFO    | salsa | epoch 0 | train 2.6629 | valid 2.0091 | token 0.450 | acc_tau 0.002 | exact 0.0000 | 62.7 samples/s
2026-08-30 13:32:47 | INFO    | salsa | New best valid_loss: 2.009056
2026-08-30 13:33:01 | INFO    | salsa | epoch 1 | step 100/1563 | loss 2.0059 | lr 2.53e-04 | 100.5 samples/s
2026-08-30 13:33:16 | INFO    | salsa | epoch 1 | step 125/1563 | loss 2.0058 | lr 3.15e-04 | 102.2 samples/s
2026-08-30 13:33:32 | INFO    | salsa | epoch 1 | step 150/1563 | loss 1.8625 | lr 3.78e-04 | 101.2 samples/s
2026-08-30 13:33:54 | INFO    | salsa | epoch 1 | train 1.9605 | valid 1.9249 | token 0.443 | acc_tau 0.188 | exact 0.0029 | 77.3 samples/s
2026-08-30 13:33:54 | INFO    | salsa | New best valid_loss: 1.924881
2026-08-30 13:34:13 | INFO    | salsa | epoch 2 | step 175/1563 | loss 1.8865 | lr 4.40e-04 | 58.3 samples/s
2026-08-30 13:34:39 | INFO    | salsa | epoch 2 | step 200/1563 | loss 1.8323 | lr 5.00e-04 | 60.0 samples/s
2026-08-30 13:35:01 | INFO    | salsa | epoch 2 | step 225/1563 | loss 1.6104 | lr 5.00e-04 | 64.2 samples/s
2026-08-30 13:37:25 | INFO    | salsa | epoch 2 | train 1.8001 | valid 1.6016 | token 0.624 | acc_tau 0.501 | exact 0.0117 | 73.8 samples/s
2026-08-30 13:37:26 | INFO    | salsa | New best valid_loss: 1.601578
2026-08-30 13:37:39 | INFO    | salsa | epoch 3 | step 250/1563 | loss 1.5533 | lr 4.98e-04 | 61.7 samples/s
2026-08-30 13:37:56 | INFO    | salsa | epoch 3 | step 275/1563 | loss 1.5243 | lr 4.96e-04 | 80.9 samples/s
2026-08-30 13:38:11 | INFO    | salsa | epoch 3 | step 300/1563 | loss 1.5111 | lr 4.93e-04 | 89.1 samples/s
2026-08-30 13:38:33 | INFO    | salsa | epoch 3 | train 1.5346 | valid 1.5086 | token 0.662 | acc_tau 0.526 | exact 0.0127 | 77.7 samples/s
2026-08-30 13:38:33 | INFO    | salsa | New best valid_loss: 1.508620
2026-08-30 13:38:40 | INFO    | salsa | epoch 4 | step 325/1563 | loss 1.5408 | lr 4.90e-04 | 88.2 samples/s
2026-08-30 13:38:54 | INFO    | salsa | epoch 4 | step 350/1563 | loss 1.5008 | lr 4.85e-04 | 103.8 samples/s
2026-08-30 13:39:09 | INFO    | salsa | epoch 4 | step 375/1563 | loss 1.4984 | lr 4.80e-04 | 106.3 samples/s
2026-08-30 13:39:30 | INFO    | salsa | epoch 4 | train 1.5062 | valid 1.4903 | token 0.663 | acc_tau 0.617 | exact 0.0151 | 82.5 samples/s
2026-08-30 13:39:30 | INFO    | salsa | New best valid_loss: 1.490313
2026-08-30 13:39:33 | INFO    | salsa | epoch 5 | step 400/1563 | loss 1.4722 | lr 4.74e-04 | 115.0 samples/s
2026-08-30 13:39:45 | INFO    | salsa | epoch 5 | step 425/1563 | loss 1.5213 | lr 4.67e-04 | 125.2 samples/s
2026-08-30 13:39:59 | INFO    | salsa | epoch 5 | step 450/1563 | loss 1.4858 | lr 4.60e-04 | 121.4 samples/s
2026-08-30 13:40:22 | INFO    | salsa | epoch 5 | train 1.4926 | valid 1.4952 | token 0.659 | acc_tau 0.574 | exact 0.0107 | 87.2 samples/s
2026-08-30 13:40:23 | INFO    | salsa | epoch 6 | step 475/1563 | loss 1.5067 | lr 4.52e-04 | 102.6 samples/s
2026-08-30 13:40:36 | INFO    | salsa | epoch 6 | step 500/1563 | loss 1.4949 | lr 4.43e-04 | 118.9 samples/s
2026-08-30 13:40:48 | INFO    | salsa | epoch 6 | step 525/1563 | loss 1.4764 | lr 4.33e-04 | 125.4 samples/s
2026-08-30 13:41:01 | INFO    | salsa | epoch 6 | step 550/1563 | loss 1.4893 | lr 4.23e-04 | 125.1 samples/s
2026-08-30 13:41:13 | INFO    | salsa | epoch 6 | train 1.4925 | valid 1.4968 | token 0.661 | acc_tau 0.595 | exact 0.0132 | 91.1 samples/s
2026-08-30 13:41:25 | INFO    | salsa | epoch 7 | step 575/1563 | loss 1.4870 | lr 4.12e-04 | 120.4 samples/s
2026-08-30 13:41:37 | INFO    | salsa | epoch 7 | step 600/1563 | loss 1.4887 | lr 4.01e-04 | 125.0 samples/s
2026-08-30 13:41:49 | INFO    | salsa | epoch 7 | step 625/1563 | loss 1.4691 | lr 3.90e-04 | 127.3 samples/s
2026-08-30 13:42:03 | INFO    | salsa | epoch 7 | train 1.4841 | valid 1.4819 | token 0.664 | acc_tau 0.632 | exact 0.0146 | 94.5 samples/s
2026-08-30 13:42:03 | INFO    | salsa | New best valid_loss: 1.481935
2026-08-30 13:42:13 | INFO    | salsa | epoch 8 | step 650/1563 | loss 1.4554 | lr 3.77e-04 | 117.3 samples/s
2026-08-30 13:42:26 | INFO    | salsa | epoch 8 | step 675/1563 | loss 1.4863 | lr 3.65e-04 | 123.3 samples/s
2026-08-30 13:42:38 | INFO    | salsa | epoch 8 | step 700/1563 | loss 1.4131 | lr 3.52e-04 | 125.5 samples/s
2026-08-30 13:42:54 | INFO    | salsa | epoch 8 | train 1.4559 | valid 1.4173 | token 0.666 | acc_tau 0.764 | exact 0.0205 | 97.2 samples/s
2026-08-30 13:42:54 | INFO    | salsa | New best valid_loss: 1.417338
2026-08-30 13:43:03 | INFO    | salsa | epoch 9 | step 725/1563 | loss 1.4014 | lr 3.39e-04 | 105.5 samples/s
2026-08-30 13:43:15 | INFO    | salsa | epoch 9 | step 750/1563 | loss 1.3599 | lr 3.25e-04 | 119.1 samples/s
2026-08-30 13:43:27 | INFO    | salsa | epoch 9 | step 775/1563 | loss 1.3025 | lr 3.11e-04 | 124.1 samples/s
2026-08-30 13:43:45 | INFO    | salsa | epoch 9 | train 1.3473 | valid 1.2465 | token 0.675 | acc_tau 0.969 | exact 0.0439 | 99.5 samples/s
2026-08-30 13:43:45 | INFO    | salsa | New best valid_loss: 1.246493
2026-08-30 13:43:52 | INFO    | salsa | epoch 10 | step 800/1563 | loss 1.2584 | lr 2.97e-04 | 104.0 samples/s
2026-08-30 13:44:04 | INFO    | salsa | epoch 10 | step 825/1563 | loss 1.1512 | lr 2.83e-04 | 121.9 samples/s
2026-08-30 13:44:16 | INFO    | salsa | epoch 10 | step 850/1563 | loss 1.0835 | lr 2.69e-04 | 126.1 samples/s
2026-08-30 13:44:36 | INFO    | salsa | epoch 10 | train 1.1529 | valid 1.0828 | token 0.688 | acc_tau 0.985 | exact 0.0737 | 101.5 samples/s
2026-08-30 13:44:36 | INFO    | salsa | New best valid_loss: 1.082816
2026-08-30 13:44:39 | INFO    | salsa | epoch 11 | step 875/1563 | loss 1.1026 | lr 2.54e-04 | 110.9 samples/s
2026-08-30 13:44:52 | INFO    | salsa | epoch 11 | step 900/1563 | loss 1.0451 | lr 2.40e-04 | 125.1 samples/s
2026-08-30 13:45:04 | INFO    | salsa | epoch 11 | step 925/1563 | loss 1.0244 | lr 2.26e-04 | 127.8 samples/s
2026-08-30 13:45:25 | INFO    | salsa | epoch 11 | train 1.0549 | valid 1.0390 | token 0.689 | acc_tau 0.986 | exact 0.0791 | 103.4 samples/s
2026-08-30 13:45:26 | INFO    | salsa | New best valid_loss: 1.038954
2026-08-30 13:45:27 | INFO    | salsa | epoch 12 | step 950/1563 | loss 1.0340 | lr 2.11e-04 | 115.6 samples/s
2026-08-30 13:45:39 | INFO    | salsa | epoch 12 | step 975/1563 | loss 1.0293 | lr 1.97e-04 | 124.6 samples/s
2026-08-30 13:45:52 | INFO    | salsa | epoch 12 | step 1000/1563 | loss 1.0472 | lr 1.83e-04 | 127.9 samples/s
2026-08-30 13:46:04 | INFO    | salsa | epoch 12 | step 1025/1563 | loss 0.9782 | lr 1.69e-04 | 129.6 samples/s
2026-08-30 13:46:15 | INFO    | salsa | epoch 12 | train 1.0085 | valid 0.9968 | token 0.694 | acc_tau 0.976 | exact 0.0947 | 105.0 samples/s
2026-08-30 13:46:15 | INFO    | salsa | New best valid_loss: 0.996802
2026-08-30 13:46:27 | INFO    | salsa | epoch 13 | step 1050/1563 | loss 0.9836 | lr 1.56e-04 | 119.7 samples/s
2026-08-30 13:46:40 | INFO    | salsa | epoch 13 | step 1075/1563 | loss 0.9551 | lr 1.43e-04 | 125.8 samples/s
2026-08-30 13:46:52 | INFO    | salsa | epoch 13 | step 1100/1563 | loss 0.9598 | lr 1.30e-04 | 128.5 samples/s
2026-08-30 13:47:05 | INFO    | salsa | epoch 13 | train 0.9771 | valid 0.9822 | token 0.692 | acc_tau 0.983 | exact 0.0825 | 106.4 samples/s
2026-08-30 13:47:05 | INFO    | salsa | New best valid_loss: 0.982225
2026-08-30 13:47:16 | INFO    | salsa | epoch 14 | step 1125/1563 | loss 0.9448 | lr 1.18e-04 | 115.6 samples/s
2026-08-30 13:47:28 | INFO    | salsa | epoch 14 | step 1150/1563 | loss 0.9359 | lr 1.06e-04 | 124.5 samples/s
2026-08-30 13:47:40 | INFO    | salsa | epoch 14 | step 1175/1563 | loss 0.9610 | lr 9.43e-05 | 126.8 samples/s
2026-08-30 13:47:56 | INFO    | salsa | epoch 14 | train 0.9528 | valid 0.9486 | token 0.700 | acc_tau 0.987 | exact 0.1055 | 107.6 samples/s
2026-08-30 13:47:56 | INFO    | salsa | New best valid_loss: 0.948591
2026-08-30 13:48:05 | INFO    | salsa | epoch 15 | step 1200/1563 | loss 0.9259 | lr 8.34e-05 | 112.3 samples/s
2026-08-30 13:48:17 | INFO    | salsa | epoch 15 | step 1225/1563 | loss 0.9321 | lr 7.30e-05 | 124.6 samples/s
2026-08-30 13:48:29 | INFO    | salsa | epoch 15 | step 1250/1563 | loss 0.9136 | lr 6.32e-05 | 126.9 samples/s
2026-08-30 13:48:46 | INFO    | salsa | epoch 15 | train 0.9325 | valid 0.9317 | token 0.699 | acc_tau 0.989 | exact 0.1021 | 108.7 samples/s
2026-08-30 13:48:46 | INFO    | salsa | New best valid_loss: 0.931654
2026-08-30 13:48:53 | INFO    | salsa | epoch 16 | step 1275/1563 | loss 0.9016 | lr 5.40e-05 | 109.5 samples/s
2026-08-30 13:49:05 | INFO    | salsa | epoch 16 | step 1300/1563 | loss 0.9158 | lr 4.55e-05 | 121.1 samples/s
2026-08-30 13:49:18 | INFO    | salsa | epoch 16 | step 1325/1563 | loss 0.9067 | lr 3.76e-05 | 123.8 samples/s
2026-08-30 13:49:37 | INFO    | salsa | epoch 16 | train 0.9161 | valid 0.9260 | token 0.698 | acc_tau 0.988 | exact 0.1001 | 109.6 samples/s
2026-08-30 13:49:37 | INFO    | salsa | New best valid_loss: 0.925962
2026-08-30 13:49:41 | INFO    | salsa | epoch 17 | step 1350/1563 | loss 0.9314 | lr 3.05e-05 | 115.0 samples/s
2026-08-30 13:49:53 | INFO    | salsa | epoch 17 | step 1375/1563 | loss 0.9043 | lr 2.41e-05 | 126.8 samples/s
2026-08-30 13:50:06 | INFO    | salsa | epoch 17 | step 1400/1563 | loss 0.9060 | lr 1.84e-05 | 126.4 samples/s
2026-08-30 13:50:26 | INFO    | salsa | epoch 17 | train 0.9024 | valid 0.9137 | token 0.699 | acc_tau 0.989 | exact 0.1021 | 110.4 samples/s
2026-08-30 13:50:26 | INFO    | salsa | New best valid_loss: 0.913738
2026-08-30 13:50:28 | INFO    | salsa | epoch 18 | step 1425/1563 | loss 0.8887 | lr 1.35e-05 | 107.7 samples/s
2026-08-30 13:50:40 | INFO    | salsa | epoch 18 | step 1450/1563 | loss 0.8806 | lr 9.41e-06 | 128.1 samples/s
2026-08-30 13:50:52 | INFO    | salsa | epoch 18 | step 1475/1563 | loss 0.8989 | lr 6.11e-06 | 130.8 samples/s
2026-08-30 13:51:05 | INFO    | salsa | epoch 18 | step 1500/1563 | loss 0.9101 | lr 3.63e-06 | 130.2 samples/s
2026-08-30 13:51:15 | INFO    | salsa | epoch 18 | train 0.8995 | valid 0.9090 | token 0.703 | acc_tau 0.985 | exact 0.1147 | 111.3 samples/s
2026-08-30 13:51:15 | INFO    | salsa | New best valid_loss: 0.908979
2026-08-30 13:51:27 | INFO    | salsa | epoch 19 | step 1525/1563 | loss 0.8599 | lr 1.96e-06 | 127.1 samples/s
2026-08-30 13:51:39 | INFO    | salsa | epoch 19 | step 1550/1563 | loss 0.8959 | lr 1.11e-06 | 130.7 samples/s
2026-08-30 13:51:56 | INFO    | salsa | epoch 19 | train 0.9025 | valid 0.9089 | token 0.703 | acc_tau 0.988 | exact 0.1128 | 112.0 samples/s
2026-08-30 13:51:56 | INFO    | salsa | New best valid_loss: 0.908885
2026-08-30 13:52:07 | INFO    | salsa | Training finished: planned epochs completed
