2026-08-29 15:30:09 | INFO    | salsa | Run directory: results/nact_v2/phase16_part_b/v1_control/control_a_n12_h2/phase16_part_b_v1
2026-08-29 15:30:09 | INFO    | salsa | Config fingerprint: 1b3f32584dadf4b7
2026-08-29 15:30:10 | INFO    | salsa | ========================================================================
2026-08-29 15:30:10 | INFO    | salsa | Model: Salsa2-GatedUT (gated_universal_transformer)
2026-08-29 15:30:10 | INFO    | salsa | Trainable parameters: 4131200
2026-08-29 15:30:10 | INFO    | salsa | LWE: n=12 q=251 sigma=3.0 h=2 structure=rlwe
2026-08-29 15:30:10 | INFO    | salsa | Encoding: base=81 order=lsb_first separator=False -> 26 input tokens, 4 output
2026-08-29 15:30:10 | INFO    | salsa | Plan: {'sample_budget': 100000, 'batch_size': 64, 'total_steps': 1563, 'steps_per_epoch': 79, 'epochs': 20, 'warmup_steps': 200, 'valid_samples': 2048}
2026-08-29 15:30:10 | INFO    | salsa | Device: cpu | threads: {'threads': 4, 'interop_threads': 10}
2026-08-29 15:30:10 | INFO    | salsa | Chance baselines: {'uniform_loss_nats': 4.442651256490317, 'marginal_loss_nats': 1.8649843130825523, 'chance_token_accuracy': 0.44621513944223107, 'chance_perfect_accuracy': 0.005142775511499817, 'chance_digit_accuracy': [0.015936, 0.322709], 'chance_exact_accuracy': 0.00398406374501992, 'chance_acc_tau': 0.19286995444516752, 'chance_acc_tau_circular_DIAGNOSTIC': 0.20318725099601595, 'tolerance': 0.1, 'tolerance_absolute': 25.1}
2026-08-29 15:30:10 | INFO    | salsa | ========================================================================
2026-08-29 15:30:10 | INFO    | salsa | Alignment verified: {'src_ids': (64, 26), 'tgt_ids': (64, 4), 'decoder_input': (64, 3), 'target': (64, 3), 'logits': (64, 3, 85), 'vocab_size': 85, 'pad_id': 0}
2026-08-29 15:30:14 | INFO    | salsa | epoch 0 | step 25/1563 | loss 2.9318 | lr 6.50e-05 | 369.4 samples/s
2026-08-29 15:30:19 | INFO    | salsa | epoch 0 | step 50/1563 | loss 2.4584 | lr 1.28e-04 | 366.3 samples/s
2026-08-29 15:30:23 | INFO    | salsa | epoch 0 | step 75/1563 | loss 2.1131 | lr 1.90e-04 | 361.5 samples/s
2026-08-29 15:30:28 | INFO    | salsa | epoch 0 | train 2.8051 | valid 2.0930 | token 0.441 | acc_tau 0.001 | exact 0.0000 | 360.6 samples/s
2026-08-29 15:30:28 | INFO    | salsa | New best valid_loss: 2.093039
2026-08-29 15:30:32 | INFO    | salsa | epoch 1 | step 100/1563 | loss 1.9404 | lr 2.53e-04 | 354.8 samples/s
2026-08-29 15:30:36 | INFO    | salsa | epoch 1 | step 125/1563 | loss 1.9457 | lr 3.15e-04 | 362.0 samples/s
2026-08-29 15:30:41 | INFO    | salsa | epoch 1 | step 150/1563 | loss 1.8709 | lr 3.78e-04 | 358.5 samples/s
2026-08-29 15:30:46 | INFO    | salsa | epoch 1 | train 1.9319 | valid 1.8815 | token 0.453 | acc_tau 0.198 | exact 0.0054 | 358.0 samples/s
2026-08-29 15:30:46 | INFO    | salsa | New best valid_loss: 1.881519
2026-08-29 15:30:50 | INFO    | salsa | epoch 2 | step 175/1563 | loss 1.8864 | lr 4.40e-04 | 335.3 samples/s
2026-08-29 15:30:54 | INFO    | salsa | epoch 2 | step 200/1563 | loss 1.8853 | lr 5.00e-04 | 369.5 samples/s
2026-08-29 15:30:58 | INFO    | salsa | epoch 2 | step 225/1563 | loss 1.8567 | lr 5.00e-04 | 375.9 samples/s
2026-08-29 15:31:03 | INFO    | salsa | epoch 2 | train 1.8833 | valid 1.8854 | token 0.449 | acc_tau 0.204 | exact 0.0059 | 364.3 samples/s
2026-08-29 15:31:05 | INFO    | salsa | epoch 3 | step 250/1563 | loss 1.8685 | lr 4.98e-04 | 391.6 samples/s
2026-08-29 15:31:10 | INFO    | salsa | epoch 3 | step 275/1563 | loss 1.8706 | lr 4.96e-04 | 391.2 samples/s
2026-08-29 15:31:14 | INFO    | salsa | epoch 3 | step 300/1563 | loss 1.8456 | lr 4.93e-04 | 390.5 samples/s
2026-08-29 15:31:20 | INFO    | salsa | epoch 3 | train 1.8626 | valid 1.8586 | token 0.451 | acc_tau 0.200 | exact 0.0024 | 370.5 samples/s
2026-08-29 15:31:20 | INFO    | salsa | New best valid_loss: 1.858580
2026-08-29 15:31:21 | INFO    | salsa | epoch 4 | step 325/1563 | loss 1.8626 | lr 4.90e-04 | 399.5 samples/s
2026-08-29 15:31:25 | INFO    | salsa | epoch 4 | step 350/1563 | loss 1.8503 | lr 4.85e-04 | 395.0 samples/s
2026-08-29 15:31:30 | INFO    | salsa | epoch 4 | step 375/1563 | loss 1.8628 | lr 4.80e-04 | 394.3 samples/s
2026-08-29 15:31:37 | INFO    | salsa | epoch 4 | train 1.8607 | valid 1.8547 | token 0.442 | acc_tau 0.133 | exact 0.0034 | 374.7 samples/s
2026-08-29 15:31:37 | INFO    | salsa | New best valid_loss: 1.854685
2026-08-29 15:31:38 | INFO    | salsa | epoch 5 | step 400/1563 | loss 1.8496 | lr 4.74e-04 | 382.4 samples/s
2026-08-29 15:31:42 | INFO    | salsa | epoch 5 | step 425/1563 | loss 1.8649 | lr 4.67e-04 | 364.1 samples/s
2026-08-29 15:31:46 | INFO    | salsa | epoch 5 | step 450/1563 | loss 1.8540 | lr 4.60e-04 | 365.1 samples/s
2026-08-29 15:31:54 | INFO    | salsa | epoch 5 | train 1.8535 | valid 1.8522 | token 0.446 | acc_tau 0.201 | exact 0.0029 | 372.6 samples/s
2026-08-29 15:31:55 | INFO    | salsa | New best valid_loss: 1.852231
2026-08-29 15:31:55 | INFO    | salsa | epoch 6 | step 475/1563 | loss 1.8589 | lr 4.52e-04 | 369.2 samples/s
2026-08-29 15:31:59 | INFO    | salsa | epoch 6 | step 500/1563 | loss 1.8690 | lr 4.43e-04 | 356.3 samples/s
2026-08-29 15:32:04 | INFO    | salsa | epoch 6 | step 525/1563 | loss 1.8604 | lr 4.33e-04 | 356.9 samples/s
2026-08-29 15:32:08 | INFO    | salsa | epoch 6 | step 550/1563 | loss 1.8426 | lr 4.23e-04 | 357.1 samples/s
2026-08-29 15:32:12 | INFO    | salsa | epoch 6 | train 1.8547 | valid 1.8517 | token 0.446 | acc_tau 0.142 | exact 0.0024 | 370.4 samples/s
2026-08-29 15:32:12 | INFO    | salsa | New best valid_loss: 1.851682
2026-08-29 15:32:16 | INFO    | salsa | epoch 7 | step 575/1563 | loss 1.8353 | lr 4.12e-04 | 388.7 samples/s
2026-08-29 15:32:20 | INFO    | salsa | epoch 7 | step 600/1563 | loss 1.8483 | lr 4.01e-04 | 387.7 samples/s
2026-08-29 15:32:25 | INFO    | salsa | epoch 7 | step 625/1563 | loss 1.8424 | lr 3.90e-04 | 374.5 samples/s
2026-08-29 15:32:30 | INFO    | salsa | epoch 7 | train 1.8515 | valid 1.8517 | token 0.451 | acc_tau 0.134 | exact 0.0059 | 370.8 samples/s
2026-08-29 15:32:33 | INFO    | salsa | epoch 8 | step 650/1563 | loss 1.8458 | lr 3.77e-04 | 352.9 samples/s
2026-08-29 15:32:38 | INFO    | salsa | epoch 8 | step 675/1563 | loss 1.8661 | lr 3.65e-04 | 353.2 samples/s
2026-08-29 15:32:42 | INFO    | salsa | epoch 8 | step 700/1563 | loss 1.8629 | lr 3.52e-04 | 349.7 samples/s
2026-08-29 15:32:48 | INFO    | salsa | epoch 8 | train 1.8536 | valid 1.8475 | token 0.445 | acc_tau 0.206 | exact 0.0044 | 368.0 samples/s
2026-08-29 15:32:48 | INFO    | salsa | New best valid_loss: 1.847507
2026-08-29 15:32:50 | INFO    | salsa | epoch 9 | step 725/1563 | loss 1.8351 | lr 3.39e-04 | 389.8 samples/s
2026-08-29 15:32:55 | INFO    | salsa | epoch 9 | step 750/1563 | loss 1.8418 | lr 3.25e-04 | 388.9 samples/s
2026-08-29 15:32:59 | INFO    | salsa | epoch 9 | step 775/1563 | loss 1.8642 | lr 3.11e-04 | 388.2 samples/s
2026-08-29 15:33:05 | INFO    | salsa | epoch 9 | train 1.8479 | valid 1.8449 | token 0.445 | acc_tau 0.195 | exact 0.0059 | 369.9 samples/s
2026-08-29 15:33:05 | INFO    | salsa | New best valid_loss: 1.844890
2026-08-29 15:33:07 | INFO    | salsa | epoch 10 | step 800/1563 | loss 1.8350 | lr 2.97e-04 | 380.1 samples/s
2026-08-29 15:33:11 | INFO    | salsa | epoch 10 | step 825/1563 | loss 1.8427 | lr 2.83e-04 | 343.8 samples/s
2026-08-29 15:33:16 | INFO    | salsa | epoch 10 | step 850/1563 | loss 1.8592 | lr 2.69e-04 | 356.7 samples/s
2026-08-29 15:33:22 | INFO    | salsa | epoch 10 | train 1.8486 | valid 1.8440 | token 0.453 | acc_tau 0.173 | exact 0.0049 | 369.2 samples/s
2026-08-29 15:33:22 | INFO    | salsa | New best valid_loss: 1.843983
2026-08-29 15:33:23 | INFO    | salsa | epoch 11 | step 875/1563 | loss 1.8495 | lr 2.54e-04 | 383.9 samples/s
2026-08-29 15:33:28 | INFO    | salsa | epoch 11 | step 900/1563 | loss 1.8422 | lr 2.40e-04 | 384.7 samples/s
2026-08-29 15:33:32 | INFO    | salsa | epoch 11 | step 925/1563 | loss 1.8065 | lr 2.26e-04 | 384.8 samples/s
2026-08-29 15:33:40 | INFO    | salsa | epoch 11 | train 1.8368 | valid 1.8205 | token 0.486 | acc_tau 0.225 | exact 0.0073 | 369.2 samples/s
2026-08-29 15:33:40 | INFO    | salsa | New best valid_loss: 1.820489
2026-08-29 15:33:41 | INFO    | salsa | epoch 12 | step 950/1563 | loss 1.8250 | lr 2.11e-04 | 383.3 samples/s
2026-08-29 15:33:45 | INFO    | salsa | epoch 12 | step 975/1563 | loss 1.8165 | lr 1.97e-04 | 373.7 samples/s
2026-08-29 15:33:49 | INFO    | salsa | epoch 12 | step 1000/1563 | loss 1.7889 | lr 1.83e-04 | 372.6 samples/s
2026-08-29 15:33:53 | INFO    | salsa | epoch 12 | step 1025/1563 | loss 1.7641 | lr 1.69e-04 | 375.3 samples/s
2026-08-29 15:33:57 | INFO    | salsa | epoch 12 | train 1.7981 | valid 1.7845 | token 0.509 | acc_tau 0.329 | exact 0.0083 | 369.7 samples/s
2026-08-29 15:33:57 | INFO    | salsa | New best valid_loss: 1.784549
2026-08-29 15:34:01 | INFO    | salsa | epoch 13 | step 1050/1563 | loss 1.7816 | lr 1.56e-04 | 384.4 samples/s
2026-08-29 15:34:06 | INFO    | salsa | epoch 13 | step 1075/1563 | loss 1.8059 | lr 1.43e-04 | 379.9 samples/s
2026-08-29 15:34:10 | INFO    | salsa | epoch 13 | step 1100/1563 | loss 1.7459 | lr 1.30e-04 | 379.9 samples/s
2026-08-29 15:34:15 | INFO    | salsa | epoch 13 | train 1.7778 | valid 1.7688 | token 0.523 | acc_tau 0.341 | exact 0.0093 | 370.4 samples/s
2026-08-29 15:34:15 | INFO    | salsa | New best valid_loss: 1.768777
2026-08-29 15:34:18 | INFO    | salsa | epoch 14 | step 1125/1563 | loss 1.7694 | lr 1.18e-04 | 347.9 samples/s
2026-08-29 15:34:23 | INFO    | salsa | epoch 14 | step 1150/1563 | loss 1.7684 | lr 1.06e-04 | 356.6 samples/s
2026-08-29 15:34:27 | INFO    | salsa | epoch 14 | step 1175/1563 | loss 1.7291 | lr 9.43e-05 | 354.7 samples/s
2026-08-29 15:34:33 | INFO    | salsa | epoch 14 | train 1.7569 | valid 1.7541 | token 0.527 | acc_tau 0.353 | exact 0.0117 | 369.4 samples/s
2026-08-29 15:34:33 | INFO    | salsa | New best valid_loss: 1.754087
2026-08-29 15:34:36 | INFO    | salsa | epoch 15 | step 1200/1563 | loss 1.7705 | lr 8.34e-05 | 357.6 samples/s
2026-08-29 15:34:40 | INFO    | salsa | epoch 15 | step 1225/1563 | loss 1.7614 | lr 7.30e-05 | 360.3 samples/s
2026-08-29 15:34:44 | INFO    | salsa | epoch 15 | step 1250/1563 | loss 1.7578 | lr 6.32e-05 | 367.0 samples/s
2026-08-29 15:34:50 | INFO    | salsa | epoch 15 | train 1.7596 | valid 1.7492 | token 0.530 | acc_tau 0.342 | exact 0.0093 | 369.4 samples/s
2026-08-29 15:34:50 | INFO    | salsa | New best valid_loss: 1.749216
2026-08-29 15:34:52 | INFO    | salsa | epoch 16 | step 1275/1563 | loss 1.7727 | lr 5.40e-05 | 372.3 samples/s
2026-08-29 15:34:57 | INFO    | salsa | epoch 16 | step 1300/1563 | loss 1.7040 | lr 4.55e-05 | 379.3 samples/s
2026-08-29 15:35:01 | INFO    | salsa | epoch 16 | step 1325/1563 | loss 1.7450 | lr 3.76e-05 | 381.0 samples/s
2026-08-29 15:35:07 | INFO    | salsa | epoch 16 | train 1.7502 | valid 1.7467 | token 0.533 | acc_tau 0.347 | exact 0.0112 | 370.1 samples/s
2026-08-29 15:35:07 | INFO    | salsa | New best valid_loss: 1.746698
2026-08-29 15:35:09 | INFO    | salsa | epoch 17 | step 1350/1563 | loss 1.7432 | lr 3.05e-05 | 384.8 samples/s
2026-08-29 15:35:13 | INFO    | salsa | epoch 17 | step 1375/1563 | loss 1.7427 | lr 2.41e-05 | 379.5 samples/s
2026-08-29 15:35:17 | INFO    | salsa | epoch 17 | step 1400/1563 | loss 1.8142 | lr 1.84e-05 | 380.8 samples/s
2026-08-29 15:35:25 | INFO    | salsa | epoch 17 | train 1.7433 | valid 1.7431 | token 0.533 | acc_tau 0.347 | exact 0.0073 | 370.6 samples/s
2026-08-29 15:35:25 | INFO    | salsa | New best valid_loss: 1.743054
2026-08-29 15:35:26 | INFO    | salsa | epoch 18 | step 1425/1563 | loss 1.7417 | lr 1.35e-05 | 355.3 samples/s
2026-08-29 15:35:30 | INFO    | salsa | epoch 18 | step 1450/1563 | loss 1.7504 | lr 9.41e-06 | 353.3 samples/s
2026-08-29 15:35:35 | INFO    | salsa | epoch 18 | step 1475/1563 | loss 1.7210 | lr 6.11e-06 | 354.6 samples/s
2026-08-29 15:35:40 | INFO    | salsa | epoch 18 | step 1500/1563 | loss 1.7138 | lr 3.63e-06 | 348.3 samples/s
2026-08-29 15:35:44 | INFO    | salsa | epoch 18 | train 1.7366 | valid 1.7415 | token 0.532 | acc_tau 0.354 | exact 0.0083 | 369.4 samples/s
2026-08-29 15:35:44 | INFO    | salsa | New best valid_loss: 1.741518
2026-08-29 15:35:48 | INFO    | salsa | epoch 19 | step 1525/1563 | loss 1.7162 | lr 1.96e-06 | 365.5 samples/s
2026-08-29 15:35:52 | INFO    | salsa | epoch 19 | step 1550/1563 | loss 1.7069 | lr 1.11e-06 | 365.4 samples/s
2026-08-29 15:35:59 | INFO    | salsa | epoch 19 | train 1.7357 | valid 1.7413 | token 0.532 | acc_tau 0.355 | exact 0.0078 | 369.1 samples/s
2026-08-29 15:35:59 | INFO    | salsa | New best valid_loss: 1.741287
2026-08-29 15:36:03 | INFO    | salsa | Training finished: planned epochs completed
