2026-08-30 13:52:13 | INFO    | salsa | Run directory: results\equal_depth_ablation\v2_te2\nact_n12_h2_te2\seed_123
2026-08-30 13:52:13 | INFO    | salsa | Config fingerprint: a4cb9d0c870aec5e
2026-08-30 13:52:18 | INFO    | salsa | ========================================================================
2026-08-30 13:52:18 | INFO    | salsa | Model: Salsa2-NACT (nact)
2026-08-30 13:52:18 | INFO    | salsa | Trainable parameters: 4241288
2026-08-30 13:52:18 | INFO    | salsa | LWE: n=12 q=251 sigma=3.0 h=2 structure=rlwe
2026-08-30 13:52:18 | INFO    | salsa | Encoding: base=81 order=lsb_first separator=False -> 26 input tokens, 4 output
2026-08-30 13:52:18 | INFO    | salsa | Plan: {'sample_budget': 100000, 'batch_size': 64, 'total_steps': 1563, 'steps_per_epoch': 79, 'epochs': 20, 'warmup_steps': 200, 'valid_samples': 2048}
2026-08-30 13:52:18 | INFO    | salsa | Device: cpu | threads: {'threads': 6, 'interop_threads': 6}
2026-08-30 13:52:18 | INFO    | salsa | Chance baselines: {'uniform_loss_nats': 4.442651256490317, 'marginal_loss_nats': 1.8649843130825523, 'chance_token_accuracy': 0.44621513944223107, 'chance_perfect_accuracy': 0.005142775511499817, 'chance_digit_accuracy': [0.015936, 0.322709], 'chance_exact_accuracy': 0.00398406374501992, 'chance_acc_tau': 0.19286995444516752, 'chance_acc_tau_circular_DIAGNOSTIC': 0.20318725099601595, 'tolerance': 0.1, 'tolerance_absolute': 25.1}
2026-08-30 13:52:18 | INFO    | salsa | ========================================================================
2026-08-30 13:52:18 | INFO    | salsa | Alignment verified: {'src_ids': (64, 26), 'tgt_ids': (64, 4), 'decoder_input': (64, 3), 'target': (64, 3), 'logits': (64, 3, 85), 'vocab_size': 85, 'pad_id': 0}
2026-08-30 13:52:32 | INFO    | salsa | epoch 0 | step 25/1563 | loss 2.7543 | lr 6.50e-05 | 110.3 samples/s
2026-08-30 13:52:45 | INFO    | salsa | epoch 0 | step 50/1563 | loss 2.3687 | lr 1.28e-04 | 116.8 samples/s
2026-08-30 13:52:59 | INFO    | salsa | epoch 0 | step 75/1563 | loss 2.0594 | lr 1.90e-04 | 117.6 samples/s
2026-08-30 13:53:11 | INFO    | salsa | epoch 0 | train 2.6747 | valid 2.0425 | token 0.444 | acc_tau 0.071 | exact 0.0010 | 117.5 samples/s
2026-08-30 13:53:11 | INFO    | salsa | New best valid_loss: 2.042491
2026-08-30 13:53:23 | INFO    | salsa | epoch 1 | step 100/1563 | loss 1.9515 | lr 2.53e-04 | 118.0 samples/s
2026-08-30 13:53:35 | INFO    | salsa | epoch 1 | step 125/1563 | loss 1.9128 | lr 3.15e-04 | 123.8 samples/s
2026-08-30 13:53:49 | INFO    | salsa | epoch 1 | step 150/1563 | loss 1.9101 | lr 3.78e-04 | 121.4 samples/s
2026-08-30 13:54:03 | INFO    | salsa | epoch 1 | train 1.9542 | valid 1.9109 | token 0.444 | acc_tau 0.205 | exact 0.0059 | 119.6 samples/s
2026-08-30 13:54:04 | INFO    | salsa | New best valid_loss: 1.910912
2026-08-30 13:54:13 | INFO    | salsa | epoch 2 | step 175/1563 | loss 1.8898 | lr 4.40e-04 | 114.7 samples/s
2026-08-30 13:54:26 | INFO    | salsa | epoch 2 | step 200/1563 | loss 1.8835 | lr 5.00e-04 | 120.6 samples/s
2026-08-30 13:54:39 | INFO    | salsa | epoch 2 | step 225/1563 | loss 1.8936 | lr 5.00e-04 | 123.0 samples/s
2026-08-30 13:54:57 | INFO    | salsa | epoch 2 | train 1.8910 | valid 1.8746 | token 0.444 | acc_tau 0.115 | exact 0.0068 | 120.7 samples/s
2026-08-30 13:54:58 | INFO    | salsa | New best valid_loss: 1.874587
2026-08-30 13:55:07 | INFO    | salsa | epoch 3 | step 250/1563 | loss 1.8766 | lr 4.98e-04 | 88.4 samples/s
2026-08-30 13:55:21 | INFO    | salsa | epoch 3 | step 275/1563 | loss 1.8731 | lr 4.96e-04 | 103.0 samples/s
2026-08-30 13:55:35 | INFO    | salsa | epoch 3 | step 300/1563 | loss 1.8311 | lr 4.93e-04 | 109.1 samples/s
2026-08-30 13:55:54 | INFO    | salsa | epoch 3 | train 1.8606 | valid 1.8072 | token 0.548 | acc_tau 0.352 | exact 0.0073 | 118.1 samples/s
2026-08-30 13:55:54 | INFO    | salsa | New best valid_loss: 1.807223
2026-08-30 13:56:00 | INFO    | salsa | epoch 4 | step 325/1563 | loss 1.7177 | lr 4.90e-04 | 110.2 samples/s
2026-08-30 13:56:12 | INFO    | salsa | epoch 4 | step 350/1563 | loss 1.5864 | lr 4.85e-04 | 121.5 samples/s
2026-08-30 13:56:25 | INFO    | salsa | epoch 4 | step 375/1563 | loss 1.6017 | lr 4.80e-04 | 125.6 samples/s
2026-08-30 13:56:47 | INFO    | salsa | epoch 4 | train 1.6247 | valid 1.5096 | token 0.661 | acc_tau 0.571 | exact 0.0122 | 119.1 samples/s
2026-08-30 13:56:47 | INFO    | salsa | New best valid_loss: 1.509577
2026-08-30 13:56:51 | INFO    | salsa | epoch 5 | step 400/1563 | loss 1.5000 | lr 4.74e-04 | 100.7 samples/s
2026-08-30 13:57:05 | INFO    | salsa | epoch 5 | step 425/1563 | loss 1.4815 | lr 4.67e-04 | 107.8 samples/s
2026-08-30 13:57:18 | INFO    | salsa | epoch 5 | step 450/1563 | loss 1.4665 | lr 4.60e-04 | 113.2 samples/s
2026-08-30 13:57:40 | INFO    | salsa | epoch 5 | train 1.4955 | valid 1.4669 | token 0.668 | acc_tau 0.739 | exact 0.0249 | 118.9 samples/s
2026-08-30 13:57:40 | INFO    | salsa | New best valid_loss: 1.466930
2026-08-30 13:57:40 | INFO    | salsa | epoch 6 | step 475/1563 | loss 1.4770 | lr 4.52e-04 | 118.1 samples/s
2026-08-30 13:57:53 | INFO    | salsa | epoch 6 | step 500/1563 | loss 1.4292 | lr 4.43e-04 | 126.0 samples/s
2026-08-30 13:58:06 | INFO    | salsa | epoch 6 | step 525/1563 | loss 1.4657 | lr 4.33e-04 | 126.5 samples/s
2026-08-30 13:58:18 | INFO    | salsa | epoch 6 | step 550/1563 | loss 1.3995 | lr 4.23e-04 | 128.4 samples/s
2026-08-30 13:58:30 | INFO    | salsa | epoch 6 | train 1.4374 | valid 1.3855 | token 0.671 | acc_tau 0.880 | exact 0.0322 | 120.2 samples/s
2026-08-30 13:58:30 | INFO    | salsa | New best valid_loss: 1.385493
2026-08-30 13:58:43 | INFO    | salsa | epoch 7 | step 575/1563 | loss 1.3683 | lr 4.12e-04 | 110.6 samples/s
2026-08-30 13:58:55 | INFO    | salsa | epoch 7 | step 600/1563 | loss 1.2718 | lr 4.01e-04 | 119.7 samples/s
2026-08-30 13:59:07 | INFO    | salsa | epoch 7 | step 625/1563 | loss 1.1934 | lr 3.90e-04 | 123.5 samples/s
2026-08-30 13:59:21 | INFO    | salsa | epoch 7 | train 1.3031 | valid 1.2214 | token 0.674 | acc_tau 0.941 | exact 0.0474 | 120.6 samples/s
2026-08-30 13:59:21 | INFO    | salsa | New best valid_loss: 1.221399
2026-08-30 13:59:32 | INFO    | salsa | epoch 8 | step 650/1563 | loss 1.1528 | lr 3.77e-04 | 104.3 samples/s
2026-08-30 13:59:45 | INFO    | salsa | epoch 8 | step 675/1563 | loss 1.1234 | lr 3.65e-04 | 118.5 samples/s
2026-08-30 13:59:57 | INFO    | salsa | epoch 8 | step 700/1563 | loss 1.1408 | lr 3.52e-04 | 122.8 samples/s
2026-08-30 14:00:13 | INFO    | salsa | epoch 8 | train 1.1501 | valid 1.0905 | token 0.687 | acc_tau 0.983 | exact 0.0732 | 120.9 samples/s
2026-08-30 14:00:13 | INFO    | salsa | New best valid_loss: 1.090505
2026-08-30 14:00:21 | INFO    | salsa | epoch 9 | step 725/1563 | loss 1.0399 | lr 3.39e-04 | 113.1 samples/s
2026-08-30 14:00:34 | INFO    | salsa | epoch 9 | step 750/1563 | loss 1.0447 | lr 3.25e-04 | 118.9 samples/s
2026-08-30 14:00:47 | INFO    | salsa | epoch 9 | step 775/1563 | loss 1.0514 | lr 3.11e-04 | 121.6 samples/s
2026-08-30 14:01:05 | INFO    | salsa | epoch 9 | train 1.0677 | valid 1.0495 | token 0.688 | acc_tau 0.960 | exact 0.0806 | 121.0 samples/s
2026-08-30 14:01:05 | INFO    | salsa | New best valid_loss: 1.049476
2026-08-30 14:01:11 | INFO    | salsa | epoch 10 | step 800/1563 | loss 1.1267 | lr 2.97e-04 | 116.4 samples/s
2026-08-30 14:01:24 | INFO    | salsa | epoch 10 | step 825/1563 | loss 0.9999 | lr 2.83e-04 | 122.7 samples/s
2026-08-30 14:01:37 | INFO    | salsa | epoch 10 | step 850/1563 | loss 1.0785 | lr 2.69e-04 | 123.8 samples/s
2026-08-30 14:01:58 | INFO    | salsa | epoch 10 | train 1.0379 | valid 1.0286 | token 0.690 | acc_tau 0.979 | exact 0.0811 | 121.2 samples/s
2026-08-30 14:01:58 | INFO    | salsa | New best valid_loss: 1.028588
2026-08-30 14:02:02 | INFO    | salsa | epoch 11 | step 875/1563 | loss 1.0123 | lr 2.54e-04 | 99.4 samples/s
2026-08-30 14:02:17 | INFO    | salsa | epoch 11 | step 900/1563 | loss 0.9787 | lr 2.40e-04 | 106.1 samples/s
2026-08-30 14:02:31 | INFO    | salsa | epoch 11 | step 925/1563 | loss 1.0160 | lr 2.26e-04 | 110.9 samples/s
2026-08-30 14:02:54 | INFO    | salsa | epoch 11 | train 0.9999 | valid 0.9684 | token 0.696 | acc_tau 0.984 | exact 0.0972 | 120.6 samples/s
2026-08-30 14:02:54 | INFO    | salsa | New best valid_loss: 0.968409
2026-08-30 14:02:55 | INFO    | salsa | epoch 12 | step 950/1563 | loss 0.9244 | lr 2.11e-04 | 108.7 samples/s
2026-08-30 14:03:10 | INFO    | salsa | epoch 12 | step 975/1563 | loss 0.9571 | lr 1.97e-04 | 108.8 samples/s
2026-08-30 14:03:24 | INFO    | salsa | epoch 12 | step 1000/1563 | loss 1.0334 | lr 1.83e-04 | 112.0 samples/s
2026-08-30 14:03:37 | INFO    | salsa | epoch 12 | step 1025/1563 | loss 0.9731 | lr 1.69e-04 | 114.8 samples/s
2026-08-30 14:03:51 | INFO    | salsa | epoch 12 | train 0.9774 | valid 0.9737 | token 0.698 | acc_tau 0.977 | exact 0.1006 | 120.1 samples/s
2026-08-30 14:04:05 | INFO    | salsa | epoch 13 | step 1050/1563 | loss 0.9782 | lr 1.56e-04 | 104.7 samples/s
2026-08-30 14:04:17 | INFO    | salsa | epoch 13 | step 1075/1563 | loss 0.9661 | lr 1.43e-04 | 116.1 samples/s
2026-08-30 14:04:30 | INFO    | salsa | epoch 13 | step 1100/1563 | loss 0.9288 | lr 1.30e-04 | 121.0 samples/s
2026-08-30 14:04:43 | INFO    | salsa | epoch 13 | train 0.9512 | valid 0.9386 | token 0.697 | acc_tau 0.986 | exact 0.0991 | 120.3 samples/s
2026-08-30 14:04:43 | INFO    | salsa | New best valid_loss: 0.938554
2026-08-30 14:04:53 | INFO    | salsa | epoch 14 | step 1125/1563 | loss 0.9154 | lr 1.18e-04 | 116.0 samples/s
2026-08-30 14:05:06 | INFO    | salsa | epoch 14 | step 1150/1563 | loss 0.9221 | lr 1.06e-04 | 124.2 samples/s
2026-08-30 14:05:18 | INFO    | salsa | epoch 14 | step 1175/1563 | loss 0.9737 | lr 9.43e-05 | 127.0 samples/s
2026-08-30 14:05:33 | INFO    | salsa | epoch 14 | train 0.9331 | valid 0.9257 | token 0.700 | acc_tau 0.986 | exact 0.1079 | 120.7 samples/s
2026-08-30 14:05:33 | INFO    | salsa | New best valid_loss: 0.925710
2026-08-30 14:05:42 | INFO    | salsa | epoch 15 | step 1200/1563 | loss 0.9686 | lr 8.34e-05 | 109.1 samples/s
2026-08-30 14:05:54 | INFO    | salsa | epoch 15 | step 1225/1563 | loss 0.9790 | lr 7.30e-05 | 122.5 samples/s
2026-08-30 14:06:06 | INFO    | salsa | epoch 15 | step 1250/1563 | loss 0.9452 | lr 6.32e-05 | 125.6 samples/s
2026-08-30 14:06:24 | INFO    | salsa | epoch 15 | train 0.9237 | valid 0.9149 | token 0.703 | acc_tau 0.984 | exact 0.1187 | 121.1 samples/s
2026-08-30 14:06:24 | INFO    | salsa | New best valid_loss: 0.914888
2026-08-30 14:06:31 | INFO    | salsa | epoch 16 | step 1275/1563 | loss 0.9155 | lr 5.40e-05 | 111.4 samples/s
2026-08-30 14:06:43 | INFO    | salsa | epoch 16 | step 1300/1563 | loss 0.8668 | lr 4.55e-05 | 124.1 samples/s
2026-08-30 14:06:55 | INFO    | salsa | epoch 16 | step 1325/1563 | loss 0.9242 | lr 3.76e-05 | 127.5 samples/s
2026-08-30 14:07:14 | INFO    | salsa | epoch 16 | train 0.9039 | valid 0.9031 | token 0.703 | acc_tau 0.984 | exact 0.1162 | 121.5 samples/s
2026-08-30 14:07:15 | INFO    | salsa | New best valid_loss: 0.903050
2026-08-30 14:07:19 | INFO    | salsa | epoch 17 | step 1350/1563 | loss 0.9438 | lr 3.05e-05 | 109.3 samples/s
2026-08-30 14:07:42 | INFO    | salsa | epoch 17 | step 1375/1563 | loss 0.8455 | lr 2.41e-05 | 75.9 samples/s
2026-08-30 14:07:59 | INFO    | salsa | epoch 17 | step 1400/1563 | loss 0.8672 | lr 1.84e-05 | 82.0 samples/s
2026-08-30 14:08:31 | INFO    | salsa | epoch 17 | train 0.8988 | valid 0.8969 | token 0.702 | acc_tau 0.989 | exact 0.1118 | 118.3 samples/s
2026-08-30 14:08:31 | INFO    | salsa | New best valid_loss: 0.896945
2026-08-30 14:08:33 | INFO    | salsa | epoch 18 | step 1425/1563 | loss 0.8937 | lr 1.35e-05 | 88.6 samples/s
2026-08-30 14:08:52 | INFO    | salsa | epoch 18 | step 1450/1563 | loss 0.8865 | lr 9.41e-06 | 84.3 samples/s
2026-08-30 14:09:08 | INFO    | salsa | epoch 18 | step 1475/1563 | loss 0.9354 | lr 6.11e-06 | 91.5 samples/s
2026-08-30 14:09:23 | INFO    | salsa | epoch 18 | step 1500/1563 | loss 0.8782 | lr 3.63e-06 | 95.2 samples/s
2026-08-30 14:09:36 | INFO    | salsa | epoch 18 | train 0.8978 | valid 0.8939 | token 0.704 | acc_tau 0.987 | exact 0.1182 | 116.8 samples/s
2026-08-30 14:09:36 | INFO    | salsa | New best valid_loss: 0.893942
2026-08-30 14:09:51 | INFO    | salsa | epoch 19 | step 1525/1563 | loss 0.8837 | lr 1.96e-06 | 103.4 samples/s
2026-08-30 14:10:05 | INFO    | salsa | epoch 19 | step 1550/1563 | loss 0.8965 | lr 1.11e-06 | 109.6 samples/s
2026-08-30 14:10:23 | INFO    | salsa | epoch 19 | train 0.8919 | valid 0.8931 | token 0.704 | acc_tau 0.987 | exact 0.1191 | 116.6 samples/s
2026-08-30 14:10:24 | INFO    | salsa | New best valid_loss: 0.893135
2026-08-30 14:10:35 | INFO    | salsa | Training finished: planned epochs completed
