2026-08-29 16:39:47 | INFO    | salsa | Run directory: results/nact_v2/phase16_part_c/seed_789/v1/control_a_n12_h2/phase16_part_c_v1_seed_789
2026-08-29 16:39:47 | INFO    | salsa | Config fingerprint: 83a5a250b0388a96
2026-08-29 16:39:48 | INFO    | salsa | ========================================================================
2026-08-29 16:39:48 | INFO    | salsa | Model: Salsa2-GatedUT (gated_universal_transformer)
2026-08-29 16:39:48 | INFO    | salsa | Trainable parameters: 4131200
2026-08-29 16:39:48 | INFO    | salsa | LWE: n=12 q=251 sigma=3.0 h=2 structure=rlwe
2026-08-29 16:39:48 | INFO    | salsa | Encoding: base=81 order=lsb_first separator=False -> 26 input tokens, 4 output
2026-08-29 16:39:48 | INFO    | salsa | Plan: {'sample_budget': 100000, 'batch_size': 64, 'total_steps': 1563, 'steps_per_epoch': 79, 'epochs': 20, 'warmup_steps': 200, 'valid_samples': 2048}
2026-08-29 16:39:48 | INFO    | salsa | Device: cpu | threads: {'threads': 4, 'interop_threads': 10}
2026-08-29 16:39:48 | INFO    | salsa | Chance baselines: {'uniform_loss_nats': 4.442651256490317, 'marginal_loss_nats': 1.8649843130825523, 'chance_token_accuracy': 0.44621513944223107, 'chance_perfect_accuracy': 0.005142775511499817, 'chance_digit_accuracy': [0.015936, 0.322709], 'chance_exact_accuracy': 0.00398406374501992, 'chance_acc_tau': 0.19286995444516752, 'chance_acc_tau_circular_DIAGNOSTIC': 0.20318725099601595, 'tolerance': 0.1, 'tolerance_absolute': 25.1}
2026-08-29 16:39:48 | INFO    | salsa | ========================================================================
2026-08-29 16:39:48 | INFO    | salsa | Alignment verified: {'src_ids': (64, 26), 'tgt_ids': (64, 4), 'decoder_input': (64, 3), 'target': (64, 3), 'logits': (64, 3, 85), 'vocab_size': 85, 'pad_id': 0}
2026-08-29 16:39:52 | INFO    | salsa | epoch 0 | step 25/1563 | loss 2.8804 | lr 6.50e-05 | 344.0 samples/s
2026-08-29 16:39:57 | INFO    | salsa | epoch 0 | step 50/1563 | loss 2.3704 | lr 1.28e-04 | 330.8 samples/s
2026-08-29 16:40:02 | INFO    | salsa | epoch 0 | step 75/1563 | loss 2.1689 | lr 1.90e-04 | 339.7 samples/s
2026-08-29 16:40:06 | INFO    | salsa | epoch 0 | train 2.7796 | valid 2.0483 | token 0.445 | acc_tau 0.000 | exact 0.0000 | 341.1 samples/s
2026-08-29 16:40:06 | INFO    | salsa | New best valid_loss: 2.048312
2026-08-29 16:40:10 | INFO    | salsa | epoch 1 | step 100/1563 | loss 2.0560 | lr 2.53e-04 | 347.2 samples/s
2026-08-29 16:40:15 | INFO    | salsa | epoch 1 | step 125/1563 | loss 1.9623 | lr 3.15e-04 | 340.2 samples/s
2026-08-29 16:40:20 | INFO    | salsa | epoch 1 | step 150/1563 | loss 1.8992 | lr 3.78e-04 | 348.3 samples/s
2026-08-29 16:40:25 | INFO    | salsa | epoch 1 | train 1.9690 | valid 1.8896 | token 0.445 | acc_tau 0.150 | exact 0.0054 | 344.5 samples/s
2026-08-29 16:40:25 | INFO    | salsa | New best valid_loss: 1.889587
2026-08-29 16:40:28 | INFO    | salsa | epoch 2 | step 175/1563 | loss 1.8841 | lr 4.40e-04 | 356.2 samples/s
2026-08-29 16:40:33 | INFO    | salsa | epoch 2 | step 200/1563 | loss 1.8801 | lr 5.00e-04 | 353.5 samples/s
2026-08-29 16:40:37 | INFO    | salsa | epoch 2 | step 225/1563 | loss 1.8455 | lr 5.00e-04 | 360.9 samples/s
2026-08-29 16:40:43 | INFO    | salsa | epoch 2 | train 1.8771 | valid 1.8616 | token 0.448 | acc_tau 0.099 | exact 0.0054 | 349.3 samples/s
2026-08-29 16:40:43 | INFO    | salsa | New best valid_loss: 1.861616
2026-08-29 16:40:45 | INFO    | salsa | epoch 3 | step 250/1563 | loss 1.8741 | lr 4.98e-04 | 384.9 samples/s
2026-08-29 16:40:49 | INFO    | salsa | epoch 3 | step 275/1563 | loss 1.8480 | lr 4.96e-04 | 382.8 samples/s
2026-08-29 16:40:54 | INFO    | salsa | epoch 3 | step 300/1563 | loss 1.8595 | lr 4.93e-04 | 382.0 samples/s
2026-08-29 16:41:00 | INFO    | salsa | epoch 3 | train 1.8659 | valid 1.8572 | token 0.443 | acc_tau 0.110 | exact 0.0024 | 356.6 samples/s
2026-08-29 16:41:00 | INFO    | salsa | New best valid_loss: 1.857155
2026-08-29 16:41:02 | INFO    | salsa | epoch 4 | step 325/1563 | loss 1.8615 | lr 4.90e-04 | 393.2 samples/s
2026-08-29 16:41:06 | INFO    | salsa | epoch 4 | step 350/1563 | loss 1.8578 | lr 4.85e-04 | 370.4 samples/s
2026-08-29 16:41:10 | INFO    | salsa | epoch 4 | step 375/1563 | loss 1.8624 | lr 4.80e-04 | 372.0 samples/s
2026-08-29 16:41:17 | INFO    | salsa | epoch 4 | train 1.8588 | valid 1.8499 | token 0.451 | acc_tau 0.205 | exact 0.0034 | 360.1 samples/s
2026-08-29 16:41:17 | INFO    | salsa | New best valid_loss: 1.849944
2026-08-29 16:41:18 | INFO    | salsa | epoch 5 | step 400/1563 | loss 1.8472 | lr 4.74e-04 | 390.9 samples/s
2026-08-29 16:41:22 | INFO    | salsa | epoch 5 | step 425/1563 | loss 1.8568 | lr 4.67e-04 | 390.4 samples/s
2026-08-29 16:41:27 | INFO    | salsa | epoch 5 | step 450/1563 | loss 1.8697 | lr 4.60e-04 | 380.3 samples/s
2026-08-29 16:41:34 | INFO    | salsa | epoch 5 | train 1.8566 | valid 1.8658 | token 0.446 | acc_tau 0.204 | exact 0.0044 | 362.7 samples/s
2026-08-29 16:41:35 | INFO    | salsa | epoch 6 | step 475/1563 | loss 1.9046 | lr 4.52e-04 | 389.8 samples/s
2026-08-29 16:41:39 | INFO    | salsa | epoch 6 | step 500/1563 | loss 1.8357 | lr 4.43e-04 | 378.4 samples/s
2026-08-29 16:41:43 | INFO    | salsa | epoch 6 | step 525/1563 | loss 1.8547 | lr 4.33e-04 | 373.4 samples/s
2026-08-29 16:41:48 | INFO    | salsa | epoch 6 | step 550/1563 | loss 1.8589 | lr 4.23e-04 | 365.6 samples/s
2026-08-29 16:41:52 | INFO    | salsa | epoch 6 | train 1.8536 | valid 1.8494 | token 0.448 | acc_tau 0.118 | exact 0.0024 | 363.1 samples/s
2026-08-29 16:41:53 | INFO    | salsa | New best valid_loss: 1.849364
2026-08-29 16:41:56 | INFO    | salsa | epoch 7 | step 575/1563 | loss 1.8609 | lr 4.12e-04 | 365.1 samples/s
2026-08-29 16:42:01 | INFO    | salsa | epoch 7 | step 600/1563 | loss 1.8529 | lr 4.01e-04 | 370.5 samples/s
2026-08-29 16:42:05 | INFO    | salsa | epoch 7 | step 625/1563 | loss 1.8579 | lr 3.90e-04 | 375.1 samples/s
2026-08-29 16:42:10 | INFO    | salsa | epoch 7 | train 1.8522 | valid 1.8510 | token 0.444 | acc_tau 0.205 | exact 0.0044 | 364.6 samples/s
2026-08-29 16:42:13 | INFO    | salsa | epoch 8 | step 650/1563 | loss 1.8492 | lr 3.77e-04 | 384.7 samples/s
2026-08-29 16:42:17 | INFO    | salsa | epoch 8 | step 675/1563 | loss 1.8423 | lr 3.65e-04 | 380.6 samples/s
2026-08-29 16:42:21 | INFO    | salsa | epoch 8 | step 700/1563 | loss 1.8466 | lr 3.52e-04 | 377.9 samples/s
2026-08-29 16:42:27 | INFO    | salsa | epoch 8 | train 1.8510 | valid 1.8480 | token 0.442 | acc_tau 0.191 | exact 0.0034 | 365.7 samples/s
2026-08-29 16:42:27 | INFO    | salsa | New best valid_loss: 1.847955
2026-08-29 16:42:30 | INFO    | salsa | epoch 9 | step 725/1563 | loss 1.8596 | lr 3.39e-04 | 362.4 samples/s
2026-08-29 16:42:35 | INFO    | salsa | epoch 9 | step 750/1563 | loss 1.8429 | lr 3.25e-04 | 332.2 samples/s
2026-08-29 16:42:39 | INFO    | salsa | epoch 9 | step 775/1563 | loss 1.8385 | lr 3.11e-04 | 339.4 samples/s
2026-08-29 16:42:46 | INFO    | salsa | epoch 9 | train 1.8504 | valid 1.8455 | token 0.451 | acc_tau 0.193 | exact 0.0054 | 363.6 samples/s
2026-08-29 16:42:46 | INFO    | salsa | New best valid_loss: 1.845482
2026-08-29 16:42:47 | INFO    | salsa | epoch 10 | step 800/1563 | loss 1.8377 | lr 2.97e-04 | 370.6 samples/s
2026-08-29 16:42:52 | INFO    | salsa | epoch 10 | step 825/1563 | loss 1.8641 | lr 2.83e-04 | 375.9 samples/s
2026-08-29 16:42:56 | INFO    | salsa | epoch 10 | step 850/1563 | loss 1.8572 | lr 2.69e-04 | 376.9 samples/s
2026-08-29 16:43:03 | INFO    | salsa | epoch 10 | train 1.8498 | valid 1.8500 | token 0.443 | acc_tau 0.115 | exact 0.0039 | 364.9 samples/s
2026-08-29 16:43:04 | INFO    | salsa | epoch 11 | step 875/1563 | loss 1.8444 | lr 2.54e-04 | 387.2 samples/s
2026-08-29 16:43:08 | INFO    | salsa | epoch 11 | step 900/1563 | loss 1.8645 | lr 2.40e-04 | 385.3 samples/s
2026-08-29 16:43:12 | INFO    | salsa | epoch 11 | step 925/1563 | loss 1.8532 | lr 2.26e-04 | 383.1 samples/s
2026-08-29 16:43:19 | INFO    | salsa | epoch 11 | train 1.8479 | valid 1.8476 | token 0.449 | acc_tau 0.125 | exact 0.0034 | 366.4 samples/s
2026-08-29 16:43:20 | INFO    | salsa | epoch 12 | step 950/1563 | loss 1.8582 | lr 2.11e-04 | 385.2 samples/s
2026-08-29 16:43:24 | INFO    | salsa | epoch 12 | step 975/1563 | loss 1.8479 | lr 1.97e-04 | 369.1 samples/s
2026-08-29 16:43:29 | INFO    | salsa | epoch 12 | step 1000/1563 | loss 1.8450 | lr 1.83e-04 | 370.3 samples/s
2026-08-29 16:43:33 | INFO    | salsa | epoch 12 | step 1025/1563 | loss 1.8425 | lr 1.69e-04 | 372.0 samples/s
2026-08-29 16:43:37 | INFO    | salsa | epoch 12 | train 1.8461 | valid 1.8434 | token 0.450 | acc_tau 0.115 | exact 0.0039 | 366.9 samples/s
2026-08-29 16:43:37 | INFO    | salsa | New best valid_loss: 1.843434
2026-08-29 16:43:41 | INFO    | salsa | epoch 13 | step 1050/1563 | loss 1.8433 | lr 1.56e-04 | 372.2 samples/s
2026-08-29 16:43:45 | INFO    | salsa | epoch 13 | step 1075/1563 | loss 1.8427 | lr 1.43e-04 | 369.2 samples/s
2026-08-29 16:43:50 | INFO    | salsa | epoch 13 | step 1100/1563 | loss 1.8556 | lr 1.30e-04 | 362.4 samples/s
2026-08-29 16:43:55 | INFO    | salsa | epoch 13 | train 1.8446 | valid 1.8444 | token 0.450 | acc_tau 0.192 | exact 0.0049 | 366.4 samples/s
2026-08-29 16:43:58 | INFO    | salsa | epoch 14 | step 1125/1563 | loss 1.8465 | lr 1.18e-04 | 369.0 samples/s
2026-08-29 16:44:02 | INFO    | salsa | epoch 14 | step 1150/1563 | loss 1.8462 | lr 1.06e-04 | 370.5 samples/s
2026-08-29 16:44:06 | INFO    | salsa | epoch 14 | step 1175/1563 | loss 1.8482 | lr 9.43e-05 | 373.6 samples/s
2026-08-29 16:44:12 | INFO    | salsa | epoch 14 | train 1.8439 | valid 1.8454 | token 0.441 | acc_tau 0.106 | exact 0.0039 | 367.0 samples/s
2026-08-29 16:44:14 | INFO    | salsa | epoch 15 | step 1200/1563 | loss 1.8387 | lr 8.34e-05 | 384.2 samples/s
2026-08-29 16:44:18 | INFO    | salsa | epoch 15 | step 1225/1563 | loss 1.8548 | lr 7.30e-05 | 385.2 samples/s
2026-08-29 16:44:23 | INFO    | salsa | epoch 15 | step 1250/1563 | loss 1.8426 | lr 6.32e-05 | 385.9 samples/s
2026-08-29 16:44:29 | INFO    | salsa | epoch 15 | train 1.8436 | valid 1.8434 | token 0.450 | acc_tau 0.192 | exact 0.0063 | 368.1 samples/s
2026-08-29 16:44:30 | INFO    | salsa | epoch 16 | step 1275/1563 | loss 1.8428 | lr 5.40e-05 | 387.9 samples/s
2026-08-29 16:44:35 | INFO    | salsa | epoch 16 | step 1300/1563 | loss 1.8429 | lr 4.55e-05 | 384.9 samples/s
2026-08-29 16:44:39 | INFO    | salsa | epoch 16 | step 1325/1563 | loss 1.8415 | lr 3.76e-05 | 385.3 samples/s
2026-08-29 16:44:45 | INFO    | salsa | epoch 16 | train 1.8433 | valid 1.8437 | token 0.442 | acc_tau 0.191 | exact 0.0063 | 369.0 samples/s
2026-08-29 16:44:47 | INFO    | salsa | epoch 17 | step 1350/1563 | loss 1.8513 | lr 3.05e-05 | 385.7 samples/s
2026-08-29 16:44:51 | INFO    | salsa | epoch 17 | step 1375/1563 | loss 1.8387 | lr 2.41e-05 | 381.7 samples/s
2026-08-29 16:44:55 | INFO    | salsa | epoch 17 | step 1400/1563 | loss 1.8443 | lr 1.84e-05 | 381.6 samples/s
2026-08-29 16:45:02 | INFO    | salsa | epoch 17 | train 1.8433 | valid 1.8418 | token 0.450 | acc_tau 0.197 | exact 0.0039 | 369.6 samples/s
2026-08-29 16:45:02 | INFO    | salsa | New best valid_loss: 1.841781
2026-08-29 16:45:03 | INFO    | salsa | epoch 18 | step 1425/1563 | loss 1.8440 | lr 1.35e-05 | 378.8 samples/s
2026-08-29 16:45:07 | INFO    | salsa | epoch 18 | step 1450/1563 | loss 1.8353 | lr 9.41e-06 | 381.4 samples/s
2026-08-29 16:45:11 | INFO    | salsa | epoch 18 | step 1475/1563 | loss 1.8401 | lr 6.11e-06 | 382.4 samples/s
2026-08-29 16:45:16 | INFO    | salsa | epoch 18 | step 1500/1563 | loss 1.8431 | lr 3.63e-06 | 381.8 samples/s
2026-08-29 16:45:19 | INFO    | salsa | epoch 18 | train 1.8431 | valid 1.8419 | token 0.456 | acc_tau 0.113 | exact 0.0063 | 370.2 samples/s
2026-08-29 16:45:23 | INFO    | salsa | epoch 19 | step 1525/1563 | loss 1.8453 | lr 1.96e-06 | 376.3 samples/s
2026-08-29 16:45:28 | INFO    | salsa | epoch 19 | step 1550/1563 | loss 1.8391 | lr 1.11e-06 | 359.1 samples/s
2026-08-29 16:45:34 | INFO    | salsa | epoch 19 | train 1.8425 | valid 1.8419 | token 0.456 | acc_tau 0.104 | exact 0.0059 | 369.9 samples/s
2026-08-29 16:45:38 | INFO    | salsa | Training finished: planned epochs completed
