2026-08-29 16:03:36 | INFO    | salsa | Run directory: results/nact_v2/phase16_part_c/seed_42/nact/nact_n12_h2/phase16_part_c_nact_seed_42
2026-08-29 16:03:36 | INFO    | salsa | Config fingerprint: 2ffe9010dd8ae329
2026-08-29 16:03:37 | INFO    | salsa | ========================================================================
2026-08-29 16:03:37 | INFO    | salsa | Model: Salsa2-NACT (nact)
2026-08-29 16:03:37 | INFO    | salsa | Trainable parameters: 4241288
2026-08-29 16:03:37 | INFO    | salsa | LWE: n=12 q=251 sigma=3.0 h=2 structure=rlwe
2026-08-29 16:03:37 | INFO    | salsa | Encoding: base=81 order=lsb_first separator=False -> 26 input tokens, 4 output
2026-08-29 16:03:37 | INFO    | salsa | Plan: {'sample_budget': 100000, 'batch_size': 64, 'total_steps': 1563, 'steps_per_epoch': 79, 'epochs': 20, 'warmup_steps': 200, 'valid_samples': 2048}
2026-08-29 16:03:37 | INFO    | salsa | Device: cpu | threads: {'threads': 4, 'interop_threads': 10}
2026-08-29 16:03:37 | INFO    | salsa | Chance baselines: {'uniform_loss_nats': 4.442651256490317, 'marginal_loss_nats': 1.8649843130825523, 'chance_token_accuracy': 0.44621513944223107, 'chance_perfect_accuracy': 0.005142775511499817, 'chance_digit_accuracy': [0.015936, 0.322709], 'chance_exact_accuracy': 0.00398406374501992, 'chance_acc_tau': 0.19286995444516752, 'chance_acc_tau_circular_DIAGNOSTIC': 0.20318725099601595, 'tolerance': 0.1, 'tolerance_absolute': 25.1}
2026-08-29 16:03:37 | INFO    | salsa | ========================================================================
2026-08-29 16:03:37 | INFO    | salsa | Alignment verified: {'src_ids': (64, 26), 'tgt_ids': (64, 4), 'decoder_input': (64, 3), 'target': (64, 3), 'logits': (64, 3, 85), 'vocab_size': 85, 'pad_id': 0}
2026-08-29 16:03:43 | INFO    | salsa | epoch 0 | step 25/1563 | loss 2.9140 | lr 6.50e-05 | 262.1 samples/s
2026-08-29 16:03:50 | INFO    | salsa | epoch 0 | step 50/1563 | loss 2.3033 | lr 1.28e-04 | 259.8 samples/s
2026-08-29 16:03:56 | INFO    | salsa | epoch 0 | step 75/1563 | loss 2.0790 | lr 1.90e-04 | 259.4 samples/s
2026-08-29 16:04:01 | INFO    | salsa | epoch 0 | train 2.7649 | valid 2.0381 | token 0.443 | acc_tau 0.124 | exact 0.0039 | 259.5 samples/s
2026-08-29 16:04:01 | INFO    | salsa | New best valid_loss: 2.038123
2026-08-29 16:04:07 | INFO    | salsa | epoch 1 | step 100/1563 | loss 2.0422 | lr 2.53e-04 | 256.7 samples/s
2026-08-29 16:04:13 | INFO    | salsa | epoch 1 | step 125/1563 | loss 1.9407 | lr 3.15e-04 | 257.4 samples/s
2026-08-29 16:04:19 | INFO    | salsa | epoch 1 | step 150/1563 | loss 1.8595 | lr 3.78e-04 | 255.0 samples/s
2026-08-29 16:04:26 | INFO    | salsa | epoch 1 | train 1.9452 | valid 1.8835 | token 0.447 | acc_tau 0.141 | exact 0.0049 | 256.2 samples/s
2026-08-29 16:04:26 | INFO    | salsa | New best valid_loss: 1.883497
2026-08-29 16:04:31 | INFO    | salsa | epoch 2 | step 175/1563 | loss 1.8699 | lr 4.40e-04 | 241.9 samples/s
2026-08-29 16:04:37 | INFO    | salsa | epoch 2 | step 200/1563 | loss 1.8839 | lr 5.00e-04 | 249.5 samples/s
2026-08-29 16:04:45 | INFO    | salsa | epoch 2 | step 225/1563 | loss 1.8815 | lr 5.00e-04 | 230.5 samples/s
2026-08-29 16:04:53 | INFO    | salsa | epoch 2 | train 1.8780 | valid 1.8636 | token 0.446 | acc_tau 0.146 | exact 0.0054 | 248.2 samples/s
2026-08-29 16:04:53 | INFO    | salsa | New best valid_loss: 1.863583
2026-08-29 16:04:56 | INFO    | salsa | epoch 3 | step 250/1563 | loss 1.8855 | lr 4.98e-04 | 251.8 samples/s
2026-08-29 16:05:02 | INFO    | salsa | epoch 3 | step 275/1563 | loss 1.8416 | lr 4.96e-04 | 250.1 samples/s
2026-08-29 16:05:09 | INFO    | salsa | epoch 3 | step 300/1563 | loss 1.8660 | lr 4.93e-04 | 251.2 samples/s
2026-08-29 16:05:17 | INFO    | salsa | epoch 3 | train 1.8606 | valid 1.8585 | token 0.447 | acc_tau 0.144 | exact 0.0049 | 248.7 samples/s
2026-08-29 16:05:17 | INFO    | salsa | New best valid_loss: 1.858491
2026-08-29 16:05:20 | INFO    | salsa | epoch 4 | step 325/1563 | loss 1.8776 | lr 4.90e-04 | 251.7 samples/s
2026-08-29 16:05:26 | INFO    | salsa | epoch 4 | step 350/1563 | loss 1.8803 | lr 4.85e-04 | 252.0 samples/s
2026-08-29 16:05:32 | INFO    | salsa | epoch 4 | step 375/1563 | loss 1.8732 | lr 4.80e-04 | 252.0 samples/s
2026-08-29 16:05:42 | INFO    | salsa | epoch 4 | train 1.8601 | valid 1.8565 | token 0.450 | acc_tau 0.117 | exact 0.0029 | 249.4 samples/s
2026-08-29 16:05:42 | INFO    | salsa | New best valid_loss: 1.856478
2026-08-29 16:05:43 | INFO    | salsa | epoch 5 | step 400/1563 | loss 1.8547 | lr 4.74e-04 | 245.2 samples/s
2026-08-29 16:05:50 | INFO    | salsa | epoch 5 | step 425/1563 | loss 1.8693 | lr 4.67e-04 | 251.0 samples/s
2026-08-29 16:05:56 | INFO    | salsa | epoch 5 | step 450/1563 | loss 1.8614 | lr 4.60e-04 | 251.0 samples/s
2026-08-29 16:06:07 | INFO    | salsa | epoch 5 | train 1.8567 | valid 1.8649 | token 0.447 | acc_tau 0.126 | exact 0.0068 | 249.6 samples/s
2026-08-29 16:06:07 | INFO    | salsa | epoch 6 | step 475/1563 | loss 1.8690 | lr 4.52e-04 | 252.1 samples/s
2026-08-29 16:06:13 | INFO    | salsa | epoch 6 | step 500/1563 | loss 1.8546 | lr 4.43e-04 | 249.4 samples/s
2026-08-29 16:06:20 | INFO    | salsa | epoch 6 | step 525/1563 | loss 1.8538 | lr 4.33e-04 | 250.3 samples/s
2026-08-29 16:06:26 | INFO    | salsa | epoch 6 | step 550/1563 | loss 1.8238 | lr 4.23e-04 | 251.3 samples/s
2026-08-29 16:06:31 | INFO    | salsa | epoch 6 | train 1.8474 | valid 1.8173 | token 0.495 | acc_tau 0.314 | exact 0.0068 | 249.7 samples/s
2026-08-29 16:06:31 | INFO    | salsa | New best valid_loss: 1.817258
2026-08-29 16:06:37 | INFO    | salsa | epoch 7 | step 575/1563 | loss 1.7651 | lr 4.12e-04 | 248.7 samples/s
2026-08-29 16:06:44 | INFO    | salsa | epoch 7 | step 600/1563 | loss 1.7645 | lr 4.01e-04 | 249.7 samples/s
2026-08-29 16:06:50 | INFO    | salsa | epoch 7 | step 625/1563 | loss 1.7426 | lr 3.90e-04 | 246.8 samples/s
2026-08-29 16:06:57 | INFO    | salsa | epoch 7 | train 1.7694 | valid 1.7005 | token 0.580 | acc_tau 0.326 | exact 0.0078 | 249.3 samples/s
2026-08-29 16:06:57 | INFO    | salsa | New best valid_loss: 1.700531
2026-08-29 16:07:01 | INFO    | salsa | epoch 8 | step 650/1563 | loss 1.6050 | lr 3.77e-04 | 251.7 samples/s
2026-08-29 16:07:08 | INFO    | salsa | epoch 8 | step 675/1563 | loss 1.6319 | lr 3.65e-04 | 253.9 samples/s
2026-08-29 16:07:14 | INFO    | salsa | epoch 8 | step 700/1563 | loss 1.5651 | lr 3.52e-04 | 254.5 samples/s
2026-08-29 16:07:21 | INFO    | salsa | epoch 8 | train 1.6283 | valid 1.5779 | token 0.628 | acc_tau 0.491 | exact 0.0098 | 250.0 samples/s
2026-08-29 16:07:21 | INFO    | salsa | New best valid_loss: 1.577928
2026-08-29 16:07:25 | INFO    | salsa | epoch 9 | step 725/1563 | loss 1.5595 | lr 3.39e-04 | 260.3 samples/s
2026-08-29 16:07:31 | INFO    | salsa | epoch 9 | step 750/1563 | loss 1.5462 | lr 3.25e-04 | 257.3 samples/s
2026-08-29 16:07:37 | INFO    | salsa | epoch 9 | step 775/1563 | loss 1.5029 | lr 3.11e-04 | 257.1 samples/s
2026-08-29 16:07:45 | INFO    | salsa | epoch 9 | train 1.5292 | valid 1.4993 | token 0.658 | acc_tau 0.592 | exact 0.0156 | 250.6 samples/s
2026-08-29 16:07:45 | INFO    | salsa | New best valid_loss: 1.499265
2026-08-29 16:07:48 | INFO    | salsa | epoch 10 | step 800/1563 | loss 1.5013 | lr 2.97e-04 | 255.4 samples/s
2026-08-29 16:07:54 | INFO    | salsa | epoch 10 | step 825/1563 | loss 1.4840 | lr 2.83e-04 | 253.4 samples/s
2026-08-29 16:08:00 | INFO    | salsa | epoch 10 | step 850/1563 | loss 1.4652 | lr 2.69e-04 | 254.2 samples/s
2026-08-29 16:08:10 | INFO    | salsa | epoch 10 | train 1.4814 | valid 1.4766 | token 0.662 | acc_tau 0.649 | exact 0.0161 | 250.9 samples/s
2026-08-29 16:08:10 | INFO    | salsa | New best valid_loss: 1.476575
2026-08-29 16:08:12 | INFO    | salsa | epoch 11 | step 875/1563 | loss 1.4583 | lr 2.54e-04 | 255.9 samples/s
2026-08-29 16:08:18 | INFO    | salsa | epoch 11 | step 900/1563 | loss 1.4757 | lr 2.40e-04 | 254.2 samples/s
2026-08-29 16:08:24 | INFO    | salsa | epoch 11 | step 925/1563 | loss 1.4391 | lr 2.26e-04 | 253.4 samples/s
2026-08-29 16:08:35 | INFO    | salsa | epoch 11 | train 1.4663 | valid 1.4445 | token 0.666 | acc_tau 0.738 | exact 0.0181 | 251.2 samples/s
2026-08-29 16:08:35 | INFO    | salsa | New best valid_loss: 1.444486
2026-08-29 16:08:35 | INFO    | salsa | epoch 12 | step 950/1563 | loss 1.4585 | lr 2.11e-04 | 216.6 samples/s
2026-08-29 16:08:42 | INFO    | salsa | epoch 12 | step 975/1563 | loss 1.4526 | lr 1.97e-04 | 233.7 samples/s
2026-08-29 16:08:49 | INFO    | salsa | epoch 12 | step 1000/1563 | loss 1.4409 | lr 1.83e-04 | 238.5 samples/s
2026-08-29 16:08:55 | INFO    | salsa | epoch 12 | step 1025/1563 | loss 1.3969 | lr 1.69e-04 | 240.5 samples/s
2026-08-29 16:09:01 | INFO    | salsa | epoch 12 | train 1.4267 | valid 1.3723 | token 0.674 | acc_tau 0.888 | exact 0.0361 | 250.3 samples/s
2026-08-29 16:09:01 | INFO    | salsa | New best valid_loss: 1.372295
2026-08-29 16:09:07 | INFO    | salsa | epoch 13 | step 1050/1563 | loss 1.4045 | lr 1.56e-04 | 248.6 samples/s
2026-08-29 16:09:13 | INFO    | salsa | epoch 13 | step 1075/1563 | loss 1.3601 | lr 1.43e-04 | 247.9 samples/s
2026-08-29 16:09:19 | INFO    | salsa | epoch 13 | step 1100/1563 | loss 1.2853 | lr 1.30e-04 | 249.4 samples/s
2026-08-29 16:09:25 | INFO    | salsa | epoch 13 | train 1.3392 | valid 1.2938 | token 0.676 | acc_tau 0.937 | exact 0.0400 | 250.3 samples/s
2026-08-29 16:09:25 | INFO    | salsa | New best valid_loss: 1.293762
2026-08-29 16:09:31 | INFO    | salsa | epoch 14 | step 1125/1563 | loss 1.2611 | lr 1.18e-04 | 227.9 samples/s
2026-08-29 16:09:37 | INFO    | salsa | epoch 14 | step 1150/1563 | loss 1.2623 | lr 1.06e-04 | 237.8 samples/s
2026-08-29 16:09:44 | INFO    | salsa | epoch 14 | step 1175/1563 | loss 1.1775 | lr 9.43e-05 | 240.8 samples/s
2026-08-29 16:09:51 | INFO    | salsa | epoch 14 | train 1.2589 | valid 1.2133 | token 0.682 | acc_tau 0.960 | exact 0.0532 | 249.6 samples/s
2026-08-29 16:09:51 | INFO    | salsa | New best valid_loss: 1.213319
2026-08-29 16:09:55 | INFO    | salsa | epoch 15 | step 1200/1563 | loss 1.2171 | lr 8.34e-05 | 243.0 samples/s
2026-08-29 16:10:02 | INFO    | salsa | epoch 15 | step 1225/1563 | loss 1.1421 | lr 7.30e-05 | 236.2 samples/s
2026-08-29 16:10:08 | INFO    | salsa | epoch 15 | step 1250/1563 | loss 1.1848 | lr 6.32e-05 | 238.5 samples/s
2026-08-29 16:10:17 | INFO    | salsa | epoch 15 | train 1.1854 | valid 1.1669 | token 0.686 | acc_tau 0.978 | exact 0.0693 | 249.0 samples/s
2026-08-29 16:10:17 | INFO    | salsa | New best valid_loss: 1.166924
2026-08-29 16:10:20 | INFO    | salsa | epoch 16 | step 1275/1563 | loss 1.1269 | lr 5.40e-05 | 235.7 samples/s
2026-08-29 16:10:27 | INFO    | salsa | epoch 16 | step 1300/1563 | loss 1.1327 | lr 4.55e-05 | 239.6 samples/s
2026-08-29 16:10:33 | INFO    | salsa | epoch 16 | step 1325/1563 | loss 1.1299 | lr 3.76e-05 | 242.1 samples/s
2026-08-29 16:10:43 | INFO    | salsa | epoch 16 | train 1.1375 | valid 1.1316 | token 0.686 | acc_tau 0.985 | exact 0.0674 | 248.6 samples/s
2026-08-29 16:10:43 | INFO    | salsa | New best valid_loss: 1.131625
2026-08-29 16:10:44 | INFO    | salsa | epoch 17 | step 1350/1563 | loss 1.1156 | lr 3.05e-05 | 254.9 samples/s
2026-08-29 16:10:51 | INFO    | salsa | epoch 17 | step 1375/1563 | loss 1.1344 | lr 2.41e-05 | 249.0 samples/s
2026-08-29 16:10:57 | INFO    | salsa | epoch 17 | step 1400/1563 | loss 1.1034 | lr 1.84e-05 | 248.9 samples/s
2026-08-29 16:11:07 | INFO    | salsa | epoch 17 | train 1.1024 | valid 1.0971 | token 0.691 | acc_tau 0.985 | exact 0.0796 | 248.7 samples/s
2026-08-29 16:11:08 | INFO    | salsa | New best valid_loss: 1.097119
2026-08-29 16:11:08 | INFO    | salsa | epoch 18 | step 1425/1563 | loss 1.0863 | lr 1.35e-05 | 240.4 samples/s
2026-08-29 16:11:15 | INFO    | salsa | epoch 18 | step 1450/1563 | loss 1.0559 | lr 9.41e-06 | 248.5 samples/s
2026-08-29 16:11:21 | INFO    | salsa | epoch 18 | step 1475/1563 | loss 1.0912 | lr 6.11e-06 | 248.9 samples/s
2026-08-29 16:11:28 | INFO    | salsa | epoch 18 | step 1500/1563 | loss 1.0795 | lr 3.63e-06 | 248.8 samples/s
2026-08-29 16:11:32 | INFO    | salsa | epoch 18 | train 1.0857 | valid 1.0841 | token 0.690 | acc_tau 0.984 | exact 0.0767 | 248.7 samples/s
2026-08-29 16:11:33 | INFO    | salsa | New best valid_loss: 1.084059
2026-08-29 16:11:39 | INFO    | salsa | epoch 19 | step 1525/1563 | loss 1.0782 | lr 1.96e-06 | 247.5 samples/s
2026-08-29 16:11:45 | INFO    | salsa | epoch 19 | step 1550/1563 | loss 1.1120 | lr 1.11e-06 | 247.6 samples/s
2026-08-29 16:11:53 | INFO    | salsa | epoch 19 | train 1.0822 | valid 1.0827 | token 0.689 | acc_tau 0.984 | exact 0.0728 | 248.7 samples/s
2026-08-29 16:11:53 | INFO    | salsa | New best valid_loss: 1.082720
2026-08-29 16:11:58 | INFO    | salsa | Training finished: planned epochs completed
