2026-08-30 14:10:47 | INFO    | salsa | Run directory: results\equal_depth_ablation\v2_te2\nact_n12_h2_te2\seed_456
2026-08-30 14:10:47 | INFO    | salsa | Config fingerprint: fe1eb2fe2ddc949a
2026-08-30 14:10:52 | INFO    | salsa | ========================================================================
2026-08-30 14:10:52 | INFO    | salsa | Model: Salsa2-NACT (nact)
2026-08-30 14:10:52 | INFO    | salsa | Trainable parameters: 4241288
2026-08-30 14:10:52 | INFO    | salsa | LWE: n=12 q=251 sigma=3.0 h=2 structure=rlwe
2026-08-30 14:10:52 | INFO    | salsa | Encoding: base=81 order=lsb_first separator=False -> 26 input tokens, 4 output
2026-08-30 14:10:52 | INFO    | salsa | Plan: {'sample_budget': 100000, 'batch_size': 64, 'total_steps': 1563, 'steps_per_epoch': 79, 'epochs': 20, 'warmup_steps': 200, 'valid_samples': 2048}
2026-08-30 14:10:52 | INFO    | salsa | Device: cpu | threads: {'threads': 6, 'interop_threads': 6}
2026-08-30 14:10:52 | INFO    | salsa | Chance baselines: {'uniform_loss_nats': 4.442651256490317, 'marginal_loss_nats': 1.8649843130825523, 'chance_token_accuracy': 0.44621513944223107, 'chance_perfect_accuracy': 0.005142775511499817, 'chance_digit_accuracy': [0.015936, 0.322709], 'chance_exact_accuracy': 0.00398406374501992, 'chance_acc_tau': 0.19286995444516752, 'chance_acc_tau_circular_DIAGNOSTIC': 0.20318725099601595, 'tolerance': 0.1, 'tolerance_absolute': 25.1}
2026-08-30 14:10:52 | INFO    | salsa | ========================================================================
2026-08-30 14:10:52 | INFO    | salsa | Alignment verified: {'src_ids': (64, 26), 'tgt_ids': (64, 4), 'decoder_input': (64, 3), 'target': (64, 3), 'logits': (64, 3, 85), 'vocab_size': 85, 'pad_id': 0}
2026-08-30 14:11:06 | INFO    | salsa | epoch 0 | step 25/1563 | loss 2.6994 | lr 6.50e-05 | 119.5 samples/s
2026-08-30 14:11:19 | INFO    | salsa | epoch 0 | step 50/1563 | loss 2.2731 | lr 1.28e-04 | 121.6 samples/s
2026-08-30 14:11:33 | INFO    | salsa | epoch 0 | step 75/1563 | loss 2.0732 | lr 1.90e-04 | 117.9 samples/s
2026-08-30 14:11:46 | INFO    | salsa | epoch 0 | train 2.6593 | valid 2.0294 | token 0.449 | acc_tau 0.193 | exact 0.0034 | 118.2 samples/s
2026-08-30 14:11:46 | INFO    | salsa | New best valid_loss: 2.029437
2026-08-30 14:11:58 | INFO    | salsa | epoch 1 | step 100/1563 | loss 1.9120 | lr 2.53e-04 | 116.6 samples/s
2026-08-30 14:12:11 | INFO    | salsa | epoch 1 | step 125/1563 | loss 1.9356 | lr 3.15e-04 | 121.4 samples/s
2026-08-30 14:12:23 | INFO    | salsa | epoch 1 | step 150/1563 | loss 1.8899 | lr 3.78e-04 | 123.7 samples/s
2026-08-30 14:12:38 | INFO    | salsa | epoch 1 | train 1.9449 | valid 1.9340 | token 0.444 | acc_tau 0.187 | exact 0.0039 | 120.6 samples/s
2026-08-30 14:12:38 | INFO    | salsa | New best valid_loss: 1.934045
2026-08-30 14:12:48 | INFO    | salsa | epoch 2 | step 175/1563 | loss 1.8848 | lr 4.40e-04 | 111.3 samples/s
2026-08-30 14:13:01 | INFO    | salsa | epoch 2 | step 200/1563 | loss 1.8712 | lr 5.00e-04 | 119.9 samples/s
2026-08-30 14:13:13 | INFO    | salsa | epoch 2 | step 225/1563 | loss 1.8664 | lr 5.00e-04 | 123.5 samples/s
2026-08-30 14:13:30 | INFO    | salsa | epoch 2 | train 1.8818 | valid 1.8698 | token 0.443 | acc_tau 0.204 | exact 0.0049 | 121.6 samples/s
2026-08-30 14:13:30 | INFO    | salsa | New best valid_loss: 1.869840
2026-08-30 14:13:37 | INFO    | salsa | epoch 3 | step 250/1563 | loss 1.8621 | lr 4.98e-04 | 121.6 samples/s
2026-08-30 14:13:49 | INFO    | salsa | epoch 3 | step 275/1563 | loss 1.8446 | lr 4.96e-04 | 128.3 samples/s
2026-08-30 14:14:01 | INFO    | salsa | epoch 3 | step 300/1563 | loss 1.8195 | lr 4.93e-04 | 128.9 samples/s
2026-08-30 14:14:20 | INFO    | salsa | epoch 3 | train 1.8511 | valid 1.7653 | token 0.551 | acc_tau 0.405 | exact 0.0117 | 123.4 samples/s
2026-08-30 14:14:20 | INFO    | salsa | New best valid_loss: 1.765258
2026-08-30 14:14:26 | INFO    | salsa | epoch 4 | step 325/1563 | loss 1.7309 | lr 4.90e-04 | 101.2 samples/s
2026-08-30 14:14:39 | INFO    | salsa | epoch 4 | step 350/1563 | loss 1.5517 | lr 4.85e-04 | 116.5 samples/s
2026-08-30 14:14:52 | INFO    | salsa | epoch 4 | step 375/1563 | loss 1.6025 | lr 4.80e-04 | 119.4 samples/s
2026-08-30 14:15:13 | INFO    | salsa | epoch 4 | train 1.6045 | valid 1.5373 | token 0.648 | acc_tau 0.514 | exact 0.0132 | 122.7 samples/s
2026-08-30 14:15:13 | INFO    | salsa | New best valid_loss: 1.537317
2026-08-30 14:15:16 | INFO    | salsa | epoch 5 | step 400/1563 | loss 1.5376 | lr 4.74e-04 | 112.2 samples/s
2026-08-30 14:15:29 | INFO    | salsa | epoch 5 | step 425/1563 | loss 1.4696 | lr 4.67e-04 | 122.1 samples/s
2026-08-30 14:15:44 | INFO    | salsa | epoch 5 | step 450/1563 | loss 1.5044 | lr 4.60e-04 | 115.5 samples/s
2026-08-30 14:16:07 | INFO    | salsa | epoch 5 | train 1.5142 | valid 1.4954 | token 0.661 | acc_tau 0.571 | exact 0.0117 | 121.3 samples/s
2026-08-30 14:16:07 | INFO    | salsa | New best valid_loss: 1.495415
2026-08-30 14:16:08 | INFO    | salsa | epoch 6 | step 475/1563 | loss 1.5006 | lr 4.52e-04 | 115.1 samples/s
2026-08-30 14:16:20 | INFO    | salsa | epoch 6 | step 500/1563 | loss 1.4854 | lr 4.43e-04 | 129.0 samples/s
2026-08-30 14:16:33 | INFO    | salsa | epoch 6 | step 525/1563 | loss 1.4829 | lr 4.33e-04 | 124.8 samples/s
2026-08-30 14:16:46 | INFO    | salsa | epoch 6 | step 550/1563 | loss 1.5058 | lr 4.23e-04 | 125.5 samples/s
2026-08-30 14:16:58 | INFO    | salsa | epoch 6 | train 1.4943 | valid 1.4937 | token 0.662 | acc_tau 0.547 | exact 0.0156 | 121.8 samples/s
2026-08-30 14:16:58 | INFO    | salsa | New best valid_loss: 1.493680
2026-08-30 14:17:11 | INFO    | salsa | epoch 7 | step 575/1563 | loss 1.5050 | lr 4.12e-04 | 107.6 samples/s
2026-08-30 14:17:23 | INFO    | salsa | epoch 7 | step 600/1563 | loss 1.4860 | lr 4.01e-04 | 121.0 samples/s
2026-08-30 14:17:34 | INFO    | salsa | epoch 7 | step 625/1563 | loss 1.4739 | lr 3.90e-04 | 126.4 samples/s
2026-08-30 14:17:48 | INFO    | salsa | epoch 7 | train 1.4758 | valid 1.4607 | token 0.666 | acc_tau 0.690 | exact 0.0176 | 122.4 samples/s
2026-08-30 14:17:48 | INFO    | salsa | New best valid_loss: 1.460674
2026-08-30 14:17:57 | INFO    | salsa | epoch 8 | step 650/1563 | loss 1.4428 | lr 3.77e-04 | 123.0 samples/s
2026-08-30 14:18:09 | INFO    | salsa | epoch 8 | step 675/1563 | loss 1.4593 | lr 3.65e-04 | 132.8 samples/s
2026-08-30 14:18:20 | INFO    | salsa | epoch 8 | step 700/1563 | loss 1.4253 | lr 3.52e-04 | 135.1 samples/s
2026-08-30 14:18:36 | INFO    | salsa | epoch 8 | train 1.4539 | valid 1.4207 | token 0.670 | acc_tau 0.808 | exact 0.0249 | 123.7 samples/s
2026-08-30 14:18:36 | INFO    | salsa | New best valid_loss: 1.420653
2026-08-30 14:18:44 | INFO    | salsa | epoch 9 | step 725/1563 | loss 1.4225 | lr 3.39e-04 | 117.0 samples/s
2026-08-30 14:18:55 | INFO    | salsa | epoch 9 | step 750/1563 | loss 1.4341 | lr 3.25e-04 | 129.9 samples/s
2026-08-30 14:19:07 | INFO    | salsa | epoch 9 | step 775/1563 | loss 1.3884 | lr 3.11e-04 | 132.9 samples/s
2026-08-30 14:19:24 | INFO    | salsa | epoch 9 | train 1.4105 | valid 1.3881 | token 0.673 | acc_tau 0.789 | exact 0.0312 | 124.7 samples/s
2026-08-30 14:19:24 | INFO    | salsa | New best valid_loss: 1.388103
2026-08-30 14:19:30 | INFO    | salsa | epoch 10 | step 800/1563 | loss 1.3701 | lr 2.97e-04 | 113.9 samples/s
2026-08-30 14:19:41 | INFO    | salsa | epoch 10 | step 825/1563 | loss 1.3371 | lr 2.83e-04 | 130.8 samples/s
2026-08-30 14:19:52 | INFO    | salsa | epoch 10 | step 850/1563 | loss 1.2595 | lr 2.69e-04 | 134.5 samples/s
2026-08-30 14:20:13 | INFO    | salsa | epoch 10 | train 1.3433 | valid 1.2563 | token 0.682 | acc_tau 0.939 | exact 0.0610 | 125.4 samples/s
2026-08-30 14:20:13 | INFO    | salsa | New best valid_loss: 1.256269
2026-08-30 14:20:18 | INFO    | salsa | epoch 11 | step 875/1563 | loss 1.2519 | lr 2.54e-04 | 77.4 samples/s
