2026-08-29 16:26:16 | INFO    | salsa | Run directory: results/nact_v2/phase16_part_c/seed_456/v1/control_a_n12_h2/phase16_part_c_v1_seed_456
2026-08-29 16:26:16 | INFO    | salsa | Config fingerprint: 1656ecbb30df6d1b
2026-08-29 16:26:17 | INFO    | salsa | ========================================================================
2026-08-29 16:26:17 | INFO    | salsa | Model: Salsa2-GatedUT (gated_universal_transformer)
2026-08-29 16:26:17 | INFO    | salsa | Trainable parameters: 4131200
2026-08-29 16:26:17 | INFO    | salsa | LWE: n=12 q=251 sigma=3.0 h=2 structure=rlwe
2026-08-29 16:26:17 | INFO    | salsa | Encoding: base=81 order=lsb_first separator=False -> 26 input tokens, 4 output
2026-08-29 16:26:17 | INFO    | salsa | Plan: {'sample_budget': 100000, 'batch_size': 64, 'total_steps': 1563, 'steps_per_epoch': 79, 'epochs': 20, 'warmup_steps': 200, 'valid_samples': 2048}
2026-08-29 16:26:17 | INFO    | salsa | Device: cpu | threads: {'threads': 4, 'interop_threads': 10}
2026-08-29 16:26:17 | INFO    | salsa | Chance baselines: {'uniform_loss_nats': 4.442651256490317, 'marginal_loss_nats': 1.8649843130825523, 'chance_token_accuracy': 0.44621513944223107, 'chance_perfect_accuracy': 0.005142775511499817, 'chance_digit_accuracy': [0.015936, 0.322709], 'chance_exact_accuracy': 0.00398406374501992, 'chance_acc_tau': 0.19286995444516752, 'chance_acc_tau_circular_DIAGNOSTIC': 0.20318725099601595, 'tolerance': 0.1, 'tolerance_absolute': 25.1}
2026-08-29 16:26:17 | INFO    | salsa | ========================================================================
2026-08-29 16:26:17 | INFO    | salsa | Alignment verified: {'src_ids': (64, 26), 'tgt_ids': (64, 4), 'decoder_input': (64, 3), 'target': (64, 3), 'logits': (64, 3, 85), 'vocab_size': 85, 'pad_id': 0}
2026-08-29 16:26:22 | INFO    | salsa | epoch 0 | step 25/1563 | loss 2.8951 | lr 6.50e-05 | 375.4 samples/s
2026-08-29 16:26:26 | INFO    | salsa | epoch 0 | step 50/1563 | loss 2.4418 | lr 1.28e-04 | 373.8 samples/s
2026-08-29 16:26:30 | INFO    | salsa | epoch 0 | step 75/1563 | loss 2.1689 | lr 1.90e-04 | 369.6 samples/s
2026-08-29 16:26:35 | INFO    | salsa | epoch 0 | train 2.8823 | valid 2.1137 | token 0.447 | acc_tau 0.000 | exact 0.0000 | 369.8 samples/s
2026-08-29 16:26:35 | INFO    | salsa | New best valid_loss: 2.113717
2026-08-29 16:26:39 | INFO    | salsa | epoch 1 | step 100/1563 | loss 1.9325 | lr 2.53e-04 | 376.3 samples/s
2026-08-29 16:26:43 | INFO    | salsa | epoch 1 | step 125/1563 | loss 1.9027 | lr 3.15e-04 | 372.7 samples/s
2026-08-29 16:26:47 | INFO    | salsa | epoch 1 | step 150/1563 | loss 1.9143 | lr 3.78e-04 | 374.0 samples/s
2026-08-29 16:26:52 | INFO    | salsa | epoch 1 | train 1.9562 | valid 1.8805 | token 0.447 | acc_tau 0.126 | exact 0.0063 | 372.0 samples/s
2026-08-29 16:26:52 | INFO    | salsa | New best valid_loss: 1.880462
2026-08-29 16:26:55 | INFO    | salsa | epoch 2 | step 175/1563 | loss 1.9033 | lr 4.40e-04 | 357.2 samples/s
2026-08-29 16:27:00 | INFO    | salsa | epoch 2 | step 200/1563 | loss 1.8867 | lr 5.00e-04 | 359.5 samples/s
2026-08-29 16:27:04 | INFO    | salsa | epoch 2 | step 225/1563 | loss 1.8747 | lr 5.00e-04 | 361.8 samples/s
2026-08-29 16:27:10 | INFO    | salsa | epoch 2 | train 1.8810 | valid 1.8700 | token 0.440 | acc_tau 0.188 | exact 0.0005 | 369.4 samples/s
2026-08-29 16:27:10 | INFO    | salsa | New best valid_loss: 1.870024
2026-08-29 16:27:12 | INFO    | salsa | epoch 3 | step 250/1563 | loss 1.8546 | lr 4.98e-04 | 373.9 samples/s
2026-08-29 16:27:17 | INFO    | salsa | epoch 3 | step 275/1563 | loss 1.8572 | lr 4.96e-04 | 356.0 samples/s
2026-08-29 16:27:21 | INFO    | salsa | epoch 3 | step 300/1563 | loss 1.8597 | lr 4.93e-04 | 355.7 samples/s
2026-08-29 16:27:28 | INFO    | salsa | epoch 3 | train 1.8670 | valid 1.8561 | token 0.445 | acc_tau 0.138 | exact 0.0059 | 363.5 samples/s
2026-08-29 16:27:28 | INFO    | salsa | New best valid_loss: 1.856069
2026-08-29 16:27:30 | INFO    | salsa | epoch 4 | step 325/1563 | loss 1.8929 | lr 4.90e-04 | 370.1 samples/s
2026-08-29 16:27:34 | INFO    | salsa | epoch 4 | step 350/1563 | loss 1.8561 | lr 4.85e-04 | 368.5 samples/s
2026-08-29 16:27:39 | INFO    | salsa | epoch 4 | step 375/1563 | loss 1.8672 | lr 4.80e-04 | 365.6 samples/s
2026-08-29 16:27:46 | INFO    | salsa | epoch 4 | train 1.8610 | valid 1.8699 | token 0.442 | acc_tau 0.000 | exact 0.0000 | 364.1 samples/s
2026-08-29 16:27:47 | INFO    | salsa | epoch 5 | step 400/1563 | loss 1.8458 | lr 4.74e-04 | 378.9 samples/s
2026-08-29 16:27:51 | INFO    | salsa | epoch 5 | step 425/1563 | loss 1.8460 | lr 4.67e-04 | 369.3 samples/s
2026-08-29 16:27:56 | INFO    | salsa | epoch 5 | step 450/1563 | loss 1.8630 | lr 4.60e-04 | 364.5 samples/s
2026-08-29 16:28:04 | INFO    | salsa | epoch 5 | train 1.8588 | valid 1.8530 | token 0.450 | acc_tau 0.122 | exact 0.0015 | 364.2 samples/s
2026-08-29 16:28:04 | INFO    | salsa | New best valid_loss: 1.853019
2026-08-29 16:28:04 | INFO    | salsa | epoch 6 | step 475/1563 | loss 1.8485 | lr 4.52e-04 | 352.7 samples/s
2026-08-29 16:28:08 | INFO    | salsa | epoch 6 | step 500/1563 | loss 1.8470 | lr 4.43e-04 | 363.3 samples/s
2026-08-29 16:28:13 | INFO    | salsa | epoch 6 | step 525/1563 | loss 1.8474 | lr 4.33e-04 | 359.2 samples/s
2026-08-29 16:28:18 | INFO    | salsa | epoch 6 | step 550/1563 | loss 1.8441 | lr 4.23e-04 | 350.3 samples/s
2026-08-29 16:28:23 | INFO    | salsa | epoch 6 | train 1.8517 | valid 1.8517 | token 0.442 | acc_tau 0.191 | exact 0.0034 | 362.2 samples/s
2026-08-29 16:28:23 | INFO    | salsa | New best valid_loss: 1.851651
2026-08-29 16:28:27 | INFO    | salsa | epoch 7 | step 575/1563 | loss 1.8675 | lr 4.12e-04 | 369.3 samples/s
2026-08-29 16:28:31 | INFO    | salsa | epoch 7 | step 600/1563 | loss 1.8583 | lr 4.01e-04 | 366.4 samples/s
2026-08-29 16:28:35 | INFO    | salsa | epoch 7 | step 625/1563 | loss 1.8436 | lr 3.90e-04 | 366.5 samples/s
2026-08-29 16:28:40 | INFO    | salsa | epoch 7 | train 1.8511 | valid 1.8500 | token 0.442 | acc_tau 0.127 | exact 0.0044 | 362.5 samples/s
2026-08-29 16:28:40 | INFO    | salsa | New best valid_loss: 1.850008
2026-08-29 16:28:43 | INFO    | salsa | epoch 8 | step 650/1563 | loss 1.8471 | lr 3.77e-04 | 397.6 samples/s
2026-08-29 16:28:47 | INFO    | salsa | epoch 8 | step 675/1563 | loss 1.8362 | lr 3.65e-04 | 395.5 samples/s
2026-08-29 16:28:52 | INFO    | salsa | epoch 8 | step 700/1563 | loss 1.8387 | lr 3.52e-04 | 395.3 samples/s
2026-08-29 16:28:57 | INFO    | salsa | epoch 8 | train 1.8507 | valid 1.8517 | token 0.443 | acc_tau 0.192 | exact 0.0039 | 365.9 samples/s
2026-08-29 16:28:59 | INFO    | salsa | epoch 9 | step 725/1563 | loss 1.8581 | lr 3.39e-04 | 395.0 samples/s
2026-08-29 16:29:03 | INFO    | salsa | epoch 9 | step 750/1563 | loss 1.8587 | lr 3.25e-04 | 395.1 samples/s
2026-08-29 16:29:07 | INFO    | salsa | epoch 9 | step 775/1563 | loss 1.8480 | lr 3.11e-04 | 392.8 samples/s
2026-08-29 16:29:13 | INFO    | salsa | epoch 9 | train 1.8484 | valid 1.8510 | token 0.439 | acc_tau 0.186 | exact 0.0034 | 368.5 samples/s
2026-08-29 16:29:15 | INFO    | salsa | epoch 10 | step 800/1563 | loss 1.8795 | lr 2.97e-04 | 398.3 samples/s
2026-08-29 16:29:19 | INFO    | salsa | epoch 10 | step 825/1563 | loss 1.8571 | lr 2.83e-04 | 396.7 samples/s
2026-08-29 16:29:23 | INFO    | salsa | epoch 10 | step 850/1563 | loss 1.8544 | lr 2.69e-04 | 396.0 samples/s
2026-08-29 16:29:30 | INFO    | salsa | epoch 10 | train 1.8500 | valid 1.8500 | token 0.435 | acc_tau 0.104 | exact 0.0049 | 370.8 samples/s
2026-08-29 16:29:31 | INFO    | salsa | epoch 11 | step 875/1563 | loss 1.8521 | lr 2.54e-04 | 400.5 samples/s
2026-08-29 16:29:35 | INFO    | salsa | epoch 11 | step 900/1563 | loss 1.8416 | lr 2.40e-04 | 396.1 samples/s
2026-08-29 16:29:39 | INFO    | salsa | epoch 11 | step 925/1563 | loss 1.8517 | lr 2.26e-04 | 396.0 samples/s
2026-08-29 16:29:46 | INFO    | salsa | epoch 11 | train 1.8484 | valid 1.8475 | token 0.440 | acc_tau 0.196 | exact 0.0039 | 372.7 samples/s
2026-08-29 16:29:46 | INFO    | salsa | New best valid_loss: 1.847482
2026-08-29 16:29:46 | INFO    | salsa | epoch 12 | step 950/1563 | loss 1.8482 | lr 2.11e-04 | 392.3 samples/s
2026-08-29 16:29:50 | INFO    | salsa | epoch 12 | step 975/1563 | loss 1.8280 | lr 1.97e-04 | 396.8 samples/s
2026-08-29 16:29:55 | INFO    | salsa | epoch 12 | step 1000/1563 | loss 1.8410 | lr 1.83e-04 | 370.5 samples/s
2026-08-29 16:29:59 | INFO    | salsa | epoch 12 | step 1025/1563 | loss 1.8415 | lr 1.69e-04 | 375.4 samples/s
2026-08-29 16:30:03 | INFO    | salsa | epoch 12 | train 1.8456 | valid 1.8466 | token 0.443 | acc_tau 0.111 | exact 0.0054 | 372.9 samples/s
2026-08-29 16:30:03 | INFO    | salsa | New best valid_loss: 1.846563
2026-08-29 16:30:07 | INFO    | salsa | epoch 13 | step 1050/1563 | loss 1.8430 | lr 1.56e-04 | 386.7 samples/s
2026-08-29 16:30:11 | INFO    | salsa | epoch 13 | step 1075/1563 | loss 1.8440 | lr 1.43e-04 | 383.1 samples/s
2026-08-29 16:30:15 | INFO    | salsa | epoch 13 | step 1100/1563 | loss 1.8430 | lr 1.30e-04 | 385.1 samples/s
2026-08-29 16:30:20 | INFO    | salsa | epoch 13 | train 1.8449 | valid 1.8434 | token 0.449 | acc_tau 0.119 | exact 0.0024 | 373.8 samples/s
2026-08-29 16:30:20 | INFO    | salsa | New best valid_loss: 1.843411
2026-08-29 16:30:23 | INFO    | salsa | epoch 14 | step 1125/1563 | loss 1.8419 | lr 1.18e-04 | 389.4 samples/s
2026-08-29 16:30:27 | INFO    | salsa | epoch 14 | step 1150/1563 | loss 1.8129 | lr 1.06e-04 | 389.6 samples/s
2026-08-29 16:30:31 | INFO    | salsa | epoch 14 | step 1175/1563 | loss 1.8156 | lr 9.43e-05 | 389.9 samples/s
2026-08-29 16:30:37 | INFO    | salsa | epoch 14 | train 1.8359 | valid 1.8257 | token 0.488 | acc_tau 0.276 | exact 0.0059 | 374.8 samples/s
2026-08-29 16:30:37 | INFO    | salsa | New best valid_loss: 1.825735
2026-08-29 16:30:39 | INFO    | salsa | epoch 15 | step 1200/1563 | loss 1.8233 | lr 8.34e-05 | 392.7 samples/s
2026-08-29 16:30:43 | INFO    | salsa | epoch 15 | step 1225/1563 | loss 1.8208 | lr 7.30e-05 | 391.5 samples/s
2026-08-29 16:30:47 | INFO    | salsa | epoch 15 | step 1250/1563 | loss 1.8022 | lr 6.32e-05 | 390.3 samples/s
2026-08-29 16:30:53 | INFO    | salsa | epoch 15 | train 1.8285 | valid 1.8219 | token 0.489 | acc_tau 0.288 | exact 0.0068 | 375.8 samples/s
2026-08-29 16:30:53 | INFO    | salsa | New best valid_loss: 1.821917
2026-08-29 16:30:55 | INFO    | salsa | epoch 16 | step 1275/1563 | loss 1.8051 | lr 5.40e-05 | 395.3 samples/s
2026-08-29 16:30:59 | INFO    | salsa | epoch 16 | step 1300/1563 | loss 1.8056 | lr 4.55e-05 | 391.0 samples/s
2026-08-29 16:31:03 | INFO    | salsa | epoch 16 | step 1325/1563 | loss 1.7950 | lr 3.76e-05 | 390.5 samples/s
2026-08-29 16:31:10 | INFO    | salsa | epoch 16 | train 1.8174 | valid 1.8037 | token 0.498 | acc_tau 0.282 | exact 0.0073 | 376.5 samples/s
2026-08-29 16:31:10 | INFO    | salsa | New best valid_loss: 1.803680
2026-08-29 16:31:11 | INFO    | salsa | epoch 17 | step 1350/1563 | loss 1.7984 | lr 3.05e-05 | 393.9 samples/s
2026-08-29 16:31:15 | INFO    | salsa | epoch 17 | step 1375/1563 | loss 1.7976 | lr 2.41e-05 | 385.4 samples/s
2026-08-29 16:31:20 | INFO    | salsa | epoch 17 | step 1400/1563 | loss 1.8088 | lr 1.84e-05 | 379.9 samples/s
2026-08-29 16:31:27 | INFO    | salsa | epoch 17 | train 1.7993 | valid 1.7854 | token 0.507 | acc_tau 0.287 | exact 0.0068 | 376.8 samples/s
2026-08-29 16:31:27 | INFO    | salsa | New best valid_loss: 1.785423
2026-08-29 16:31:27 | INFO    | salsa | epoch 18 | step 1425/1563 | loss 1.7981 | lr 1.35e-05 | 385.5 samples/s
2026-08-29 16:31:32 | INFO    | salsa | epoch 18 | step 1450/1563 | loss 1.8080 | lr 9.41e-06 | 376.1 samples/s
2026-08-29 16:31:36 | INFO    | salsa | epoch 18 | step 1475/1563 | loss 1.7839 | lr 6.11e-06 | 376.0 samples/s
2026-08-29 16:31:40 | INFO    | salsa | epoch 18 | step 1500/1563 | loss 1.8066 | lr 3.63e-06 | 370.5 samples/s
2026-08-29 16:31:44 | INFO    | salsa | epoch 18 | train 1.7882 | valid 1.7805 | token 0.510 | acc_tau 0.328 | exact 0.0093 | 376.5 samples/s
2026-08-29 16:31:44 | INFO    | salsa | New best valid_loss: 1.780469
2026-08-29 16:31:49 | INFO    | salsa | epoch 19 | step 1525/1563 | loss 1.8033 | lr 1.96e-06 | 361.4 samples/s
2026-08-29 16:31:53 | INFO    | salsa | epoch 19 | step 1550/1563 | loss 1.7995 | lr 1.11e-06 | 357.4 samples/s
2026-08-29 16:31:59 | INFO    | salsa | epoch 19 | train 1.7877 | valid 1.7796 | token 0.512 | acc_tau 0.344 | exact 0.0107 | 375.7 samples/s
2026-08-29 16:31:59 | INFO    | salsa | New best valid_loss: 1.779645
2026-08-29 16:32:04 | INFO    | salsa | Training finished: planned epochs completed
