2026-08-24 13:17:48 | INFO    | salsa | Run directory: results\pilot_gatedut_n30_r\pilot
2026-08-24 13:17:48 | INFO    | salsa | Config fingerprint: 4b1582c2b2c05fb7
2026-08-24 13:17:53 | INFO    | salsa | ========================================================================
2026-08-24 13:17:53 | INFO    | salsa | Model: Salsa2-GatedUT (gated_universal_transformer)
2026-08-24 13:17:53 | INFO    | salsa | Trainable parameters: 4131200
2026-08-24 13:17:53 | INFO    | salsa | LWE: n=30 q=251 sigma=3.0 h=3 structure=rlwe
2026-08-24 13:17:53 | INFO    | salsa | Encoding: base=81 order=lsb_first separator=False -> 62 input tokens, 4 output
2026-08-24 13:17:53 | INFO    | salsa | Plan: {'sample_budget': 100000, 'batch_size': 64, 'total_steps': 1563, 'steps_per_epoch': 79, 'epochs': 20, 'warmup_steps': 200, 'valid_samples': 2048}
2026-08-24 13:17:53 | INFO    | salsa | Device: cpu | threads: {'threads': 6, 'interop_threads': 6}
2026-08-24 13:17:53 | INFO    | salsa | Chance baselines: {'chance_token_accuracy': 0.44621513944223107, 'chance_perfect_accuracy': 0.005142775511499817, 'chance_digit_accuracy': [0.015936, 0.322709], 'uniform_loss_nats': 4.442651256490317, 'chance_exact_accuracy': 0.00398406374501992, 'chance_acc_tau': 0.19286995444516752, 'chance_acc_tau_circular_DIAGNOSTIC': 0.20318725099601595, 'tolerance': 0.1, 'tolerance_absolute': 25.1}
2026-08-24 13:17:53 | INFO    | salsa | ========================================================================
2026-08-24 13:17:54 | INFO    | salsa | Alignment verified: {'src_ids': (64, 62), 'tgt_ids': (64, 4), 'decoder_input': (64, 3), 'target': (64, 3), 'logits': (64, 3, 85), 'vocab_size': 85, 'pad_id': 0}
2026-08-24 13:18:48 | INFO    | salsa | epoch 0 | step 25/1563 | loss 3.0114 | lr 6.50e-05 | 29.5 samples/s
2026-08-24 13:19:41 | INFO    | salsa | epoch 0 | step 50/1563 | loss 2.4638 | lr 1.28e-04 | 29.9 samples/s
2026-08-24 13:20:34 | INFO    | salsa | epoch 0 | step 75/1563 | loss 2.0747 | lr 1.90e-04 | 29.9 samples/s
2026-08-24 13:21:30 | INFO    | salsa | epoch 0 | train 2.7904 | valid 1.9978 | token 0.440 | acc_tau 0.000 | exact 0.0000 | 29.6 samples/s
2026-08-24 13:21:30 | INFO    | salsa | New best valid_loss: 1.997845
2026-08-24 13:22:16 | INFO    | salsa | epoch 1 | step 100/1563 | loss 1.9182 | lr 2.53e-04 | 29.5 samples/s
2026-08-24 13:23:10 | INFO    | salsa | epoch 1 | step 125/1563 | loss 1.8711 | lr 3.15e-04 | 29.7 samples/s
2026-08-24 13:24:03 | INFO    | salsa | epoch 1 | step 150/1563 | loss 1.9092 | lr 3.78e-04 | 29.7 samples/s
2026-08-24 13:25:06 | INFO    | salsa | epoch 1 | train 1.9260 | valid 1.8868 | token 0.441 | acc_tau 0.204 | exact 0.0059 | 29.7 samples/s
2026-08-24 13:25:06 | INFO    | salsa | New best valid_loss: 1.886814
2026-08-24 13:25:43 | INFO    | salsa | epoch 2 | step 175/1563 | loss 1.8651 | lr 4.40e-04 | 29.0 samples/s
2026-08-24 13:26:37 | INFO    | salsa | epoch 2 | step 200/1563 | loss 1.8813 | lr 5.00e-04 | 29.4 samples/s
2026-08-24 13:27:30 | INFO    | salsa | epoch 2 | step 225/1563 | loss 1.8523 | lr 5.00e-04 | 29.7 samples/s
2026-08-24 13:28:42 | INFO    | salsa | epoch 2 | train 1.8777 | valid 1.8677 | token 0.441 | acc_tau 0.204 | exact 0.0034 | 29.7 samples/s
2026-08-24 13:28:42 | INFO    | salsa | New best valid_loss: 1.867694
2026-08-24 13:29:11 | INFO    | salsa | epoch 3 | step 250/1563 | loss 1.9140 | lr 4.98e-04 | 29.0 samples/s
2026-08-24 13:30:02 | INFO    | salsa | epoch 3 | step 275/1563 | loss 1.8597 | lr 4.96e-04 | 30.5 samples/s
2026-08-24 13:30:48 | INFO    | salsa | epoch 3 | step 300/1563 | loss 1.8731 | lr 4.93e-04 | 32.1 samples/s
2026-08-24 13:31:55 | INFO    | salsa | epoch 3 | train 1.8657 | valid 1.8588 | token 0.446 | acc_tau 0.126 | exact 0.0078 | 30.4 samples/s
2026-08-24 13:31:55 | INFO    | salsa | New best valid_loss: 1.858774
2026-08-24 13:32:13 | INFO    | salsa | epoch 4 | step 325/1563 | loss 1.8620 | lr 4.90e-04 | 32.6 samples/s
2026-08-24 13:33:01 | INFO    | salsa | epoch 4 | step 350/1563 | loss 1.8568 | lr 4.85e-04 | 33.4 samples/s
2026-08-24 13:33:47 | INFO    | salsa | epoch 4 | step 375/1563 | loss 1.8684 | lr 4.80e-04 | 33.8 samples/s
2026-08-24 13:35:18 | INFO    | salsa | epoch 4 | train 1.8560 | valid 1.8531 | token 0.447 | acc_tau 0.207 | exact 0.0029 | 31.1 samples/s
2026-08-24 13:35:18 | INFO    | salsa | New best valid_loss: 1.853055
2026-08-24 13:35:32 | INFO    | salsa | epoch 5 | step 400/1563 | loss 1.8522 | lr 4.74e-04 | 22.7 samples/s
2026-08-24 13:36:30 | INFO    | salsa | epoch 5 | step 425/1563 | loss 1.8437 | lr 4.67e-04 | 26.6 samples/s
2026-08-24 13:37:23 | INFO    | salsa | epoch 5 | step 450/1563 | loss 1.8428 | lr 4.60e-04 | 28.3 samples/s
2026-08-24 13:38:56 | INFO    | salsa | epoch 5 | train 1.8568 | valid 1.8584 | token 0.445 | acc_tau 0.117 | exact 0.0034 | 30.7 samples/s
2026-08-24 13:38:59 | INFO    | salsa | epoch 6 | step 475/1563 | loss 1.8482 | lr 4.52e-04 | 28.6 samples/s
2026-08-24 13:39:48 | INFO    | salsa | epoch 6 | step 500/1563 | loss 1.8646 | lr 4.43e-04 | 32.5 samples/s
2026-08-24 13:40:36 | INFO    | salsa | epoch 6 | step 525/1563 | loss 1.8513 | lr 4.33e-04 | 32.7 samples/s
2026-08-24 13:41:28 | INFO    | salsa | epoch 6 | step 550/1563 | loss 1.8378 | lr 4.23e-04 | 32.0 samples/s
2026-08-24 13:42:12 | INFO    | salsa | epoch 6 | train 1.8560 | valid 1.8515 | token 0.449 | acc_tau 0.113 | exact 0.0034 | 30.9 samples/s
2026-08-24 13:42:12 | INFO    | salsa | New best valid_loss: 1.851465
2026-08-24 13:42:54 | INFO    | salsa | epoch 7 | step 575/1563 | loss 1.8706 | lr 4.12e-04 | 34.0 samples/s
2026-08-24 13:43:40 | INFO    | salsa | epoch 7 | step 600/1563 | loss 1.8675 | lr 4.01e-04 | 34.4 samples/s
2026-08-24 13:44:25 | INFO    | salsa | epoch 7 | step 625/1563 | loss 1.8564 | lr 3.90e-04 | 34.6 samples/s
2026-08-24 13:45:17 | INFO    | salsa | epoch 7 | train 1.8521 | valid 1.8553 | token 0.447 | acc_tau 0.200 | exact 0.0044 | 31.3 samples/s
2026-08-24 13:45:51 | INFO    | salsa | epoch 8 | step 650/1563 | loss 1.8652 | lr 3.77e-04 | 34.6 samples/s
2026-08-24 13:46:35 | INFO    | salsa | epoch 8 | step 675/1563 | loss 1.8488 | lr 3.65e-04 | 35.2 samples/s
2026-08-24 13:47:20 | INFO    | salsa | epoch 8 | step 700/1563 | loss 1.8575 | lr 3.52e-04 | 35.5 samples/s
2026-08-24 13:48:18 | INFO    | salsa | epoch 8 | train 1.8515 | valid 1.8497 | token 0.443 | acc_tau 0.198 | exact 0.0044 | 31.8 samples/s
2026-08-24 13:48:18 | INFO    | salsa | New best valid_loss: 1.849655
2026-08-24 13:48:45 | INFO    | salsa | epoch 9 | step 725/1563 | loss 1.8298 | lr 3.39e-04 | 34.0 samples/s
2026-08-24 13:49:30 | INFO    | salsa | epoch 9 | step 750/1563 | loss 1.8534 | lr 3.25e-04 | 35.0 samples/s
2026-08-24 13:50:15 | INFO    | salsa | epoch 9 | step 775/1563 | loss 1.8462 | lr 3.11e-04 | 35.2 samples/s
2026-08-24 13:51:19 | INFO    | salsa | epoch 9 | train 1.8480 | valid 1.8480 | token 0.442 | acc_tau 0.092 | exact 0.0020 | 32.1 samples/s
2026-08-24 13:51:19 | INFO    | salsa | New best valid_loss: 1.848045
2026-08-24 13:51:38 | INFO    | salsa | epoch 10 | step 800/1563 | loss 1.8411 | lr 2.97e-04 | 33.8 samples/s
2026-08-24 13:52:23 | INFO    | salsa | epoch 10 | step 825/1563 | loss 1.8526 | lr 2.83e-04 | 34.9 samples/s
2026-08-24 13:53:08 | INFO    | salsa | epoch 10 | step 850/1563 | loss 1.8460 | lr 2.69e-04 | 35.2 samples/s
2026-08-24 13:54:21 | INFO    | salsa | epoch 10 | train 1.8479 | valid 1.8467 | token 0.441 | acc_tau 0.155 | exact 0.0044 | 32.4 samples/s
2026-08-24 13:54:21 | INFO    | salsa | New best valid_loss: 1.846691
2026-08-24 13:54:33 | INFO    | salsa | epoch 11 | step 875/1563 | loss 1.8515 | lr 2.54e-04 | 32.5 samples/s
2026-08-24 13:55:18 | INFO    | salsa | epoch 11 | step 900/1563 | loss 1.8509 | lr 2.40e-04 | 34.7 samples/s
2026-08-24 13:56:03 | INFO    | salsa | epoch 11 | step 925/1563 | loss 1.8350 | lr 2.26e-04 | 35.0 samples/s
2026-08-24 13:57:22 | INFO    | salsa | epoch 11 | train 1.8466 | valid 1.8483 | token 0.440 | acc_tau 0.125 | exact 0.0049 | 32.6 samples/s
2026-08-24 13:57:27 | INFO    | salsa | epoch 12 | step 950/1563 | loss 1.8426 | lr 2.11e-04 | 31.0 samples/s
2026-08-24 13:58:12 | INFO    | salsa | epoch 12 | step 975/1563 | loss 1.8478 | lr 1.97e-04 | 34.7 samples/s
2026-08-24 13:58:57 | INFO    | salsa | epoch 12 | step 1000/1563 | loss 1.8355 | lr 1.83e-04 | 35.3 samples/s
2026-08-24 13:59:41 | INFO    | salsa | epoch 12 | step 1025/1563 | loss 1.8504 | lr 1.69e-04 | 35.5 samples/s
2026-08-24 14:00:25 | INFO    | salsa | epoch 12 | train 1.8463 | valid 1.8463 | token 0.448 | acc_tau 0.208 | exact 0.0073 | 32.8 samples/s
2026-08-24 14:00:25 | INFO    | salsa | New best valid_loss: 1.846277
2026-08-24 14:01:09 | INFO    | salsa | epoch 13 | step 1050/1563 | loss 1.8516 | lr 1.56e-04 | 33.0 samples/s
2026-08-24 14:01:57 | INFO    | salsa | epoch 13 | step 1075/1563 | loss 1.8487 | lr 1.43e-04 | 33.3 samples/s
2026-08-24 14:02:42 | INFO    | salsa | epoch 13 | step 1100/1563 | loss 1.8473 | lr 1.30e-04 | 34.1 samples/s
2026-08-24 14:03:31 | INFO    | salsa | epoch 13 | train 1.8451 | valid 1.8463 | token 0.446 | acc_tau 0.208 | exact 0.0073 | 32.9 samples/s
2026-08-24 14:03:31 | INFO    | salsa | New best valid_loss: 1.846270
2026-08-24 14:04:07 | INFO    | salsa | epoch 14 | step 1125/1563 | loss 1.8389 | lr 1.18e-04 | 33.5 samples/s
2026-08-24 14:04:54 | INFO    | salsa | epoch 14 | step 1150/1563 | loss 1.8460 | lr 1.06e-04 | 34.0 samples/s
2026-08-24 14:05:40 | INFO    | salsa | epoch 14 | step 1175/1563 | loss 1.8444 | lr 9.43e-05 | 34.3 samples/s
2026-08-24 14:06:37 | INFO    | salsa | epoch 14 | train 1.8445 | valid 1.8443 | token 0.447 | acc_tau 0.191 | exact 0.0044 | 33.0 samples/s
2026-08-24 14:06:37 | INFO    | salsa | New best valid_loss: 1.844267
2026-08-24 14:07:06 | INFO    | salsa | epoch 15 | step 1200/1563 | loss 1.8462 | lr 8.34e-05 | 33.1 samples/s
2026-08-24 14:07:52 | INFO    | salsa | epoch 15 | step 1225/1563 | loss 1.8511 | lr 7.30e-05 | 33.9 samples/s
2026-08-24 14:08:40 | INFO    | salsa | epoch 15 | step 1250/1563 | loss 1.8513 | lr 6.32e-05 | 33.9 samples/s
2026-08-24 14:09:47 | INFO    | salsa | epoch 15 | train 1.8438 | valid 1.8432 | token 0.446 | acc_tau 0.104 | exact 0.0039 | 33.1 samples/s
2026-08-24 14:09:47 | INFO    | salsa | New best valid_loss: 1.843160
2026-08-24 14:10:12 | INFO    | salsa | epoch 16 | step 1275/1563 | loss 1.8406 | lr 5.40e-05 | 28.4 samples/s
2026-08-24 14:11:06 | INFO    | salsa | epoch 16 | step 1300/1563 | loss 1.8448 | lr 4.55e-05 | 29.4 samples/s
2026-08-24 14:11:56 | INFO    | salsa | epoch 16 | step 1325/1563 | loss 1.8411 | lr 3.76e-05 | 30.3 samples/s
2026-08-24 14:13:15 | INFO    | salsa | epoch 16 | train 1.8435 | valid 1.8430 | token 0.450 | acc_tau 0.104 | exact 0.0039 | 32.9 samples/s
2026-08-24 14:13:15 | INFO    | salsa | New best valid_loss: 1.843045
2026-08-24 14:13:29 | INFO    | salsa | epoch 17 | step 1350/1563 | loss 1.8461 | lr 3.05e-05 | 31.6 samples/s
2026-08-24 14:14:17 | INFO    | salsa | epoch 17 | step 1375/1563 | loss 1.8491 | lr 2.41e-05 | 32.9 samples/s
2026-08-24 14:15:05 | INFO    | salsa | epoch 17 | step 1400/1563 | loss 1.8419 | lr 1.84e-05 | 33.3 samples/s
2026-08-24 14:16:27 | INFO    | salsa | epoch 17 | train 1.8430 | valid 1.8426 | token 0.448 | acc_tau 0.134 | exact 0.0029 | 32.9 samples/s
2026-08-24 14:16:27 | INFO    | salsa | New best valid_loss: 1.842569
2026-08-24 14:16:33 | INFO    | salsa | epoch 18 | step 1425/1563 | loss 1.8399 | lr 1.35e-05 | 29.8 samples/s
2026-08-24 14:17:22 | INFO    | salsa | epoch 18 | step 1450/1563 | loss 1.8441 | lr 9.41e-06 | 32.5 samples/s
2026-08-24 14:24:22 | INFO    | salsa | epoch 18 | step 1475/1563 | loss 1.8431 | lr 6.11e-06 | 7.1 samples/s
2026-08-24 14:25:12 | INFO    | salsa | epoch 18 | step 1500/1563 | loss 1.8407 | lr 3.63e-06 | 9.5 samples/s
2026-08-24 14:25:52 | INFO    | salsa | epoch 18 | train 1.8424 | valid 1.8426 | token 0.448 | acc_tau 0.134 | exact 0.0029 | 29.2 samples/s
2026-08-24 14:26:38 | INFO    | salsa | epoch 19 | step 1525/1563 | loss 1.8497 | lr 1.96e-06 | 33.8 samples/s
2026-08-24 14:27:23 | INFO    | salsa | epoch 19 | step 1550/1563 | loss 1.8427 | lr 1.11e-06 | 34.7 samples/s
2026-08-24 14:28:24 | INFO    | salsa | epoch 19 | train 1.8432 | valid 1.8426 | token 0.448 | acc_tau 0.134 | exact 0.0029 | 29.4 samples/s
2026-08-24 14:29:06 | INFO    | salsa | Training finished: planned epochs completed
