2026-08-24 16:28:20 | INFO    | salsa | Run directory: results\control_b_n20_h2\control
2026-08-24 16:28:20 | INFO    | salsa | Config fingerprint: b3eb9775e8c0d955
2026-08-24 16:28:27 | INFO    | salsa | ========================================================================
2026-08-24 16:28:27 | INFO    | salsa | Model: Salsa2-GatedUT (gated_universal_transformer)
2026-08-24 16:28:27 | INFO    | salsa | Trainable parameters: 4131200
2026-08-24 16:28:27 | INFO    | salsa | LWE: n=20 q=251 sigma=3.0 h=2 structure=rlwe
2026-08-24 16:28:27 | INFO    | salsa | Encoding: base=81 order=lsb_first separator=False -> 42 input tokens, 4 output
2026-08-24 16:28:27 | INFO    | salsa | Plan: {'sample_budget': 200000, 'batch_size': 64, 'total_steps': 3125, 'steps_per_epoch': 79, 'epochs': 40, 'warmup_steps': 200, 'valid_samples': 2048}
2026-08-24 16:28:27 | INFO    | salsa | Device: cpu | threads: {'threads': 6, 'interop_threads': 6}
2026-08-24 16:28:27 | INFO    | salsa | Chance baselines: {'uniform_loss_nats': 4.442651256490317, 'marginal_loss_nats': 1.8649843130825523, 'chance_token_accuracy': 0.44621513944223107, 'chance_perfect_accuracy': 0.005142775511499817, 'chance_digit_accuracy': [0.015936, 0.322709], 'chance_exact_accuracy': 0.00398406374501992, 'chance_acc_tau': 0.19286995444516752, 'chance_acc_tau_circular_DIAGNOSTIC': 0.20318725099601595, 'tolerance': 0.1, 'tolerance_absolute': 25.1}
2026-08-24 16:28:27 | INFO    | salsa | ========================================================================
2026-08-24 16:28:28 | INFO    | salsa | Alignment verified: {'src_ids': (64, 42), 'tgt_ids': (64, 4), 'decoder_input': (64, 3), 'target': (64, 3), 'logits': (64, 3, 85), 'vocab_size': 85, 'pad_id': 0}
2026-08-24 16:29:09 | INFO    | salsa | epoch 0 | step 25/3125 | loss 2.9201 | lr 6.50e-05 | 38.9 samples/s
2026-08-24 16:29:48 | INFO    | salsa | epoch 0 | step 50/3125 | loss 2.4281 | lr 1.28e-04 | 39.9 samples/s
2026-08-24 16:30:26 | INFO    | salsa | epoch 0 | step 75/3125 | loss 2.1068 | lr 1.90e-04 | 40.6 samples/s
2026-08-24 16:31:02 | INFO    | salsa | epoch 0 | train 2.8036 | valid 2.0207 | token 0.441 | acc_tau 0.015 | exact 0.0005 | 40.7 samples/s
2026-08-24 16:31:03 | INFO    | salsa | New best valid_loss: 2.020664
2026-08-24 16:31:35 | INFO    | salsa | epoch 1 | step 100/3125 | loss 1.9488 | lr 2.53e-04 | 41.4 samples/s
2026-08-24 16:32:11 | INFO    | salsa | epoch 1 | step 125/3125 | loss 1.8971 | lr 3.15e-04 | 43.1 samples/s
2026-08-24 16:32:45 | INFO    | salsa | epoch 1 | step 150/3125 | loss 1.9433 | lr 3.78e-04 | 44.5 samples/s
2026-08-24 16:33:23 | INFO    | salsa | epoch 1 | train 1.9247 | valid 1.8853 | token 0.450 | acc_tau 0.200 | exact 0.0034 | 42.8 samples/s
2026-08-24 16:33:23 | INFO    | salsa | New best valid_loss: 1.885278
2026-08-24 16:33:49 | INFO    | salsa | epoch 2 | step 175/3125 | loss 1.8517 | lr 4.40e-04 | 42.2 samples/s
2026-08-24 16:34:24 | INFO    | salsa | epoch 2 | step 200/3125 | loss 1.8608 | lr 5.00e-04 | 44.5 samples/s
2026-08-24 16:34:57 | INFO    | salsa | epoch 2 | step 225/3125 | loss 1.8700 | lr 5.00e-04 | 45.8 samples/s
2026-08-24 16:35:42 | INFO    | salsa | epoch 2 | train 1.8735 | valid 1.8628 | token 0.444 | acc_tau 0.197 | exact 0.0034 | 43.8 samples/s
2026-08-24 16:35:42 | INFO    | salsa | New best valid_loss: 1.862763
2026-08-24 16:36:01 | INFO    | salsa | epoch 3 | step 250/3125 | loss 1.8685 | lr 5.00e-04 | 43.1 samples/s
2026-08-24 16:36:39 | INFO    | salsa | epoch 3 | step 275/3125 | loss 1.8558 | lr 4.99e-04 | 42.6 samples/s
2026-08-24 16:37:17 | INFO    | salsa | epoch 3 | step 300/3125 | loss 1.8825 | lr 4.99e-04 | 42.5 samples/s
2026-08-24 16:38:12 | INFO    | salsa | epoch 3 | train 1.8605 | valid 1.8618 | token 0.447 | acc_tau 0.124 | exact 0.0039 | 43.5 samples/s
2026-08-24 16:38:12 | INFO    | salsa | New best valid_loss: 1.861775
2026-08-24 16:38:27 | INFO    | salsa | epoch 4 | step 325/3125 | loss 1.8601 | lr 4.98e-04 | 39.2 samples/s
2026-08-24 16:39:05 | INFO    | salsa | epoch 4 | step 350/3125 | loss 1.8379 | lr 4.97e-04 | 41.1 samples/s
2026-08-24 16:39:43 | INFO    | salsa | epoch 4 | step 375/3125 | loss 1.8530 | lr 4.96e-04 | 41.4 samples/s
2026-08-24 16:40:43 | INFO    | salsa | epoch 4 | train 1.8591 | valid 1.8543 | token 0.446 | acc_tau 0.204 | exact 0.0049 | 43.2 samples/s
2026-08-24 16:40:44 | INFO    | salsa | New best valid_loss: 1.854317
2026-08-24 16:40:52 | INFO    | salsa | epoch 5 | step 400/3125 | loss 1.8578 | lr 4.94e-04 | 37.1 samples/s
2026-08-24 16:41:30 | INFO    | salsa | epoch 5 | step 425/3125 | loss 1.8706 | lr 4.93e-04 | 41.6 samples/s
2026-08-24 16:42:07 | INFO    | salsa | epoch 5 | step 450/3125 | loss 1.8429 | lr 4.91e-04 | 42.1 samples/s
2026-08-24 16:43:14 | INFO    | salsa | epoch 5 | train 1.8551 | valid 1.8558 | token 0.447 | acc_tau 0.204 | exact 0.0044 | 43.0 samples/s
2026-08-24 16:43:16 | INFO    | salsa | epoch 6 | step 475/3125 | loss 1.8555 | lr 4.89e-04 | 40.1 samples/s
2026-08-24 16:45:53 | INFO    | salsa | epoch 6 | step 500/3125 | loss 1.8366 | lr 4.87e-04 | 10.5 samples/s
2026-08-24 16:46:31 | INFO    | salsa | epoch 6 | step 525/3125 | loss 1.8438 | lr 4.85e-04 | 16.6 samples/s
2026-08-24 16:47:08 | INFO    | salsa | epoch 6 | step 550/3125 | loss 1.8707 | lr 4.83e-04 | 20.8 samples/s
2026-08-24 16:47:44 | INFO    | salsa | epoch 6 | train 1.8527 | valid 1.8567 | token 0.445 | acc_tau 0.132 | exact 0.0054 | 37.5 samples/s
2026-08-24 16:48:17 | INFO    | salsa | epoch 7 | step 575/3125 | loss 1.8494 | lr 4.80e-04 | 42.5 samples/s
2026-08-24 16:48:54 | INFO    | salsa | epoch 7 | step 600/3125 | loss 1.8475 | lr 4.77e-04 | 42.8 samples/s
2026-08-24 17:14:33 | INFO    | salsa | epoch 7 | step 625/3125 | loss 1.8536 | lr 4.74e-04 | 2.9 samples/s
2026-08-24 17:15:15 | INFO    | salsa | epoch 7 | train 1.8529 | valid 1.8546 | token 0.447 | acc_tau 0.178 | exact 0.0039 | 15.8 samples/s
2026-08-24 17:15:43 | INFO    | salsa | epoch 8 | step 650/3125 | loss 1.8645 | lr 4.71e-04 | 40.8 samples/s
2026-08-24 17:16:21 | INFO    | salsa | epoch 8 | step 675/3125 | loss 1.8699 | lr 4.68e-04 | 41.9 samples/s
2026-08-24 17:16:57 | INFO    | salsa | epoch 8 | step 700/3125 | loss 1.8473 | lr 4.65e-04 | 42.7 samples/s
2026-08-24 17:17:45 | INFO    | salsa | epoch 8 | train 1.8520 | valid 1.8511 | token 0.444 | acc_tau 0.201 | exact 0.0020 | 17.0 samples/s
2026-08-24 17:17:45 | INFO    | salsa | New best valid_loss: 1.851053
2026-08-24 17:20:59 | INFO    | salsa | epoch 9 | step 725/3125 | loss 1.8434 | lr 4.61e-04 | 4.6 samples/s
2026-08-24 17:21:37 | INFO    | salsa | epoch 9 | step 750/3125 | loss 1.8384 | lr 4.58e-04 | 10.8 samples/s
2026-08-24 17:22:14 | INFO    | salsa | epoch 9 | step 775/3125 | loss 1.8435 | lr 4.54e-04 | 15.2 samples/s
2026-08-24 17:23:06 | INFO    | salsa | epoch 9 | train 1.8507 | valid 1.8528 | token 0.449 | acc_tau 0.204 | exact 0.0039 | 17.0 samples/s
2026-08-24 17:23:23 | INFO    | salsa | epoch 10 | step 800/3125 | loss 1.8593 | lr 4.50e-04 | 39.6 samples/s
2026-08-24 17:24:00 | INFO    | salsa | epoch 10 | step 825/3125 | loss 1.8610 | lr 4.46e-04 | 41.7 samples/s
2026-08-24 17:24:38 | INFO    | salsa | epoch 10 | step 850/3125 | loss 1.8620 | lr 4.42e-04 | 41.9 samples/s
2026-08-24 17:25:38 | INFO    | salsa | epoch 10 | train 1.8500 | valid 1.8514 | token 0.449 | acc_tau 0.196 | exact 0.0054 | 18.0 samples/s
2026-08-24 17:25:48 | INFO    | salsa | epoch 11 | step 875/3125 | loss 1.8677 | lr 4.37e-04 | 38.2 samples/s
2026-08-24 17:26:25 | INFO    | salsa | epoch 11 | step 900/3125 | loss 1.8547 | lr 4.33e-04 | 41.8 samples/s
2026-08-24 17:27:03 | INFO    | salsa | epoch 11 | step 925/3125 | loss 1.8562 | lr 4.28e-04 | 42.3 samples/s
2026-08-24 17:28:07 | INFO    | salsa | epoch 11 | train 1.8536 | valid 1.8488 | token 0.444 | acc_tau 0.140 | exact 0.0054 | 18.9 samples/s
2026-08-24 17:28:07 | INFO    | salsa | New best valid_loss: 1.848758
2026-08-24 17:28:10 | INFO    | salsa | epoch 12 | step 950/3125 | loss 1.8463 | lr 4.23e-04 | 38.1 samples/s
2026-08-24 17:28:49 | INFO    | salsa | epoch 12 | step 975/3125 | loss 1.8441 | lr 4.18e-04 | 41.3 samples/s
2026-08-24 17:29:28 | INFO    | salsa | epoch 12 | step 1000/3125 | loss 1.8352 | lr 4.13e-04 | 40.9 samples/s
2026-08-24 17:30:05 | INFO    | salsa | epoch 12 | step 1025/3125 | loss 1.8376 | lr 4.08e-04 | 41.6 samples/s
2026-08-24 17:30:39 | INFO    | salsa | epoch 12 | train 1.8485 | valid 1.8491 | token 0.445 | acc_tau 0.204 | exact 0.0044 | 19.7 samples/s
2026-08-24 17:31:21 | INFO    | salsa | epoch 13 | step 1050/3125 | loss 1.8566 | lr 4.03e-04 | 35.1 samples/s
2026-08-24 17:32:04 | INFO    | salsa | epoch 13 | step 1075/3125 | loss 1.8562 | lr 3.98e-04 | 36.1 samples/s
2026-08-24 17:32:46 | INFO    | salsa | epoch 13 | step 1100/3125 | loss 1.8555 | lr 3.92e-04 | 36.8 samples/s
2026-08-24 17:33:31 | INFO    | salsa | epoch 13 | train 1.8479 | valid 1.8500 | token 0.443 | acc_tau 0.204 | exact 0.0044 | 20.4 samples/s
2026-08-24 17:34:00 | INFO    | salsa | epoch 14 | step 1125/3125 | loss 1.8292 | lr 3.87e-04 | 41.8 samples/s
2026-08-24 17:34:39 | INFO    | salsa | epoch 14 | step 1150/3125 | loss 1.8425 | lr 3.81e-04 | 41.1 samples/s
2026-08-24 17:35:17 | INFO    | salsa | epoch 14 | step 1175/3125 | loss 1.8616 | lr 3.75e-04 | 41.6 samples/s
2026-08-24 17:36:04 | INFO    | salsa | epoch 14 | train 1.8475 | valid 1.8501 | token 0.444 | acc_tau 0.132 | exact 0.0054 | 21.1 samples/s
2026-08-24 17:36:26 | INFO    | salsa | epoch 15 | step 1200/3125 | loss 1.8474 | lr 3.69e-04 | 42.5 samples/s
2026-08-24 17:37:04 | INFO    | salsa | epoch 15 | step 1225/3125 | loss 1.8481 | lr 3.63e-04 | 42.7 samples/s
2026-08-24 17:37:40 | INFO    | salsa | epoch 15 | step 1250/3125 | loss 1.8464 | lr 3.57e-04 | 43.3 samples/s
2026-08-24 17:38:31 | INFO    | salsa | epoch 15 | train 1.8479 | valid 1.8484 | token 0.444 | acc_tau 0.194 | exact 0.0034 | 21.8 samples/s
2026-08-24 17:38:31 | INFO    | salsa | New best valid_loss: 1.848377
2026-08-24 17:38:49 | INFO    | salsa | epoch 16 | step 1275/3125 | loss 1.8580 | lr 3.51e-04 | 40.6 samples/s
2026-08-24 17:39:25 | INFO    | salsa | epoch 16 | step 1300/3125 | loss 1.8320 | lr 3.45e-04 | 42.9 samples/s
2026-08-24 17:40:02 | INFO    | salsa | epoch 16 | step 1325/3125 | loss 1.8402 | lr 3.39e-04 | 43.0 samples/s
2026-08-24 17:41:00 | INFO    | salsa | epoch 16 | train 1.8480 | valid 1.8462 | token 0.449 | acc_tau 0.106 | exact 0.0029 | 22.5 samples/s
2026-08-24 17:41:00 | INFO    | salsa | New best valid_loss: 1.846161
2026-08-24 17:41:14 | INFO    | salsa | epoch 17 | step 1350/3125 | loss 1.8439 | lr 3.33e-04 | 33.0 samples/s
2026-08-24 17:41:53 | INFO    | salsa | epoch 17 | step 1375/3125 | loss 1.8415 | lr 3.26e-04 | 39.1 samples/s
2026-08-24 17:42:31 | INFO    | salsa | epoch 17 | step 1400/3125 | loss 1.8369 | lr 3.20e-04 | 40.2 samples/s
2026-08-24 17:43:35 | INFO    | salsa | epoch 17 | train 1.8467 | valid 1.8489 | token 0.447 | acc_tau 0.140 | exact 0.0054 | 23.1 samples/s
2026-08-24 17:43:40 | INFO    | salsa | epoch 18 | step 1425/3125 | loss 1.8462 | lr 3.13e-04 | 40.7 samples/s
2026-08-24 17:44:17 | INFO    | salsa | epoch 18 | step 1450/3125 | loss 1.8476 | lr 3.07e-04 | 42.2 samples/s
2026-08-24 17:44:55 | INFO    | salsa | epoch 18 | step 1475/3125 | loss 1.8450 | lr 3.00e-04 | 42.3 samples/s
2026-08-24 17:45:32 | INFO    | salsa | epoch 18 | step 1500/3125 | loss 1.8377 | lr 2.94e-04 | 42.6 samples/s
2026-08-24 17:46:05 | INFO    | salsa | epoch 18 | train 1.8474 | valid 1.8450 | token 0.450 | acc_tau 0.118 | exact 0.0049 | 23.6 samples/s
2026-08-24 17:46:05 | INFO    | salsa | New best valid_loss: 1.844987
2026-08-24 17:46:41 | INFO    | salsa | epoch 19 | step 1525/3125 | loss 1.8372 | lr 2.87e-04 | 43.1 samples/s
2026-08-24 17:47:19 | INFO    | salsa | epoch 19 | step 1550/3125 | loss 1.8535 | lr 2.81e-04 | 42.9 samples/s
2026-08-24 17:47:55 | INFO    | salsa | epoch 19 | step 1575/3125 | loss 1.8540 | lr 2.74e-04 | 43.2 samples/s
2026-08-24 17:48:34 | INFO    | salsa | epoch 19 | train 1.8465 | valid 1.8436 | token 0.445 | acc_tau 0.198 | exact 0.0044 | 24.2 samples/s
2026-08-24 17:48:35 | INFO    | salsa | New best valid_loss: 1.843610
2026-08-24 17:49:05 | INFO    | salsa | epoch 20 | step 1600/3125 | loss 1.8491 | lr 2.67e-04 | 42.7 samples/s
2026-08-24 17:49:42 | INFO    | salsa | epoch 20 | step 1625/3125 | loss 1.8402 | lr 2.61e-04 | 42.6 samples/s
2026-08-24 17:50:20 | INFO    | salsa | epoch 20 | step 1650/3125 | loss 1.8452 | lr 2.54e-04 | 42.5 samples/s
2026-08-24 17:51:05 | INFO    | salsa | epoch 20 | train 1.8453 | valid 1.8453 | token 0.443 | acc_tau 0.201 | exact 0.0054 | 24.7 samples/s
2026-08-24 17:51:30 | INFO    | salsa | epoch 21 | step 1675/3125 | loss 1.8473 | lr 2.47e-04 | 40.9 samples/s
2026-08-24 17:52:09 | INFO    | salsa | epoch 21 | step 1700/3125 | loss 1.8429 | lr 2.40e-04 | 41.5 samples/s
2026-08-24 17:52:47 | INFO    | salsa | epoch 21 | step 1725/3125 | loss 1.8506 | lr 2.34e-04 | 41.5 samples/s
2026-08-24 17:53:41 | INFO    | salsa | epoch 21 | train 1.8448 | valid 1.8449 | token 0.449 | acc_tau 0.127 | exact 0.0020 | 25.1 samples/s
2026-08-24 17:53:59 | INFO    | salsa | epoch 22 | step 1750/3125 | loss 1.8520 | lr 2.27e-04 | 41.4 samples/s
2026-08-24 17:54:36 | INFO    | salsa | epoch 22 | step 1775/3125 | loss 1.8548 | lr 2.20e-04 | 42.8 samples/s
2026-08-24 17:55:15 | INFO    | salsa | epoch 22 | step 1800/3125 | loss 1.8379 | lr 2.14e-04 | 42.3 samples/s
2026-08-24 17:56:12 | INFO    | salsa | epoch 22 | train 1.8449 | valid 1.8454 | token 0.439 | acc_tau 0.183 | exact 0.0044 | 25.6 samples/s
2026-08-24 17:56:24 | INFO    | salsa | epoch 23 | step 1825/3125 | loss 1.8458 | lr 2.07e-04 | 41.3 samples/s
2026-08-24 17:57:02 | INFO    | salsa | epoch 23 | step 1850/3125 | loss 1.8407 | lr 2.01e-04 | 42.2 samples/s
2026-08-24 17:57:39 | INFO    | salsa | epoch 23 | step 1875/3125 | loss 1.8512 | lr 1.94e-04 | 42.4 samples/s
2026-08-24 17:58:44 | INFO    | salsa | epoch 23 | train 1.8446 | valid 1.8442 | token 0.444 | acc_tau 0.204 | exact 0.0049 | 26.0 samples/s
2026-08-24 17:58:50 | INFO    | salsa | epoch 24 | step 1900/3125 | loss 1.8394 | lr 1.88e-04 | 40.3 samples/s
2026-08-24 17:59:29 | INFO    | salsa | epoch 24 | step 1925/3125 | loss 1.8367 | lr 1.81e-04 | 41.4 samples/s
2026-08-24 18:00:06 | INFO    | salsa | epoch 24 | step 1950/3125 | loss 1.8362 | lr 1.75e-04 | 42.1 samples/s
2026-08-25 12:58:57 | INFO    | salsa | Run directory: results\control_b_n20_h2\control
2026-08-25 12:58:57 | INFO    | salsa | Config fingerprint: b3eb9775e8c0d955
2026-08-25 12:59:03 | INFO    | salsa | Resumed from results\control_b_n20_h2\control\checkpoints\last.pt at epoch 23 / step 1896 (121344 samples seen)
2026-08-25 12:59:03 | INFO    | salsa | Resumed an existing run.
2026-08-25 12:59:03 | INFO    | salsa | ========================================================================
2026-08-25 12:59:03 | INFO    | salsa | Model: Salsa2-GatedUT (gated_universal_transformer)
2026-08-25 12:59:03 | INFO    | salsa | Trainable parameters: 4131200
2026-08-25 12:59:03 | INFO    | salsa | LWE: n=20 q=251 sigma=3.0 h=2 structure=rlwe
2026-08-25 12:59:03 | INFO    | salsa | Encoding: base=81 order=lsb_first separator=False -> 42 input tokens, 4 output
2026-08-25 12:59:03 | INFO    | salsa | Plan: {'sample_budget': 200000, 'batch_size': 64, 'total_steps': 3125, 'steps_per_epoch': 79, 'epochs': 40, 'warmup_steps': 200, 'valid_samples': 2048}
2026-08-25 12:59:03 | INFO    | salsa | Device: cpu | threads: {'threads': 6, 'interop_threads': 6}
2026-08-25 12:59:03 | INFO    | salsa | Chance baselines: {'uniform_loss_nats': 4.442651256490317, 'marginal_loss_nats': 1.8649843130825523, 'chance_token_accuracy': 0.44621513944223107, 'chance_perfect_accuracy': 0.005142775511499817, 'chance_digit_accuracy': [0.015936, 0.322709], 'chance_exact_accuracy': 0.00398406374501992, 'chance_acc_tau': 0.19286995444516752, 'chance_acc_tau_circular_DIAGNOSTIC': 0.20318725099601595, 'tolerance': 0.1, 'tolerance_absolute': 25.1}
2026-08-25 12:59:03 | INFO    | salsa | ========================================================================
2026-08-25 12:59:04 | INFO    | salsa | Alignment verified: {'src_ids': (64, 42), 'tgt_ids': (64, 4), 'decoder_input': (64, 3), 'target': (64, 3), 'logits': (64, 3, 85), 'vocab_size': 85, 'pad_id': 0}
2026-08-25 12:59:10 | INFO    | salsa | epoch 23 | step 1900/3125 | loss 1.8394 | lr 1.88e-04 | 44.5 samples/s
2026-08-25 12:59:45 | INFO    | salsa | epoch 23 | step 1925/3125 | loss 1.8367 | lr 1.81e-04 | 45.3 samples/s
2026-08-25 13:00:20 | INFO    | salsa | epoch 23 | step 1950/3125 | loss 1.8362 | lr 1.75e-04 | 45.6 samples/s
2026-08-25 13:00:58 | INFO    | salsa | epoch 23 | step 1975/3125 | loss 1.8393 | lr 1.68e-04 | 44.4 samples/s
2026-08-25 13:01:29 | INFO    | salsa | epoch 23 | train 1.8439 | valid 1.8441 | token 0.446 | acc_tau 0.130 | exact 0.0068 | 44.4 samples/s
2026-08-25 13:02:07 | INFO    | salsa | epoch 24 | step 2000/3125 | loss 1.8377 | lr 1.62e-04 | 42.0 samples/s
2026-08-25 13:02:41 | INFO    | salsa | epoch 24 | step 2025/3125 | loss 1.8427 | lr 1.56e-04 | 44.4 samples/s
2026-08-25 13:03:15 | INFO    | salsa | epoch 24 | step 2050/3125 | loss 1.8442 | lr 1.50e-04 | 45.1 samples/s
2026-08-25 13:03:48 | INFO    | salsa | epoch 24 | train 1.8439 | valid 1.8442 | token 0.448 | acc_tau 0.201 | exact 0.0039 | 44.9 samples/s
2026-08-25 13:04:14 | INFO    | salsa | epoch 25 | step 2075/3125 | loss 1.8565 | lr 1.44e-04 | 50.4 samples/s
2026-08-25 13:04:47 | INFO    | salsa | epoch 25 | step 2100/3125 | loss 1.8499 | lr 1.38e-04 | 49.8 samples/s
2026-08-25 13:05:19 | INFO    | salsa | epoch 25 | step 2125/3125 | loss 1.8394 | lr 1.32e-04 | 49.8 samples/s
2026-08-25 13:05:56 | INFO    | salsa | epoch 25 | train 1.8440 | valid 1.8443 | token 0.444 | acc_tau 0.127 | exact 0.0020 | 46.5 samples/s
2026-08-25 13:06:22 | INFO    | salsa | epoch 26 | step 2150/3125 | loss 1.8412 | lr 1.26e-04 | 42.7 samples/s
2026-08-25 13:06:57 | INFO    | salsa | epoch 26 | step 2175/3125 | loss 1.8372 | lr 1.20e-04 | 44.5 samples/s
2026-08-25 13:07:44 | INFO    | salsa | epoch 26 | step 2200/3125 | loss 1.8438 | lr 1.14e-04 | 39.7 samples/s
2026-08-25 13:08:44 | INFO    | salsa | epoch 26 | train 1.8433 | valid 1.8427 | token 0.447 | acc_tau 0.128 | exact 0.0034 | 44.0 samples/s
2026-08-25 13:08:44 | INFO    | salsa | New best valid_loss: 1.842747
2026-08-25 13:09:08 | INFO    | salsa | epoch 27 | step 2225/3125 | loss 1.8391 | lr 1.09e-04 | 36.1 samples/s
2026-08-25 13:09:50 | INFO    | salsa | epoch 27 | step 2250/3125 | loss 1.8481 | lr 1.03e-04 | 37.0 samples/s
2026-08-25 13:10:35 | INFO    | salsa | epoch 27 | step 2275/3125 | loss 1.8398 | lr 9.80e-05 | 36.5 samples/s
2026-08-25 13:11:42 | INFO    | salsa | epoch 27 | train 1.8443 | valid 1.8428 | token 0.453 | acc_tau 0.135 | exact 0.0054 | 42.2 samples/s
2026-08-25 13:11:58 | INFO    | salsa | epoch 28 | step 2300/3125 | loss 1.8450 | lr 9.27e-05 | 36.8 samples/s
2026-08-25 13:12:39 | INFO    | salsa | epoch 28 | step 2325/3125 | loss 1.8410 | lr 8.76e-05 | 38.3 samples/s
2026-08-25 13:13:17 | INFO    | salsa | epoch 28 | step 2350/3125 | loss 1.8378 | lr 8.26e-05 | 39.7 samples/s
2026-08-25 13:14:21 | INFO    | salsa | epoch 28 | train 1.8406 | valid 1.8422 | token 0.455 | acc_tau 0.197 | exact 0.0054 | 41.9 samples/s
2026-08-25 13:14:21 | INFO    | salsa | New best valid_loss: 1.842230
2026-08-25 13:14:31 | INFO    | salsa | epoch 29 | step 2375/3125 | loss 1.8465 | lr 7.77e-05 | 31.0 samples/s
2026-08-25 13:15:08 | INFO    | salsa | epoch 29 | step 2400/3125 | loss 1.8409 | lr 7.29e-05 | 40.9 samples/s
2026-08-25 13:15:43 | INFO    | salsa | epoch 29 | step 2425/3125 | loss 1.8325 | lr 6.83e-05 | 42.7 samples/s
2026-08-25 13:16:52 | INFO    | salsa | epoch 29 | train 1.8390 | valid 1.8365 | token 0.461 | acc_tau 0.214 | exact 0.0068 | 42.1 samples/s
2026-08-25 13:16:52 | INFO    | salsa | New best valid_loss: 1.836519
2026-08-25 13:16:54 | INFO    | salsa | epoch 30 | step 2450/3125 | loss 1.8313 | lr 6.37e-05 | 37.9 samples/s
2026-08-25 13:17:33 | INFO    | salsa | epoch 30 | step 2475/3125 | loss 1.8287 | lr 5.94e-05 | 40.4 samples/s
2026-08-25 13:18:12 | INFO    | salsa | epoch 30 | step 2500/3125 | loss 1.8244 | lr 5.51e-05 | 40.5 samples/s
2026-08-25 13:18:50 | INFO    | salsa | epoch 30 | step 2525/3125 | loss 1.8324 | lr 5.10e-05 | 41.0 samples/s
2026-08-25 13:19:31 | INFO    | salsa | epoch 30 | train 1.8332 | valid 1.8298 | token 0.469 | acc_tau 0.221 | exact 0.0063 | 41.9 samples/s
2026-08-25 13:19:31 | INFO    | salsa | New best valid_loss: 1.829846
2026-08-25 13:20:22 | INFO    | salsa | epoch 31 | step 2550/3125 | loss 1.8429 | lr 4.71e-05 | 27.8 samples/s
2026-08-25 13:21:05 | INFO    | salsa | epoch 31 | step 2575/3125 | loss 1.8434 | lr 4.33e-05 | 32.1 samples/s
2026-08-25 13:21:38 | INFO    | salsa | epoch 31 | step 2600/3125 | loss 1.8211 | lr 3.96e-05 | 36.4 samples/s
2026-08-25 13:22:14 | INFO    | salsa | epoch 31 | train 1.8282 | valid 1.8288 | token 0.466 | acc_tau 0.222 | exact 0.0039 | 41.4 samples/s
2026-08-25 13:22:14 | INFO    | salsa | New best valid_loss: 1.828816
2026-08-25 13:22:40 | INFO    | salsa | epoch 32 | step 2625/3125 | loss 1.8359 | lr 3.61e-05 | 45.7 samples/s
2026-08-25 13:23:13 | INFO    | salsa | epoch 32 | step 2650/3125 | loss 1.8257 | lr 3.28e-05 | 46.9 samples/s
2026-08-25 13:23:46 | INFO    | salsa | epoch 32 | step 2675/3125 | loss 1.8263 | lr 2.96e-05 | 47.6 samples/s
2026-08-25 13:24:29 | INFO    | salsa | epoch 32 | train 1.8286 | valid 1.8280 | token 0.465 | acc_tau 0.222 | exact 0.0039 | 41.9 samples/s
2026-08-25 13:24:29 | INFO    | salsa | New best valid_loss: 1.827994
2026-08-25 13:24:53 | INFO    | salsa | epoch 33 | step 2700/3125 | loss 1.8253 | lr 2.65e-05 | 38.5 samples/s
2026-08-25 13:25:35 | INFO    | salsa | epoch 33 | step 2725/3125 | loss 1.8232 | lr 2.37e-05 | 38.1 samples/s
2026-08-25 13:26:15 | INFO    | salsa | epoch 33 | step 2750/3125 | loss 1.8303 | lr 2.10e-05 | 38.9 samples/s
2026-08-25 13:27:13 | INFO    | salsa | epoch 33 | train 1.8269 | valid 1.8269 | token 0.459 | acc_tau 0.215 | exact 0.0034 | 41.5 samples/s
2026-08-25 13:27:13 | INFO    | salsa | New best valid_loss: 1.826905
2026-08-25 13:27:29 | INFO    | salsa | epoch 34 | step 2775/3125 | loss 1.8273 | lr 1.84e-05 | 40.8 samples/s
2026-08-25 13:28:04 | INFO    | salsa | epoch 34 | step 2800/3125 | loss 1.8231 | lr 1.60e-05 | 43.8 samples/s
2026-08-25 13:28:37 | INFO    | salsa | epoch 34 | step 2825/3125 | loss 1.8207 | lr 1.38e-05 | 45.8 samples/s
2026-08-25 13:29:32 | INFO    | salsa | epoch 34 | train 1.8244 | valid 1.8252 | token 0.460 | acc_tau 0.218 | exact 0.0034 | 41.9 samples/s
2026-08-25 13:29:32 | INFO    | salsa | New best valid_loss: 1.825234
2026-08-25 13:29:41 | INFO    | salsa | epoch 35 | step 2850/3125 | loss 1.8314 | lr 1.18e-05 | 41.1 samples/s
2026-08-25 13:30:12 | INFO    | salsa | epoch 35 | step 2875/3125 | loss 1.8320 | lr 9.94e-06 | 49.5 samples/s
2026-08-25 13:30:41 | INFO    | salsa | epoch 35 | step 2900/3125 | loss 1.8190 | lr 8.25e-06 | 52.3 samples/s
2026-08-25 13:31:35 | INFO    | salsa | epoch 35 | train 1.8257 | valid 1.8244 | token 0.462 | acc_tau 0.215 | exact 0.0034 | 42.6 samples/s
2026-08-25 13:31:35 | INFO    | salsa | New best valid_loss: 1.824389
2026-08-25 13:31:38 | INFO    | salsa | epoch 36 | step 2925/3125 | loss 1.8245 | lr 6.73e-06 | 44.8 samples/s
2026-08-25 13:32:12 | INFO    | salsa | epoch 36 | step 2950/3125 | loss 1.8260 | lr 5.39e-06 | 47.1 samples/s
2026-08-25 13:32:44 | INFO    | salsa | epoch 36 | step 2975/3125 | loss 1.8356 | lr 4.23e-06 | 48.6 samples/s
2026-08-25 13:33:12 | INFO    | salsa | epoch 36 | step 3000/3125 | loss 1.8189 | lr 3.25e-06 | 50.9 samples/s
2026-08-25 13:33:38 | INFO    | salsa | epoch 36 | train 1.8244 | valid 1.8237 | token 0.460 | acc_tau 0.221 | exact 0.0034 | 43.1 samples/s
2026-08-25 13:33:38 | INFO    | salsa | New best valid_loss: 1.823687
2026-08-25 13:34:09 | INFO    | salsa | epoch 37 | step 3025/3125 | loss 1.8358 | lr 2.44e-06 | 48.8 samples/s
2026-08-25 13:34:38 | INFO    | salsa | epoch 37 | step 3050/3125 | loss 1.8231 | lr 1.81e-06 | 51.6 samples/s
2026-08-25 13:35:06 | INFO    | salsa | epoch 37 | step 3075/3125 | loss 1.8113 | lr 1.36e-06 | 53.2 samples/s
2026-08-25 13:35:38 | INFO    | salsa | epoch 37 | train 1.8220 | valid 1.8235 | token 0.459 | acc_tau 0.219 | exact 0.0034 | 43.6 samples/s
2026-08-25 13:35:38 | INFO    | salsa | New best valid_loss: 1.823465
2026-08-25 13:36:02 | INFO    | salsa | epoch 38 | step 3100/3125 | loss 1.8206 | lr 1.09e-06 | 49.5 samples/s
2026-08-25 13:36:34 | INFO    | salsa | epoch 38 | step 3125/3125 | loss 1.8254 | lr 1.00e-06 | 49.7 samples/s
2026-08-25 13:37:04 | INFO    | salsa | epoch 38 | train 1.8253 | valid 1.8233 | token 0.459 | acc_tau 0.234 | exact 0.0034 | 43.8 samples/s
2026-08-25 13:37:05 | INFO    | salsa | New best valid_loss: 1.823288
2026-08-25 13:37:36 | INFO    | salsa | Training finished: sample budget exhausted
