2026-10-07 10:03:35 | INFO    | salsa | Run directory: results/nact_n30_h3_te2_F/n30_nact_mps_500k_real
2026-10-07 10:03:35 | INFO    | salsa | Config fingerprint: e570cedbe8bf2bf0
2026-10-07 10:03:35 | INFO    | salsa | ========================================================================
2026-10-07 10:03:35 | INFO    | salsa | Model: Salsa2-Modified-NACT (nact)
2026-10-07 10:03:35 | INFO    | salsa | Trainable parameters: 4238208
2026-10-07 10:03:35 | INFO    | salsa | LWE: n=30 q=251 sigma=3.0 h=3 structure=rlwe
2026-10-07 10:03:35 | INFO    | salsa | Encoding: base=81 order=lsb_first separator=False -> 62 input tokens, 4 output
2026-10-07 10:03:35 | INFO    | salsa | Plan: {'sample_budget': 500000, 'batch_size': 64, 'total_steps': 7813, 'steps_per_epoch': 79, 'epochs': 99, 'warmup_steps': 200, 'valid_samples': 2048}
2026-10-07 10:03:35 | INFO    | salsa | Device: mps | threads: {'threads': 4, 'interop_threads': 10}
2026-10-07 10:03:35 | INFO    | salsa | Chance baselines: {'uniform_loss_nats': 4.442651256490317, 'marginal_loss_nats': 1.8649843130825523, 'chance_token_accuracy': 0.44621513944223107, 'chance_perfect_accuracy': 0.005142775511499817, 'chance_digit_accuracy': [0.015936, 0.322709], 'chance_exact_accuracy': 0.00398406374501992, 'chance_acc_tau': 0.19286995444516752, 'chance_acc_tau_circular_DIAGNOSTIC': 0.20318725099601595, 'tolerance': 0.1, 'tolerance_absolute': 25.1}
2026-10-07 10:03:35 | INFO    | salsa | ========================================================================
2026-10-07 10:03:36 | INFO    | salsa | Alignment verified: {'src_ids': (64, 62), 'tgt_ids': (64, 4), 'decoder_input': (64, 3), 'target': (64, 3), 'logits': (64, 3, 85), 'vocab_size': 85, 'pad_id': 0}
2026-10-07 10:03:39 | INFO    | salsa | epoch 0 | step 25/7813 | loss 3.0114 | lr 6.50e-05 | 504.3 samples/s
2026-10-07 10:03:42 | INFO    | salsa | epoch 0 | step 50/7813 | loss 2.4763 | lr 1.28e-04 | 507.3 samples/s
2026-10-07 10:03:45 | INFO    | salsa | epoch 0 | step 75/7813 | loss 2.1098 | lr 1.90e-04 | 504.0 samples/s
2026-10-07 10:03:49 | INFO    | salsa | epoch 0 | train 2.7954 | valid 2.0766 | token 0.447 | acc_tau 0.000 | exact 0.0000 | 504.0 samples/s
2026-10-07 10:03:49 | INFO    | salsa | New best valid_loss: 2.076643
2026-10-07 10:03:51 | INFO    | salsa | epoch 1 | step 100/7813 | loss 1.9822 | lr 2.53e-04 | 506.9 samples/s
2026-10-07 10:03:54 | INFO    | salsa | epoch 1 | step 125/7813 | loss 1.8961 | lr 3.15e-04 | 507.4 samples/s
2026-10-07 10:03:58 | INFO    | salsa | epoch 1 | step 150/7813 | loss 1.8967 | lr 3.78e-04 | 511.6 samples/s
2026-10-07 10:04:01 | INFO    | salsa | epoch 1 | train 1.9561 | valid 1.8889 | token 0.450 | acc_tau 0.146 | exact 0.0034 | 507.9 samples/s
2026-10-07 10:04:01 | INFO    | salsa | New best valid_loss: 1.888878
2026-10-07 10:04:03 | INFO    | salsa | epoch 2 | step 175/7813 | loss 1.8794 | lr 4.40e-04 | 516.9 samples/s
2026-10-07 10:04:06 | INFO    | salsa | epoch 2 | step 200/7813 | loss 1.8528 | lr 5.00e-04 | 516.5 samples/s
2026-10-07 10:04:10 | INFO    | salsa | epoch 2 | step 225/7813 | loss 1.8596 | lr 5.00e-04 | 516.1 samples/s
2026-10-07 10:04:14 | INFO    | salsa | epoch 2 | train 1.8828 | valid 1.8682 | token 0.441 | acc_tau 0.208 | exact 0.0029 | 510.5 samples/s
2026-10-07 10:04:14 | INFO    | salsa | New best valid_loss: 1.868220
2026-10-07 10:04:15 | INFO    | salsa | epoch 3 | step 250/7813 | loss 1.8552 | lr 5.00e-04 | 518.1 samples/s
2026-10-07 10:04:19 | INFO    | salsa | epoch 3 | step 275/7813 | loss 1.8593 | lr 5.00e-04 | 513.4 samples/s
2026-10-07 10:04:22 | INFO    | salsa | epoch 3 | step 300/7813 | loss 1.8949 | lr 5.00e-04 | 512.8 samples/s
2026-10-07 10:04:26 | INFO    | salsa | epoch 3 | train 1.8673 | valid 1.8637 | token 0.445 | acc_tau 0.126 | exact 0.0078 | 511.1 samples/s
2026-10-07 10:04:26 | INFO    | salsa | New best valid_loss: 1.863652
2026-10-07 10:04:28 | INFO    | salsa | epoch 4 | step 325/7813 | loss 1.8738 | lr 5.00e-04 | 505.5 samples/s
2026-10-07 10:04:31 | INFO    | salsa | epoch 4 | step 350/7813 | loss 1.8502 | lr 5.00e-04 | 508.6 samples/s
2026-10-07 10:04:34 | INFO    | salsa | epoch 4 | step 375/7813 | loss 1.8826 | lr 4.99e-04 | 508.7 samples/s
2026-10-07 10:04:39 | INFO    | salsa | epoch 4 | train 1.8590 | valid 1.8591 | token 0.446 | acc_tau 0.179 | exact 0.0049 | 510.9 samples/s
2026-10-07 10:04:39 | INFO    | salsa | New best valid_loss: 1.859064
2026-10-07 10:04:40 | INFO    | salsa | epoch 5 | step 400/7813 | loss 1.8524 | lr 4.99e-04 | 507.7 samples/s
2026-10-07 10:04:43 | INFO    | salsa | epoch 5 | step 425/7813 | loss 1.8486 | lr 4.99e-04 | 511.3 samples/s
2026-10-07 10:04:46 | INFO    | salsa | epoch 5 | step 450/7813 | loss 1.8688 | lr 4.99e-04 | 509.2 samples/s
2026-10-07 10:04:52 | INFO    | salsa | epoch 5 | train 1.8580 | valid 1.8556 | token 0.444 | acc_tau 0.204 | exact 0.0029 | 510.3 samples/s
2026-10-07 10:04:52 | INFO    | salsa | New best valid_loss: 1.855584
2026-10-07 10:04:52 | INFO    | salsa | epoch 6 | step 475/7813 | loss 1.8510 | lr 4.98e-04 | 571.9 samples/s
2026-10-07 10:04:55 | INFO    | salsa | epoch 6 | step 500/7813 | loss 1.8536 | lr 4.98e-04 | 504.2 samples/s
2026-10-07 10:04:58 | INFO    | salsa | epoch 6 | step 525/7813 | loss 1.8527 | lr 4.98e-04 | 506.5 samples/s
2026-10-07 10:05:01 | INFO    | salsa | epoch 6 | step 550/7813 | loss 1.8379 | lr 4.97e-04 | 506.0 samples/s
2026-10-07 10:05:05 | INFO    | salsa | epoch 6 | train 1.8556 | valid 1.8492 | token 0.442 | acc_tau 0.213 | exact 0.0020 | 509.7 samples/s
2026-10-07 10:05:05 | INFO    | salsa | New best valid_loss: 1.849225
2026-10-07 10:05:07 | INFO    | salsa | epoch 7 | step 575/7813 | loss 1.8603 | lr 4.97e-04 | 507.2 samples/s
2026-10-07 10:05:11 | INFO    | salsa | epoch 7 | step 600/7813 | loss 1.8629 | lr 4.97e-04 | 453.9 samples/s
2026-10-07 10:05:14 | INFO    | salsa | epoch 7 | step 625/7813 | loss 1.8653 | lr 4.96e-04 | 470.6 samples/s
2026-10-07 10:05:18 | INFO    | salsa | epoch 7 | train 1.8528 | valid 1.8568 | token 0.445 | acc_tau 0.205 | exact 0.0044 | 504.9 samples/s
2026-10-07 10:05:20 | INFO    | salsa | epoch 8 | step 650/7813 | loss 1.8635 | lr 4.96e-04 | 502.1 samples/s
2026-10-07 10:05:24 | INFO    | salsa | epoch 8 | step 675/7813 | loss 1.8532 | lr 4.95e-04 | 504.7 samples/s
2026-10-07 10:05:27 | INFO    | salsa | epoch 8 | step 700/7813 | loss 1.8700 | lr 4.95e-04 | 501.7 samples/s
2026-10-07 10:05:31 | INFO    | salsa | epoch 8 | train 1.8550 | valid 1.8549 | token 0.445 | acc_tau 0.114 | exact 0.0039 | 504.4 samples/s
2026-10-07 10:05:33 | INFO    | salsa | epoch 9 | step 725/7813 | loss 1.8373 | lr 4.94e-04 | 497.6 samples/s
2026-10-07 10:05:36 | INFO    | salsa | epoch 9 | step 750/7813 | loss 1.8514 | lr 4.94e-04 | 496.3 samples/s
2026-10-07 10:05:39 | INFO    | salsa | epoch 9 | step 775/7813 | loss 1.8434 | lr 4.93e-04 | 496.1 samples/s
2026-10-07 10:05:47 | INFO    | salsa | epoch 9 | train 1.8524 | valid 1.8484 | token 0.449 | acc_tau 0.107 | exact 0.0063 | 503.5 samples/s
2026-10-07 10:05:47 | INFO    | salsa | New best valid_loss: 1.848434
2026-10-07 10:05:50 | INFO    | salsa | epoch 10 | step 800/7813 | loss 1.8401 | lr 4.92e-04 | 314.8 samples/s
2026-10-07 10:05:54 | INFO    | salsa | epoch 10 | step 825/7813 | loss 1.8691 | lr 4.92e-04 | 341.4 samples/s
2026-10-07 10:05:59 | INFO    | salsa | epoch 10 | step 850/7813 | loss 1.8833 | lr 4.91e-04 | 348.9 samples/s
2026-10-07 10:06:06 | INFO    | salsa | epoch 10 | train 1.8517 | valid 1.8489 | token 0.445 | acc_tau 0.200 | exact 0.0044 | 484.7 samples/s
2026-10-07 10:06:07 | INFO    | salsa | epoch 11 | step 875/7813 | loss 1.8564 | lr 4.90e-04 | 357.0 samples/s
2026-10-07 10:06:12 | INFO    | salsa | epoch 11 | step 900/7813 | loss 1.8506 | lr 4.90e-04 | 354.3 samples/s
2026-10-07 10:06:15 | INFO    | salsa | epoch 11 | step 925/7813 | loss 1.8451 | lr 4.89e-04 | 396.6 samples/s
2026-10-07 10:06:21 | INFO    | salsa | epoch 11 | train 1.8500 | valid 1.8525 | token 0.448 | acc_tau 0.125 | exact 0.0049 | 478.9 samples/s
2026-10-07 10:06:21 | INFO    | salsa | epoch 12 | step 950/7813 | loss 1.8527 | lr 4.88e-04 | 516.9 samples/s
2026-10-07 10:06:24 | INFO    | salsa | epoch 12 | step 975/7813 | loss 1.8505 | lr 4.87e-04 | 507.7 samples/s
2026-10-07 10:06:27 | INFO    | salsa | epoch 12 | step 1000/7813 | loss 1.8467 | lr 4.87e-04 | 508.5 samples/s
2026-10-07 10:06:31 | INFO    | salsa | epoch 12 | step 1025/7813 | loss 1.8588 | lr 4.86e-04 | 507.7 samples/s
2026-10-07 10:06:34 | INFO    | salsa | epoch 12 | train 1.8500 | valid 1.8501 | token 0.447 | acc_tau 0.204 | exact 0.0034 | 481.0 samples/s
2026-10-07 10:06:37 | INFO    | salsa | epoch 13 | step 1050/7813 | loss 1.8670 | lr 4.85e-04 | 509.3 samples/s
2026-10-07 10:06:40 | INFO    | salsa | epoch 13 | step 1075/7813 | loss 1.8503 | lr 4.84e-04 | 506.9 samples/s
2026-10-07 10:06:43 | INFO    | salsa | epoch 13 | step 1100/7813 | loss 1.8429 | lr 4.83e-04 | 508.0 samples/s
2026-10-07 10:06:46 | INFO    | salsa | epoch 13 | train 1.8485 | valid 1.8505 | token 0.444 | acc_tau 0.134 | exact 0.0029 | 482.8 samples/s
2026-10-07 10:06:49 | INFO    | salsa | epoch 14 | step 1125/7813 | loss 1.8551 | lr 4.82e-04 | 494.6 samples/s
2026-10-07 10:06:52 | INFO    | salsa | epoch 14 | step 1150/7813 | loss 1.8598 | lr 4.81e-04 | 496.1 samples/s
2026-10-07 10:06:55 | INFO    | salsa | epoch 14 | step 1175/7813 | loss 1.8459 | lr 4.80e-04 | 495.0 samples/s
2026-10-07 10:06:59 | INFO    | salsa | epoch 14 | train 1.8526 | valid 1.8483 | token 0.447 | acc_tau 0.205 | exact 0.0073 | 483.6 samples/s
2026-10-07 10:06:59 | INFO    | salsa | New best valid_loss: 1.848287
2026-10-07 10:07:01 | INFO    | salsa | epoch 15 | step 1200/7813 | loss 1.8503 | lr 4.79e-04 | 496.1 samples/s
2026-10-07 10:07:05 | INFO    | salsa | epoch 15 | step 1225/7813 | loss 1.8477 | lr 4.78e-04 | 495.4 samples/s
2026-10-07 10:07:08 | INFO    | salsa | epoch 15 | step 1250/7813 | loss 1.8603 | lr 4.77e-04 | 496.5 samples/s
2026-10-07 10:07:12 | INFO    | salsa | epoch 15 | train 1.8493 | valid 1.8481 | token 0.444 | acc_tau 0.199 | exact 0.0034 | 484.4 samples/s
2026-10-07 10:07:13 | INFO    | salsa | New best valid_loss: 1.848094
2026-10-07 10:07:14 | INFO    | salsa | epoch 16 | step 1275/7813 | loss 1.8320 | lr 4.76e-04 | 488.8 samples/s
2026-10-07 10:07:17 | INFO    | salsa | epoch 16 | step 1300/7813 | loss 1.8401 | lr 4.75e-04 | 495.3 samples/s
2026-10-07 10:07:21 | INFO    | salsa | epoch 16 | step 1325/7813 | loss 1.8562 | lr 4.74e-04 | 492.4 samples/s
2026-10-07 10:07:26 | INFO    | salsa | epoch 16 | train 1.8485 | valid 1.8470 | token 0.448 | acc_tau 0.208 | exact 0.0073 | 484.9 samples/s
2026-10-07 10:07:26 | INFO    | salsa | New best valid_loss: 1.846992
2026-10-07 10:07:27 | INFO    | salsa | epoch 17 | step 1350/7813 | loss 1.8632 | lr 4.72e-04 | 502.6 samples/s
2026-10-07 10:07:30 | INFO    | salsa | epoch 17 | step 1375/7813 | loss 1.8567 | lr 4.71e-04 | 503.7 samples/s
2026-10-07 10:07:33 | INFO    | salsa | epoch 17 | step 1400/7813 | loss 1.8492 | lr 4.70e-04 | 505.0 samples/s
2026-10-07 10:07:38 | INFO    | salsa | epoch 17 | train 1.8486 | valid 1.8486 | token 0.447 | acc_tau 0.121 | exact 0.0015 | 485.9 samples/s
2026-10-07 10:07:39 | INFO    | salsa | epoch 18 | step 1425/7813 | loss 1.8433 | lr 4.69e-04 | 487.2 samples/s
2026-10-07 10:07:42 | INFO    | salsa | epoch 18 | step 1450/7813 | loss 1.8487 | lr 4.68e-04 | 494.2 samples/s
2026-10-07 10:07:45 | INFO    | salsa | epoch 18 | step 1475/7813 | loss 1.8473 | lr 4.66e-04 | 497.0 samples/s
2026-10-07 10:07:49 | INFO    | salsa | epoch 18 | step 1500/7813 | loss 1.8462 | lr 4.65e-04 | 496.9 samples/s
2026-10-07 10:07:51 | INFO    | salsa | epoch 18 | train 1.8478 | valid 1.8485 | token 0.447 | acc_tau 0.206 | exact 0.0024 | 486.4 samples/s
2026-10-07 10:07:55 | INFO    | salsa | epoch 19 | step 1525/7813 | loss 1.8520 | lr 4.64e-04 | 500.7 samples/s
2026-10-07 10:07:58 | INFO    | salsa | epoch 19 | step 1550/7813 | loss 1.8524 | lr 4.62e-04 | 503.4 samples/s
2026-10-07 10:08:01 | INFO    | salsa | epoch 19 | step 1575/7813 | loss 1.8458 | lr 4.61e-04 | 504.8 samples/s
2026-10-07 10:08:04 | INFO    | salsa | epoch 19 | train 1.8484 | valid 1.8470 | token 0.444 | acc_tau 0.206 | exact 0.0024 | 487.3 samples/s
2026-10-07 10:08:04 | INFO    | salsa | New best valid_loss: 1.846963
2026-10-07 10:08:07 | INFO    | salsa | epoch 20 | step 1600/7813 | loss 1.8503 | lr 4.60e-04 | 507.1 samples/s
2026-10-07 10:08:10 | INFO    | salsa | epoch 20 | step 1625/7813 | loss 1.8430 | lr 4.58e-04 | 506.5 samples/s
2026-10-07 10:08:13 | INFO    | salsa | epoch 20 | step 1650/7813 | loss 1.8384 | lr 4.57e-04 | 507.0 samples/s
2026-10-07 10:08:17 | INFO    | salsa | epoch 20 | train 1.8478 | valid 1.8471 | token 0.446 | acc_tau 0.134 | exact 0.0029 | 488.2 samples/s
2026-10-07 10:08:19 | INFO    | salsa | epoch 21 | step 1675/7813 | loss 1.8437 | lr 4.55e-04 | 493.0 samples/s
2026-10-07 10:08:22 | INFO    | salsa | epoch 21 | step 1700/7813 | loss 1.8487 | lr 4.54e-04 | 499.2 samples/s
2026-10-07 10:08:26 | INFO    | salsa | epoch 21 | step 1725/7813 | loss 1.8441 | lr 4.52e-04 | 501.5 samples/s
2026-10-07 10:08:30 | INFO    | salsa | epoch 21 | train 1.8480 | valid 1.8452 | token 0.450 | acc_tau 0.204 | exact 0.0034 | 488.7 samples/s
2026-10-07 10:08:30 | INFO    | salsa | New best valid_loss: 1.845182
2026-10-07 10:08:32 | INFO    | salsa | epoch 22 | step 1750/7813 | loss 1.8441 | lr 4.51e-04 | 508.7 samples/s
2026-10-07 10:08:35 | INFO    | salsa | epoch 22 | step 1775/7813 | loss 1.8499 | lr 4.49e-04 | 507.2 samples/s
2026-10-07 10:08:38 | INFO    | salsa | epoch 22 | step 1800/7813 | loss 1.8513 | lr 4.48e-04 | 508.6 samples/s
2026-10-07 10:08:43 | INFO    | salsa | epoch 22 | train 1.8468 | valid 1.8451 | token 0.448 | acc_tau 0.092 | exact 0.0020 | 489.5 samples/s
2026-10-07 10:08:43 | INFO    | salsa | New best valid_loss: 1.845144
2026-10-07 10:08:44 | INFO    | salsa | epoch 23 | step 1825/7813 | loss 1.8478 | lr 4.46e-04 | 500.4 samples/s
2026-10-07 10:08:47 | INFO    | salsa | epoch 23 | step 1850/7813 | loss 1.8456 | lr 4.44e-04 | 506.1 samples/s
2026-10-07 10:08:50 | INFO    | salsa | epoch 23 | step 1875/7813 | loss 1.8491 | lr 4.43e-04 | 504.5 samples/s
2026-10-07 10:08:56 | INFO    | salsa | epoch 23 | train 1.8470 | valid 1.8437 | token 0.446 | acc_tau 0.208 | exact 0.0029 | 490.1 samples/s
2026-10-07 10:08:56 | INFO    | salsa | New best valid_loss: 1.843717
2026-10-07 10:08:56 | INFO    | salsa | epoch 24 | step 1900/7813 | loss 1.8606 | lr 4.41e-04 | 514.5 samples/s
2026-10-07 10:08:59 | INFO    | salsa | epoch 24 | step 1925/7813 | loss 1.8482 | lr 4.39e-04 | 508.1 samples/s
2026-10-07 10:09:02 | INFO    | salsa | epoch 24 | step 1950/7813 | loss 1.8547 | lr 4.38e-04 | 508.9 samples/s
2026-10-07 10:09:06 | INFO    | salsa | epoch 24 | step 1975/7813 | loss 1.8429 | lr 4.36e-04 | 508.8 samples/s
2026-10-07 10:09:08 | INFO    | salsa | epoch 24 | train 1.8473 | valid 1.8456 | token 0.446 | acc_tau 0.107 | exact 0.0063 | 490.9 samples/s
2026-10-07 10:09:12 | INFO    | salsa | epoch 25 | step 2000/7813 | loss 1.8493 | lr 4.34e-04 | 496.6 samples/s
2026-10-07 10:09:16 | INFO    | salsa | epoch 25 | step 2025/7813 | loss 1.8469 | lr 4.33e-04 | 432.4 samples/s
2026-10-07 10:09:19 | INFO    | salsa | epoch 25 | step 2050/7813 | loss 1.8406 | lr 4.31e-04 | 437.3 samples/s
2026-10-07 10:09:23 | INFO    | salsa | epoch 25 | train 1.8468 | valid 1.8462 | token 0.448 | acc_tau 0.208 | exact 0.0029 | 488.6 samples/s
2026-10-07 10:09:26 | INFO    | salsa | epoch 26 | step 2075/7813 | loss 1.8487 | lr 4.29e-04 | 468.0 samples/s
2026-10-07 10:09:29 | INFO    | salsa | epoch 26 | step 2100/7813 | loss 1.8454 | lr 4.27e-04 | 470.2 samples/s
2026-10-07 10:09:33 | INFO    | salsa | epoch 26 | step 2125/7813 | loss 1.8349 | lr 4.25e-04 | 471.9 samples/s
2026-10-07 10:09:37 | INFO    | salsa | epoch 26 | train 1.8473 | valid 1.8466 | token 0.447 | acc_tau 0.151 | exact 0.0044 | 488.0 samples/s
2026-10-07 10:09:39 | INFO    | salsa | epoch 27 | step 2150/7813 | loss 1.8463 | lr 4.23e-04 | 473.1 samples/s
2026-10-07 10:09:42 | INFO    | salsa | epoch 27 | step 2175/7813 | loss 1.8496 | lr 4.22e-04 | 472.3 samples/s
2026-10-07 10:09:46 | INFO    | salsa | epoch 27 | step 2200/7813 | loss 1.8437 | lr 4.20e-04 | 470.1 samples/s
2026-10-07 10:09:50 | INFO    | salsa | epoch 27 | train 1.8463 | valid 1.8443 | token 0.448 | acc_tau 0.134 | exact 0.0029 | 487.3 samples/s
2026-10-07 10:09:52 | INFO    | salsa | epoch 28 | step 2225/7813 | loss 1.8446 | lr 4.18e-04 | 469.0 samples/s
2026-10-07 10:09:56 | INFO    | salsa | epoch 28 | step 2250/7813 | loss 1.8541 | lr 4.16e-04 | 470.8 samples/s
2026-10-07 10:09:59 | INFO    | salsa | epoch 28 | step 2275/7813 | loss 1.8398 | lr 4.14e-04 | 471.6 samples/s
2026-10-07 10:10:04 | INFO    | salsa | epoch 28 | train 1.8479 | valid 1.8441 | token 0.445 | acc_tau 0.201 | exact 0.0054 | 486.7 samples/s
2026-10-07 10:10:05 | INFO    | salsa | epoch 29 | step 2300/7813 | loss 1.8485 | lr 4.12e-04 | 467.3 samples/s
2026-10-07 10:10:09 | INFO    | salsa | epoch 29 | step 2325/7813 | loss 1.8522 | lr 4.10e-04 | 471.7 samples/s
2026-10-07 10:10:12 | INFO    | salsa | epoch 29 | step 2350/7813 | loss 1.8433 | lr 4.08e-04 | 472.8 samples/s
2026-10-07 10:10:18 | INFO    | salsa | epoch 29 | train 1.8464 | valid 1.8460 | token 0.444 | acc_tau 0.126 | exact 0.0078 | 486.2 samples/s
2026-10-07 10:10:19 | INFO    | salsa | epoch 30 | step 2375/7813 | loss 1.8422 | lr 4.06e-04 | 470.5 samples/s
2026-10-07 10:10:22 | INFO    | salsa | epoch 30 | step 2400/7813 | loss 1.8414 | lr 4.04e-04 | 472.8 samples/s
2026-10-07 10:10:25 | INFO    | salsa | epoch 30 | step 2425/7813 | loss 1.8510 | lr 4.02e-04 | 472.6 samples/s
2026-10-07 10:10:32 | INFO    | salsa | epoch 30 | train 1.8455 | valid 1.8456 | token 0.449 | acc_tau 0.207 | exact 0.0049 | 485.7 samples/s
2026-10-07 10:10:32 | INFO    | salsa | epoch 31 | step 2450/7813 | loss 1.8411 | lr 4.00e-04 | 532.2 samples/s
2026-10-07 10:10:35 | INFO    | salsa | epoch 31 | step 2475/7813 | loss 1.8475 | lr 3.98e-04 | 470.3 samples/s
2026-10-07 10:10:38 | INFO    | salsa | epoch 31 | step 2500/7813 | loss 1.8448 | lr 3.96e-04 | 472.1 samples/s
2026-10-07 10:10:42 | INFO    | salsa | epoch 31 | step 2525/7813 | loss 1.8520 | lr 3.94e-04 | 471.7 samples/s
2026-10-07 10:10:45 | INFO    | salsa | epoch 31 | train 1.8466 | valid 1.8441 | token 0.449 | acc_tau 0.113 | exact 0.0034 | 485.3 samples/s
2026-10-07 10:10:48 | INFO    | salsa | epoch 32 | step 2550/7813 | loss 1.8510 | lr 3.92e-04 | 472.9 samples/s
2026-10-07 10:10:52 | INFO    | salsa | epoch 32 | step 2575/7813 | loss 1.8496 | lr 3.89e-04 | 472.1 samples/s
2026-10-07 10:10:55 | INFO    | salsa | epoch 32 | step 2600/7813 | loss 1.8395 | lr 3.87e-04 | 471.0 samples/s
2026-10-07 10:10:59 | INFO    | salsa | epoch 32 | train 1.8485 | valid 1.8470 | token 0.445 | acc_tau 0.113 | exact 0.0034 | 484.9 samples/s
2026-10-07 10:11:02 | INFO    | salsa | epoch 33 | step 2625/7813 | loss 1.8432 | lr 3.85e-04 | 461.0 samples/s
2026-10-07 10:11:05 | INFO    | salsa | epoch 33 | step 2650/7813 | loss 1.8364 | lr 3.83e-04 | 467.0 samples/s
2026-10-07 10:11:08 | INFO    | salsa | epoch 33 | step 2675/7813 | loss 1.8477 | lr 3.81e-04 | 469.8 samples/s
2026-10-07 10:11:13 | INFO    | salsa | epoch 33 | train 1.8460 | valid 1.8458 | token 0.446 | acc_tau 0.104 | exact 0.0039 | 484.4 samples/s
2026-10-07 10:11:15 | INFO    | salsa | epoch 34 | step 2700/7813 | loss 1.8331 | lr 3.79e-04 | 470.5 samples/s
2026-10-07 10:11:18 | INFO    | salsa | epoch 34 | step 2725/7813 | loss 1.8495 | lr 3.76e-04 | 471.6 samples/s
2026-10-07 10:11:21 | INFO    | salsa | epoch 34 | step 2750/7813 | loss 1.8501 | lr 3.74e-04 | 471.5 samples/s
2026-10-07 10:11:26 | INFO    | salsa | epoch 34 | train 1.8460 | valid 1.8469 | token 0.447 | acc_tau 0.202 | exact 0.0020 | 484.1 samples/s
2026-10-07 10:11:28 | INFO    | salsa | epoch 35 | step 2775/7813 | loss 1.8429 | lr 3.72e-04 | 472.9 samples/s
2026-10-07 10:11:31 | INFO    | salsa | epoch 35 | step 2800/7813 | loss 1.8544 | lr 3.70e-04 | 473.0 samples/s
2026-10-07 10:11:35 | INFO    | salsa | epoch 35 | step 2825/7813 | loss 1.8442 | lr 3.67e-04 | 472.9 samples/s
2026-10-07 10:11:40 | INFO    | salsa | epoch 35 | train 1.8457 | valid 1.8472 | token 0.444 | acc_tau 0.092 | exact 0.0020 | 483.8 samples/s
2026-10-07 10:11:41 | INFO    | salsa | epoch 36 | step 2850/7813 | loss 1.8493 | lr 3.65e-04 | 477.8 samples/s
2026-10-07 10:11:44 | INFO    | salsa | epoch 36 | step 2875/7813 | loss 1.8608 | lr 3.63e-04 | 456.0 samples/s
2026-10-07 10:11:48 | INFO    | salsa | epoch 36 | step 2900/7813 | loss 1.8519 | lr 3.61e-04 | 437.1 samples/s
2026-10-07 10:11:55 | INFO    | salsa | epoch 36 | train 1.8471 | valid 1.8460 | token 0.446 | acc_tau 0.104 | exact 0.0039 | 481.9 samples/s
2026-10-07 10:11:55 | INFO    | salsa | epoch 37 | step 2925/7813 | loss 1.8350 | lr 3.58e-04 | 507.4 samples/s
2026-10-07 10:11:59 | INFO    | salsa | epoch 37 | step 2950/7813 | loss 1.8331 | lr 3.56e-04 | 447.5 samples/s
2026-10-07 10:12:04 | INFO    | salsa | epoch 37 | step 2975/7813 | loss 1.8585 | lr 3.54e-04 | 382.1 samples/s
2026-10-07 10:12:08 | INFO    | salsa | epoch 37 | step 3000/7813 | loss 1.8383 | lr 3.51e-04 | 385.0 samples/s
2026-10-07 10:12:11 | INFO    | salsa | epoch 37 | train 1.8449 | valid 1.8449 | token 0.444 | acc_tau 0.121 | exact 0.0015 | 478.8 samples/s
2026-10-07 10:12:14 | INFO    | salsa | epoch 38 | step 3025/7813 | loss 1.8397 | lr 3.49e-04 | 471.1 samples/s
2026-10-07 10:12:18 | INFO    | salsa | epoch 38 | step 3050/7813 | loss 1.8540 | lr 3.46e-04 | 465.7 samples/s
2026-10-07 10:12:21 | INFO    | salsa | epoch 38 | step 3075/7813 | loss 1.8385 | lr 3.44e-04 | 467.5 samples/s
2026-10-07 10:12:25 | INFO    | salsa | epoch 38 | train 1.8451 | valid 1.8443 | token 0.445 | acc_tau 0.208 | exact 0.0034 | 478.5 samples/s
2026-10-07 10:12:28 | INFO    | salsa | epoch 39 | step 3100/7813 | loss 1.8368 | lr 3.42e-04 | 471.3 samples/s
2026-10-07 10:12:31 | INFO    | salsa | epoch 39 | step 3125/7813 | loss 1.8522 | lr 3.39e-04 | 462.3 samples/s
2026-10-07 10:12:35 | INFO    | salsa | epoch 39 | step 3150/7813 | loss 1.8372 | lr 3.37e-04 | 464.2 samples/s
2026-10-07 10:12:39 | INFO    | salsa | epoch 39 | train 1.8456 | valid 1.8449 | token 0.444 | acc_tau 0.191 | exact 0.0034 | 478.1 samples/s
2026-10-07 10:12:41 | INFO    | salsa | epoch 40 | step 3175/7813 | loss 1.8416 | lr 3.34e-04 | 469.1 samples/s
2026-10-07 10:12:44 | INFO    | salsa | epoch 40 | step 3200/7813 | loss 1.8489 | lr 3.32e-04 | 472.5 samples/s
2026-10-07 10:12:48 | INFO    | salsa | epoch 40 | step 3225/7813 | loss 1.8450 | lr 3.30e-04 | 470.1 samples/s
2026-10-07 10:12:53 | INFO    | salsa | epoch 40 | train 1.8457 | valid 1.8445 | token 0.444 | acc_tau 0.197 | exact 0.0049 | 477.9 samples/s
2026-10-07 10:12:54 | INFO    | salsa | epoch 41 | step 3250/7813 | loss 1.8510 | lr 3.27e-04 | 472.2 samples/s
2026-10-07 10:12:58 | INFO    | salsa | epoch 41 | step 3275/7813 | loss 1.8494 | lr 3.25e-04 | 475.4 samples/s
2026-10-07 10:13:01 | INFO    | salsa | epoch 41 | step 3300/7813 | loss 1.8479 | lr 3.22e-04 | 475.0 samples/s
2026-10-07 10:13:06 | INFO    | salsa | epoch 41 | train 1.8463 | valid 1.8475 | token 0.447 | acc_tau 0.203 | exact 0.0034 | 477.8 samples/s
2026-10-07 10:13:07 | INFO    | salsa | epoch 42 | step 3325/7813 | loss 1.8459 | lr 3.20e-04 | 472.4 samples/s
2026-10-07 10:13:11 | INFO    | salsa | epoch 42 | step 3350/7813 | loss 1.8477 | lr 3.17e-04 | 473.7 samples/s
2026-10-07 10:13:14 | INFO    | salsa | epoch 42 | step 3375/7813 | loss 1.8499 | lr 3.15e-04 | 474.3 samples/s
2026-10-07 10:13:20 | INFO    | salsa | epoch 42 | train 1.8444 | valid 1.8463 | token 0.445 | acc_tau 0.205 | exact 0.0049 | 477.8 samples/s
2026-10-07 10:13:20 | INFO    | salsa | epoch 43 | step 3400/7813 | loss 1.8393 | lr 3.12e-04 | 470.6 samples/s
2026-10-07 10:13:24 | INFO    | salsa | epoch 43 | step 3425/7813 | loss 1.8439 | lr 3.10e-04 | 465.8 samples/s
2026-10-07 10:13:27 | INFO    | salsa | epoch 43 | step 3450/7813 | loss 1.8491 | lr 3.07e-04 | 466.8 samples/s
2026-10-07 10:13:31 | INFO    | salsa | epoch 43 | step 3475/7813 | loss 1.8450 | lr 3.05e-04 | 468.6 samples/s
2026-10-07 10:13:34 | INFO    | salsa | epoch 43 | train 1.8447 | valid 1.8458 | token 0.445 | acc_tau 0.213 | exact 0.0024 | 477.6 samples/s
2026-10-07 10:13:37 | INFO    | salsa | epoch 44 | step 3500/7813 | loss 1.8407 | lr 3.02e-04 | 453.6 samples/s
2026-10-07 10:13:41 | INFO    | salsa | epoch 44 | step 3525/7813 | loss 1.8471 | lr 3.00e-04 | 438.0 samples/s
2026-10-07 10:13:44 | INFO    | salsa | epoch 44 | step 3550/7813 | loss 1.8464 | lr 2.97e-04 | 447.5 samples/s
2026-10-07 10:13:48 | INFO    | salsa | epoch 44 | train 1.8449 | valid 1.8437 | token 0.447 | acc_tau 0.107 | exact 0.0063 | 476.9 samples/s
2026-10-07 10:13:48 | INFO    | salsa | New best valid_loss: 1.843698
2026-10-07 10:13:51 | INFO    | salsa | epoch 45 | step 3575/7813 | loss 1.8450 | lr 2.95e-04 | 461.5 samples/s
2026-10-07 10:13:56 | INFO    | salsa | epoch 45 | step 3600/7813 | loss 1.8585 | lr 2.92e-04 | 384.5 samples/s
2026-10-07 10:14:00 | INFO    | salsa | epoch 45 | step 3625/7813 | loss 1.8459 | lr 2.90e-04 | 365.0 samples/s
2026-10-07 10:14:05 | INFO    | salsa | epoch 45 | train 1.8449 | valid 1.8439 | token 0.446 | acc_tau 0.206 | exact 0.0024 | 473.9 samples/s
2026-10-07 10:14:08 | INFO    | salsa | epoch 46 | step 3650/7813 | loss 1.8426 | lr 2.87e-04 | 347.7 samples/s
2026-10-07 10:14:13 | INFO    | salsa | epoch 46 | step 3675/7813 | loss 1.8495 | lr 2.85e-04 | 335.7 samples/s
2026-10-07 10:14:18 | INFO    | salsa | epoch 46 | step 3700/7813 | loss 1.8381 | lr 2.82e-04 | 337.4 samples/s
2026-10-07 10:14:23 | INFO    | salsa | epoch 46 | train 1.8449 | valid 1.8425 | token 0.450 | acc_tau 0.200 | exact 0.0049 | 470.0 samples/s
2026-10-07 10:14:23 | INFO    | salsa | New best valid_loss: 1.842464
2026-10-07 10:14:25 | INFO    | salsa | epoch 47 | step 3725/7813 | loss 1.8403 | lr 2.79e-04 | 484.4 samples/s
2026-10-07 10:14:28 | INFO    | salsa | epoch 47 | step 3750/7813 | loss 1.8476 | lr 2.77e-04 | 471.6 samples/s
2026-10-07 10:14:32 | INFO    | salsa | epoch 47 | step 3775/7813 | loss 1.8531 | lr 2.74e-04 | 461.7 samples/s
2026-10-07 10:14:38 | INFO    | salsa | epoch 47 | train 1.8437 | valid 1.8432 | token 0.448 | acc_tau 0.207 | exact 0.0029 | 469.5 samples/s
2026-10-07 10:14:39 | INFO    | salsa | epoch 48 | step 3800/7813 | loss 1.8425 | lr 2.72e-04 | 485.5 samples/s
2026-10-07 10:14:42 | INFO    | salsa | epoch 48 | step 3825/7813 | loss 1.8230 | lr 2.69e-04 | 461.5 samples/s
2026-10-07 10:14:46 | INFO    | salsa | epoch 48 | step 3850/7813 | loss 1.8512 | lr 2.67e-04 | 466.1 samples/s
2026-10-07 10:14:51 | INFO    | salsa | epoch 48 | train 1.8440 | valid 1.8434 | token 0.449 | acc_tau 0.206 | exact 0.0034 | 469.5 samples/s
2026-10-07 10:14:52 | INFO    | salsa | epoch 49 | step 3875/7813 | loss 1.8430 | lr 2.64e-04 | 487.3 samples/s
2026-10-07 10:14:55 | INFO    | salsa | epoch 49 | step 3900/7813 | loss 1.8426 | lr 2.61e-04 | 474.9 samples/s
2026-10-07 10:14:59 | INFO    | salsa | epoch 49 | step 3925/7813 | loss 1.8497 | lr 2.59e-04 | 473.8 samples/s
2026-10-07 10:15:02 | INFO    | salsa | epoch 49 | step 3950/7813 | loss 1.8475 | lr 2.56e-04 | 473.5 samples/s
2026-10-07 10:15:05 | INFO    | salsa | epoch 49 | train 1.8451 | valid 1.8441 | token 0.447 | acc_tau 0.113 | exact 0.0029 | 469.6 samples/s
2026-10-07 10:15:08 | INFO    | salsa | epoch 50 | step 3975/7813 | loss 1.8459 | lr 2.54e-04 | 460.9 samples/s
2026-10-07 10:15:12 | INFO    | salsa | epoch 50 | step 4000/7813 | loss 1.8410 | lr 2.51e-04 | 471.3 samples/s
2026-10-07 10:15:15 | INFO    | salsa | epoch 50 | step 4025/7813 | loss 1.8422 | lr 2.49e-04 | 473.8 samples/s
2026-10-07 10:15:19 | INFO    | salsa | epoch 50 | train 1.8437 | valid 1.8463 | token 0.447 | acc_tau 0.200 | exact 0.0044 | 469.7 samples/s
2026-10-07 10:15:21 | INFO    | salsa | epoch 51 | step 4050/7813 | loss 1.8436 | lr 2.46e-04 | 481.0 samples/s
2026-10-07 10:15:25 | INFO    | salsa | epoch 51 | step 4075/7813 | loss 1.8390 | lr 2.43e-04 | 481.3 samples/s
2026-10-07 10:15:28 | INFO    | salsa | epoch 51 | step 4100/7813 | loss 1.8448 | lr 2.41e-04 | 480.7 samples/s
2026-10-07 10:15:32 | INFO    | salsa | epoch 51 | train 1.8449 | valid 1.8452 | token 0.449 | acc_tau 0.201 | exact 0.0049 | 469.9 samples/s
2026-10-07 10:15:34 | INFO    | salsa | epoch 52 | step 4125/7813 | loss 1.8413 | lr 2.38e-04 | 488.6 samples/s
2026-10-07 10:15:38 | INFO    | salsa | epoch 52 | step 4150/7813 | loss 1.8465 | lr 2.36e-04 | 495.7 samples/s
2026-10-07 10:15:41 | INFO    | salsa | epoch 52 | step 4175/7813 | loss 1.8412 | lr 2.33e-04 | 464.9 samples/s
2026-10-07 10:15:46 | INFO    | salsa | epoch 52 | train 1.8438 | valid 1.8457 | token 0.446 | acc_tau 0.116 | exact 0.0034 | 469.5 samples/s
2026-10-07 10:15:48 | INFO    | salsa | epoch 53 | step 4200/7813 | loss 1.8406 | lr 2.31e-04 | 470.6 samples/s
2026-10-07 10:15:51 | INFO    | salsa | epoch 53 | step 4225/7813 | loss 1.8403 | lr 2.28e-04 | 483.8 samples/s
2026-10-07 10:15:55 | INFO    | salsa | epoch 53 | step 4250/7813 | loss 1.8388 | lr 2.25e-04 | 488.7 samples/s
2026-10-07 10:16:00 | INFO    | salsa | epoch 53 | train 1.8444 | valid 1.8441 | token 0.447 | acc_tau 0.122 | exact 0.0049 | 469.9 samples/s
2026-10-07 10:16:01 | INFO    | salsa | epoch 54 | step 4275/7813 | loss 1.8475 | lr 2.23e-04 | 501.5 samples/s
2026-10-07 10:16:04 | INFO    | salsa | epoch 54 | step 4300/7813 | loss 1.8363 | lr 2.20e-04 | 499.6 samples/s
2026-10-07 10:16:07 | INFO    | salsa | epoch 54 | step 4325/7813 | loss 1.8421 | lr 2.18e-04 | 499.2 samples/s
2026-10-07 10:16:13 | INFO    | salsa | epoch 54 | train 1.8437 | valid 1.8443 | token 0.447 | acc_tau 0.117 | exact 0.0034 | 470.4 samples/s
2026-10-07 10:16:13 | INFO    | salsa | epoch 55 | step 4350/7813 | loss 1.8475 | lr 2.15e-04 | 505.1 samples/s
2026-10-07 10:16:16 | INFO    | salsa | epoch 55 | step 4375/7813 | loss 1.8448 | lr 2.13e-04 | 498.1 samples/s
2026-10-07 10:16:20 | INFO    | salsa | epoch 55 | step 4400/7813 | loss 1.8405 | lr 2.10e-04 | 496.0 samples/s
2026-10-07 10:16:26 | INFO    | salsa | epoch 55 | train 1.8434 | valid 1.8444 | token 0.447 | acc_tau 0.117 | exact 0.0034 | 470.8 samples/s
2026-10-07 10:16:26 | INFO    | salsa | epoch 56 | step 4425/7813 | loss 1.8425 | lr 2.08e-04 | 564.8 samples/s
2026-10-07 10:16:29 | INFO    | salsa | epoch 56 | step 4450/7813 | loss 1.8401 | lr 2.05e-04 | 500.9 samples/s
2026-10-07 10:16:32 | INFO    | salsa | epoch 56 | step 4475/7813 | loss 1.8422 | lr 2.03e-04 | 498.6 samples/s
2026-10-07 10:16:35 | INFO    | salsa | epoch 56 | step 4500/7813 | loss 1.8415 | lr 2.00e-04 | 497.0 samples/s
2026-10-07 10:16:39 | INFO    | salsa | epoch 56 | train 1.8434 | valid 1.8447 | token 0.446 | acc_tau 0.208 | exact 0.0029 | 471.3 samples/s
2026-10-07 10:16:41 | INFO    | salsa | epoch 57 | step 4525/7813 | loss 1.8490 | lr 1.98e-04 | 495.0 samples/s
2026-10-07 10:16:45 | INFO    | salsa | epoch 57 | step 4550/7813 | loss 1.8469 | lr 1.95e-04 | 496.0 samples/s
2026-10-07 10:16:48 | INFO    | salsa | epoch 57 | step 4575/7813 | loss 1.8420 | lr 1.93e-04 | 495.0 samples/s
2026-10-07 10:16:52 | INFO    | salsa | epoch 57 | train 1.8442 | valid 1.8434 | token 0.448 | acc_tau 0.208 | exact 0.0029 | 471.7 samples/s
2026-10-07 10:16:54 | INFO    | salsa | epoch 58 | step 4600/7813 | loss 1.8430 | lr 1.90e-04 | 498.0 samples/s
2026-10-07 10:16:57 | INFO    | salsa | epoch 58 | step 4625/7813 | loss 1.8463 | lr 1.88e-04 | 498.7 samples/s
2026-10-07 10:17:00 | INFO    | salsa | epoch 58 | step 4650/7813 | loss 1.8417 | lr 1.85e-04 | 498.0 samples/s
2026-10-07 10:17:05 | INFO    | salsa | epoch 58 | train 1.8437 | valid 1.8426 | token 0.447 | acc_tau 0.092 | exact 0.0020 | 472.1 samples/s
2026-10-07 10:17:06 | INFO    | salsa | epoch 59 | step 4675/7813 | loss 1.8447 | lr 1.83e-04 | 497.7 samples/s
2026-10-07 10:17:10 | INFO    | salsa | epoch 59 | step 4700/7813 | loss 1.8389 | lr 1.80e-04 | 498.0 samples/s
2026-10-07 10:17:13 | INFO    | salsa | epoch 59 | step 4725/7813 | loss 1.8458 | lr 1.78e-04 | 498.2 samples/s
2026-10-07 10:17:18 | INFO    | salsa | epoch 59 | train 1.8437 | valid 1.8443 | token 0.450 | acc_tau 0.201 | exact 0.0049 | 472.5 samples/s
2026-10-07 10:17:19 | INFO    | salsa | epoch 60 | step 4750/7813 | loss 1.8457 | lr 1.75e-04 | 505.3 samples/s
2026-10-07 10:17:22 | INFO    | salsa | epoch 60 | step 4775/7813 | loss 1.8445 | lr 1.73e-04 | 499.8 samples/s
2026-10-07 10:17:25 | INFO    | salsa | epoch 60 | step 4800/7813 | loss 1.8454 | lr 1.70e-04 | 498.5 samples/s
2026-10-07 10:17:31 | INFO    | salsa | epoch 60 | train 1.8438 | valid 1.8430 | token 0.452 | acc_tau 0.208 | exact 0.0073 | 472.9 samples/s
2026-10-07 10:17:31 | INFO    | salsa | epoch 61 | step 4825/7813 | loss 1.8497 | lr 1.68e-04 | 494.1 samples/s
2026-10-07 10:17:35 | INFO    | salsa | epoch 61 | step 4850/7813 | loss 1.8484 | lr 1.65e-04 | 495.6 samples/s
2026-10-07 10:17:38 | INFO    | salsa | epoch 61 | step 4875/7813 | loss 1.8356 | lr 1.63e-04 | 496.7 samples/s
2026-10-07 10:17:44 | INFO    | salsa | epoch 61 | train 1.8433 | valid 1.8438 | token 0.443 | acc_tau 0.095 | exact 0.0029 | 473.2 samples/s
2026-10-07 10:17:44 | INFO    | salsa | epoch 62 | step 4900/7813 | loss 1.8424 | lr 1.61e-04 | 505.9 samples/s
2026-10-07 10:17:47 | INFO    | salsa | epoch 62 | step 4925/7813 | loss 1.8390 | lr 1.58e-04 | 498.4 samples/s
2026-10-07 10:17:50 | INFO    | salsa | epoch 62 | step 4950/7813 | loss 1.8452 | lr 1.56e-04 | 495.1 samples/s
2026-10-07 10:17:54 | INFO    | salsa | epoch 62 | step 4975/7813 | loss 1.8437 | lr 1.53e-04 | 495.8 samples/s
2026-10-07 10:17:57 | INFO    | salsa | epoch 62 | train 1.8442 | valid 1.8426 | token 0.450 | acc_tau 0.206 | exact 0.0073 | 473.6 samples/s
2026-10-07 10:18:00 | INFO    | salsa | epoch 63 | step 5000/7813 | loss 1.8412 | lr 1.51e-04 | 501.7 samples/s
2026-10-07 10:18:03 | INFO    | salsa | epoch 63 | step 5025/7813 | loss 1.8478 | lr 1.49e-04 | 499.5 samples/s
2026-10-07 10:18:06 | INFO    | salsa | epoch 63 | step 5050/7813 | loss 1.8423 | lr 1.46e-04 | 497.2 samples/s
2026-10-07 10:18:10 | INFO    | salsa | epoch 63 | train 1.8434 | valid 1.8427 | token 0.447 | acc_tau 0.207 | exact 0.0039 | 473.9 samples/s
2026-10-07 10:18:12 | INFO    | salsa | epoch 64 | step 5075/7813 | loss 1.8449 | lr 1.44e-04 | 500.5 samples/s
2026-10-07 10:18:15 | INFO    | salsa | epoch 64 | step 5100/7813 | loss 1.8386 | lr 1.42e-04 | 497.5 samples/s
2026-10-07 10:18:19 | INFO    | salsa | epoch 64 | step 5125/7813 | loss 1.8422 | lr 1.39e-04 | 496.9 samples/s
2026-10-07 10:18:23 | INFO    | salsa | epoch 64 | train 1.8431 | valid 1.8433 | token 0.448 | acc_tau 0.209 | exact 0.0029 | 474.3 samples/s
2026-10-07 10:18:25 | INFO    | salsa | epoch 65 | step 5150/7813 | loss 1.8497 | lr 1.37e-04 | 493.9 samples/s
2026-10-07 10:18:28 | INFO    | salsa | epoch 65 | step 5175/7813 | loss 1.8448 | lr 1.35e-04 | 496.0 samples/s
2026-10-07 10:18:31 | INFO    | salsa | epoch 65 | step 5200/7813 | loss 1.8409 | lr 1.33e-04 | 496.5 samples/s
2026-10-07 10:18:36 | INFO    | salsa | epoch 65 | train 1.8437 | valid 1.8425 | token 0.447 | acc_tau 0.107 | exact 0.0063 | 474.6 samples/s
2026-10-07 10:18:37 | INFO    | salsa | epoch 66 | step 5225/7813 | loss 1.8383 | lr 1.30e-04 | 496.3 samples/s
2026-10-07 10:18:40 | INFO    | salsa | epoch 66 | step 5250/7813 | loss 1.8426 | lr 1.28e-04 | 494.1 samples/s
2026-10-07 10:18:44 | INFO    | salsa | epoch 66 | step 5275/7813 | loss 1.8409 | lr 1.26e-04 | 494.5 samples/s
2026-10-07 10:18:49 | INFO    | salsa | epoch 66 | train 1.8429 | valid 1.8428 | token 0.449 | acc_tau 0.155 | exact 0.0049 | 474.9 samples/s
2026-10-07 10:18:50 | INFO    | salsa | epoch 67 | step 5300/7813 | loss 1.8473 | lr 1.24e-04 | 499.4 samples/s
2026-10-07 10:18:53 | INFO    | salsa | epoch 67 | step 5325/7813 | loss 1.8480 | lr 1.21e-04 | 499.0 samples/s
2026-10-07 10:18:56 | INFO    | salsa | epoch 67 | step 5350/7813 | loss 1.8429 | lr 1.19e-04 | 493.8 samples/s
2026-10-07 10:19:02 | INFO    | salsa | epoch 67 | train 1.8430 | valid 1.8431 | token 0.443 | acc_tau 0.107 | exact 0.0063 | 475.1 samples/s
2026-10-07 10:19:02 | INFO    | salsa | epoch 68 | step 5375/7813 | loss 1.8467 | lr 1.17e-04 | 499.9 samples/s
2026-10-07 10:19:05 | INFO    | salsa | epoch 68 | step 5400/7813 | loss 1.8521 | lr 1.15e-04 | 496.9 samples/s
2026-10-07 10:19:09 | INFO    | salsa | epoch 68 | step 5425/7813 | loss 1.8401 | lr 1.13e-04 | 498.0 samples/s
2026-10-07 10:19:13 | INFO    | salsa | epoch 68 | step 5450/7813 | loss 1.8399 | lr 1.11e-04 | 452.6 samples/s
2026-10-07 10:19:16 | INFO    | salsa | epoch 68 | train 1.8430 | valid 1.8428 | token 0.444 | acc_tau 0.131 | exact 0.0024 | 474.8 samples/s
2026-10-07 10:19:19 | INFO    | salsa | epoch 69 | step 5475/7813 | loss 1.8421 | lr 1.08e-04 | 473.3 samples/s
2026-10-07 10:19:23 | INFO    | salsa | epoch 69 | step 5500/7813 | loss 1.8448 | lr 1.06e-04 | 487.3 samples/s
2026-10-07 10:19:26 | INFO    | salsa | epoch 69 | step 5525/7813 | loss 1.8486 | lr 1.04e-04 | 493.0 samples/s
2026-10-07 10:19:29 | INFO    | salsa | epoch 69 | train 1.8428 | valid 1.8429 | token 0.446 | acc_tau 0.122 | exact 0.0049 | 475.1 samples/s
2026-10-07 10:19:32 | INFO    | salsa | epoch 70 | step 5550/7813 | loss 1.8449 | lr 1.02e-04 | 499.4 samples/s
2026-10-07 10:19:35 | INFO    | salsa | epoch 70 | step 5575/7813 | loss 1.8398 | lr 1.00e-04 | 503.9 samples/s
2026-10-07 10:19:38 | INFO    | salsa | epoch 70 | step 5600/7813 | loss 1.8497 | lr 9.80e-05 | 499.6 samples/s
2026-10-07 10:19:42 | INFO    | salsa | epoch 70 | train 1.8429 | valid 1.8428 | token 0.446 | acc_tau 0.111 | exact 0.0029 | 475.4 samples/s
2026-10-07 10:19:44 | INFO    | salsa | epoch 71 | step 5625/7813 | loss 1.8430 | lr 9.60e-05 | 458.1 samples/s
2026-10-07 10:19:48 | INFO    | salsa | epoch 71 | step 5650/7813 | loss 1.8437 | lr 9.40e-05 | 486.8 samples/s
2026-10-07 10:19:51 | INFO    | salsa | epoch 71 | step 5675/7813 | loss 1.8415 | lr 9.20e-05 | 494.5 samples/s
2026-10-07 10:19:55 | INFO    | salsa | epoch 71 | train 1.8429 | valid 1.8428 | token 0.448 | acc_tau 0.208 | exact 0.0024 | 475.7 samples/s
2026-10-07 10:19:57 | INFO    | salsa | epoch 72 | step 5700/7813 | loss 1.8461 | lr 9.00e-05 | 516.7 samples/s
2026-10-07 10:20:00 | INFO    | salsa | epoch 72 | step 5725/7813 | loss 1.8409 | lr 8.80e-05 | 514.9 samples/s
2026-10-07 10:20:03 | INFO    | salsa | epoch 72 | step 5750/7813 | loss 1.8436 | lr 8.61e-05 | 513.4 samples/s
2026-10-07 10:20:08 | INFO    | salsa | epoch 72 | train 1.8427 | valid 1.8423 | token 0.446 | acc_tau 0.126 | exact 0.0078 | 476.2 samples/s
2026-10-07 10:20:08 | INFO    | salsa | New best valid_loss: 1.842330
2026-10-07 10:20:09 | INFO    | salsa | epoch 73 | step 5775/7813 | loss 1.8437 | lr 8.42e-05 | 498.8 samples/s
2026-10-07 10:20:12 | INFO    | salsa | epoch 73 | step 5800/7813 | loss 1.8434 | lr 8.22e-05 | 498.6 samples/s
2026-10-07 10:21:43 | INFO    | salsa | epoch 73 | step 5825/7813 | loss 1.8462 | lr 8.04e-05 | 38.7 samples/s
2026-10-07 10:21:50 | INFO    | salsa | epoch 73 | train 1.8424 | valid 1.8424 | token 0.447 | acc_tau 0.131 | exact 0.0049 | 428.0 samples/s
2026-10-07 10:21:51 | INFO    | salsa | epoch 74 | step 5850/7813 | loss 1.8414 | lr 7.85e-05 | 442.3 samples/s
2026-10-07 10:21:55 | INFO    | salsa | epoch 74 | step 5875/7813 | loss 1.8446 | lr 7.66e-05 | 436.0 samples/s
2026-10-07 10:21:58 | INFO    | salsa | epoch 74 | step 5900/7813 | loss 1.8395 | lr 7.48e-05 | 462.3 samples/s
2026-10-07 10:22:01 | INFO    | salsa | epoch 74 | step 5925/7813 | loss 1.8433 | lr 7.30e-05 | 477.6 samples/s
2026-10-07 10:22:04 | INFO    | salsa | epoch 74 | train 1.8428 | valid 1.8427 | token 0.444 | acc_tau 0.200 | exact 0.0049 | 428.6 samples/s
2026-10-07 10:22:07 | INFO    | salsa | epoch 75 | step 5950/7813 | loss 1.8420 | lr 7.12e-05 | 517.3 samples/s
2026-10-07 10:22:10 | INFO    | salsa | epoch 75 | step 5975/7813 | loss 1.8481 | lr 6.94e-05 | 513.6 samples/s
2026-10-07 10:22:13 | INFO    | salsa | epoch 75 | step 6000/7813 | loss 1.8419 | lr 6.76e-05 | 511.6 samples/s
2026-10-07 10:22:16 | INFO    | salsa | epoch 75 | train 1.8429 | valid 1.8419 | token 0.451 | acc_tau 0.107 | exact 0.0063 | 429.5 samples/s
2026-10-07 10:22:16 | INFO    | salsa | New best valid_loss: 1.841904
2026-10-07 10:22:19 | INFO    | salsa | epoch 76 | step 6025/7813 | loss 1.8476 | lr 6.59e-05 | 523.8 samples/s
2026-10-07 10:22:22 | INFO    | salsa | epoch 76 | step 6050/7813 | loss 1.8436 | lr 6.42e-05 | 521.2 samples/s
2026-10-07 10:22:25 | INFO    | salsa | epoch 76 | step 6075/7813 | loss 1.8461 | lr 6.25e-05 | 521.9 samples/s
2026-10-07 10:22:29 | INFO    | salsa | epoch 76 | train 1.8425 | valid 1.8422 | token 0.445 | acc_tau 0.200 | exact 0.0049 | 430.5 samples/s
2026-10-07 10:22:31 | INFO    | salsa | epoch 77 | step 6100/7813 | loss 1.8439 | lr 6.08e-05 | 510.6 samples/s
2026-10-07 10:22:34 | INFO    | salsa | epoch 77 | step 6125/7813 | loss 1.8443 | lr 5.91e-05 | 515.2 samples/s
2026-10-07 10:22:37 | INFO    | salsa | epoch 77 | step 6150/7813 | loss 1.8454 | lr 5.75e-05 | 516.3 samples/s
2026-10-07 10:22:41 | INFO    | salsa | epoch 77 | train 1.8424 | valid 1.8420 | token 0.447 | acc_tau 0.113 | exact 0.0059 | 431.5 samples/s
2026-10-07 10:22:43 | INFO    | salsa | epoch 78 | step 6175/7813 | loss 1.8443 | lr 5.59e-05 | 512.7 samples/s
2026-10-07 10:22:46 | INFO    | salsa | epoch 78 | step 6200/7813 | loss 1.8384 | lr 5.43e-05 | 514.4 samples/s
2026-10-07 10:23:46 | INFO    | salsa | epoch 78 | step 6225/7813 | loss 1.8419 | lr 5.27e-05 | 62.3 samples/s
2026-10-07 10:23:52 | INFO    | salsa | epoch 78 | train 1.8424 | valid 1.8423 | token 0.441 | acc_tau 0.210 | exact 0.0034 | 406.9 samples/s
2026-10-07 10:23:54 | INFO    | salsa | epoch 79 | step 6250/7813 | loss 1.8434 | lr 5.11e-05 | 455.4 samples/s
2026-10-07 10:23:58 | INFO    | salsa | epoch 79 | step 6275/7813 | loss 1.8445 | lr 4.96e-05 | 420.2 samples/s
2026-10-07 10:24:01 | INFO    | salsa | epoch 79 | step 6300/7813 | loss 1.8404 | lr 4.81e-05 | 414.7 samples/s
2026-10-07 10:24:07 | INFO    | salsa | epoch 79 | train 1.8425 | valid 1.8425 | token 0.445 | acc_tau 0.207 | exact 0.0024 | 407.2 samples/s
2026-10-07 10:24:08 | INFO    | salsa | epoch 80 | step 6325/7813 | loss 1.8422 | lr 4.66e-05 | 302.3 samples/s
2026-10-07 10:24:12 | INFO    | salsa | epoch 80 | step 6350/7813 | loss 1.8459 | lr 4.51e-05 | 401.3 samples/s
2026-10-07 10:24:15 | INFO    | salsa | epoch 80 | step 6375/7813 | loss 1.8425 | lr 4.37e-05 | 426.9 samples/s
2026-10-07 10:24:21 | INFO    | salsa | epoch 80 | train 1.8420 | valid 1.8427 | token 0.446 | acc_tau 0.209 | exact 0.0024 | 407.6 samples/s
2026-10-07 10:24:21 | INFO    | salsa | epoch 81 | step 6400/7813 | loss 1.8379 | lr 4.22e-05 | 585.3 samples/s
2026-10-07 10:24:24 | INFO    | salsa | epoch 81 | step 6425/7813 | loss 1.8446 | lr 4.08e-05 | 521.5 samples/s
2026-10-07 10:24:27 | INFO    | salsa | epoch 81 | step 6450/7813 | loss 1.8424 | lr 3.94e-05 | 520.5 samples/s
2026-10-07 10:24:30 | INFO    | salsa | epoch 81 | step 6475/7813 | loss 1.8393 | lr 3.81e-05 | 519.0 samples/s
2026-10-07 10:24:33 | INFO    | salsa | epoch 81 | train 1.8423 | valid 1.8427 | token 0.446 | acc_tau 0.124 | exact 0.0054 | 408.7 samples/s
2026-10-07 10:24:36 | INFO    | salsa | epoch 82 | step 6500/7813 | loss 1.8417 | lr 3.67e-05 | 520.4 samples/s
2026-10-07 10:24:39 | INFO    | salsa | epoch 82 | step 6525/7813 | loss 1.8429 | lr 3.54e-05 | 521.1 samples/s
2026-10-07 10:24:42 | INFO    | salsa | epoch 82 | step 6550/7813 | loss 1.8391 | lr 3.41e-05 | 518.7 samples/s
2026-10-07 10:24:46 | INFO    | salsa | epoch 82 | train 1.8424 | valid 1.8426 | token 0.447 | acc_tau 0.207 | exact 0.0049 | 409.8 samples/s
2026-10-07 10:24:48 | INFO    | salsa | epoch 83 | step 6575/7813 | loss 1.8402 | lr 3.29e-05 | 516.8 samples/s
2026-10-07 10:24:51 | INFO    | salsa | epoch 83 | step 6600/7813 | loss 1.8417 | lr 3.16e-05 | 515.5 samples/s
2026-10-07 10:31:06 | INFO    | salsa | epoch 83 | step 6625/7813 | loss 1.8433 | lr 3.04e-05 | 11.5 samples/s
2026-10-07 10:31:10 | INFO    | salsa | epoch 83 | train 1.8420 | valid 1.8427 | token 0.445 | acc_tau 0.209 | exact 0.0024 | 302.1 samples/s
2026-10-07 10:31:12 | INFO    | salsa | epoch 84 | step 6650/7813 | loss 1.8447 | lr 2.92e-05 | 493.7 samples/s
2026-10-07 10:31:16 | INFO    | salsa | epoch 84 | step 6675/7813 | loss 1.8436 | lr 2.80e-05 | 493.6 samples/s
2026-10-07 10:31:19 | INFO    | salsa | epoch 84 | step 6700/7813 | loss 1.8448 | lr 2.69e-05 | 490.4 samples/s
2026-10-07 10:31:24 | INFO    | salsa | epoch 84 | train 1.8421 | valid 1.8427 | token 0.447 | acc_tau 0.207 | exact 0.0049 | 303.5 samples/s
2026-10-07 10:31:25 | INFO    | salsa | epoch 85 | step 6725/7813 | loss 1.8429 | lr 2.57e-05 | 516.3 samples/s
2026-10-07 10:31:28 | INFO    | salsa | epoch 85 | step 6750/7813 | loss 1.8413 | lr 2.46e-05 | 514.9 samples/s
2026-10-07 10:31:31 | INFO    | salsa | epoch 85 | step 6775/7813 | loss 1.8438 | lr 2.35e-05 | 513.8 samples/s
2026-10-07 10:31:36 | INFO    | salsa | epoch 85 | train 1.8423 | valid 1.8425 | token 0.443 | acc_tau 0.207 | exact 0.0049 | 304.9 samples/s
2026-10-07 10:31:37 | INFO    | salsa | epoch 86 | step 6800/7813 | loss 1.8436 | lr 2.25e-05 | 515.1 samples/s
2026-10-07 10:31:40 | INFO    | salsa | epoch 86 | step 6825/7813 | loss 1.8406 | lr 2.15e-05 | 513.5 samples/s
2026-10-07 10:31:43 | INFO    | salsa | epoch 86 | step 6850/7813 | loss 1.8396 | lr 2.04e-05 | 513.0 samples/s
2026-10-07 10:31:49 | INFO    | salsa | epoch 86 | train 1.8419 | valid 1.8424 | token 0.444 | acc_tau 0.207 | exact 0.0049 | 306.3 samples/s
2026-10-07 10:31:49 | INFO    | salsa | epoch 87 | step 6875/7813 | loss 1.8446 | lr 1.95e-05 | 511.3 samples/s
2026-10-07 10:31:52 | INFO    | salsa | epoch 87 | step 6900/7813 | loss 1.8424 | lr 1.85e-05 | 516.5 samples/s
2026-10-07 10:31:55 | INFO    | salsa | epoch 87 | step 6925/7813 | loss 1.8424 | lr 1.76e-05 | 515.0 samples/s
2026-10-07 10:31:58 | INFO    | salsa | epoch 87 | step 6950/7813 | loss 1.8442 | lr 1.67e-05 | 514.1 samples/s
2026-10-07 10:32:01 | INFO    | salsa | epoch 87 | train 1.8421 | valid 1.8423 | token 0.447 | acc_tau 0.207 | exact 0.0049 | 307.7 samples/s
2026-10-07 10:32:04 | INFO    | salsa | epoch 88 | step 6975/7813 | loss 1.8427 | lr 1.58e-05 | 513.4 samples/s
2026-10-07 10:32:07 | INFO    | salsa | epoch 88 | step 7000/7813 | loss 1.8427 | lr 1.49e-05 | 513.8 samples/s
2026-10-07 10:32:10 | INFO    | salsa | epoch 88 | step 7025/7813 | loss 1.8464 | lr 1.41e-05 | 513.1 samples/s
2026-10-07 10:32:14 | INFO    | salsa | epoch 88 | train 1.8423 | valid 1.8422 | token 0.448 | acc_tau 0.099 | exact 0.0063 | 309.1 samples/s
2026-10-07 10:32:16 | INFO    | salsa | epoch 89 | step 7050/7813 | loss 1.8407 | lr 1.33e-05 | 515.5 samples/s
2026-10-07 10:32:19 | INFO    | salsa | epoch 89 | step 7075/7813 | loss 1.8445 | lr 1.25e-05 | 511.0 samples/s
2026-10-07 10:32:23 | INFO    | salsa | epoch 89 | step 7100/7813 | loss 1.8419 | lr 1.17e-05 | 512.0 samples/s
2026-10-07 10:32:26 | INFO    | salsa | epoch 89 | train 1.8422 | valid 1.8422 | token 0.445 | acc_tau 0.099 | exact 0.0063 | 310.5 samples/s
2026-10-07 10:32:28 | INFO    | salsa | epoch 90 | step 7125/7813 | loss 1.8440 | lr 1.10e-05 | 513.8 samples/s
2026-10-07 10:32:31 | INFO    | salsa | epoch 90 | step 7150/7813 | loss 1.8423 | lr 1.03e-05 | 513.8 samples/s
2026-10-07 10:32:35 | INFO    | salsa | epoch 90 | step 7175/7813 | loss 1.8405 | lr 9.60e-06 | 513.0 samples/s
2026-10-07 10:32:39 | INFO    | salsa | epoch 90 | train 1.8421 | valid 1.8422 | token 0.444 | acc_tau 0.099 | exact 0.0063 | 311.9 samples/s
2026-10-07 10:32:40 | INFO    | salsa | epoch 91 | step 7200/7813 | loss 1.8415 | lr 8.94e-06 | 516.0 samples/s
2026-10-07 10:32:44 | INFO    | salsa | epoch 91 | step 7225/7813 | loss 1.8429 | lr 8.31e-06 | 511.4 samples/s
2026-10-07 10:32:47 | INFO    | salsa | epoch 91 | step 7250/7813 | loss 1.8404 | lr 7.70e-06 | 512.8 samples/s
2026-10-07 10:32:52 | INFO    | salsa | epoch 91 | train 1.8416 | valid 1.8422 | token 0.446 | acc_tau 0.099 | exact 0.0063 | 313.2 samples/s
2026-10-07 10:32:53 | INFO    | salsa | epoch 92 | step 7275/7813 | loss 1.8418 | lr 7.12e-06 | 514.7 samples/s
2026-10-07 10:32:56 | INFO    | salsa | epoch 92 | step 7300/7813 | loss 1.8423 | lr 6.57e-06 | 512.7 samples/s
2026-10-07 10:32:59 | INFO    | salsa | epoch 92 | step 7325/7813 | loss 1.8421 | lr 6.04e-06 | 512.2 samples/s
2026-10-07 10:33:04 | INFO    | salsa | epoch 92 | train 1.8419 | valid 1.8421 | token 0.447 | acc_tau 0.099 | exact 0.0063 | 314.5 samples/s
2026-10-07 10:33:05 | INFO    | salsa | epoch 93 | step 7350/7813 | loss 1.8433 | lr 5.54e-06 | 517.6 samples/s
2026-10-07 10:33:08 | INFO    | salsa | epoch 93 | step 7375/7813 | loss 1.8417 | lr 5.06e-06 | 514.0 samples/s
2026-10-07 10:33:11 | INFO    | salsa | epoch 93 | step 7400/7813 | loss 1.8438 | lr 4.61e-06 | 512.8 samples/s
2026-10-07 10:33:14 | INFO    | salsa | epoch 93 | step 7425/7813 | loss 1.8424 | lr 4.19e-06 | 509.8 samples/s
2026-10-07 10:33:17 | INFO    | salsa | epoch 93 | train 1.8420 | valid 1.8421 | token 0.446 | acc_tau 0.099 | exact 0.0063 | 315.8 samples/s
2026-10-07 10:33:20 | INFO    | salsa | epoch 94 | step 7450/7813 | loss 1.8439 | lr 3.79e-06 | 512.4 samples/s
2026-10-07 10:33:23 | INFO    | salsa | epoch 94 | step 7475/7813 | loss 1.8451 | lr 3.42e-06 | 512.0 samples/s
2026-10-07 10:33:26 | INFO    | salsa | epoch 94 | step 7500/7813 | loss 1.8417 | lr 3.08e-06 | 512.6 samples/s
2026-10-07 10:33:29 | INFO    | salsa | epoch 94 | train 1.8420 | valid 1.8421 | token 0.446 | acc_tau 0.099 | exact 0.0063 | 317.1 samples/s
2026-10-07 10:33:32 | INFO    | salsa | epoch 95 | step 7525/7813 | loss 1.8404 | lr 2.76e-06 | 514.4 samples/s
2026-10-07 10:33:35 | INFO    | salsa | epoch 95 | step 7550/7813 | loss 1.8405 | lr 2.47e-06 | 512.8 samples/s
2026-10-07 10:33:38 | INFO    | salsa | epoch 95 | step 7575/7813 | loss 1.8427 | lr 2.20e-06 | 512.0 samples/s
2026-10-07 10:33:42 | INFO    | salsa | epoch 95 | train 1.8421 | valid 1.8421 | token 0.445 | acc_tau 0.099 | exact 0.0063 | 318.3 samples/s
2026-10-07 10:33:44 | INFO    | salsa | epoch 96 | step 7600/7813 | loss 1.8453 | lr 1.96e-06 | 507.6 samples/s
2026-10-07 10:33:47 | INFO    | salsa | epoch 96 | step 7625/7813 | loss 1.8433 | lr 1.75e-06 | 506.6 samples/s
2026-10-07 10:33:50 | INFO    | salsa | epoch 96 | step 7650/7813 | loss 1.8443 | lr 1.56e-06 | 505.7 samples/s
2026-10-07 10:33:55 | INFO    | salsa | epoch 96 | train 1.8421 | valid 1.8421 | token 0.444 | acc_tau 0.099 | exact 0.0063 | 319.5 samples/s
2026-10-07 10:33:56 | INFO    | salsa | epoch 97 | step 7675/7813 | loss 1.8435 | lr 1.40e-06 | 510.7 samples/s
2026-10-07 10:34:00 | INFO    | salsa | epoch 97 | step 7700/7813 | loss 1.8428 | lr 1.27e-06 | 511.1 samples/s
2026-10-07 10:34:03 | INFO    | salsa | epoch 97 | step 7725/7813 | loss 1.8430 | lr 1.16e-06 | 505.9 samples/s
2026-10-07 10:34:08 | INFO    | salsa | epoch 97 | train 1.8420 | valid 1.8421 | token 0.444 | acc_tau 0.099 | exact 0.0063 | 320.8 samples/s
2026-10-07 10:34:09 | INFO    | salsa | epoch 98 | step 7750/7813 | loss 1.8386 | lr 1.08e-06 | 343.4 samples/s
2026-10-07 10:34:13 | INFO    | salsa | epoch 98 | step 7775/7813 | loss 1.8405 | lr 1.03e-06 | 405.9 samples/s
2026-10-07 10:34:16 | INFO    | salsa | epoch 98 | step 7800/7813 | loss 1.8415 | lr 1.00e-06 | 429.5 samples/s
2026-10-07 10:34:21 | INFO    | salsa | epoch 98 | train 1.8419 | valid 1.8421 | token 0.445 | acc_tau 0.099 | exact 0.0063 | 321.6 samples/s
2026-10-07 10:34:23 | INFO    | salsa | Training finished: planned epochs completed
